<?xml version="1.0"?>
<link_info>
   <banner>TI ARM Linker PC v16.9.0.LTS</banner>
   <copyright>Copyright (c) 1996-2015 Texas Instruments Incorporated</copyright>
   <link_time>0x5886f0ad</link_time>
   <link_errors>0x0</link_errors>
   <output_file>BOOSTXL-BATPAKMKII_FuelGauge_MSP432P401R.out</output_file>
   <entry_point>
      <name>_c_int00</name>
      <address>0x44a5</address>
   </entry_point>
   <input_file_list>
      <input_file id="fl-2">
         <path>.\</path>
         <kind>object</kind>
         <file>HAL_BQ27441.obj</file>
         <name>HAL_BQ27441.obj</name>
      </input_file>
      <input_file id="fl-3">
         <path>.\</path>
         <kind>object</kind>
         <file>HAL_I2C.obj</file>
         <name>HAL_I2C.obj</name>
      </input_file>
      <input_file id="fl-4">
         <path>.\</path>
         <kind>object</kind>
         <file>HAL_UART.obj</file>
         <name>HAL_UART.obj</name>
      </input_file>
      <input_file id="fl-5">
         <path>.\</path>
         <kind>object</kind>
         <file>main.obj</file>
         <name>main.obj</name>
      </input_file>
      <input_file id="fl-6">
         <path>.\</path>
         <kind>object</kind>
         <file>startup_msp432p401r_ccs.obj</file>
         <name>startup_msp432p401r_ccs.obj</name>
      </input_file>
      <input_file id="fl-7">
         <path>.\</path>
         <kind>object</kind>
         <file>system_msp432p401r.obj</file>
         <name>system_msp432p401r.obj</name>
      </input_file>
      <input_file id="fl-8">
         <path>.\driverlib\MSP432P4xx\</path>
         <kind>object</kind>
         <file>adc14.obj</file>
         <name>adc14.obj</name>
      </input_file>
      <input_file id="fl-9">
         <path>.\driverlib\MSP432P4xx\</path>
         <kind>object</kind>
         <file>aes256.obj</file>
         <name>aes256.obj</name>
      </input_file>
      <input_file id="fl-a">
         <path>.\driverlib\MSP432P4xx\</path>
         <kind>object</kind>
         <file>comp_e.obj</file>
         <name>comp_e.obj</name>
      </input_file>
      <input_file id="fl-b">
         <path>.\driverlib\MSP432P4xx\</path>
         <kind>object</kind>
         <file>cpu.obj</file>
         <name>cpu.obj</name>
      </input_file>
      <input_file id="fl-c">
         <path>.\driverlib\MSP432P4xx\</path>
         <kind>object</kind>
         <file>crc32.obj</file>
         <name>crc32.obj</name>
      </input_file>
      <input_file id="fl-d">
         <path>.\driverlib\MSP432P4xx\</path>
         <kind>object</kind>
         <file>cs.obj</file>
         <name>cs.obj</name>
      </input_file>
      <input_file id="fl-e">
         <path>.\driverlib\MSP432P4xx\</path>
         <kind>object</kind>
         <file>dma.obj</file>
         <name>dma.obj</name>
      </input_file>
      <input_file id="fl-f">
         <path>.\driverlib\MSP432P4xx\</path>
         <kind>object</kind>
         <file>flash.obj</file>
         <name>flash.obj</name>
      </input_file>
      <input_file id="fl-10">
         <path>.\driverlib\MSP432P4xx\</path>
         <kind>object</kind>
         <file>fpu.obj</file>
         <name>fpu.obj</name>
      </input_file>
      <input_file id="fl-11">
         <path>.\driverlib\MSP432P4xx\</path>
         <kind>object</kind>
         <file>gpio.obj</file>
         <name>gpio.obj</name>
      </input_file>
      <input_file id="fl-12">
         <path>.\driverlib\MSP432P4xx\</path>
         <kind>object</kind>
         <file>i2c.obj</file>
         <name>i2c.obj</name>
      </input_file>
      <input_file id="fl-13">
         <path>.\driverlib\MSP432P4xx\</path>
         <kind>object</kind>
         <file>interrupt.obj</file>
         <name>interrupt.obj</name>
      </input_file>
      <input_file id="fl-14">
         <path>.\driverlib\MSP432P4xx\</path>
         <kind>object</kind>
         <file>mpu.obj</file>
         <name>mpu.obj</name>
      </input_file>
      <input_file id="fl-15">
         <path>.\driverlib\MSP432P4xx\</path>
         <kind>object</kind>
         <file>pcm.obj</file>
         <name>pcm.obj</name>
      </input_file>
      <input_file id="fl-16">
         <path>.\driverlib\MSP432P4xx\</path>
         <kind>object</kind>
         <file>pmap.obj</file>
         <name>pmap.obj</name>
      </input_file>
      <input_file id="fl-17">
         <path>.\driverlib\MSP432P4xx\</path>
         <kind>object</kind>
         <file>pss.obj</file>
         <name>pss.obj</name>
      </input_file>
      <input_file id="fl-18">
         <path>.\driverlib\MSP432P4xx\</path>
         <kind>object</kind>
         <file>ref_a.obj</file>
         <name>ref_a.obj</name>
      </input_file>
      <input_file id="fl-19">
         <path>.\driverlib\MSP432P4xx\</path>
         <kind>object</kind>
         <file>reset.obj</file>
         <name>reset.obj</name>
      </input_file>
      <input_file id="fl-1a">
         <path>.\driverlib\MSP432P4xx\</path>
         <kind>object</kind>
         <file>rtc_c.obj</file>
         <name>rtc_c.obj</name>
      </input_file>
      <input_file id="fl-1b">
         <path>.\driverlib\MSP432P4xx\</path>
         <kind>object</kind>
         <file>spi.obj</file>
         <name>spi.obj</name>
      </input_file>
      <input_file id="fl-1c">
         <path>.\driverlib\MSP432P4xx\</path>
         <kind>object</kind>
         <file>sysctl.obj</file>
         <name>sysctl.obj</name>
      </input_file>
      <input_file id="fl-1d">
         <path>.\driverlib\MSP432P4xx\</path>
         <kind>object</kind>
         <file>systick.obj</file>
         <name>systick.obj</name>
      </input_file>
      <input_file id="fl-1e">
         <path>.\driverlib\MSP432P4xx\</path>
         <kind>object</kind>
         <file>timer32.obj</file>
         <name>timer32.obj</name>
      </input_file>
      <input_file id="fl-1f">
         <path>.\driverlib\MSP432P4xx\</path>
         <kind>object</kind>
         <file>timer_a.obj</file>
         <name>timer_a.obj</name>
      </input_file>
      <input_file id="fl-20">
         <path>.\driverlib\MSP432P4xx\</path>
         <kind>object</kind>
         <file>uart.obj</file>
         <name>uart.obj</name>
      </input_file>
      <input_file id="fl-21">
         <path>.\driverlib\MSP432P4xx\</path>
         <kind>object</kind>
         <file>wdt_a.obj</file>
         <name>wdt_a.obj</name>
      </input_file>
      <input_file id="fl-db">
         <path>C:\ti\ccsv7\tools\compiler\ti-cgt-arm_16.9.0.LTS\lib\</path>
         <kind>archive</kind>
         <file>rtsv7M4_T_le_v4SPD16_eabi.lib</file>
         <name>boot.obj</name>
      </input_file>
      <input_file id="fl-dc">
         <path>C:\ti\ccsv7\tools\compiler\ti-cgt-arm_16.9.0.LTS\lib\</path>
         <kind>archive</kind>
         <file>rtsv7M4_T_le_v4SPD16_eabi.lib</file>
         <name>copy_decompress_lzss.obj</name>
      </input_file>
      <input_file id="fl-dd">
         <path>C:\ti\ccsv7\tools\compiler\ti-cgt-arm_16.9.0.LTS\lib\</path>
         <kind>archive</kind>
         <file>rtsv7M4_T_le_v4SPD16_eabi.lib</file>
         <name>copy_decompress_none.obj</name>
      </input_file>
      <input_file id="fl-de">
         <path>C:\ti\ccsv7\tools\compiler\ti-cgt-arm_16.9.0.LTS\lib\</path>
         <kind>archive</kind>
         <file>rtsv7M4_T_le_v4SPD16_eabi.lib</file>
         <name>copy_zero_init.obj</name>
      </input_file>
      <input_file id="fl-df">
         <path>C:\ti\ccsv7\tools\compiler\ti-cgt-arm_16.9.0.LTS\lib\</path>
         <kind>archive</kind>
         <file>rtsv7M4_T_le_v4SPD16_eabi.lib</file>
         <name>exit.obj</name>
      </input_file>
      <input_file id="fl-e0">
         <path>C:\ti\ccsv7\tools\compiler\ti-cgt-arm_16.9.0.LTS\lib\</path>
         <kind>archive</kind>
         <file>rtsv7M4_T_le_v4SPD16_eabi.lib</file>
         <name>memcpy_t2.obj</name>
      </input_file>
      <input_file id="fl-e1">
         <path>C:\ti\ccsv7\tools\compiler\ti-cgt-arm_16.9.0.LTS\lib\</path>
         <kind>archive</kind>
         <file>rtsv7M4_T_le_v4SPD16_eabi.lib</file>
         <name>memset_t2.obj</name>
      </input_file>
      <input_file id="fl-e2">
         <path>C:\ti\ccsv7\tools\compiler\ti-cgt-arm_16.9.0.LTS\lib\</path>
         <kind>archive</kind>
         <file>rtsv7M4_T_le_v4SPD16_eabi.lib</file>
         <name>mpu_init.obj</name>
      </input_file>
      <input_file id="fl-e3">
         <path>C:\ti\ccsv7\tools\compiler\ti-cgt-arm_16.9.0.LTS\lib\</path>
         <kind>archive</kind>
         <file>rtsv7M4_T_le_v4SPD16_eabi.lib</file>
         <name>pre_init.obj</name>
      </input_file>
      <input_file id="fl-e4">
         <path>C:\ti\ccsv7\tools\compiler\ti-cgt-arm_16.9.0.LTS\lib\</path>
         <kind>archive</kind>
         <file>rtsv7M4_T_le_v4SPD16_eabi.lib</file>
         <name>sprintf.obj</name>
      </input_file>
      <input_file id="fl-e5">
         <path>C:\ti\ccsv7\tools\compiler\ti-cgt-arm_16.9.0.LTS\lib\</path>
         <kind>archive</kind>
         <file>rtsv7M4_T_le_v4SPD16_eabi.lib</file>
         <name>stkdepth_vars.obj</name>
      </input_file>
      <input_file id="fl-e6">
         <path>C:\ti\ccsv7\tools\compiler\ti-cgt-arm_16.9.0.LTS\lib\</path>
         <kind>archive</kind>
         <file>rtsv7M4_T_le_v4SPD16_eabi.lib</file>
         <name>_lock.obj</name>
      </input_file>
      <input_file id="fl-e7">
         <path>C:\ti\ccsv7\tools\compiler\ti-cgt-arm_16.9.0.LTS\lib\</path>
         <kind>archive</kind>
         <file>rtsv7M4_T_le_v4SPD16_eabi.lib</file>
         <name>_printfi.obj</name>
      </input_file>
      <input_file id="fl-e8">
         <path>C:\ti\ccsv7\tools\compiler\ti-cgt-arm_16.9.0.LTS\lib\</path>
         <kind>archive</kind>
         <file>rtsv7M4_T_le_v4SPD16_eabi.lib</file>
         <name>args_main.obj</name>
      </input_file>
      <input_file id="fl-e9">
         <path>C:\ti\ccsv7\tools\compiler\ti-cgt-arm_16.9.0.LTS\lib\</path>
         <kind>archive</kind>
         <file>rtsv7M4_T_le_v4SPD16_eabi.lib</file>
         <name>atoi.obj</name>
      </input_file>
      <input_file id="fl-ea">
         <path>C:\ti\ccsv7\tools\compiler\ti-cgt-arm_16.9.0.LTS\lib\</path>
         <kind>archive</kind>
         <file>rtsv7M4_T_le_v4SPD16_eabi.lib</file>
         <name>autoinit.obj</name>
      </input_file>
      <input_file id="fl-eb">
         <path>C:\ti\ccsv7\tools\compiler\ti-cgt-arm_16.9.0.LTS\lib\</path>
         <kind>archive</kind>
         <file>rtsv7M4_T_le_v4SPD16_eabi.lib</file>
         <name>cpy_tbl.obj</name>
      </input_file>
      <input_file id="fl-ec">
         <path>C:\ti\ccsv7\tools\compiler\ti-cgt-arm_16.9.0.LTS\lib\</path>
         <kind>archive</kind>
         <file>rtsv7M4_T_le_v4SPD16_eabi.lib</file>
         <name>ctype.obj</name>
      </input_file>
      <input_file id="fl-ed">
         <path>C:\ti\ccsv7\tools\compiler\ti-cgt-arm_16.9.0.LTS\lib\</path>
         <kind>archive</kind>
         <file>rtsv7M4_T_le_v4SPD16_eabi.lib</file>
         <name>fd_add_t2.obj</name>
      </input_file>
      <input_file id="fl-ee">
         <path>C:\ti\ccsv7\tools\compiler\ti-cgt-arm_16.9.0.LTS\lib\</path>
         <kind>archive</kind>
         <file>rtsv7M4_T_le_v4SPD16_eabi.lib</file>
         <name>fd_cmp_t2.obj</name>
      </input_file>
      <input_file id="fl-ef">
         <path>C:\ti\ccsv7\tools\compiler\ti-cgt-arm_16.9.0.LTS\lib\</path>
         <kind>archive</kind>
         <file>rtsv7M4_T_le_v4SPD16_eabi.lib</file>
         <name>fd_div_t2.obj</name>
      </input_file>
      <input_file id="fl-f0">
         <path>C:\ti\ccsv7\tools\compiler\ti-cgt-arm_16.9.0.LTS\lib\</path>
         <kind>archive</kind>
         <file>rtsv7M4_T_le_v4SPD16_eabi.lib</file>
         <name>fd_mul_t2.obj</name>
      </input_file>
      <input_file id="fl-f1">
         <path>C:\ti\ccsv7\tools\compiler\ti-cgt-arm_16.9.0.LTS\lib\</path>
         <kind>archive</kind>
         <file>rtsv7M4_T_le_v4SPD16_eabi.lib</file>
         <name>fd_toi_t2.obj</name>
      </input_file>
      <input_file id="fl-f2">
         <path>C:\ti\ccsv7\tools\compiler\ti-cgt-arm_16.9.0.LTS\lib\</path>
         <kind>archive</kind>
         <file>rtsv7M4_T_le_v4SPD16_eabi.lib</file>
         <name>i_tofd_t2.obj</name>
      </input_file>
      <input_file id="fl-f3">
         <path>C:\ti\ccsv7\tools\compiler\ti-cgt-arm_16.9.0.LTS\lib\</path>
         <kind>archive</kind>
         <file>rtsv7M4_T_le_v4SPD16_eabi.lib</file>
         <name>ltoa.obj</name>
      </input_file>
      <input_file id="fl-f4">
         <path>C:\ti\ccsv7\tools\compiler\ti-cgt-arm_16.9.0.LTS\lib\</path>
         <kind>archive</kind>
         <file>rtsv7M4_T_le_v4SPD16_eabi.lib</file>
         <name>memccpy.obj</name>
      </input_file>
      <input_file id="fl-f5">
         <path>C:\ti\ccsv7\tools\compiler\ti-cgt-arm_16.9.0.LTS\lib\</path>
         <kind>archive</kind>
         <file>rtsv7M4_T_le_v4SPD16_eabi.lib</file>
         <name>s_frexp.obj</name>
      </input_file>
      <input_file id="fl-f6">
         <path>C:\ti\ccsv7\tools\compiler\ti-cgt-arm_16.9.0.LTS\lib\</path>
         <kind>archive</kind>
         <file>rtsv7M4_T_le_v4SPD16_eabi.lib</file>
         <name>s_scalbn.obj</name>
      </input_file>
      <input_file id="fl-f7">
         <path>C:\ti\ccsv7\tools\compiler\ti-cgt-arm_16.9.0.LTS\lib\</path>
         <kind>archive</kind>
         <file>rtsv7M4_T_le_v4SPD16_eabi.lib</file>
         <name>startup.obj</name>
      </input_file>
      <input_file id="fl-f8">
         <path>C:\ti\ccsv7\tools\compiler\ti-cgt-arm_16.9.0.LTS\lib\</path>
         <kind>archive</kind>
         <file>rtsv7M4_T_le_v4SPD16_eabi.lib</file>
         <name>strchr.obj</name>
      </input_file>
      <input_file id="fl-f9">
         <path>C:\ti\ccsv7\tools\compiler\ti-cgt-arm_16.9.0.LTS\lib\</path>
         <kind>archive</kind>
         <file>rtsv7M4_T_le_v4SPD16_eabi.lib</file>
         <name>strlen.obj</name>
      </input_file>
      <input_file id="fl-fa">
         <path>C:\ti\ccsv7\tools\compiler\ti-cgt-arm_16.9.0.LTS\lib\</path>
         <kind>archive</kind>
         <file>rtsv7M4_T_le_v4SPD16_eabi.lib</file>
         <name>ull_div_t2.obj</name>
      </input_file>
      <input_file id="fl-fb">
         <path>C:\ti\ccsv7\tools\compiler\ti-cgt-arm_16.9.0.LTS\lib\</path>
         <kind>archive</kind>
         <file>rtsv7M4_T_le_v4SPD16_eabi.lib</file>
         <name>errno.obj</name>
      </input_file>
      <input_file id="fl-fc">
         <path>C:\ti\ccsv7\tools\compiler\ti-cgt-arm_16.9.0.LTS\lib\</path>
         <kind>archive</kind>
         <file>rtsv7M4_T_le_v4SPD16_eabi.lib</file>
         <name>s_copysign.obj</name>
      </input_file>
   </input_file_list>
   <object_component_list>
      <object_component id="oc-2c">
         <name>.intvecs:retain</name>
         <load_address>0x0</load_address>
         <run_address>0x0</run_address>
         <size>0x140</size>
         <input_file_ref idref="fl-6"/>
      </object_component>
      <object_component id="oc-138">
         <name>.text</name>
         <load_address>0x140</load_address>
         <run_address>0x140</run_address>
         <size>0x113a</size>
         <input_file_ref idref="fl-e7"/>
      </object_component>
      <object_component id="oc-53">
         <name>.text</name>
         <load_address>0x127a</load_address>
         <run_address>0x127a</run_address>
         <size>0x2</size>
         <input_file_ref idref="fl-e2"/>
      </object_component>
      <object_component id="oc-dd">
         <name>.text</name>
         <load_address>0x127c</load_address>
         <run_address>0x127c</run_address>
         <size>0x7ba</size>
         <input_file_ref idref="fl-2"/>
      </object_component>
      <object_component id="oc-9c">
         <name>.text</name>
         <load_address>0x1a36</load_address>
         <run_address>0x1a36</run_address>
         <size>0x2</size>
         <input_file_ref idref="fl-f7"/>
      </object_component>
      <object_component id="oc-120">
         <name>.text</name>
         <load_address>0x1a38</load_address>
         <run_address>0x1a38</run_address>
         <size>0x7a8</size>
         <input_file_ref idref="fl-12"/>
      </object_component>
      <object_component id="oc-a4">
         <name>.text</name>
         <load_address>0x21e0</load_address>
         <run_address>0x21e0</run_address>
         <size>0x59c</size>
         <input_file_ref idref="fl-5"/>
      </object_component>
      <object_component id="oc-11a">
         <name>.text</name>
         <load_address>0x277c</load_address>
         <run_address>0x277c</run_address>
         <size>0x480</size>
         <input_file_ref idref="fl-11"/>
      </object_component>
      <object_component id="oc-12b">
         <name>.text</name>
         <load_address>0x2bfc</load_address>
         <run_address>0x2bfc</run_address>
         <size>0x41c</size>
         <input_file_ref idref="fl-20"/>
      </object_component>
      <object_component id="oc-159">
         <name>.text</name>
         <load_address>0x3018</load_address>
         <run_address>0x3018</run_address>
         <size>0x3f0</size>
         <input_file_ref idref="fl-13"/>
      </object_component>
      <object_component id="oc-b7">
         <name>.text</name>
         <load_address>0x3408</load_address>
         <run_address>0x3408</run_address>
         <size>0x328</size>
         <input_file_ref idref="fl-7"/>
      </object_component>
      <object_component id="oc-17c">
         <name>.text</name>
         <load_address>0x3730</load_address>
         <run_address>0x3730</run_address>
         <size>0x1f4</size>
         <input_file_ref idref="fl-fa"/>
      </object_component>
      <object_component id="oc-d1">
         <name>.text</name>
         <load_address>0x3924</load_address>
         <run_address>0x3924</run_address>
         <size>0x1d4</size>
         <input_file_ref idref="fl-3"/>
      </object_component>
      <object_component id="oc-1ab">
         <name>.text</name>
         <load_address>0x3af8</load_address>
         <run_address>0x3af8</run_address>
         <size>0x1b6</size>
         <input_file_ref idref="fl-ed"/>
      </object_component>
      <object_component id="oc-191">
         <name>.text</name>
         <load_address>0x3cae</load_address>
         <run_address>0x3cae</run_address>
         <size>0x136</size>
         <input_file_ref idref="fl-ef"/>
      </object_component>
      <object_component id="oc-18c">
         <name>.text</name>
         <load_address>0x3de4</load_address>
         <run_address>0x3de4</run_address>
         <size>0xfc</size>
         <input_file_ref idref="fl-f0"/>
      </object_component>
      <object_component id="oc-1b6">
         <name>.text</name>
         <load_address>0x3ee0</load_address>
         <run_address>0x3ee0</run_address>
         <size>0xfc</size>
         <input_file_ref idref="fl-f6"/>
      </object_component>
      <object_component id="oc-d7">
         <name>.text</name>
         <load_address>0x3fdc</load_address>
         <run_address>0x3fdc</run_address>
         <size>0xb0</size>
         <input_file_ref idref="fl-4"/>
      </object_component>
      <object_component id="oc-3b">
         <name>.text</name>
         <load_address>0x408c</load_address>
         <run_address>0x408c</run_address>
         <size>0x9c</size>
         <input_file_ref idref="fl-e0"/>
      </object_component>
      <object_component id="oc-187">
         <name>.text:__aeabi_cdcmple</name>
         <load_address>0x4128</load_address>
         <run_address>0x4128</run_address>
         <size>0x86</size>
         <input_file_ref idref="fl-ee"/>
      </object_component>
      <object_component id="oc-196">
         <name>.text:__aeabi_cdrcmple</name>
         <load_address>0x41ae</load_address>
         <run_address>0x41ae</run_address>
         <size>0x86</size>
         <input_file_ref idref="fl-ee"/>
      </object_component>
      <object_component id="oc-47">
         <name>.text</name>
         <load_address>0x4234</load_address>
         <run_address>0x4234</run_address>
         <size>0x7a</size>
         <input_file_ref idref="fl-e1"/>
      </object_component>
      <object_component id="oc-5f">
         <name>.text</name>
         <load_address>0x42b0</load_address>
         <run_address>0x42b0</run_address>
         <size>0x70</size>
         <input_file_ref idref="fl-ea"/>
      </object_component>
      <object_component id="oc-14">
         <name>.text:decompress:lzss</name>
         <load_address>0x4320</load_address>
         <run_address>0x4320</run_address>
         <size>0x68</size>
         <input_file_ref idref="fl-dc"/>
      </object_component>
      <object_component id="oc-1b0">
         <name>.text</name>
         <load_address>0x4388</load_address>
         <run_address>0x4388</run_address>
         <size>0x64</size>
         <input_file_ref idref="fl-f5"/>
      </object_component>
      <object_component id="oc-e3">
         <name>.text</name>
         <load_address>0x43ec</load_address>
         <run_address>0x43ec</run_address>
         <size>0x60</size>
         <input_file_ref idref="fl-e4"/>
      </object_component>
      <object_component id="oc-1a0">
         <name>.text</name>
         <load_address>0x444c</load_address>
         <run_address>0x444c</run_address>
         <size>0x56</size>
         <input_file_ref idref="fl-f3"/>
      </object_component>
      <object_component id="oc-26">
         <name>.text</name>
         <load_address>0x44a4</load_address>
         <run_address>0x44a4</run_address>
         <size>0x54</size>
         <input_file_ref idref="fl-db"/>
      </object_component>
      <object_component id="oc-6b">
         <name>.text</name>
         <load_address>0x44f8</load_address>
         <run_address>0x44f8</run_address>
         <size>0x54</size>
         <input_file_ref idref="fl-df"/>
      </object_component>
      <object_component id="oc-1c2">
         <name>.text</name>
         <load_address>0x454c</load_address>
         <run_address>0x454c</run_address>
         <size>0x4c</size>
         <input_file_ref idref="fl-e9"/>
      </object_component>
      <object_component id="oc-96">
         <name>.text</name>
         <load_address>0x4598</load_address>
         <run_address>0x4598</run_address>
         <size>0x4c</size>
         <input_file_ref idref="fl-eb"/>
      </object_component>
      <object_component id="oc-19b">
         <name>.text</name>
         <load_address>0x45e4</load_address>
         <run_address>0x45e4</run_address>
         <size>0x48</size>
         <input_file_ref idref="fl-f1"/>
      </object_component>
      <object_component id="oc-1e3">
         <name>.text</name>
         <load_address>0x462c</load_address>
         <run_address>0x462c</run_address>
         <size>0x3e</size>
         <input_file_ref idref="fl-b"/>
      </object_component>
      <object_component id="oc-1a6">
         <name>.text</name>
         <load_address>0x466a</load_address>
         <run_address>0x466a</run_address>
         <size>0x2e</size>
         <input_file_ref idref="fl-f2"/>
      </object_component>
      <object_component id="oc-1c8">
         <name>.text</name>
         <load_address>0x4698</load_address>
         <run_address>0x4698</run_address>
         <size>0x1c</size>
         <input_file_ref idref="fl-f4"/>
      </object_component>
      <object_component id="oc-65">
         <name>.text</name>
         <load_address>0x46b4</load_address>
         <run_address>0x46b4</run_address>
         <size>0x18</size>
         <input_file_ref idref="fl-e8"/>
      </object_component>
      <object_component id="oc-1bc">
         <name>.text</name>
         <load_address>0x46cc</load_address>
         <run_address>0x46cc</run_address>
         <size>0x16</size>
         <input_file_ref idref="fl-f8"/>
      </object_component>
      <object_component id="oc-f9">
         <name>.text</name>
         <load_address>0x46e4</load_address>
         <run_address>0x46e4</run_address>
         <size>0x14</size>
         <input_file_ref idref="fl-e6"/>
      </object_component>
      <object_component id="oc-21b">
         <name>.text</name>
         <load_address>0x46f8</load_address>
         <run_address>0x46f8</run_address>
         <size>0x14</size>
         <input_file_ref idref="fl-fc"/>
      </object_component>
      <object_component id="oc-181">
         <name>.text</name>
         <load_address>0x470c</load_address>
         <run_address>0x470c</run_address>
         <size>0x14</size>
         <input_file_ref idref="fl-f9"/>
      </object_component>
      <object_component id="oc-75">
         <name>.text</name>
         <load_address>0x4720</load_address>
         <run_address>0x4720</run_address>
         <size>0x12</size>
         <input_file_ref idref="fl-6"/>
      </object_component>
      <object_component id="oc-1a">
         <name>.text:decompress:none</name>
         <load_address>0x4732</load_address>
         <run_address>0x4732</run_address>
         <size>0xe</size>
         <input_file_ref idref="fl-dd"/>
      </object_component>
      <object_component id="oc-20">
         <name>.text:decompress:ZI</name>
         <load_address>0x4740</load_address>
         <run_address>0x4740</run_address>
         <size>0xc</size>
         <input_file_ref idref="fl-de"/>
      </object_component>
      <object_component id="oc-59">
         <name>.text</name>
         <load_address>0x474c</load_address>
         <run_address>0x474c</run_address>
         <size>0x4</size>
         <input_file_ref idref="fl-e3"/>
      </object_component>
      <object_component id="oc-228">
         <name>.const:.string:_ctypes_</name>
         <load_address>0x4750</load_address>
         <run_address>0x4750</run_address>
         <size>0x101</size>
         <input_file_ref idref="fl-ec"/>
      </object_component>
      <object_component id="oc-1ef">
         <name>.const:g_pulRegs</name>
         <load_address>0x4854</load_address>
         <run_address>0x4854</run_address>
         <size>0x50</size>
         <input_file_ref idref="fl-13"/>
      </object_component>
      <object_component id="oc-131">
         <name>.const:uartConfig</name>
         <load_address>0x48a4</load_address>
         <run_address>0x48a4</run_address>
         <size>0x24</size>
         <input_file_ref idref="fl-4"/>
      </object_component>
      <object_component id="oc-1ec">
         <name>.const:g_pulPriority</name>
         <load_address>0x48c8</load_address>
         <run_address>0x48c8</run_address>
         <size>0x20</size>
         <input_file_ref idref="fl-13"/>
      </object_component>
      <object_component id="oc-15f">
         <name>.const:GPIO_PORT_TO_INT</name>
         <load_address>0x48e8</load_address>
         <run_address>0x48e8</run_address>
         <size>0x1c</size>
         <input_file_ref idref="fl-11"/>
      </object_component>
      <object_component id="oc-126">
         <name>.const:i2cConfig</name>
         <load_address>0x4904</load_address>
         <run_address>0x4904</run_address>
         <size>0x14</size>
         <input_file_ref idref="fl-3"/>
      </object_component>
      <object_component id="oc-1f5">
         <name>.const:g_pulDisRegs</name>
         <load_address>0x4918</load_address>
         <run_address>0x4918</run_address>
         <size>0x8</size>
         <input_file_ref idref="fl-13"/>
      </object_component>
      <object_component id="oc-1f2">
         <name>.const:g_pulEnRegs</name>
         <load_address>0x4920</load_address>
         <run_address>0x4920</run_address>
         <size>0x8</size>
         <input_file_ref idref="fl-13"/>
      </object_component>
      <object_component id="oc-1f8">
         <name>.const:g_pulPendRegs</name>
         <load_address>0x4928</load_address>
         <run_address>0x4928</run_address>
         <size>0x8</size>
         <input_file_ref idref="fl-13"/>
      </object_component>
      <object_component id="oc-1fb">
         <name>.const:g_pulUnpendRegs</name>
         <load_address>0x4930</load_address>
         <run_address>0x4930</run_address>
         <size>0x8</size>
         <input_file_ref idref="fl-13"/>
      </object_component>
      <object_component id="oc-285">
         <name>.cinit..data.load</name>
         <load_address>0x4938</load_address>
         <run_address>0x4938</run_address>
         <size>0x3d</size>
      </object_component>
      <object_component id="oc-282">
         <name>__TI_handler_table</name>
         <load_address>0x4978</load_address>
         <run_address>0x4978</run_address>
         <size>0xc</size>
      </object_component>
      <object_component id="oc-284">
         <name>.cinit..vtable.load</name>
         <load_address>0x4988</load_address>
         <run_address>0x4988</run_address>
         <size>0x8</size>
      </object_component>
      <object_component id="oc-283">
         <name>__TI_cinit_table</name>
         <load_address>0x4990</load_address>
         <run_address>0x4990</run_address>
         <size>0x10</size>
      </object_component>
      <object_component id="oc-25f">
         <name>.binit</name>
         <load_address>0x0</load_address>
         <run_address>0x0</run_address>
         <size>0x0</size>
      </object_component>
      <object_component id="oc-1e9">
         <name>.vtable</name>
         <uninitialized>true</uninitialized>
         <run_address>0x20000000</run_address>
         <size>0xe4</size>
         <input_file_ref idref="fl-13"/>
      </object_component>
      <object_component id="oc-105">
         <name>.data</name>
         <load_address>0x20000130</load_address>
         <run_address>0x20000130</run_address>
         <size>0x4</size>
         <input_file_ref idref="fl-7"/>
      </object_component>
      <object_component id="oc-156">
         <name>.data:GPIO_PORT_TO_BASE</name>
         <load_address>0x200000e4</load_address>
         <run_address>0x200000e4</run_address>
         <size>0x30</size>
         <input_file_ref idref="fl-11"/>
      </object_component>
      <object_component id="oc-ac">
         <name>.data:$O1$$</name>
         <load_address>0x20000114</load_address>
         <run_address>0x20000114</run_address>
         <size>0xc</size>
         <input_file_ref idref="fl-df"/>
      </object_component>
      <object_component id="oc-71">
         <name>.data</name>
         <load_address>0x2000012c</load_address>
         <run_address>0x2000012c</run_address>
         <size>0x4</size>
         <input_file_ref idref="fl-e5"/>
      </object_component>
      <object_component id="oc-af">
         <name>.data:$O1$$</name>
         <load_address>0x20000120</load_address>
         <run_address>0x20000120</run_address>
         <size>0x8</size>
         <input_file_ref idref="fl-e6"/>
      </object_component>
      <object_component id="oc-221">
         <name>.data</name>
         <load_address>0x20000128</load_address>
         <run_address>0x20000128</run_address>
         <size>0x4</size>
         <input_file_ref idref="fl-fb"/>
      </object_component>
      <object_component id="oc-2f">
         <name>.stack</name>
         <uninitialized>true</uninitialized>
         <run_address>0x2000fe00</run_address>
         <size>0x0</size>
         <input_file_ref idref="fl-db"/>
      </object_component>
      <object_component id="oc-286">
         <name>.stack</name>
         <uninitialized>true</uninitialized>
         <run_address>0x2000fe00</run_address>
         <size>0x0</size>
      </object_component>
      <object_component id="oc-137">
         <name>.debug_info</name>
         <load_address>0x0</load_address>
         <run_address>0x0</run_address>
         <size>0x29b</size>
         <input_file_ref idref="fl-2"/>
      </object_component>
      <object_component id="oc-de">
         <name>.debug_info</name>
         <load_address>0x29b</load_address>
         <run_address>0x29b</run_address>
         <size>0x1134</size>
         <input_file_ref idref="fl-2"/>
      </object_component>
      <object_component id="oc-ea">
         <name>.debug_info</name>
         <load_address>0x13cf</load_address>
         <run_address>0x13cf</run_address>
         <size>0x8b</size>
         <input_file_ref idref="fl-2"/>
      </object_component>
      <object_component id="oc-109">
         <name>.debug_info</name>
         <load_address>0x145a</load_address>
         <run_address>0x145a</run_address>
         <size>0x18b</size>
         <input_file_ref idref="fl-2"/>
      </object_component>
      <object_component id="oc-140">
         <name>.debug_info</name>
         <load_address>0x15e5</load_address>
         <run_address>0x15e5</run_address>
         <size>0x4e</size>
         <input_file_ref idref="fl-2"/>
      </object_component>
      <object_component id="oc-12a">
         <name>.debug_info</name>
         <load_address>0x1633</load_address>
         <run_address>0x1633</run_address>
         <size>0x8cf</size>
         <input_file_ref idref="fl-3"/>
      </object_component>
      <object_component id="oc-127">
         <name>.debug_info</name>
         <load_address>0x1f02</load_address>
         <run_address>0x1f02</run_address>
         <size>0xea</size>
         <input_file_ref idref="fl-3"/>
      </object_component>
      <object_component id="oc-d3">
         <name>.debug_info</name>
         <load_address>0x1fec</load_address>
         <run_address>0x1fec</run_address>
         <size>0x95f</size>
         <input_file_ref idref="fl-3"/>
      </object_component>
      <object_component id="oc-16a">
         <name>.debug_info</name>
         <load_address>0x294b</load_address>
         <run_address>0x294b</run_address>
         <size>0x9a</size>
         <input_file_ref idref="fl-3"/>
      </object_component>
      <object_component id="oc-14c">
         <name>.debug_info</name>
         <load_address>0x29e5</load_address>
         <run_address>0x29e5</run_address>
         <size>0x103e</size>
         <input_file_ref idref="fl-3"/>
      </object_component>
      <object_component id="oc-147">
         <name>.debug_info</name>
         <load_address>0x3a23</load_address>
         <run_address>0x3a23</run_address>
         <size>0x37a3</size>
         <input_file_ref idref="fl-3"/>
      </object_component>
      <object_component id="oc-175">
         <name>.debug_info</name>
         <load_address>0x71c6</load_address>
         <run_address>0x71c6</run_address>
         <size>0xee</size>
         <input_file_ref idref="fl-3"/>
      </object_component>
      <object_component id="oc-135">
         <name>.debug_info</name>
         <load_address>0x72b4</load_address>
         <run_address>0x72b4</run_address>
         <size>0x3e3</size>
         <input_file_ref idref="fl-4"/>
      </object_component>
      <object_component id="oc-132">
         <name>.debug_info</name>
         <load_address>0x7697</load_address>
         <run_address>0x7697</run_address>
         <size>0xed</size>
         <input_file_ref idref="fl-4"/>
      </object_component>
      <object_component id="oc-d9">
         <name>.debug_info</name>
         <load_address>0x7784</load_address>
         <run_address>0x7784</run_address>
         <size>0x2d6</size>
         <input_file_ref idref="fl-4"/>
      </object_component>
      <object_component id="oc-ef">
         <name>.debug_info</name>
         <load_address>0x7a5a</load_address>
         <run_address>0x7a5a</run_address>
         <size>0x5d4</size>
         <input_file_ref idref="fl-5"/>
      </object_component>
      <object_component id="oc-a5">
         <name>.debug_info</name>
         <load_address>0x802e</load_address>
         <run_address>0x802e</run_address>
         <size>0x607</size>
         <input_file_ref idref="fl-5"/>
      </object_component>
      <object_component id="oc-7d">
         <name>.debug_info</name>
         <load_address>0x8635</load_address>
         <run_address>0x8635</run_address>
         <size>0x131</size>
         <input_file_ref idref="fl-6"/>
      </object_component>
      <object_component id="oc-2d">
         <name>.debug_info</name>
         <load_address>0x8766</load_address>
         <run_address>0x8766</run_address>
         <size>0x108</size>
         <input_file_ref idref="fl-6"/>
      </object_component>
      <object_component id="oc-76">
         <name>.debug_info</name>
         <load_address>0x886e</load_address>
         <run_address>0x886e</run_address>
         <size>0x26f</size>
         <input_file_ref idref="fl-6"/>
      </object_component>
      <object_component id="oc-36">
         <name>.debug_info</name>
         <load_address>0x8add</load_address>
         <run_address>0x8add</run_address>
         <size>0x84</size>
         <input_file_ref idref="fl-6"/>
      </object_component>
      <object_component id="oc-106">
         <name>.debug_info</name>
         <load_address>0x8b61</load_address>
         <run_address>0x8b61</run_address>
         <size>0x101</size>
         <input_file_ref idref="fl-7"/>
      </object_component>
      <object_component id="oc-b9">
         <name>.debug_info</name>
         <load_address>0x8c62</load_address>
         <run_address>0x8c62</run_address>
         <size>0x273</size>
         <input_file_ref idref="fl-7"/>
      </object_component>
      <object_component id="oc-1e4">
         <name>.debug_info</name>
         <load_address>0x8ed5</load_address>
         <run_address>0x8ed5</run_address>
         <size>0x3d7</size>
         <input_file_ref idref="fl-b"/>
      </object_component>
      <object_component id="oc-163">
         <name>.debug_info</name>
         <load_address>0x92ac</load_address>
         <run_address>0x92ac</run_address>
         <size>0x4f3</size>
         <input_file_ref idref="fl-11"/>
      </object_component>
      <object_component id="oc-160">
         <name>.debug_info</name>
         <load_address>0x979f</load_address>
         <run_address>0x979f</run_address>
         <size>0x109</size>
         <input_file_ref idref="fl-11"/>
      </object_component>
      <object_component id="oc-157">
         <name>.debug_info</name>
         <load_address>0x98a8</load_address>
         <run_address>0x98a8</run_address>
         <size>0x10b</size>
         <input_file_ref idref="fl-11"/>
      </object_component>
      <object_component id="oc-11c">
         <name>.debug_info</name>
         <load_address>0x99b3</load_address>
         <run_address>0x99b3</run_address>
         <size>0x1a0c</size>
         <input_file_ref idref="fl-11"/>
      </object_component>
      <object_component id="oc-165">
         <name>.debug_info</name>
         <load_address>0xb3bf</load_address>
         <run_address>0xb3bf</run_address>
         <size>0x4e2</size>
         <input_file_ref idref="fl-12"/>
      </object_component>
      <object_component id="oc-122">
         <name>.debug_info</name>
         <load_address>0xb8a1</load_address>
         <run_address>0xb8a1</run_address>
         <size>0x2d2d</size>
         <input_file_ref idref="fl-12"/>
      </object_component>
      <object_component id="oc-1ff">
         <name>.debug_info</name>
         <load_address>0xe5ce</load_address>
         <run_address>0xe5ce</run_address>
         <size>0x481</size>
         <input_file_ref idref="fl-13"/>
      </object_component>
      <object_component id="oc-1ed">
         <name>.debug_info</name>
         <load_address>0xea4f</load_address>
         <run_address>0xea4f</run_address>
         <size>0x108</size>
         <input_file_ref idref="fl-13"/>
      </object_component>
      <object_component id="oc-1f0">
         <name>.debug_info</name>
         <load_address>0xeb57</load_address>
         <run_address>0xeb57</run_address>
         <size>0x100</size>
         <input_file_ref idref="fl-13"/>
      </object_component>
      <object_component id="oc-1f3">
         <name>.debug_info</name>
         <load_address>0xec57</load_address>
         <run_address>0xec57</run_address>
         <size>0x104</size>
         <input_file_ref idref="fl-13"/>
      </object_component>
      <object_component id="oc-1f6">
         <name>.debug_info</name>
         <load_address>0xed5b</load_address>
         <run_address>0xed5b</run_address>
         <size>0x106</size>
         <input_file_ref idref="fl-13"/>
      </object_component>
      <object_component id="oc-1f9">
         <name>.debug_info</name>
         <load_address>0xee61</load_address>
         <run_address>0xee61</run_address>
         <size>0x108</size>
         <input_file_ref idref="fl-13"/>
      </object_component>
      <object_component id="oc-1fc">
         <name>.debug_info</name>
         <load_address>0xef69</load_address>
         <run_address>0xef69</run_address>
         <size>0x10c</size>
         <input_file_ref idref="fl-13"/>
      </object_component>
      <object_component id="oc-1ea">
         <name>.debug_info</name>
         <load_address>0xf075</load_address>
         <run_address>0xf075</run_address>
         <size>0x10d</size>
         <input_file_ref idref="fl-13"/>
      </object_component>
      <object_component id="oc-15d">
         <name>.debug_info</name>
         <load_address>0xf182</load_address>
         <run_address>0xf182</run_address>
         <size>0x11b0</size>
         <input_file_ref idref="fl-13"/>
      </object_component>
      <object_component id="oc-170">
         <name>.debug_info</name>
         <load_address>0x10332</load_address>
         <run_address>0x10332</run_address>
         <size>0x4dd</size>
         <input_file_ref idref="fl-20"/>
      </object_component>
      <object_component id="oc-12d">
         <name>.debug_info</name>
         <load_address>0x1080f</load_address>
         <run_address>0x1080f</run_address>
         <size>0x162e</size>
         <input_file_ref idref="fl-20"/>
      </object_component>
      <object_component id="oc-27">
         <name>.debug_info</name>
         <load_address>0x11e3d</load_address>
         <run_address>0x11e3d</run_address>
         <size>0x160</size>
         <input_file_ref idref="fl-db"/>
      </object_component>
      <object_component id="oc-83">
         <name>.debug_info</name>
         <load_address>0x11f9d</load_address>
         <run_address>0x11f9d</run_address>
         <size>0xf9</size>
         <input_file_ref idref="fl-dc"/>
      </object_component>
      <object_component id="oc-15">
         <name>.debug_info</name>
         <load_address>0x12096</load_address>
         <run_address>0x12096</run_address>
         <size>0x245</size>
         <input_file_ref idref="fl-dc"/>
      </object_component>
      <object_component id="oc-31">
         <name>.debug_info</name>
         <load_address>0x122db</load_address>
         <run_address>0x122db</run_address>
         <size>0x60</size>
         <input_file_ref idref="fl-dc"/>
      </object_component>
      <object_component id="oc-7e">
         <name>.debug_info</name>
         <load_address>0x1233b</load_address>
         <run_address>0x1233b</run_address>
         <size>0x46</size>
         <input_file_ref idref="fl-dc"/>
      </object_component>
      <object_component id="oc-46">
         <name>.debug_info</name>
         <load_address>0x12381</load_address>
         <run_address>0x12381</run_address>
         <size>0x140</size>
         <input_file_ref idref="fl-dd"/>
      </object_component>
      <object_component id="oc-1b">
         <name>.debug_info</name>
         <load_address>0x124c1</load_address>
         <run_address>0x124c1</run_address>
         <size>0x1df</size>
         <input_file_ref idref="fl-dd"/>
      </object_component>
      <object_component id="oc-41">
         <name>.debug_info</name>
         <load_address>0x126a0</load_address>
         <run_address>0x126a0</run_address>
         <size>0x46</size>
         <input_file_ref idref="fl-dd"/>
      </object_component>
      <object_component id="oc-85">
         <name>.debug_info</name>
         <load_address>0x126e6</load_address>
         <run_address>0x126e6</run_address>
         <size>0x2c</size>
         <input_file_ref idref="fl-dd"/>
      </object_component>
      <object_component id="oc-52">
         <name>.debug_info</name>
         <load_address>0x12712</load_address>
         <run_address>0x12712</run_address>
         <size>0x12f</size>
         <input_file_ref idref="fl-de"/>
      </object_component>
      <object_component id="oc-21">
         <name>.debug_info</name>
         <load_address>0x12841</load_address>
         <run_address>0x12841</run_address>
         <size>0x1aa</size>
         <input_file_ref idref="fl-de"/>
      </object_component>
      <object_component id="oc-4d">
         <name>.debug_info</name>
         <load_address>0x129eb</load_address>
         <run_address>0x129eb</run_address>
         <size>0x46</size>
         <input_file_ref idref="fl-de"/>
      </object_component>
      <object_component id="oc-8d">
         <name>.debug_info</name>
         <load_address>0x12a31</load_address>
         <run_address>0x12a31</run_address>
         <size>0x2c</size>
         <input_file_ref idref="fl-de"/>
      </object_component>
      <object_component id="oc-b3">
         <name>.debug_info</name>
         <load_address>0x12a5d</load_address>
         <run_address>0x12a5d</run_address>
         <size>0x234</size>
         <input_file_ref idref="fl-df"/>
      </object_component>
      <object_component id="oc-ad">
         <name>.debug_info</name>
         <load_address>0x12c91</load_address>
         <run_address>0x12c91</run_address>
         <size>0x185</size>
         <input_file_ref idref="fl-df"/>
      </object_component>
      <object_component id="oc-6d">
         <name>.debug_info</name>
         <load_address>0x12e16</load_address>
         <run_address>0x12e16</run_address>
         <size>0x214</size>
         <input_file_ref idref="fl-df"/>
      </object_component>
      <object_component id="oc-3d">
         <name>.debug_info</name>
         <load_address>0x1302a</load_address>
         <run_address>0x1302a</run_address>
         <size>0x111</size>
         <input_file_ref idref="fl-e0"/>
      </object_component>
      <object_component id="oc-49">
         <name>.debug_info</name>
         <load_address>0x1313b</load_address>
         <run_address>0x1313b</run_address>
         <size>0x13f</size>
         <input_file_ref idref="fl-e1"/>
      </object_component>
      <object_component id="oc-57">
         <name>.debug_info</name>
         <load_address>0x1327a</load_address>
         <run_address>0x1327a</run_address>
         <size>0x138</size>
         <input_file_ref idref="fl-e2"/>
      </object_component>
      <object_component id="oc-5b">
         <name>.debug_info</name>
         <load_address>0x133b2</load_address>
         <run_address>0x133b2</run_address>
         <size>0x148</size>
         <input_file_ref idref="fl-e3"/>
      </object_component>
      <object_component id="oc-13f">
         <name>.debug_info</name>
         <load_address>0x134fa</load_address>
         <run_address>0x134fa</run_address>
         <size>0x1bb</size>
         <input_file_ref idref="fl-e4"/>
      </object_component>
      <object_component id="oc-e5">
         <name>.debug_info</name>
         <load_address>0x136b5</load_address>
         <run_address>0x136b5</run_address>
         <size>0x2e4</size>
         <input_file_ref idref="fl-e4"/>
      </object_component>
      <object_component id="oc-1da">
         <name>.debug_info</name>
         <load_address>0x13999</load_address>
         <run_address>0x13999</run_address>
         <size>0x2c</size>
         <input_file_ref idref="fl-e4"/>
      </object_component>
      <object_component id="oc-72">
         <name>.debug_info</name>
         <load_address>0x139c5</load_address>
         <run_address>0x139c5</run_address>
         <size>0x109</size>
         <input_file_ref idref="fl-e5"/>
      </object_component>
      <object_component id="oc-101">
         <name>.debug_info</name>
         <load_address>0x13ace</load_address>
         <run_address>0x13ace</run_address>
         <size>0x124</size>
         <input_file_ref idref="fl-e6"/>
      </object_component>
      <object_component id="oc-b0">
         <name>.debug_info</name>
         <load_address>0x13bf2</load_address>
         <run_address>0x13bf2</run_address>
         <size>0x113</size>
         <input_file_ref idref="fl-e6"/>
      </object_component>
      <object_component id="oc-fb">
         <name>.debug_info</name>
         <load_address>0x13d05</load_address>
         <run_address>0x13d05</run_address>
         <size>0x21f</size>
         <input_file_ref idref="fl-e6"/>
      </object_component>
      <object_component id="oc-1cf">
         <name>.debug_info</name>
         <load_address>0x13f24</load_address>
         <run_address>0x13f24</run_address>
         <size>0x385</size>
         <input_file_ref idref="fl-e7"/>
      </object_component>
      <object_component id="oc-13b">
         <name>.debug_info</name>
         <load_address>0x142a9</load_address>
         <run_address>0x142a9</run_address>
         <size>0x1543</size>
         <input_file_ref idref="fl-e7"/>
      </object_component>
      <object_component id="oc-1d0">
         <name>.debug_info</name>
         <load_address>0x157ec</load_address>
         <run_address>0x157ec</run_address>
         <size>0x86</size>
         <input_file_ref idref="fl-e7"/>
      </object_component>
      <object_component id="oc-231">
         <name>.debug_info</name>
         <load_address>0x15872</load_address>
         <run_address>0x15872</run_address>
         <size>0x46</size>
         <input_file_ref idref="fl-e7"/>
      </object_component>
      <object_component id="oc-1d5">
         <name>.debug_info</name>
         <load_address>0x158b8</load_address>
         <run_address>0x158b8</run_address>
         <size>0x39</size>
         <input_file_ref idref="fl-e7"/>
      </object_component>
      <object_component id="oc-ab">
         <name>.debug_info</name>
         <load_address>0x158f1</load_address>
         <run_address>0x158f1</run_address>
         <size>0x166</size>
         <input_file_ref idref="fl-e8"/>
      </object_component>
      <object_component id="oc-66">
         <name>.debug_info</name>
         <load_address>0x15a57</load_address>
         <run_address>0x15a57</run_address>
         <size>0x167</size>
         <input_file_ref idref="fl-e8"/>
      </object_component>
      <object_component id="oc-f2">
         <name>.debug_info</name>
         <load_address>0x15bbe</load_address>
         <run_address>0x15bbe</run_address>
         <size>0x5e</size>
         <input_file_ref idref="fl-e8"/>
      </object_component>
      <object_component id="oc-22c">
         <name>.debug_info</name>
         <load_address>0x15c1c</load_address>
         <run_address>0x15c1c</run_address>
         <size>0x114</size>
         <input_file_ref idref="fl-e9"/>
      </object_component>
      <object_component id="oc-1c5">
         <name>.debug_info</name>
         <load_address>0x15d30</load_address>
         <run_address>0x15d30</run_address>
         <size>0x171</size>
         <input_file_ref idref="fl-e9"/>
      </object_component>
      <object_component id="oc-a3">
         <name>.debug_info</name>
         <load_address>0x15ea1</load_address>
         <run_address>0x15ea1</run_address>
         <size>0x2e9</size>
         <input_file_ref idref="fl-ea"/>
      </object_component>
      <object_component id="oc-60">
         <name>.debug_info</name>
         <load_address>0x1618a</load_address>
         <run_address>0x1618a</run_address>
         <size>0x190</size>
         <input_file_ref idref="fl-ea"/>
      </object_component>
      <object_component id="oc-c7">
         <name>.debug_info</name>
         <load_address>0x1631a</load_address>
         <run_address>0x1631a</run_address>
         <size>0x39</size>
         <input_file_ref idref="fl-ea"/>
      </object_component>
      <object_component id="oc-115">
         <name>.debug_info</name>
         <load_address>0x16353</load_address>
         <run_address>0x16353</run_address>
         <size>0x39</size>
         <input_file_ref idref="fl-ea"/>
      </object_component>
      <object_component id="oc-cc">
         <name>.debug_info</name>
         <load_address>0x1638c</load_address>
         <run_address>0x1638c</run_address>
         <size>0xcd</size>
         <input_file_ref idref="fl-ea"/>
      </object_component>
      <object_component id="oc-c3">
         <name>.debug_info</name>
         <load_address>0x16459</load_address>
         <run_address>0x16459</run_address>
         <size>0x1e0</size>
         <input_file_ref idref="fl-eb"/>
      </object_component>
      <object_component id="oc-97">
         <name>.debug_info</name>
         <load_address>0x16639</load_address>
         <run_address>0x16639</run_address>
         <size>0x183</size>
         <input_file_ref idref="fl-eb"/>
      </object_component>
      <object_component id="oc-110">
         <name>.debug_info</name>
         <load_address>0x167bc</load_address>
         <run_address>0x167bc</run_address>
         <size>0x2c</size>
         <input_file_ref idref="fl-eb"/>
      </object_component>
      <object_component id="oc-256">
         <name>.debug_info</name>
         <load_address>0x167e8</load_address>
         <run_address>0x167e8</run_address>
         <size>0xee</size>
         <input_file_ref idref="fl-ec"/>
      </object_component>
      <object_component id="oc-229">
         <name>.debug_info</name>
         <load_address>0x168d6</load_address>
         <run_address>0x168d6</run_address>
         <size>0xfa</size>
         <input_file_ref idref="fl-ec"/>
      </object_component>
      <object_component id="oc-1ac">
         <name>.debug_info</name>
         <load_address>0x169d0</load_address>
         <run_address>0x169d0</run_address>
         <size>0x144</size>
         <input_file_ref idref="fl-ed"/>
      </object_component>
      <object_component id="oc-188">
         <name>.debug_info</name>
         <load_address>0x16b14</load_address>
         <run_address>0x16b14</run_address>
         <size>0x120</size>
         <input_file_ref idref="fl-ee"/>
      </object_component>
      <object_component id="oc-198">
         <name>.debug_info</name>
         <load_address>0x16c34</load_address>
         <run_address>0x16c34</run_address>
         <size>0x122</size>
         <input_file_ref idref="fl-ee"/>
      </object_component>
      <object_component id="oc-192">
         <name>.debug_info</name>
         <load_address>0x16d56</load_address>
         <run_address>0x16d56</run_address>
         <size>0x132</size>
         <input_file_ref idref="fl-ef"/>
      </object_component>
      <object_component id="oc-18d">
         <name>.debug_info</name>
         <load_address>0x16e88</load_address>
         <run_address>0x16e88</run_address>
         <size>0x132</size>
         <input_file_ref idref="fl-f0"/>
      </object_component>
      <object_component id="oc-19c">
         <name>.debug_info</name>
         <load_address>0x16fba</load_address>
         <run_address>0x16fba</run_address>
         <size>0x126</size>
         <input_file_ref idref="fl-f1"/>
      </object_component>
      <object_component id="oc-1a9">
         <name>.debug_info</name>
         <load_address>0x170e0</load_address>
         <run_address>0x170e0</run_address>
         <size>0x124</size>
         <input_file_ref idref="fl-f2"/>
      </object_component>
      <object_component id="oc-211">
         <name>.debug_info</name>
         <load_address>0x17204</load_address>
         <run_address>0x17204</run_address>
         <size>0x14c</size>
         <input_file_ref idref="fl-f3"/>
      </object_component>
      <object_component id="oc-1a3">
         <name>.debug_info</name>
         <load_address>0x17350</load_address>
         <run_address>0x17350</run_address>
         <size>0x1c2</size>
         <input_file_ref idref="fl-f3"/>
      </object_component>
      <object_component id="oc-22e">
         <name>.debug_info</name>
         <load_address>0x17512</load_address>
         <run_address>0x17512</run_address>
         <size>0xf1</size>
         <input_file_ref idref="fl-f4"/>
      </object_component>
      <object_component id="oc-1c9">
         <name>.debug_info</name>
         <load_address>0x17603</load_address>
         <run_address>0x17603</run_address>
         <size>0x1ab</size>
         <input_file_ref idref="fl-f4"/>
      </object_component>
      <object_component id="oc-215">
         <name>.debug_info</name>
         <load_address>0x177ae</load_address>
         <run_address>0x177ae</run_address>
         <size>0x13f</size>
         <input_file_ref idref="fl-f5"/>
      </object_component>
      <object_component id="oc-1b4">
         <name>.debug_info</name>
         <load_address>0x178ed</load_address>
         <run_address>0x178ed</run_address>
         <size>0x18a</size>
         <input_file_ref idref="fl-f5"/>
      </object_component>
      <object_component id="oc-216">
         <name>.debug_info</name>
         <load_address>0x17a77</load_address>
         <run_address>0x17a77</run_address>
         <size>0x2c</size>
         <input_file_ref idref="fl-f5"/>
      </object_component>
      <object_component id="oc-225">
         <name>.debug_info</name>
         <load_address>0x17aa3</load_address>
         <run_address>0x17aa3</run_address>
         <size>0x17c</size>
         <input_file_ref idref="fl-f6"/>
      </object_component>
      <object_component id="oc-1ba">
         <name>.debug_info</name>
         <load_address>0x17c1f</load_address>
         <run_address>0x17c1f</run_address>
         <size>0x1d5</size>
         <input_file_ref idref="fl-f6"/>
      </object_component>
      <object_component id="oc-9e">
         <name>.debug_info</name>
         <load_address>0x17df4</load_address>
         <run_address>0x17df4</run_address>
         <size>0x145</size>
         <input_file_ref idref="fl-f7"/>
      </object_component>
      <object_component id="oc-227">
         <name>.debug_info</name>
         <load_address>0x17f39</load_address>
         <run_address>0x17f39</run_address>
         <size>0xf5</size>
         <input_file_ref idref="fl-f8"/>
      </object_component>
      <object_component id="oc-1c0">
         <name>.debug_info</name>
         <load_address>0x1802e</load_address>
         <run_address>0x1802e</run_address>
         <size>0x244</size>
         <input_file_ref idref="fl-f8"/>
      </object_component>
      <object_component id="oc-20a">
         <name>.debug_info</name>
         <load_address>0x18272</load_address>
         <run_address>0x18272</run_address>
         <size>0xea</size>
         <input_file_ref idref="fl-f9"/>
      </object_component>
      <object_component id="oc-184">
         <name>.debug_info</name>
         <load_address>0x1835c</load_address>
         <run_address>0x1835c</run_address>
         <size>0x22a</size>
         <input_file_ref idref="fl-f9"/>
      </object_component>
      <object_component id="oc-17f">
         <name>.debug_info</name>
         <load_address>0x18586</load_address>
         <run_address>0x18586</run_address>
         <size>0x17d</size>
         <input_file_ref idref="fl-fa"/>
      </object_component>
      <object_component id="oc-222">
         <name>.debug_info</name>
         <load_address>0x18703</load_address>
         <run_address>0x18703</run_address>
         <size>0xf3</size>
         <input_file_ref idref="fl-fb"/>
      </object_component>
      <object_component id="oc-21c">
         <name>.debug_info</name>
         <load_address>0x187f6</load_address>
         <run_address>0x187f6</run_address>
         <size>0x156</size>
         <input_file_ref idref="fl-fc"/>
      </object_component>
      <object_component id="oc-287">
         <name>.debug_info</name>
         <load_address>0x1894c</load_address>
         <run_address>0x1894c</run_address>
         <size>0xb7</size>
      </object_component>
      <object_component id="oc-17b">
         <name>.debug_line</name>
         <load_address>0x0</load_address>
         <run_address>0x0</run_address>
         <size>0x85</size>
         <input_file_ref idref="fl-2"/>
      </object_component>
      <object_component id="oc-e1">
         <name>.debug_line</name>
         <load_address>0x85</load_address>
         <run_address>0x85</run_address>
         <size>0x2ce</size>
         <input_file_ref idref="fl-2"/>
      </object_component>
      <object_component id="oc-ed">
         <name>.debug_line</name>
         <load_address>0x353</load_address>
         <run_address>0x353</run_address>
         <size>0x20</size>
         <input_file_ref idref="fl-2"/>
      </object_component>
      <object_component id="oc-10c">
         <name>.debug_line</name>
         <load_address>0x373</load_address>
         <run_address>0x373</run_address>
         <size>0x65</size>
         <input_file_ref idref="fl-2"/>
      </object_component>
      <object_component id="oc-143">
         <name>.debug_line</name>
         <load_address>0x3d8</load_address>
         <run_address>0x3d8</run_address>
         <size>0x65</size>
         <input_file_ref idref="fl-2"/>
      </object_component>
      <object_component id="oc-169">
         <name>.debug_line</name>
         <load_address>0x43d</load_address>
         <run_address>0x43d</run_address>
         <size>0xe3</size>
         <input_file_ref idref="fl-3"/>
      </object_component>
      <object_component id="oc-167">
         <name>.debug_line</name>
         <load_address>0x520</load_address>
         <run_address>0x520</run_address>
         <size>0x30</size>
         <input_file_ref idref="fl-3"/>
      </object_component>
      <object_component id="oc-d2">
         <name>.debug_line</name>
         <load_address>0x550</load_address>
         <run_address>0x550</run_address>
         <size>0x14a</size>
         <input_file_ref idref="fl-3"/>
      </object_component>
      <object_component id="oc-16d">
         <name>.debug_line</name>
         <load_address>0x69a</load_address>
         <run_address>0x69a</run_address>
         <size>0x81</size>
         <input_file_ref idref="fl-3"/>
      </object_component>
      <object_component id="oc-14f">
         <name>.debug_line</name>
         <load_address>0x71b</load_address>
         <run_address>0x71b</run_address>
         <size>0x55</size>
         <input_file_ref idref="fl-3"/>
      </object_component>
      <object_component id="oc-14a">
         <name>.debug_line</name>
         <load_address>0x770</load_address>
         <run_address>0x770</run_address>
         <size>0x52</size>
         <input_file_ref idref="fl-3"/>
      </object_component>
      <object_component id="oc-178">
         <name>.debug_line</name>
         <load_address>0x7c2</load_address>
         <run_address>0x7c2</run_address>
         <size>0x82</size>
         <input_file_ref idref="fl-3"/>
      </object_component>
      <object_component id="oc-174">
         <name>.debug_line</name>
         <load_address>0x844</load_address>
         <run_address>0x844</run_address>
         <size>0x82</size>
         <input_file_ref idref="fl-4"/>
      </object_component>
      <object_component id="oc-172">
         <name>.debug_line</name>
         <load_address>0x8c6</load_address>
         <run_address>0x8c6</run_address>
         <size>0x31</size>
         <input_file_ref idref="fl-4"/>
      </object_component>
      <object_component id="oc-d8">
         <name>.debug_line</name>
         <load_address>0x8f7</load_address>
         <run_address>0x8f7</run_address>
         <size>0xb2</size>
         <input_file_ref idref="fl-4"/>
      </object_component>
      <object_component id="oc-146">
         <name>.debug_line</name>
         <load_address>0x9a9</load_address>
         <run_address>0x9a9</run_address>
         <size>0x99</size>
         <input_file_ref idref="fl-5"/>
      </object_component>
      <object_component id="oc-a9">
         <name>.debug_line</name>
         <load_address>0xa42</load_address>
         <run_address>0xa42</run_address>
         <size>0x139</size>
         <input_file_ref idref="fl-5"/>
      </object_component>
      <object_component id="oc-bf">
         <name>.debug_line</name>
         <load_address>0xb7b</load_address>
         <run_address>0xb7b</run_address>
         <size>0x40</size>
         <input_file_ref idref="fl-6"/>
      </object_component>
      <object_component id="oc-7c">
         <name>.debug_line</name>
         <load_address>0xbbb</load_address>
         <run_address>0xbbb</run_address>
         <size>0x40</size>
         <input_file_ref idref="fl-6"/>
      </object_component>
      <object_component id="oc-7a">
         <name>.debug_line</name>
         <load_address>0xbfb</load_address>
         <run_address>0xbfb</run_address>
         <size>0xa1</size>
         <input_file_ref idref="fl-6"/>
      </object_component>
      <object_component id="oc-39">
         <name>.debug_line</name>
         <load_address>0xc9c</load_address>
         <run_address>0xc9c</run_address>
         <size>0x20</size>
         <input_file_ref idref="fl-6"/>
      </object_component>
      <object_component id="oc-155">
         <name>.debug_line</name>
         <load_address>0xcbc</load_address>
         <run_address>0xcbc</run_address>
         <size>0x3b</size>
         <input_file_ref idref="fl-7"/>
      </object_component>
      <object_component id="oc-bc">
         <name>.debug_line</name>
         <load_address>0xcf7</load_address>
         <run_address>0xcf7</run_address>
         <size>0x146</size>
         <input_file_ref idref="fl-7"/>
      </object_component>
      <object_component id="oc-1e7">
         <name>.debug_line</name>
         <load_address>0xe3d</load_address>
         <run_address>0xe3d</run_address>
         <size>0xe4</size>
         <input_file_ref idref="fl-b"/>
      </object_component>
      <object_component id="oc-203">
         <name>.debug_line</name>
         <load_address>0xf21</load_address>
         <run_address>0xf21</run_address>
         <size>0x87</size>
         <input_file_ref idref="fl-11"/>
      </object_component>
      <object_component id="oc-201">
         <name>.debug_line</name>
         <load_address>0xfa8</load_address>
         <run_address>0xfa8</run_address>
         <size>0x42</size>
         <input_file_ref idref="fl-11"/>
      </object_component>
      <object_component id="oc-1e2">
         <name>.debug_line</name>
         <load_address>0xfea</load_address>
         <run_address>0xfea</run_address>
         <size>0x42</size>
         <input_file_ref idref="fl-11"/>
      </object_component>
      <object_component id="oc-11b">
         <name>.debug_line</name>
         <load_address>0x102c</load_address>
         <run_address>0x102c</run_address>
         <size>0x2d1</size>
         <input_file_ref idref="fl-11"/>
      </object_component>
      <object_component id="oc-205">
         <name>.debug_line</name>
         <load_address>0x12fd</load_address>
         <run_address>0x12fd</run_address>
         <size>0x87</size>
         <input_file_ref idref="fl-12"/>
      </object_component>
      <object_component id="oc-121">
         <name>.debug_line</name>
         <load_address>0x1384</load_address>
         <run_address>0x1384</run_address>
         <size>0x5d2</size>
         <input_file_ref idref="fl-12"/>
      </object_component>
      <object_component id="oc-246">
         <name>.debug_line</name>
         <load_address>0x1956</load_address>
         <run_address>0x1956</run_address>
         <size>0x81</size>
         <input_file_ref idref="fl-13"/>
      </object_component>
      <object_component id="oc-23a">
         <name>.debug_line</name>
         <load_address>0x19d7</load_address>
         <run_address>0x19d7</run_address>
         <size>0x47</size>
         <input_file_ref idref="fl-13"/>
      </object_component>
      <object_component id="oc-23c">
         <name>.debug_line</name>
         <load_address>0x1a1e</load_address>
         <run_address>0x1a1e</run_address>
         <size>0x47</size>
         <input_file_ref idref="fl-13"/>
      </object_component>
      <object_component id="oc-23e">
         <name>.debug_line</name>
         <load_address>0x1a65</load_address>
         <run_address>0x1a65</run_address>
         <size>0x47</size>
         <input_file_ref idref="fl-13"/>
      </object_component>
      <object_component id="oc-240">
         <name>.debug_line</name>
         <load_address>0x1aac</load_address>
         <run_address>0x1aac</run_address>
         <size>0x47</size>
         <input_file_ref idref="fl-13"/>
      </object_component>
      <object_component id="oc-242">
         <name>.debug_line</name>
         <load_address>0x1af3</load_address>
         <run_address>0x1af3</run_address>
         <size>0x47</size>
         <input_file_ref idref="fl-13"/>
      </object_component>
      <object_component id="oc-244">
         <name>.debug_line</name>
         <load_address>0x1b3a</load_address>
         <run_address>0x1b3a</run_address>
         <size>0x47</size>
         <input_file_ref idref="fl-13"/>
      </object_component>
      <object_component id="oc-238">
         <name>.debug_line</name>
         <load_address>0x1b81</load_address>
         <run_address>0x1b81</run_address>
         <size>0x47</size>
         <input_file_ref idref="fl-13"/>
      </object_component>
      <object_component id="oc-15b">
         <name>.debug_line</name>
         <load_address>0x1bc8</load_address>
         <run_address>0x1bc8</run_address>
         <size>0x349</size>
         <input_file_ref idref="fl-13"/>
      </object_component>
      <object_component id="oc-207">
         <name>.debug_line</name>
         <load_address>0x1f11</load_address>
         <run_address>0x1f11</run_address>
         <size>0x87</size>
         <input_file_ref idref="fl-20"/>
      </object_component>
      <object_component id="oc-130">
         <name>.debug_line</name>
         <load_address>0x1f98</load_address>
         <run_address>0x1f98</run_address>
         <size>0x2f0</size>
         <input_file_ref idref="fl-20"/>
      </object_component>
      <object_component id="oc-2a">
         <name>.debug_line</name>
         <load_address>0x2288</load_address>
         <run_address>0x2288</run_address>
         <size>0x53</size>
         <input_file_ref idref="fl-db"/>
      </object_component>
      <object_component id="oc-c1">
         <name>.debug_line</name>
         <load_address>0x22db</load_address>
         <run_address>0x22db</run_address>
         <size>0x20</size>
         <input_file_ref idref="fl-dc"/>
      </object_component>
      <object_component id="oc-18">
         <name>.debug_line</name>
         <load_address>0x22fb</load_address>
         <run_address>0x22fb</run_address>
         <size>0xa9</size>
         <input_file_ref idref="fl-dc"/>
      </object_component>
      <object_component id="oc-34">
         <name>.debug_line</name>
         <load_address>0x23a4</load_address>
         <run_address>0x23a4</run_address>
         <size>0x3a</size>
         <input_file_ref idref="fl-dc"/>
      </object_component>
      <object_component id="oc-81">
         <name>.debug_line</name>
         <load_address>0x23de</load_address>
         <run_address>0x23de</run_address>
         <size>0x8a</size>
         <input_file_ref idref="fl-dc"/>
      </object_component>
      <object_component id="oc-8b">
         <name>.debug_line</name>
         <load_address>0x2468</load_address>
         <run_address>0x2468</run_address>
         <size>0x8a</size>
         <input_file_ref idref="fl-dd"/>
      </object_component>
      <object_component id="oc-1f">
         <name>.debug_line</name>
         <load_address>0x24f2</load_address>
         <run_address>0x24f2</run_address>
         <size>0x55</size>
         <input_file_ref idref="fl-dd"/>
      </object_component>
      <object_component id="oc-44">
         <name>.debug_line</name>
         <load_address>0x2547</load_address>
         <run_address>0x2547</run_address>
         <size>0x3a</size>
         <input_file_ref idref="fl-dd"/>
      </object_component>
      <object_component id="oc-88">
         <name>.debug_line</name>
         <load_address>0x2581</load_address>
         <run_address>0x2581</run_address>
         <size>0x8a</size>
         <input_file_ref idref="fl-dd"/>
      </object_component>
      <object_component id="oc-93">
         <name>.debug_line</name>
         <load_address>0x260b</load_address>
         <run_address>0x260b</run_address>
         <size>0x8a</size>
         <input_file_ref idref="fl-de"/>
      </object_component>
      <object_component id="oc-24">
         <name>.debug_line</name>
         <load_address>0x2695</load_address>
         <run_address>0x2695</run_address>
         <size>0x4f</size>
         <input_file_ref idref="fl-de"/>
      </object_component>
      <object_component id="oc-50">
         <name>.debug_line</name>
         <load_address>0x26e4</load_address>
         <run_address>0x26e4</run_address>
         <size>0x34</size>
         <input_file_ref idref="fl-de"/>
      </object_component>
      <object_component id="oc-90">
         <name>.debug_line</name>
         <load_address>0x2718</load_address>
         <run_address>0x2718</run_address>
         <size>0x8a</size>
         <input_file_ref idref="fl-de"/>
      </object_component>
      <object_component id="oc-104">
         <name>.debug_line</name>
         <load_address>0x27a2</load_address>
         <run_address>0x27a2</run_address>
         <size>0xf2</size>
         <input_file_ref idref="fl-df"/>
      </object_component>
      <object_component id="oc-f8">
         <name>.debug_line</name>
         <load_address>0x2894</load_address>
         <run_address>0x2894</run_address>
         <size>0x2a</size>
         <input_file_ref idref="fl-df"/>
      </object_component>
      <object_component id="oc-6c">
         <name>.debug_line</name>
         <load_address>0x28be</load_address>
         <run_address>0x28be</run_address>
         <size>0x86</size>
         <input_file_ref idref="fl-df"/>
      </object_component>
      <object_component id="oc-3c">
         <name>.debug_line</name>
         <load_address>0x2944</load_address>
         <run_address>0x2944</run_address>
         <size>0x88</size>
         <input_file_ref idref="fl-e0"/>
      </object_component>
      <object_component id="oc-48">
         <name>.debug_line</name>
         <load_address>0x29cc</load_address>
         <run_address>0x29cc</run_address>
         <size>0x79</size>
         <input_file_ref idref="fl-e1"/>
      </object_component>
      <object_component id="oc-56">
         <name>.debug_line</name>
         <load_address>0x2a45</load_address>
         <run_address>0x2a45</run_address>
         <size>0x3d</size>
         <input_file_ref idref="fl-e2"/>
      </object_component>
      <object_component id="oc-5e">
         <name>.debug_line</name>
         <load_address>0x2a82</load_address>
         <run_address>0x2a82</run_address>
         <size>0x40</size>
         <input_file_ref idref="fl-e3"/>
      </object_component>
      <object_component id="oc-1e0">
         <name>.debug_line</name>
         <load_address>0x2ac2</load_address>
         <run_address>0x2ac2</run_address>
         <size>0x97</size>
         <input_file_ref idref="fl-e4"/>
      </object_component>
      <object_component id="oc-e7">
         <name>.debug_line</name>
         <load_address>0x2b59</load_address>
         <run_address>0x2b59</run_address>
         <size>0x83</size>
         <input_file_ref idref="fl-e4"/>
      </object_component>
      <object_component id="oc-1dd">
         <name>.debug_line</name>
         <load_address>0x2bdc</load_address>
         <run_address>0x2bdc</run_address>
         <size>0x89</size>
         <input_file_ref idref="fl-e4"/>
      </object_component>
      <object_component id="oc-b6">
         <name>.debug_line</name>
         <load_address>0x2c65</load_address>
         <run_address>0x2c65</run_address>
         <size>0x33</size>
         <input_file_ref idref="fl-e5"/>
      </object_component>
      <object_component id="oc-153">
         <name>.debug_line</name>
         <load_address>0x2c98</load_address>
         <run_address>0x2c98</run_address>
         <size>0x20</size>
         <input_file_ref idref="fl-e6"/>
      </object_component>
      <object_component id="oc-100">
         <name>.debug_line</name>
         <load_address>0x2cb8</load_address>
         <run_address>0x2cb8</run_address>
         <size>0x2b</size>
         <input_file_ref idref="fl-e6"/>
      </object_component>
      <object_component id="oc-fe">
         <name>.debug_line</name>
         <load_address>0x2ce3</load_address>
         <run_address>0x2ce3</run_address>
         <size>0x68</size>
         <input_file_ref idref="fl-e6"/>
      </object_component>
      <object_component id="oc-230">
         <name>.debug_line</name>
         <load_address>0x2d4b</load_address>
         <run_address>0x2d4b</run_address>
         <size>0x16a</size>
         <input_file_ref idref="fl-e7"/>
      </object_component>
      <object_component id="oc-13d">
         <name>.debug_line</name>
         <load_address>0x2eb5</load_address>
         <run_address>0x2eb5</run_address>
         <size>0xc42</size>
         <input_file_ref idref="fl-e7"/>
      </object_component>
      <object_component id="oc-1d3">
         <name>.debug_line</name>
         <load_address>0x3af7</load_address>
         <run_address>0x3af7</run_address>
         <size>0x8a</size>
         <input_file_ref idref="fl-e7"/>
      </object_component>
      <object_component id="oc-234">
         <name>.debug_line</name>
         <load_address>0x3b81</load_address>
         <run_address>0x3b81</run_address>
         <size>0x8a</size>
         <input_file_ref idref="fl-e7"/>
      </object_component>
      <object_component id="oc-1d8">
         <name>.debug_line</name>
         <load_address>0x3c0b</load_address>
         <run_address>0x3c0b</run_address>
         <size>0x2e</size>
         <input_file_ref idref="fl-e7"/>
      </object_component>
      <object_component id="oc-f1">
         <name>.debug_line</name>
         <load_address>0x3c39</load_address>
         <run_address>0x3c39</run_address>
         <size>0x2b</size>
         <input_file_ref idref="fl-e8"/>
      </object_component>
      <object_component id="oc-69">
         <name>.debug_line</name>
         <load_address>0x3c64</load_address>
         <run_address>0x3c64</run_address>
         <size>0x4a</size>
         <input_file_ref idref="fl-e8"/>
      </object_component>
      <object_component id="oc-f5">
         <name>.debug_line</name>
         <load_address>0x3cae</load_address>
         <run_address>0x3cae</run_address>
         <size>0x2b</size>
         <input_file_ref idref="fl-e8"/>
      </object_component>
      <object_component id="oc-258">
         <name>.debug_line</name>
         <load_address>0x3cd9</load_address>
         <run_address>0x3cd9</run_address>
         <size>0x89</size>
         <input_file_ref idref="fl-e9"/>
      </object_component>
      <object_component id="oc-1c3">
         <name>.debug_line</name>
         <load_address>0x3d62</load_address>
         <run_address>0x3d62</run_address>
         <size>0x63</size>
         <input_file_ref idref="fl-e9"/>
      </object_component>
      <object_component id="oc-c6">
         <name>.debug_line</name>
[...]
         <name>I2C_enableModule</name>
         <value>0x1ad5</value>
         <object_component_ref idref="oc-120"/>
      </symbol>
      <symbol id="sm-2d3">
         <name>I2C_masterReceiveStart</name>
         <value>0x1ec7</value>
         <object_component_ref idref="oc-120"/>
      </symbol>
      <symbol id="sm-2d4">
         <name>I2C_slaveSendNAK</name>
         <value>0x21af</value>
         <object_component_ref idref="oc-120"/>
      </symbol>
      <symbol id="sm-2d5">
         <name>I2C_clearInterruptFlag</name>
         <value>0x2099</value>
         <object_component_ref idref="oc-120"/>
      </symbol>
      <symbol id="sm-2d6">
         <name>I2C_initSlave</name>
         <value>0x1a9b</value>
         <object_component_ref idref="oc-120"/>
      </symbol>
      <symbol id="sm-2d7">
         <name>I2C_masterIsStopSent</name>
         <value>0x1fef</value>
         <object_component_ref idref="oc-120"/>
      </symbol>
      <symbol id="sm-2d8">
         <name>I2C_masterSendMultiByteFinishWithTimeout</name>
         <value>0x1df5</value>
         <object_component_ref idref="oc-120"/>
      </symbol>
      <symbol id="sm-2d9">
         <name>I2C_masterReceiveSingle</name>
         <value>0x1fa9</value>
         <object_component_ref idref="oc-120"/>
      </symbol>
      <symbol id="sm-2da">
         <name>I2C_setSlaveAddress</name>
         <value>0x1b01</value>
         <object_component_ref idref="oc-120"/>
      </symbol>
      <symbol id="sm-2db">
         <name>I2C_masterSendStart</name>
         <value>0x2019</value>
         <object_component_ref idref="oc-120"/>
      </symbol>
      <symbol id="sm-2dc">
         <name>I2C_initMaster</name>
         <value>0x1a39</value>
         <object_component_ref idref="oc-120"/>
      </symbol>
      <symbol id="sm-2dd">
         <name>I2C_registerInterrupt</name>
         <value>0x20ed</value>
         <object_component_ref idref="oc-120"/>
      </symbol>
      <symbol id="sm-2de">
         <name>I2C_slaveGetData</name>
         <value>0x1b7b</value>
         <object_component_ref idref="oc-120"/>
      </symbol>
      <symbol id="sm-2df">
         <name>I2C_masterSendMultiByteStopWithTimeout</name>
         <value>0x1e8b</value>
         <object_component_ref idref="oc-120"/>
      </symbol>
      <symbol id="sm-2e0">
         <name>I2C_disableMultiMasterMode</name>
         <value>0x204d</value>
         <object_component_ref idref="oc-120"/>
      </symbol>
      <symbol id="sm-2e1">
         <name>I2C_masterSendMultiByteNextWithTimeout</name>
         <value>0x1d69</value>
         <object_component_ref idref="oc-120"/>
      </symbol>
      <symbol id="sm-2e2">
         <name>I2C_enableInterrupt</name>
         <value>0x206d</value>
         <object_component_ref idref="oc-120"/>
      </symbol>
      <symbol id="sm-2e3">
         <name>I2C_masterReceiveSingleByte</name>
         <value>0x1b31</value>
         <object_component_ref idref="oc-120"/>
      </symbol>
      <symbol id="sm-2e4">
         <name>I2C_disableModule</name>
         <value>0x1aeb</value>
         <object_component_ref idref="oc-120"/>
      </symbol>
      <symbol id="sm-2e5">
         <name>I2C_getTransmitBufferAddressForDMA</name>
         <value>0x1fe1</value>
         <object_component_ref idref="oc-120"/>
      </symbol>
      <symbol id="sm-368">
         <name>Interrupt_disableMaster</name>
         <value>0x302b</value>
         <object_component_ref idref="oc-159"/>
      </symbol>
      <symbol id="sm-369">
         <name>Interrupt_disableInterrupt</name>
         <value>0x31db</value>
         <object_component_ref idref="oc-159"/>
      </symbol>
      <symbol id="sm-36a">
         <name>Interrupt_getPriorityMask</name>
         <value>0x33a7</value>
         <object_component_ref idref="oc-159"/>
      </symbol>
      <symbol id="sm-36b">
         <name>Interrupt_unpendInterrupt</name>
         <value>0x3349</value>
         <object_component_ref idref="oc-159"/>
      </symbol>
      <symbol id="sm-36c">
         <name>Interrupt_setPriorityMask</name>
         <value>0x3397</value>
         <object_component_ref idref="oc-159"/>
      </symbol>
      <symbol id="sm-36d">
         <name>Interrupt_unregisterInterrupt</name>
         <value>0x308d</value>
         <object_component_ref idref="oc-159"/>
      </symbol>
      <symbol id="sm-36e">
         <name>Interrupt_setVectorTableAddress</name>
         <value>0x33b1</value>
         <object_component_ref idref="oc-159"/>
      </symbol>
      <symbol id="sm-36f">
         <name>Interrupt_setPriority</name>
         <value>0x30f3</value>
         <object_component_ref idref="oc-159"/>
      </symbol>
      <symbol id="sm-370">
         <name>Interrupt_enableSleepOnIsrExit</name>
         <value>0x33c7</value>
         <object_component_ref idref="oc-159"/>
      </symbol>
      <symbol id="sm-371">
         <name>Interrupt_enableMaster</name>
         <value>0x301b</value>
         <object_component_ref idref="oc-159"/>
      </symbol>
      <symbol id="sm-372">
         <name>Interrupt_enableInterrupt</name>
         <value>0x3169</value>
         <object_component_ref idref="oc-159"/>
      </symbol>
      <symbol id="sm-373">
         <name>Interrupt_getPriority</name>
         <value>0x3143</value>
         <object_component_ref idref="oc-159"/>
      </symbol>
      <symbol id="sm-374">
         <name>Interrupt_registerInterrupt</name>
         <value>0x303b</value>
         <object_component_ref idref="oc-159"/>
      </symbol>
      <symbol id="sm-375">
         <name>g_pfnRAMVectors</name>
         <value>0x20000000</value>
         <object_component_ref idref="oc-1e9"/>
      </symbol>
      <symbol id="sm-376">
         <name>Interrupt_disableSleepOnIsrExit</name>
         <value>0x33d9</value>
         <object_component_ref idref="oc-159"/>
      </symbol>
      <symbol id="sm-377">
         <name>Interrupt_setPriorityGrouping</name>
         <value>0x30a1</value>
         <object_component_ref idref="oc-159"/>
      </symbol>
      <symbol id="sm-378">
         <name>Interrupt_getPriorityGrouping</name>
         <value>0x30bb</value>
         <object_component_ref idref="oc-159"/>
      </symbol>
      <symbol id="sm-379">
         <name>Interrupt_getVectorTableAddress</name>
         <value>0x33c1</value>
         <object_component_ref idref="oc-159"/>
      </symbol>
      <symbol id="sm-37a">
         <name>Interrupt_isEnabled</name>
         <value>0x324d</value>
         <object_component_ref idref="oc-159"/>
      </symbol>
      <symbol id="sm-37b">
         <name>Interrupt_pendInterrupt</name>
         <value>0x32d9</value>
         <object_component_ref idref="oc-159"/>
      </symbol>
      <symbol id="sm-3d9">
         <name>UART_unregisterInterrupt</name>
         <value>0x2fad</value>
         <object_component_ref idref="oc-12b"/>
      </symbol>
      <symbol id="sm-3da">
         <name>UART_enableInterrupt</name>
         <value>0x2e39</value>
         <object_component_ref idref="oc-12b"/>
      </symbol>
      <symbol id="sm-3db">
         <name>UART_receiveData</name>
         <value>0x2d0f</value>
         <object_component_ref idref="oc-12b"/>
      </symbol>
      <symbol id="sm-3dc">
         <name>UART_enableModule</name>
         <value>0x2d35</value>
         <object_component_ref idref="oc-12b"/>
      </symbol>
      <symbol id="sm-3dd">
         <name>UART_disableModule</name>
         <value>0x2d4b</value>
         <object_component_ref idref="oc-12b"/>
      </symbol>
      <symbol id="sm-3de">
         <name>UART_getEnabledInterruptStatus</name>
         <value>0x2eb5</value>
         <object_component_ref idref="oc-12b"/>
      </symbol>
      <symbol id="sm-3df">
         <name>UART_transmitData</name>
         <value>0x2ce5</value>
         <object_component_ref idref="oc-12b"/>
      </symbol>
      <symbol id="sm-3e0">
         <name>UART_transmitBreak</name>
         <value>0x2dbb</value>
         <object_component_ref idref="oc-12b"/>
      </symbol>
      <symbol id="sm-3e1">
         <name>UART_registerInterrupt</name>
         <value>0x2f31</value>
         <object_component_ref idref="oc-12b"/>
      </symbol>
      <symbol id="sm-3e2">
         <name>UART_selectDeglitchTime</name>
         <value>0x2e1d</value>
         <object_component_ref idref="oc-12b"/>
      </symbol>
      <symbol id="sm-3e3">
         <name>UART_getInterruptStatus</name>
         <value>0x2e99</value>
         <object_component_ref idref="oc-12b"/>
      </symbol>
      <symbol id="sm-3e4">
         <name>UART_getReceiveBufferAddressForDMA</name>
         <value>0x2e01</value>
         <object_component_ref idref="oc-12b"/>
      </symbol>
      <symbol id="sm-3e5">
         <name>UART_getTransmitBufferAddressForDMA</name>
         <value>0x2e0f</value>
         <object_component_ref idref="oc-12b"/>
      </symbol>
      <symbol id="sm-3e6">
         <name>UART_initModule</name>
         <value>0x2bfd</value>
         <object_component_ref idref="oc-12b"/>
      </symbol>
      <symbol id="sm-3e7">
         <name>UART_transmitAddress</name>
         <value>0x2d9d</value>
         <object_component_ref idref="oc-12b"/>
      </symbol>
      <symbol id="sm-3e8">
         <name>UART_clearInterruptFlag</name>
         <value>0x2f11</value>
         <object_component_ref idref="oc-12b"/>
      </symbol>
      <symbol id="sm-3e9">
         <name>UART_queryStatusFlags</name>
         <value>0x2d61</value>
         <object_component_ref idref="oc-12b"/>
      </symbol>
      <symbol id="sm-3ea">
         <name>UART_disableInterrupt</name>
         <value>0x2e69</value>
         <object_component_ref idref="oc-12b"/>
      </symbol>
      <symbol id="sm-3eb">
         <name>UART_setDormant</name>
         <value>0x2d75</value>
         <object_component_ref idref="oc-12b"/>
      </symbol>
      <symbol id="sm-3ec">
         <name>UART_resetDormant</name>
         <value>0x2d89</value>
         <object_component_ref idref="oc-12b"/>
      </symbol>
      <symbol id="sm-3fe">
         <name>_c_int00</name>
         <value>0x44a5</value>
         <object_component_ref idref="oc-26"/>
      </symbol>
      <symbol id="sm-3ff">
         <name>__stack</name>
         <value>0x2000fe00</value>
         <object_component_ref idref="oc-2f"/>
      </symbol>
      <symbol id="sm-41d">
         <name>__TI_decompress_lzss</name>
         <value>0x4321</value>
         <object_component_ref idref="oc-14"/>
      </symbol>
      <symbol id="sm-434">
         <name>__TI_decompress_none</name>
         <value>0x4733</value>
         <object_component_ref idref="oc-1a"/>
      </symbol>
      <symbol id="sm-44b">
         <name>__TI_zero_init</name>
         <value>0x4741</value>
         <object_component_ref idref="oc-20"/>
      </symbol>
      <symbol id="sm-46c">
         <name>C$$EXIT</name>
         <value>0x44f9</value>
         <object_component_ref idref="oc-6b"/>
      </symbol>
      <symbol id="sm-46d">
         <name>abort</name>
         <value>0x44fd</value>
         <object_component_ref idref="oc-6b"/>
      </symbol>
      <symbol id="sm-46e">
         <name>exit</name>
         <value>0x4505</value>
         <object_component_ref idref="oc-6b"/>
      </symbol>
      <symbol id="sm-46f">
         <name>__TI_dtors_ptr</name>
         <value>0x20000118</value>
         <object_component_ref idref="oc-ac"/>
      </symbol>
      <symbol id="sm-470">
         <name>__TI_cleanup_ptr</name>
         <value>0x20000114</value>
         <object_component_ref idref="oc-ac"/>
      </symbol>
      <symbol id="sm-471">
         <name>__TI_enable_exit_profile_output</name>
         <value>0x2000011c</value>
         <object_component_ref idref="oc-ac"/>
      </symbol>
      <symbol id="sm-48c">
         <name>memcpy</name>
         <value>0x408d</value>
         <object_component_ref idref="oc-3b"/>
      </symbol>
      <symbol id="sm-48d">
         <name>__aeabi_memcpy</name>
         <value>0x408d</value>
         <object_component_ref idref="oc-3b"/>
      </symbol>
      <symbol id="sm-48e">
         <name>__aeabi_memcpy8</name>
         <value>0x408d</value>
         <object_component_ref idref="oc-3b"/>
      </symbol>
      <symbol id="sm-48f">
         <name>__aeabi_memcpy4</name>
         <value>0x408d</value>
         <object_component_ref idref="oc-3b"/>
      </symbol>
      <symbol id="sm-49e">
         <name>__aeabi_memset</name>
         <value>0x4237</value>
         <object_component_ref idref="oc-47"/>
      </symbol>
      <symbol id="sm-49f">
         <name>memset</name>
         <value>0x423d</value>
         <object_component_ref idref="oc-47"/>
      </symbol>
      <symbol id="sm-4a0">
         <name>__aeabi_memset8</name>
         <value>0x4237</value>
         <object_component_ref idref="oc-47"/>
      </symbol>
      <symbol id="sm-4a1">
         <name>__aeabi_memset4</name>
         <value>0x4237</value>
         <object_component_ref idref="oc-47"/>
      </symbol>
      <symbol id="sm-4a2">
         <name>__aeabi_memclr8</name>
         <value>0x4235</value>
         <object_component_ref idref="oc-47"/>
      </symbol>
      <symbol id="sm-4a3">
         <name>__aeabi_memclr4</name>
         <value>0x4235</value>
         <object_component_ref idref="oc-47"/>
      </symbol>
      <symbol id="sm-4a4">
         <name>__aeabi_memclr</name>
         <value>0x4235</value>
         <object_component_ref idref="oc-47"/>
      </symbol>
      <symbol id="sm-4ae">
         <name>__mpu_init</name>
         <value>0x127b</value>
         <object_component_ref idref="oc-53"/>
      </symbol>
      <symbol id="sm-4b8">
         <name>_system_pre_init</name>
         <value>0x474d</value>
         <object_component_ref idref="oc-59"/>
      </symbol>
      <symbol id="sm-4d1">
         <name>sprintf</name>
         <value>0x43ed</value>
         <object_component_ref idref="oc-e3"/>
      </symbol>
      <symbol id="sm-4d9">
         <name>main_func_sp</name>
         <value>0x2000012c</value>
         <object_component_ref idref="oc-71"/>
      </symbol>
      <symbol id="sm-4f2">
         <name>_nop</name>
         <value>0x46f3</value>
         <object_component_ref idref="oc-f9"/>
      </symbol>
      <symbol id="sm-4f3">
         <name>_lock</name>
         <value>0x20000120</value>
         <object_component_ref idref="oc-af"/>
      </symbol>
      <symbol id="sm-4f4">
         <name>_unlock</name>
         <value>0x20000124</value>
         <object_component_ref idref="oc-af"/>
      </symbol>
      <symbol id="sm-4f5">
         <name>_register_lock</name>
         <value>0x46eb</value>
         <object_component_ref idref="oc-f9"/>
      </symbol>
      <symbol id="sm-4f6">
         <name>_register_unlock</name>
         <value>0x46e5</value>
         <object_component_ref idref="oc-f9"/>
      </symbol>
      <symbol id="sm-5f7">
         <name>__TI_printfi</name>
         <value>0x981</value>
         <object_component_ref idref="oc-138"/>
      </symbol>
      <symbol id="sm-60b">
         <name>_args_main</name>
         <value>0x46b5</value>
         <object_component_ref idref="oc-65"/>
      </symbol>
      <symbol id="sm-621">
         <name>atoi</name>
         <value>0x454d</value>
         <object_component_ref idref="oc-1c2"/>
      </symbol>
      <symbol id="sm-64b">
         <name>__TI_auto_init</name>
         <value>0x42b1</value>
         <object_component_ref idref="oc-5f"/>
      </symbol>
      <symbol id="sm-665">
         <name>copy_in</name>
         <value>0x4599</value>
         <object_component_ref idref="oc-96"/>
      </symbol>
      <symbol id="sm-670">
         <name>_ctypes_</name>
         <value>0x4750</value>
         <object_component_ref idref="oc-228"/>
      </symbol>
      <symbol id="sm-687">
         <name>__aeabi_dsub</name>
         <value>0x3af9</value>
         <object_component_ref idref="oc-1ab"/>
      </symbol>
      <symbol id="sm-688">
         <name>__aeabi_dadd</name>
         <value>0x3b03</value>
         <object_component_ref idref="oc-1ab"/>
      </symbol>
      <symbol id="sm-6aa">
         <name>__aeabi_cdcmpeq</name>
         <value>0x4129</value>
         <object_component_ref idref="oc-187"/>
      </symbol>
      <symbol id="sm-6ab">
         <name>__aeabi_cdcmple</name>
         <value>0x4129</value>
         <object_component_ref idref="oc-187"/>
      </symbol>
      <symbol id="sm-6ac">
         <name>__aeabi_cdrcmple</name>
         <value>0x41af</value>
         <object_component_ref idref="oc-196"/>
      </symbol>
      <symbol id="sm-6c0">
         <name>__aeabi_ddiv</name>
         <value>0x3caf</value>
         <object_component_ref idref="oc-191"/>
      </symbol>
      <symbol id="sm-6cb">
         <name>__aeabi_dmul</name>
         <value>0x3de5</value>
         <object_component_ref idref="oc-18c"/>
      </symbol>
      <symbol id="sm-6d5">
         <name>__aeabi_d2iz</name>
         <value>0x45e5</value>
         <object_component_ref idref="oc-19b"/>
      </symbol>
      <symbol id="sm-6df">
         <name>__aeabi_i2d</name>
         <value>0x466b</value>
         <object_component_ref idref="oc-1a6"/>
      </symbol>
      <symbol id="sm-6ee">
         <name>ltoa</name>
         <value>0x444d</value>
         <object_component_ref idref="oc-1a0"/>
      </symbol>
      <symbol id="sm-6fe">
         <name>memccpy</name>
         <value>0x4699</value>
         <object_component_ref idref="oc-1c8"/>
      </symbol>
      <symbol id="sm-719">
         <name>frexpl</name>
         <value>0x4389</value>
         <object_component_ref idref="oc-1b0"/>
      </symbol>
      <symbol id="sm-71a">
         <name>frexp</name>
         <value>0x4389</value>
         <object_component_ref idref="oc-1b0"/>
      </symbol>
      <symbol id="sm-737">
         <name>scalbn</name>
         <value>0x3ee1</value>
         <object_component_ref idref="oc-1b6"/>
      </symbol>
      <symbol id="sm-738">
         <name>scalbnl</name>
         <value>0x3ee1</value>
         <object_component_ref idref="oc-1b6"/>
      </symbol>
      <symbol id="sm-739">
         <name>ldexpl</name>
         <value>0x3ee1</value>
         <object_component_ref idref="oc-1b6"/>
      </symbol>
      <symbol id="sm-73a">
         <name>ldexp</name>
         <value>0x3ee1</value>
         <object_component_ref idref="oc-1b6"/>
      </symbol>
      <symbol id="sm-744">
         <name>_system_post_cinit</name>
         <value>0x1a37</value>
         <object_component_ref idref="oc-9c"/>
      </symbol>
      <symbol id="sm-754">
         <name>strchr</name>
         <value>0x46cd</value>
         <object_component_ref idref="oc-1bc"/>
      </symbol>
      <symbol id="sm-762">
         <name>strlen</name>
         <value>0x470d</value>
         <object_component_ref idref="oc-181"/>
      </symbol>
      <symbol id="sm-77e">
         <name>__aeabi_uldivmod</name>
         <value>0x3731</value>
         <object_component_ref idref="oc-17c"/>
      </symbol>
      <symbol id="sm-786">
         <name>errno</name>
         <value>0x20000128</value>
         <object_component_ref idref="oc-221"/>
      </symbol>
      <symbol id="sm-790">
         <name>copysign</name>
         <value>0x46f9</value>
         <object_component_ref idref="oc-21b"/>
      </symbol>
      <symbol id="sm-791">
         <name>copysignl</name>
         <value>0x46f9</value>
         <object_component_ref idref="oc-21b"/>
      </symbol>
      <symbol id="sm-792">
         <name>__TI_static_base__</name>
         <value>0x0</value>
      </symbol>
      <symbol id="sm-795">
         <name>SHT$$INIT_ARRAY$$Limit</name>
         <value>0x0</value>
      </symbol>
      <symbol id="sm-796">
         <name>SHT$$INIT_ARRAY$$Base</name>
         <value>0x0</value>
      </symbol>
   </symbol_table>
   <title>Link successful</title>
</link_info>
