******************************************************************************
                  TI ARM Linker PC v16.9.0                     
******************************************************************************
>> Linked Sat Feb 11 20:32:14 2017

OUTPUT FILE NAME:   <MSP432_GPS_GPRS_Fuel_Gauge.out>
ENTRY POINT SYMBOL: "_c_int00"  address: 00004495


MEMORY CONFIGURATION

         name            origin    length      used     unused   attr    fill
----------------------  --------  ---------  --------  --------  ----  --------
  MAIN                  00000000   00040000  00004a44  0003b5bc  R  X
  INFO                  00200000   00004000  00000000  00004000  R  X
  SRAM_CODE             01000000   00010000  00000654  0000f9ac  RW X
  SRAM_DATA             20000000   00010000  00000654  0000f9ac  RW  


SEGMENT ALLOCATION MAP

run origin  load origin   length   init length attrs members
----------  ----------- ---------- ----------- ----- -------
00000000    00000000    00004a48   00004a48    r-x
  00000000    00000000    00000140   00000140    r-- .intvecs
  00000140    00000140    00004600   00004600    r-x .text
  00004740    00004740    0000020c   0000020c    r-- .const
  00004950    00004950    000000f8   000000f8    r-- .cinit
20000000    20000000    00000454   00000000    rw-
  20000000    20000000    000000e4   00000000    rw- .vtable
  200000e4    200000e4    0000025c   00000000    rw- .bss
  20000340    20000340    00000114   00000000    rw- .data
2000fe00    2000fe00    00000200   00000000    rw-
  2000fe00    2000fe00    00000200   00000000    rw- .stack


SECTION ALLOCATION MAP

 output                                  attributes/
section   page    origin      length       input sections
--------  ----  ----------  ----------   ----------------
.intvecs   0    00000000    00000140     
                  00000000    00000140     startup_msp432p401r_ccs.obj (.intvecs:retain)

.binit     0    00000000    00000000     

.text      0    00000140    00004600     
                  00000140    0000113a     rtsv7M4_T_le_v4SPD16_eabi.lib : _printfi.obj (.text)
                  0000127a    00000002                                   : mpu_init.obj (.text)
                  0000127c    000007be     HAL_BQ27441.obj (.text)
                  00001a3a    00000002     rtsv7M4_T_le_v4SPD16_eabi.lib : startup.obj (.text)
                  00001a3c    000007a8     i2c.obj (.text)
                  000021e4    00000568     main.obj (.text)
                  0000274c    00000480     gpio.obj (.text)
                  00002bcc    0000041c     uart.obj (.text)
                  00002fe8    000003f0     interrupt.obj (.text)
                  000033d8    00000328     system_msp432p401r.obj (.text)
                  00003700    000001f4     rtsv7M4_T_le_v4SPD16_eabi.lib : ull_div_t2.obj (.text)
                  000038f4    000001d4     HAL_I2C.obj (.text)
                  00003ac8    000001b6     rtsv7M4_T_le_v4SPD16_eabi.lib : fd_add_t2.obj (.text)
                  00003c7e    00000136                                   : fd_div_t2.obj (.text)
                  00003db4    000000fc                                   : fd_mul_t2.obj (.text)
                  00003eb0    000000fc                                   : s_scalbn.obj (.text)
                  00003fac    000000d0     HAL_UART.obj (.text)
                  0000407c    0000009c     rtsv7M4_T_le_v4SPD16_eabi.lib : memcpy_t2.obj (.text)
                  00004118    00000086                                   : fd_cmp_t2.obj (.text:__aeabi_cdcmple)
                  0000419e    00000086                                   : fd_cmp_t2.obj (.text:__aeabi_cdrcmple)
                  00004224    0000007a                                   : memset_t2.obj (.text)
                  0000429e    00000002     --HOLE-- [fill = 0]
                  000042a0    00000070                                   : autoinit.obj (.text)
                  00004310    00000068                                   : copy_decompress_lzss.obj (.text:decompress:lzss)
                  00004378    00000064                                   : s_frexp.obj (.text)
                  000043dc    00000060                                   : sprintf.obj (.text)
                  0000443c    00000056                                   : ltoa.obj (.text)
                  00004492    00000002     --HOLE-- [fill = 0]
                  00004494    00000054                                   : boot.obj (.text)
                  000044e8    00000054                                   : exit.obj (.text)
                  0000453c    0000004c                                   : atoi.obj (.text)
                  00004588    0000004c                                   : cpy_tbl.obj (.text)
                  000045d4    00000048                                   : fd_toi_t2.obj (.text)
                  0000461c    0000003e     cpu.obj (.text)
                  0000465a    0000002e     rtsv7M4_T_le_v4SPD16_eabi.lib : i_tofd_t2.obj (.text)
                  00004688    0000001c                                   : memccpy.obj (.text)
                  000046a4    00000018                                   : args_main.obj (.text)
                  000046bc    00000016                                   : strchr.obj (.text)
                  000046d2    00000002     --HOLE-- [fill = 0]
                  000046d4    00000014                                   : _lock.obj (.text)
                  000046e8    00000014                                   : s_copysign.obj (.text)
                  000046fc    00000014                                   : strlen.obj (.text)
                  00004710    00000012     startup_msp432p401r_ccs.obj (.text)
                  00004722    0000000e     rtsv7M4_T_le_v4SPD16_eabi.lib : copy_decompress_none.obj (.text:decompress:none)
                  00004730    0000000c                                   : copy_zero_init.obj (.text:decompress:ZI)
                  0000473c    00000004                                   : pre_init.obj (.text)

.const     0    00004740    0000020c     
                  00004740    00000101     rtsv7M4_T_le_v4SPD16_eabi.lib : ctype.obj (.const:.string:_ctypes_)
                  00004841    00000003     --HOLE-- [fill = 0]
                  00004844    00000050     interrupt.obj (.const:g_pulRegs)
                  00004894    00000024     HAL_UART.obj (.const:uartConfig)
                  000048b8    00000024     HAL_UART.obj (.const:uartConfigGps)
                  000048dc    00000020     interrupt.obj (.const:g_pulPriority)
                  000048fc    0000001c     gpio.obj (.const:GPIO_PORT_TO_INT)
                  00004918    00000014     HAL_I2C.obj (.const:i2cConfig)
                  0000492c    00000008     interrupt.obj (.const:g_pulDisRegs)
                  00004934    00000008     interrupt.obj (.const:g_pulEnRegs)
                  0000493c    00000008     interrupt.obj (.const:g_pulPendRegs)
                  00004944    00000008     interrupt.obj (.const:g_pulUnpendRegs)

.cinit     0    00004950    000000f8     
                  00004950    000000c0     (.cinit..data.load) [load image, compression = lzss]
                  00004a10    0000000c     (__TI_handler_table)
                  00004a1c    00000004     --HOLE-- [fill = 0]
                  00004a20    00000008     (.cinit..bss.load) [load image, compression = zero_init]
                  00004a28    00000008     (.cinit..vtable.load) [load image, compression = zero_init]
                  00004a30    00000018     (__TI_cinit_table)

.init_array 
*          0    00000000    00000000     UNINITIALIZED

.vtable    0    20000000    000000e4     UNINITIALIZED
                  20000000    000000e4     interrupt.obj (.vtable)

.bss       0    200000e4    0000025c     UNINITIALIZED
                  200000e4    000001f4     (.common:temp2)
                  200002d8    00000064     (.common:temp)
                  2000033c    00000004     (.common:getUrl)

.data      0    20000340    00000114     UNINITIALIZED
                  20000340    00000030     gpio.obj (.data:GPIO_PORT_TO_BASE)
                  20000370    00000018     main.obj (.data)
                  20000388    00000014     main.obj (.data:rootUrl)
                  2000039c    0000000f     main.obj (.data:QIFGCNT)
                  200003ab    0000000e     main.obj (.data:QICSGP)
                  200003b9    0000000e     main.obj (.data:QIREGAPP)
                  200003c7    0000000d     main.obj (.data:QIDEACT)
                  200003d4    0000000c     rtsv7M4_T_le_v4SPD16_eabi.lib : exit.obj (.data:$O1$$)
                  200003e0    0000000c     main.obj (.data:CGREG)
                  200003ec    0000000b     main.obj (.data:COPS)
                  200003f7    0000000b     main.obj (.data:CPIN)
                  20000402    0000000b     main.obj (.data:CREG)
                  2000040d    0000000b     main.obj (.data:QIACT)
                  20000418    00000009     main.obj (.data:CSQ)
                  20000421    00000003     --HOLE--
                  20000424    00000008     rtsv7M4_T_le_v4SPD16_eabi.lib : _lock.obj (.data:$O1$$)
                  2000042c    00000008     main.obj (.data:CMNET)
                  20000434    00000007     main.obj (.data:ATE1)
                  2000043b    00000007     main.obj (.data:ATV1)
                  20000442    00000005     main.obj (.data:at)
                  20000447    00000001     --HOLE--
                  20000448    00000004     rtsv7M4_T_le_v4SPD16_eabi.lib : errno.obj (.data)
                  2000044c    00000004                                   : stkdepth_vars.obj (.data)
                  20000450    00000004     system_msp432p401r.obj (.data)

.stack     0    2000fe00    00000200     UNINITIALIZED
                  2000fe00    00000200     --HOLE--

MODULE SUMMARY

       Module                        code    ro data   rw data
       ------                        ----    -------   -------
    .\
       main.obj                      1384    0         1592   
       HAL_BQ27441.obj               1982    0         0      
       system_msp432p401r.obj        808     0         8      
       HAL_I2C.obj                   468     20        0      
       startup_msp432p401r_ccs.obj   18      320       0      
       HAL_UART.obj                  208     72        0      
    +--+-----------------------------+-------+---------+---------+
       Total:                        4868    412       1600   
                                                              
    .\driverlib\MSP432P4xx\
       i2c.obj                       1960    0         0      
       interrupt.obj                 1008    144       456    
       gpio.obj                      1152    28        96     
       uart.obj                      1052    0         0      
       cpu.obj                       62      0         0      
    +--+-----------------------------+-------+---------+---------+
       Total:                        5234    172       552    
                                                              
    C:\ti\ccsv7\tools\compiler\ti-cgt-arm_16.9.0.LTS\lib\rtsv7M4_T_le_v4SPD16_eabi.lib
       _printfi.obj                  4410    0         0      
       ull_div_t2.obj                500     0         0      
       fd_add_t2.obj                 438     0         0      
       fd_div_t2.obj                 310     0         0      
       fd_cmp_t2.obj                 268     0         0      
       ctype.obj                     0       257       0      
       fd_mul_t2.obj                 252     0         0      
       s_scalbn.obj                  252     0         0      
       memcpy_t2.obj                 156     0         0      
       memset_t2.obj                 122     0         0      
       autoinit.obj                  112     0         0      
       exit.obj                      84      0         24     
       copy_decompress_lzss.obj      104     0         0      
       s_frexp.obj                   100     0         0      
       sprintf.obj                   96      0         0      
       ltoa.obj                      86      0         0      
       boot.obj                      84      0         0      
       atoi.obj                      76      0         0      
       cpy_tbl.obj                   76      0         0      
       fd_toi_t2.obj                 72      0         0      
       i_tofd_t2.obj                 46      0         0      
       _lock.obj                     20      0         16     
       memccpy.obj                   28      0         0      
       args_main.obj                 24      0         0      
       strchr.obj                    22      0         0      
       s_copysign.obj                20      0         0      
       strlen.obj                    20      0         0      
       copy_decompress_none.obj      14      0         0      
       copy_zero_init.obj            12      0         0      
       errno.obj                     0       0         8      
       stkdepth_vars.obj             0       0         8      
       pre_init.obj                  4       0         0      
       mpu_init.obj                  2       0         0      
       startup.obj                   2       0         0      
    +--+-----------------------------+-------+---------+---------+
       Total:                        7812    257       56     
                                                              
       Stack:                        0       0         1024   
       Linker Generated:             0       244       0      
    +--+-----------------------------+-------+---------+---------+
       Grand Total:                  17914   1085      3232   


LINKER GENERATED COPY TABLES

__TI_cinit_table @ 00004a30 records: 3, size/record: 8, table size: 24
	.data: load addr=00004950, load size=000000c0 bytes, run addr=20000340, run size=00000114 bytes, compression=lzss
	.bss: load addr=00004a20, load size=00000008 bytes, run addr=200000e4, run size=0000025c bytes, compression=zero_init
	.vtable: load addr=00004a28, load size=00000008 bytes, run addr=20000000, run size=000000e4 bytes, compression=zero_init


LINKER GENERATED HANDLER TABLE

__TI_handler_table @ 00004a10 records: 3, size/record: 4, table size: 12
	index: 0, handler: __TI_zero_init
	index: 1, handler: __TI_decompress_lzss
	index: 2, handler: __TI_decompress_none


GLOBAL SYMBOLS: SORTED ALPHABETICALLY BY Name 

address   name                                       
-------   ----                                       
20000434  ATE1                                       
2000043b  ATV1                                       
000018df  BQ27441_command                            
00001879  BQ27441_control                            
000018a1  BQ27441_controlRead                        
0000127d  BQ27441_initConfig                         
0000169d  BQ27441_initOpConfig                       
00001939  BQ27441_read16                             
000019b1  BQ27441_readChecksum                       
00001909  BQ27441_write16                            
000044e9  C$$EXIT                                    
200003e0  CGREG                                      
2000042c  CMNET                                      
200003ec  COPS                                       
200003f7  CPIN                                       
00004651  CPU_basepriGet                             
00004643  CPU_basepriSet                             
0000461d  CPU_cpsid                                  
00004633  CPU_cpsie                                  
00004629  CPU_primask                                
0000463f  CPU_wfi                                    
20000402  CREG                                       
20000418  CSQ                                        
00002295  CS_init                                    
00002a6f  GPIO_clearInterruptFlag                    
00002a2f  GPIO_disableInterrupt                      
00002a0d  GPIO_enableInterrupt                       
00002ac7  GPIO_getEnabledInterruptStatus             
000029df  GPIO_getInputPinValue                      
00002a51  GPIO_getInterruptStatus                    
00002311  GPIO_init                                  
00002a91  GPIO_interruptEdgeSelect                   
00002b87  GPIO_registerInterrupt                     
00002787  GPIO_setAsInputPin                         
0000293b  GPIO_setAsInputPinWithPullDownResistor     
0000298d  GPIO_setAsInputPinWithPullUpResistor       
0000274d  GPIO_setAsOutputPin                        
00002851  GPIO_setAsPeripheralModuleFunctionInputPin 
000027cd  GPIO_setAsPeripheralModuleFunctionOutputPin
00002b43  GPIO_setDriveStrengthHigh                  
00002b65  GPIO_setDriveStrengthLow                   
000028d5  GPIO_setOutputHighOnPin                    
000028f7  GPIO_setOutputLowOnPin                     
00002919  GPIO_toggleOutputOnPin                     
00002ba7  GPIO_unregisterInterrupt                   
0000209d  I2C_clearInterruptFlag                     
00002087  I2C_disableInterrupt                       
00001aef  I2C_disableModule                          
00002051  I2C_disableMultiMasterMode                 
00002071  I2C_enableInterrupt                        
00001ad9  I2C_enableModule                           
00002031  I2C_enableMultiMasterMode                  
000020cb  I2C_getEnabledInterruptStatus              
000020b3  I2C_getInterruptStatus                     
000020db  I2C_getMode                                
00001fd7  I2C_getReceiveBufferAddressForDMA          
00001fe5  I2C_getTransmitBufferAddressForDMA         
0000390d  I2C_init                                   
000038f5  I2C_initGPIO                               
00001a3d  I2C_initMaster                             
00001a9f  I2C_initSlave                              
00001b93  I2C_isBusBusy                              
00002005  I2C_masterIsStartSent                      
00001ff3  I2C_masterIsStopSent                       
00001efd  I2C_masterReceiveMultiByteFinish           
00001f3b  I2C_masterReceiveMultiByteFinishWithTimeout
00001ee5  I2C_masterReceiveMultiByteNext             
00001f99  I2C_masterReceiveMultiByteStop             
00001fad  I2C_masterReceiveSingle                    
00001b35  I2C_masterReceiveSingleByte                
00001ecb  I2C_masterReceiveStart                     
00001dab  I2C_masterSendMultiByteFinish              
00001df9  I2C_masterSendMultiByteFinishWithTimeout   
00001d41  I2C_masterSendMultiByteNext                
00001d6d  I2C_masterSendMultiByteNextWithTimeout     
00001c97  I2C_masterSendMultiByteStart               
00001ce5  I2C_masterSendMultiByteStartWithTimeout    
00001e65  I2C_masterSendMultiByteStop                
00001e8f  I2C_masterSendMultiByteStopWithTimeout     
00001ba5  I2C_masterSendSingleByte                   
00001c0b  I2C_masterSendSingleByteWithTimeout        
0000201d  I2C_masterSendStart                        
00003a0f  I2C_read16                                 
000039c7  I2C_read8                                  
000020f1  I2C_registerInterrupt                      
00001b19  I2C_setMode                                
00001b05  I2C_setSlaveAddress                        
00003aa5  I2C_setslave                               
00001b7f  I2C_slaveGetData                           
00001b69  I2C_slavePutData                           
000021b3  I2C_slaveSendNAK                           
00002157  I2C_unregisterInterrupt                    
00003969  I2C_write16                                
00003925  I2C_write8                                 
000031ab  Interrupt_disableInterrupt                 
00002ffb  Interrupt_disableMaster                    
000033a9  Interrupt_disableSleepOnIsrExit            
00003139  Interrupt_enableInterrupt                  
00002feb  Interrupt_enableMaster                     
00003397  Interrupt_enableSleepOnIsrExit             
00003113  Interrupt_getPriority                      
0000308b  Interrupt_getPriorityGrouping              
00003377  Interrupt_getPriorityMask                  
00003391  Interrupt_getVectorTableAddress            
0000321d  Interrupt_isEnabled                        
000032a9  Interrupt_pendInterrupt                    
0000300b  Interrupt_registerInterrupt                
000030c3  Interrupt_setPriority                      
00003071  Interrupt_setPriorityGrouping              
00003367  Interrupt_setPriorityMask                  
00003381  Interrupt_setVectorTableAddress            
00003319  Interrupt_unpendInterrupt                  
0000305d  Interrupt_unregisterInterrupt              
000024f1  LogToServer                                
2000040d  QIACT                                      
200003ab  QICSGP                                     
200003c7  QIDEACT                                    
2000039c  QIFGCNT                                    
200003b9  QIREGAPP                                   
20000374  Range                                      
UNDEFED   SHT$$INIT_ARRAY$$Base                      
UNDEFED   SHT$$INIT_ARRAY$$Limit                     
20000450  SystemCoreClock                            
000033d9  SystemCoreClockUpdate                      
0000364d  SystemInit                                 
00002ee1  UART_clearInterruptFlag                    
00002e39  UART_disableInterrupt                      
00002d1b  UART_disableModule                         
00002e09  UART_enableInterrupt                       
00002d05  UART_enableModule                          
00002e85  UART_getEnabledInterruptStatus             
00002e69  UART_getInterruptStatus                    
00002dd1  UART_getReceiveBufferAddressForDMA         
00002ddf  UART_getTransmitBufferAddressForDMA        
00003fd1  UART_init                                  
00003fad  UART_initGPIO                              
00002bcd  UART_initModule                            
00002d31  UART_queryStatusFlags                      
00002cdf  UART_receiveData                           
00002f01  UART_registerInterrupt                     
00002d59  UART_resetDormant                          
00002ded  UART_selectDeglitchTime                    
00002d45  UART_setDormant                            
00002d6d  UART_transmitAddress                       
00002d8b  UART_transmitBreak                         
00002cb5  UART_transmitData                          
00004009  UART_transmitString                        
00002f7d  UART_unregisterInterrupt                   
4000480c  WDTCTL_SYM                                 
20010000  __STACK_END                                
00000200  __STACK_SIZE                               
00004a30  __TI_CINIT_Base                            
00004a48  __TI_CINIT_Limit                           
00004a10  __TI_Handler_Table_Base                    
00004a1c  __TI_Handler_Table_Limit                   
000042a1  __TI_auto_init                             
200003d4  __TI_cleanup_ptr                           
00004311  __TI_decompress_lzss                       
00004723  __TI_decompress_none                       
200003d8  __TI_dtors_ptr                             
200003dc  __TI_enable_exit_profile_output            
ffffffff  __TI_pprof_out_hndl                        
00000981  __TI_printfi                               
ffffffff  __TI_prof_data_size                        
ffffffff  __TI_prof_data_start                       
00000000  __TI_static_base__                         
00004731  __TI_zero_init                             
00004119  __aeabi_cdcmpeq                            
00004119  __aeabi_cdcmple                            
0000419f  __aeabi_cdrcmple                           
000045d5  __aeabi_d2iz                               
00003ad3  __aeabi_dadd                               
00003c7f  __aeabi_ddiv                               
00003db5  __aeabi_dmul                               
00003ac9  __aeabi_dsub                               
0000465b  __aeabi_i2d                                
00004225  __aeabi_memclr                             
00004225  __aeabi_memclr4                            
00004225  __aeabi_memclr8                            
0000407d  __aeabi_memcpy                             
0000407d  __aeabi_memcpy4                            
0000407d  __aeabi_memcpy8                            
00004227  __aeabi_memset                             
00004227  __aeabi_memset4                            
00004227  __aeabi_memset8                            
00003701  __aeabi_uldivmod                           
ffffffff  __binit__                                  
ffffffff  __c_args__                                 
0000127b  __mpu_init                                 
2000fe00  __stack                                    
000046a5  _args_main                                 
00004495  _c_int00                                   
00004740  _ctypes_                                   
20000424  _lock                                      
000046e3  _nop                                       
000046db  _register_lock                             
000046d5  _register_unlock                           
00001a3b  _system_post_cinit                         
0000473d  _system_pre_init                           
20000428  _unlock                                    
000044ed  abort                                      
20000442  at                                         
0000453d  atoi                                       
20000378  bat                                        
ffffffff  binit                                      
00004589  copy_in                                    
000046e9  copysign                                   
000046e9  copysignl                                  
20000448  errno                                      
000044f5  exit                                       
00004379  frexp                                      
00004379  frexpl                                     
20000000  g_pfnRAMVectors                            
2000033c  getUrl                                     
000023c3  gprsInit                                   
000023fd  gsmInit                                    
20000384  i                                          
00004918  i2cConfig                                  
20000370  idx                                        
00000000  interruptVectors                           
2000037c  j                                          
20000376  lat                                        
00003eb1  ldexp                                      
00003eb1  ldexpl                                     
20000377  lng                                        
0000443d  ltoa                                       
000021e5  main                                       
2000044c  main_func_sp                               
00004689  memccpy                                    
0000407d  memcpy                                     
0000422d  memset                                     
20000380  q                                          
20000388  rootUrl                                    
00003eb1  scalbn                                     
00003eb1  scalbnl                                    
00004023  serialTx0                                  
00004043  serialTx1                                  
000043dd  sprintf                                    
20000379  status                                     
000046bd  strchr                                     
000046fd  strlen                                     
20000375  t                                          
200002d8  temp                                       
200000e4  temp2                                      
00004894  uartConfig                                 
000048b8  uartConfigGps                              


GLOBAL SYMBOLS: SORTED BY Symbol Address 

address   name                                       
-------   ----                                       
00000000  __TI_static_base__                         
00000000  interruptVectors                           
00000200  __STACK_SIZE                               
00000981  __TI_printfi                               
0000127b  __mpu_init                                 
0000127d  BQ27441_initConfig                         
0000169d  BQ27441_initOpConfig                       
00001879  BQ27441_control                            
000018a1  BQ27441_controlRead                        
000018df  BQ27441_command                            
00001909  BQ27441_write16                            
00001939  BQ27441_read16                             
000019b1  BQ27441_readChecksum                       
00001a3b  _system_post_cinit                         
00001a3d  I2C_initMaster                             
00001a9f  I2C_initSlave                              
00001ad9  I2C_enableModule                           
00001aef  I2C_disableModule                          
00001b05  I2C_setSlaveAddress                        
00001b19  I2C_setMode                                
00001b35  I2C_masterReceiveSingleByte                
00001b69  I2C_slavePutData                           
00001b7f  I2C_slaveGetData                           
00001b93  I2C_isBusBusy                              
00001ba5  I2C_masterSendSingleByte                   
00001c0b  I2C_masterSendSingleByteWithTimeout        
00001c97  I2C_masterSendMultiByteStart               
00001ce5  I2C_masterSendMultiByteStartWithTimeout    
00001d41  I2C_masterSendMultiByteNext                
00001d6d  I2C_masterSendMultiByteNextWithTimeout     
00001dab  I2C_masterSendMultiByteFinish              
00001df9  I2C_masterSendMultiByteFinishWithTimeout   
00001e65  I2C_masterSendMultiByteStop                
00001e8f  I2C_masterSendMultiByteStopWithTimeout     
00001ecb  I2C_masterReceiveStart                     
00001ee5  I2C_masterReceiveMultiByteNext             
00001efd  I2C_masterReceiveMultiByteFinish           
00001f3b  I2C_masterReceiveMultiByteFinishWithTimeout
00001f99  I2C_masterReceiveMultiByteStop             
00001fad  I2C_masterReceiveSingle                    
00001fd7  I2C_getReceiveBufferAddressForDMA          
00001fe5  I2C_getTransmitBufferAddressForDMA         
00001ff3  I2C_masterIsStopSent                       
00002005  I2C_masterIsStartSent                      
0000201d  I2C_masterSendStart                        
00002031  I2C_enableMultiMasterMode                  
00002051  I2C_disableMultiMasterMode                 
00002071  I2C_enableInterrupt                        
00002087  I2C_disableInterrupt                       
0000209d  I2C_clearInterruptFlag                     
000020b3  I2C_getInterruptStatus                     
000020cb  I2C_getEnabledInterruptStatus              
000020db  I2C_getMode                                
000020f1  I2C_registerInterrupt                      
00002157  I2C_unregisterInterrupt                    
000021b3  I2C_slaveSendNAK                           
000021e5  main                                       
00002295  CS_init                                    
00002311  GPIO_init                                  
000023c3  gprsInit                                   
000023fd  gsmInit                                    
000024f1  LogToServer                                
0000274d  GPIO_setAsOutputPin                        
00002787  GPIO_setAsInputPin                         
000027cd  GPIO_setAsPeripheralModuleFunctionOutputPin
00002851  GPIO_setAsPeripheralModuleFunctionInputPin 
000028d5  GPIO_setOutputHighOnPin                    
000028f7  GPIO_setOutputLowOnPin                     
00002919  GPIO_toggleOutputOnPin                     
0000293b  GPIO_setAsInputPinWithPullDownResistor     
0000298d  GPIO_setAsInputPinWithPullUpResistor       
000029df  GPIO_getInputPinValue                      
00002a0d  GPIO_enableInterrupt                       
00002a2f  GPIO_disableInterrupt                      
00002a51  GPIO_getInterruptStatus                    
00002a6f  GPIO_clearInterruptFlag                    
00002a91  GPIO_interruptEdgeSelect                   
00002ac7  GPIO_getEnabledInterruptStatus             
00002b43  GPIO_setDriveStrengthHigh                  
00002b65  GPIO_setDriveStrengthLow                   
00002b87  GPIO_registerInterrupt                     
00002ba7  GPIO_unregisterInterrupt                   
00002bcd  UART_initModule                            
00002cb5  UART_transmitData                          
00002cdf  UART_receiveData                           
00002d05  UART_enableModule                          
00002d1b  UART_disableModule                         
00002d31  UART_queryStatusFlags                      
00002d45  UART_setDormant                            
00002d59  UART_resetDormant                          
00002d6d  UART_transmitAddress                       
00002d8b  UART_transmitBreak                         
00002dd1  UART_getReceiveBufferAddressForDMA         
00002ddf  UART_getTransmitBufferAddressForDMA        
00002ded  UART_selectDeglitchTime                    
00002e09  UART_enableInterrupt                       
00002e39  UART_disableInterrupt                      
00002e69  UART_getInterruptStatus                    
00002e85  UART_getEnabledInterruptStatus             
00002ee1  UART_clearInterruptFlag                    
00002f01  UART_registerInterrupt                     
00002f7d  UART_unregisterInterrupt                   
00002feb  Interrupt_enableMaster                     
00002ffb  Interrupt_disableMaster                    
0000300b  Interrupt_registerInterrupt                
0000305d  Interrupt_unregisterInterrupt              
00003071  Interrupt_setPriorityGrouping              
0000308b  Interrupt_getPriorityGrouping              
000030c3  Interrupt_setPriority                      
00003113  Interrupt_getPriority                      
00003139  Interrupt_enableInterrupt                  
000031ab  Interrupt_disableInterrupt                 
0000321d  Interrupt_isEnabled                        
000032a9  Interrupt_pendInterrupt                    
00003319  Interrupt_unpendInterrupt                  
00003367  Interrupt_setPriorityMask                  
00003377  Interrupt_getPriorityMask                  
00003381  Interrupt_setVectorTableAddress            
00003391  Interrupt_getVectorTableAddress            
00003397  Interrupt_enableSleepOnIsrExit             
000033a9  Interrupt_disableSleepOnIsrExit            
000033d9  SystemCoreClockUpdate                      
0000364d  SystemInit                                 
00003701  __aeabi_uldivmod                           
000038f5  I2C_initGPIO                               
0000390d  I2C_init                                   
00003925  I2C_write8                                 
00003969  I2C_write16                                
000039c7  I2C_read8                                  
00003a0f  I2C_read16                                 
00003aa5  I2C_setslave                               
00003ac9  __aeabi_dsub                               
00003ad3  __aeabi_dadd                               
00003c7f  __aeabi_ddiv                               
00003db5  __aeabi_dmul                               
00003eb1  ldexp                                      
00003eb1  ldexpl                                     
00003eb1  scalbn                                     
00003eb1  scalbnl                                    
00003fad  UART_initGPIO                              
00003fd1  UART_init                                  
00004009  UART_transmitString                        
00004023  serialTx0                                  
00004043  serialTx1                                  
0000407d  __aeabi_memcpy                             
0000407d  __aeabi_memcpy4                            
0000407d  __aeabi_memcpy8                            
0000407d  memcpy                                     
00004119  __aeabi_cdcmpeq                            
00004119  __aeabi_cdcmple                            
0000419f  __aeabi_cdrcmple                           
00004225  __aeabi_memclr                             
00004225  __aeabi_memclr4                            
00004225  __aeabi_memclr8                            
00004227  __aeabi_memset                             
00004227  __aeabi_memset4                            
00004227  __aeabi_memset8                            
0000422d  memset                                     
000042a1  __TI_auto_init                             
00004311  __TI_decompress_lzss                       
00004379  frexp                                      
00004379  frexpl                                     
000043dd  sprintf                                    
0000443d  ltoa                                       
00004495  _c_int00                                   
000044e9  C$$EXIT                                    
000044ed  abort                                      
000044f5  exit                                       
0000453d  atoi                                       
00004589  copy_in                                    
000045d5  __aeabi_d2iz                               
0000461d  CPU_cpsid                                  
00004629  CPU_primask                                
00004633  CPU_cpsie                                  
0000463f  CPU_wfi                                    
00004643  CPU_basepriSet                             
00004651  CPU_basepriGet                             
0000465b  __aeabi_i2d                                
00004689  memccpy                                    
000046a5  _args_main                                 
000046bd  strchr                                     
000046d5  _register_unlock                           
000046db  _register_lock                             
000046e3  _nop                                       
000046e9  copysign                                   
000046e9  copysignl                                  
000046fd  strlen                                     
00004723  __TI_decompress_none                       
00004731  __TI_zero_init                             
0000473d  _system_pre_init                           
00004740  _ctypes_                                   
00004894  uartConfig                                 
000048b8  uartConfigGps                              
00004918  i2cConfig                                  
00004a10  __TI_Handler_Table_Base                    
00004a1c  __TI_Handler_Table_Limit                   
00004a30  __TI_CINIT_Base                            
00004a48  __TI_CINIT_Limit                           
20000000  g_pfnRAMVectors                            
200000e4  temp2                                      
200002d8  temp                                       
2000033c  getUrl                                     
20000370  idx                                        
20000374  Range                                      
20000375  t                                          
20000376  lat                                        
20000377  lng                                        
20000378  bat                                        
20000379  status                                     
2000037c  j                                          
20000380  q                                          
20000384  i                                          
20000388  rootUrl                                    
2000039c  QIFGCNT                                    
200003ab  QICSGP                                     
200003b9  QIREGAPP                                   
200003c7  QIDEACT                                    
200003d4  __TI_cleanup_ptr                           
200003d8  __TI_dtors_ptr                             
200003dc  __TI_enable_exit_profile_output            
200003e0  CGREG                                      
200003ec  COPS                                       
200003f7  CPIN                                       
20000402  CREG                                       
2000040d  QIACT                                      
20000418  CSQ                                        
20000424  _lock                                      
20000428  _unlock                                    
2000042c  CMNET                                      
20000434  ATE1                                       
2000043b  ATV1                                       
20000442  at                                         
20000448  errno                                      
2000044c  main_func_sp                               
20000450  SystemCoreClock                            
2000fe00  __stack                                    
20010000  __STACK_END                                
4000480c  WDTCTL_SYM                                 
ffffffff  __TI_pprof_out_hndl                        
ffffffff  __TI_prof_data_size                        
ffffffff  __TI_prof_data_start                       
ffffffff  __binit__                                  
ffffffff  __c_args__                                 
ffffffff  binit                                      
UNDEFED   SHT$$INIT_ARRAY$$Base                      
UNDEFED   SHT$$INIT_ARRAY$$Limit                     

[246 symbols]
