******************************************************************************
                  TI ARM Linker PC v16.9.0                     
******************************************************************************
>> Linked Sat Feb 04 18:14:52 2017

OUTPUT FILE NAME:   <MSP432_GPS_GPRS_Fuel_Gauge.out>
ENTRY POINT SYMBOL: "_c_int00"  address: 000043f9


MEMORY CONFIGURATION

         name            origin    length      used     unused   attr    fill
----------------------  --------  ---------  --------  --------  ----  --------
  MAIN                  00000000   00040000  00004904  0003b6fc  R  X
  INFO                  00200000   00004000  00000000  00004000  R  X
  SRAM_CODE             01000000   00010000  00000382  0000fc7e  RW X
  SRAM_DATA             20000000   00010000  00000382  0000fc7e  RW  


SEGMENT ALLOCATION MAP

run origin  load origin   length   init length attrs members
----------  ----------- ---------- ----------- ----- -------
00000000    00000000    00004908   00004908    r-x
  00000000    00000000    00000140   00000140    r-- .intvecs
  00000140    00000140    00004564   00004564    r-x .text
  000046a4    000046a4    000001e8   000001e8    r-- .const
  00004890    00004890    00000078   00000078    r-- .cinit
20000000    20000000    00000184   00000000    rw-
  20000000    20000000    000000e4   00000000    rw- .vtable
  200000e4    200000e4    00000052   00000000    rw- .data
  20000138    20000138    0000004c   00000000    rw- .bss
2000fe00    2000fe00    00000200   00000000    rw-
  2000fe00    2000fe00    00000200   00000000    rw- .stack


SECTION ALLOCATION MAP

 output                                  attributes/
section   page    origin      length       input sections
--------  ----  ----------  ----------   ----------------
.intvecs   0    00000000    00000140     
                  00000000    00000140     startup_msp432p401r_ccs.obj (.intvecs:retain)

.binit     0    00000000    00000000     

.text      0    00000140    00004564     
                  00000140    0000113a     rtsv7M4_T_le_v4SPD16_eabi.lib : _printfi.obj (.text)
                  0000127a    00000002                                   : mpu_init.obj (.text)
                  0000127c    000007ba     HAL_BQ27441.obj (.text)
                  00001a36    00000002     rtsv7M4_T_le_v4SPD16_eabi.lib : startup.obj (.text)
                  00001a38    000007a8     i2c.obj (.text)
                  000021e0    00000488     main.obj (.text)
                  00002668    00000480     gpio.obj (.text)
                  00002ae8    0000041c     uart.obj (.text)
                  00002f04    000003f0     interrupt.obj (.text)
                  000032f4    00000328     system_msp432p401r.obj (.text)
                  0000361c    000001f4     rtsv7M4_T_le_v4SPD16_eabi.lib : ull_div_t2.obj (.text)
                  00003810    000001d4     HAL_I2C.obj (.text)
                  000039e4    000001b6     rtsv7M4_T_le_v4SPD16_eabi.lib : fd_add_t2.obj (.text)
                  00003b9a    00000136                                   : fd_div_t2.obj (.text)
                  00003cd0    00000118     HAL_UART.obj (.text)
                  00003de8    000000fc     rtsv7M4_T_le_v4SPD16_eabi.lib : fd_mul_t2.obj (.text)
                  00003ee4    000000fc                                   : s_scalbn.obj (.text)
                  00003fe0    0000009c                                   : memcpy_t2.obj (.text)
                  0000407c    00000086                                   : fd_cmp_t2.obj (.text:__aeabi_cdcmple)
                  00004102    00000086                                   : fd_cmp_t2.obj (.text:__aeabi_cdrcmple)
                  00004188    0000007a                                   : memset_t2.obj (.text)
                  00004202    00000002     --HOLE-- [fill = 0]
                  00004204    00000070                                   : autoinit.obj (.text)
                  00004274    00000068                                   : copy_decompress_lzss.obj (.text:decompress:lzss)
                  000042dc    00000064                                   : s_frexp.obj (.text)
                  00004340    00000060                                   : sprintf.obj (.text)
                  000043a0    00000056                                   : ltoa.obj (.text)
                  000043f6    00000002     --HOLE-- [fill = 0]
                  000043f8    00000054                                   : boot.obj (.text)
                  0000444c    00000054                                   : exit.obj (.text)
                  000044a0    0000004c                                   : atoi.obj (.text)
                  000044ec    0000004c                                   : cpy_tbl.obj (.text)
                  00004538    00000048                                   : fd_toi_t2.obj (.text)
                  00004580    0000003e     cpu.obj (.text)
                  000045be    0000002e     rtsv7M4_T_le_v4SPD16_eabi.lib : i_tofd_t2.obj (.text)
                  000045ec    0000001c                                   : memccpy.obj (.text)
                  00004608    00000018                                   : args_main.obj (.text)
                  00004620    00000016                                   : strchr.obj (.text)
                  00004636    00000002     --HOLE-- [fill = 0]
                  00004638    00000014                                   : _lock.obj (.text)
                  0000464c    00000014                                   : s_copysign.obj (.text)
                  00004660    00000014                                   : strlen.obj (.text)
                  00004674    00000012     startup_msp432p401r_ccs.obj (.text)
                  00004686    0000000e     rtsv7M4_T_le_v4SPD16_eabi.lib : copy_decompress_none.obj (.text:decompress:none)
                  00004694    0000000c                                   : copy_zero_init.obj (.text:decompress:ZI)
                  000046a0    00000004                                   : pre_init.obj (.text)

.const     0    000046a4    000001e8     
                  000046a4    00000101     rtsv7M4_T_le_v4SPD16_eabi.lib : ctype.obj (.const:.string:_ctypes_)
                  000047a5    00000003     --HOLE-- [fill = 0]
                  000047a8    00000050     interrupt.obj (.const:g_pulRegs)
                  000047f8    00000024     HAL_UART.obj (.const:uartConfig)
                  0000481c    00000020     interrupt.obj (.const:g_pulPriority)
                  0000483c    0000001c     gpio.obj (.const:GPIO_PORT_TO_INT)
                  00004858    00000014     HAL_I2C.obj (.const:i2cConfig)
                  0000486c    00000008     interrupt.obj (.const:g_pulDisRegs)
                  00004874    00000008     interrupt.obj (.const:g_pulEnRegs)
                  0000487c    00000008     interrupt.obj (.const:g_pulPendRegs)
                  00004884    00000008     interrupt.obj (.const:g_pulUnpendRegs)

.cinit     0    00004890    00000078     
                  00004890    0000003e     (.cinit..data.load) [load image, compression = lzss]
                  000048ce    00000002     --HOLE-- [fill = 0]
                  000048d0    0000000c     (__TI_handler_table)
                  000048dc    00000004     --HOLE-- [fill = 0]
                  000048e0    00000008     (.cinit..bss.load) [load image, compression = zero_init]
                  000048e8    00000008     (.cinit..vtable.load) [load image, compression = zero_init]
                  000048f0    00000018     (__TI_cinit_table)

.init_array 
*          0    00000000    00000000     UNINITIALIZED

.vtable    0    20000000    000000e4     UNINITIALIZED
                  20000000    000000e4     interrupt.obj (.vtable)

.data      0    200000e4    00000052     UNINITIALIZED
                  200000e4    00000030     gpio.obj (.data:GPIO_PORT_TO_BASE)
                  20000114    0000000c     rtsv7M4_T_le_v4SPD16_eabi.lib : exit.obj (.data:$O1$$)
                  20000120    00000008                                   : _lock.obj (.data:$O1$$)
                  20000128    00000004                                   : errno.obj (.data)
                  2000012c    00000004                                   : stkdepth_vars.obj (.data)
                  20000130    00000004     system_msp432p401r.obj (.data)
                  20000134    00000002     main.obj (.data)

.bss       0    20000138    0000004c     UNINITIALIZED
                  20000138    00000040     (.common:str)
                  20000178    00000004     (.common:batt_percent)
                  2000017c    00000004     (.common:batt_remining)
                  20000180    00000004     (.common:batt_voltage)

.stack     0    2000fe00    00000200     UNINITIALIZED
                  2000fe00    00000200     --HOLE--

MODULE SUMMARY

       Module                        code    ro data   rw data
       ------                        ----    -------   -------
    .\
       HAL_BQ27441.obj               1978    0         0      
       main.obj                      1160    0         156    
       system_msp432p401r.obj        808     0         8      
       HAL_I2C.obj                   468     20        0      
       startup_msp432p401r_ccs.obj   18      320       0      
       HAL_UART.obj                  280     36        0      
    +--+-----------------------------+-------+---------+---------+
       Total:                        4712    376       164    
                                                              
    .\driverlib\MSP432P4xx\
       i2c.obj                       1960    0         0      
       interrupt.obj                 1008    144       456    
       gpio.obj                      1152    28        96     
       uart.obj                      1052    0         0      
       cpu.obj                       62      0         0      
    +--+-----------------------------+-------+---------+---------+
       Total:                        5234    172       552    
                                                              
    C:\ti\ccsv7\tools\compiler\ti-cgt-arm_16.9.0.LTS\lib\rtsv7M4_T_le_v4SPD16_eabi.lib
       _printfi.obj                  4410    0         0      
       ull_div_t2.obj                500     0         0      
       fd_add_t2.obj                 438     0         0      
       fd_div_t2.obj                 310     0         0      
       fd_cmp_t2.obj                 268     0         0      
       ctype.obj                     0       257       0      
       fd_mul_t2.obj                 252     0         0      
       s_scalbn.obj                  252     0         0      
       memcpy_t2.obj                 156     0         0      
       memset_t2.obj                 122     0         0      
       autoinit.obj                  112     0         0      
       exit.obj                      84      0         24     
       copy_decompress_lzss.obj      104     0         0      
       s_frexp.obj                   100     0         0      
       sprintf.obj                   96      0         0      
       ltoa.obj                      86      0         0      
       boot.obj                      84      0         0      
       atoi.obj                      76      0         0      
       cpy_tbl.obj                   76      0         0      
       fd_toi_t2.obj                 72      0         0      
       i_tofd_t2.obj                 46      0         0      
       _lock.obj                     20      0         16     
       memccpy.obj                   28      0         0      
       args_main.obj                 24      0         0      
       strchr.obj                    22      0         0      
       s_copysign.obj                20      0         0      
       strlen.obj                    20      0         0      
       copy_decompress_none.obj      14      0         0      
       copy_zero_init.obj            12      0         0      
       errno.obj                     0       0         8      
       stkdepth_vars.obj             0       0         8      
       pre_init.obj                  4       0         0      
       mpu_init.obj                  2       0         0      
       startup.obj                   2       0         0      
    +--+-----------------------------+-------+---------+---------+
       Total:                        7812    257       56     
                                                              
       Stack:                        0       0         1024   
       Linker Generated:             0       114       0      
    +--+-----------------------------+-------+---------+---------+
       Grand Total:                  17758   919       1796   


LINKER GENERATED COPY TABLES

__TI_cinit_table @ 000048f0 records: 3, size/record: 8, table size: 24
	.data: load addr=00004890, load size=0000003e bytes, run addr=200000e4, run size=00000052 bytes, compression=lzss
	.bss: load addr=000048e0, load size=00000008 bytes, run addr=20000138, run size=0000004c bytes, compression=zero_init
	.vtable: load addr=000048e8, load size=00000008 bytes, run addr=20000000, run size=000000e4 bytes, compression=zero_init


LINKER GENERATED HANDLER TABLE

__TI_handler_table @ 000048d0 records: 3, size/record: 4, table size: 12
	index: 0, handler: __TI_zero_init
	index: 1, handler: __TI_decompress_lzss
	index: 2, handler: __TI_decompress_none


GLOBAL SYMBOLS: SORTED ALPHABETICALLY BY Name 

address   name                                       
-------   ----                                       
000018db  BQ27441_command                            
00001875  BQ27441_control                            
0000189d  BQ27441_controlRead                        
0000127d  BQ27441_initConfig                         
00001699  BQ27441_initOpConfig                       
00001935  BQ27441_read16                             
000019ad  BQ27441_readChecksum                       
00001905  BQ27441_write16                            
0000444d  C$$EXIT                                    
000045b5  CPU_basepriGet                             
000045a7  CPU_basepriSet                             
00004581  CPU_cpsid                                  
00004597  CPU_cpsie                                  
0000458d  CPU_primask                                
000045a3  CPU_wfi                                    
0000227b  CS_init                                    
0000298b  GPIO_clearInterruptFlag                    
0000294b  GPIO_disableInterrupt                      
00002929  GPIO_enableInterrupt                       
000029e3  GPIO_getEnabledInterruptStatus             
000028fb  GPIO_getInputPinValue                      
0000296d  GPIO_getInterruptStatus                    
000022f5  GPIO_init                                  
000029ad  GPIO_interruptEdgeSelect                   
00002aa3  GPIO_registerInterrupt                     
000026a3  GPIO_setAsInputPin                         
00002857  GPIO_setAsInputPinWithPullDownResistor     
000028a9  GPIO_setAsInputPinWithPullUpResistor       
00002669  GPIO_setAsOutputPin                        
0000276d  GPIO_setAsPeripheralModuleFunctionInputPin 
000026e9  GPIO_setAsPeripheralModuleFunctionOutputPin
00002a5f  GPIO_setDriveStrengthHigh                  
00002a81  GPIO_setDriveStrengthLow                   
000027f1  GPIO_setOutputHighOnPin                    
00002813  GPIO_setOutputLowOnPin                     
00002835  GPIO_toggleOutputOnPin                     
00002ac3  GPIO_unregisterInterrupt                   
00003d49  GPRSUART_init                              
00003cf9  GPRSUART_initGPIO                          
00003d2b  GPSUART_init                               
00003ce5  GPSUART_initGPIO                           
00002099  I2C_clearInterruptFlag                     
00002083  I2C_disableInterrupt                       
00001aeb  I2C_disableModule                          
0000204d  I2C_disableMultiMasterMode                 
0000206d  I2C_enableInterrupt                        
00001ad5  I2C_enableModule                           
0000202d  I2C_enableMultiMasterMode                  
000020c7  I2C_getEnabledInterruptStatus              
000020af  I2C_getInterruptStatus                     
000020d7  I2C_getMode                                
00001fd3  I2C_getReceiveBufferAddressForDMA          
00001fe1  I2C_getTransmitBufferAddressForDMA         
00003829  I2C_init                                   
00003811  I2C_initGPIO                               
00001a39  I2C_initMaster                             
00001a9b  I2C_initSlave                              
00001b8f  I2C_isBusBusy                              
00002001  I2C_masterIsStartSent                      
00001fef  I2C_masterIsStopSent                       
00001ef9  I2C_masterReceiveMultiByteFinish           
00001f37  I2C_masterReceiveMultiByteFinishWithTimeout
00001ee1  I2C_masterReceiveMultiByteNext             
00001f95  I2C_masterReceiveMultiByteStop             
00001fa9  I2C_masterReceiveSingle                    
00001b31  I2C_masterReceiveSingleByte                
00001ec7  I2C_masterReceiveStart                     
00001da7  I2C_masterSendMultiByteFinish              
00001df5  I2C_masterSendMultiByteFinishWithTimeout   
00001d3d  I2C_masterSendMultiByteNext                
00001d69  I2C_masterSendMultiByteNextWithTimeout     
00001c93  I2C_masterSendMultiByteStart               
00001ce1  I2C_masterSendMultiByteStartWithTimeout    
00001e61  I2C_masterSendMultiByteStop                
00001e8b  I2C_masterSendMultiByteStopWithTimeout     
00001ba1  I2C_masterSendSingleByte                   
00001c07  I2C_masterSendSingleByteWithTimeout        
00002019  I2C_masterSendStart                        
0000392b  I2C_read16                                 
000038e3  I2C_read8                                  
000020ed  I2C_registerInterrupt                      
00001b15  I2C_setMode                                
00001b01  I2C_setSlaveAddress                        
000039c1  I2C_setslave                               
00001b7b  I2C_slaveGetData                           
00001b65  I2C_slavePutData                           
000021af  I2C_slaveSendNAK                           
00002153  I2C_unregisterInterrupt                    
00003885  I2C_write16                                
00003841  I2C_write8                                 
000030c7  Interrupt_disableInterrupt                 
00002f17  Interrupt_disableMaster                    
000032c5  Interrupt_disableSleepOnIsrExit            
00003055  Interrupt_enableInterrupt                  
00002f07  Interrupt_enableMaster                     
000032b3  Interrupt_enableSleepOnIsrExit             
0000302f  Interrupt_getPriority                      
00002fa7  Interrupt_getPriorityGrouping              
00003293  Interrupt_getPriorityMask                  
000032ad  Interrupt_getVectorTableAddress            
00003139  Interrupt_isEnabled                        
000031c5  Interrupt_pendInterrupt                    
00002f27  Interrupt_registerInterrupt                
00002fdf  Interrupt_setPriority                      
00002f8d  Interrupt_setPriorityGrouping              
00003283  Interrupt_setPriorityMask                  
0000329d  Interrupt_setVectorTableAddress            
00003235  Interrupt_unpendInterrupt                  
00002f79  Interrupt_unregisterInterrupt              
UNDEFED   SHT$$INIT_ARRAY$$Base                      
UNDEFED   SHT$$INIT_ARRAY$$Limit                     
20000130  SystemCoreClock                            
000032f5  SystemCoreClockUpdate                      
00003569  SystemInit                                 
00002dfd  UART_clearInterruptFlag                    
00002d55  UART_disableInterrupt                      
00002c37  UART_disableModule                         
00002d25  UART_enableInterrupt                       
00002c21  UART_enableModule                          
00002da1  UART_getEnabledInterruptStatus             
00002d85  UART_getInterruptStatus                    
00002ced  UART_getReceiveBufferAddressForDMA         
00002cfb  UART_getTransmitBufferAddressForDMA        
00003d0d  UART_init                                  
00003cd1  UART_initGPIO                              
00002ae9  UART_initModule                            
00002c4d  UART_queryStatusFlags                      
00002bfb  UART_receiveData                           
00002e1d  UART_registerInterrupt                     
00002c75  UART_resetDormant                          
00002d09  UART_selectDeglitchTime                    
00002c61  UART_setDormant                            
00002c89  UART_transmitAddress                       
00002ca7  UART_transmitBreak                         
00002bd1  UART_transmitData                          
00003d67  UART_transmitString                        
00003d71  UART_transmitString1                       
00003db1  UART_transmitStringGPRS                    
00003d91  UART_transmitStringGPS                     
00002e99  UART_unregisterInterrupt                   
4000480c  WDTCTL_SYM                                 
20010000  __STACK_END                                
00000200  __STACK_SIZE                               
000048f0  __TI_CINIT_Base                            
00004908  __TI_CINIT_Limit                           
000048d0  __TI_Handler_Table_Base                    
000048dc  __TI_Handler_Table_Limit                   
00004205  __TI_auto_init                             
20000114  __TI_cleanup_ptr                           
00004275  __TI_decompress_lzss                       
00004687  __TI_decompress_none                       
20000118  __TI_dtors_ptr                             
2000011c  __TI_enable_exit_profile_output            
ffffffff  __TI_pprof_out_hndl                        
00000981  __TI_printfi                               
ffffffff  __TI_prof_data_size                        
ffffffff  __TI_prof_data_start                       
00000000  __TI_static_base__                         
00004695  __TI_zero_init                             
0000407d  __aeabi_cdcmpeq                            
0000407d  __aeabi_cdcmple                            
00004103  __aeabi_cdrcmple                           
00004539  __aeabi_d2iz                               
000039ef  __aeabi_dadd                               
00003b9b  __aeabi_ddiv                               
00003de9  __aeabi_dmul                               
000039e5  __aeabi_dsub                               
000045bf  __aeabi_i2d                                
00004189  __aeabi_memclr                             
00004189  __aeabi_memclr4                            
00004189  __aeabi_memclr8                            
00003fe1  __aeabi_memcpy                             
00003fe1  __aeabi_memcpy4                            
00003fe1  __aeabi_memcpy8                            
0000418b  __aeabi_memset                             
0000418b  __aeabi_memset4                            
0000418b  __aeabi_memset8                            
0000361d  __aeabi_uldivmod                           
ffffffff  __binit__                                  
ffffffff  __c_args__                                 
0000127b  __mpu_init                                 
2000fe00  __stack                                    
00004609  _args_main                                 
000043f9  _c_int00                                   
000046a4  _ctypes_                                   
20000120  _lock                                      
00004647  _nop                                       
0000463f  _register_lock                             
00004639  _register_unlock                           
00001a37  _system_post_cinit                         
000046a1  _system_pre_init                           
20000124  _unlock                                    
00004451  abort                                      
000044a1  atoi                                       
20000178  batt_percent                               
2000017c  batt_remining                              
20000180  batt_voltage                               
ffffffff  binit                                      
000044ed  copy_in                                    
0000464d  copysign                                   
0000464d  copysignl                                  
20000128  errno                                      
00004459  exit                                       
000042dd  frexp                                      
000042dd  frexpl                                     
20000000  g_pfnRAMVectors                            
00004858  i2cConfig                                  
00002461  initBattGauge                              
00000000  interruptVectors                           
00003ee5  ldexp                                      
00003ee5  ldexpl                                     
000043a1  ltoa                                       
000021e1  main                                       
2000012c  main_func_sp                               
000045ed  memccpy                                    
00003fe1  memcpy                                     
00004191  memset                                     
00002399  readBattery                                
20000134  result16                                   
00003ee5  scalbn                                     
00003ee5  scalbnl                                    
00004341  sprintf                                    
20000138  str                                        
00004621  strchr                                     
00004661  strlen                                     
000047f8  uartConfig                                 


GLOBAL SYMBOLS: SORTED BY Symbol Address 

address   name                                       
-------   ----                                       
00000000  __TI_static_base__                         
00000000  interruptVectors                           
00000200  __STACK_SIZE                               
00000981  __TI_printfi                               
0000127b  __mpu_init                                 
0000127d  BQ27441_initConfig                         
00001699  BQ27441_initOpConfig                       
00001875  BQ27441_control                            
0000189d  BQ27441_controlRead                        
000018db  BQ27441_command                            
00001905  BQ27441_write16                            
00001935  BQ27441_read16                             
000019ad  BQ27441_readChecksum                       
00001a37  _system_post_cinit                         
00001a39  I2C_initMaster                             
00001a9b  I2C_initSlave                              
00001ad5  I2C_enableModule                           
00001aeb  I2C_disableModule                          
00001b01  I2C_setSlaveAddress                        
00001b15  I2C_setMode                                
00001b31  I2C_masterReceiveSingleByte                
00001b65  I2C_slavePutData                           
00001b7b  I2C_slaveGetData                           
00001b8f  I2C_isBusBusy                              
00001ba1  I2C_masterSendSingleByte                   
00001c07  I2C_masterSendSingleByteWithTimeout        
00001c93  I2C_masterSendMultiByteStart               
00001ce1  I2C_masterSendMultiByteStartWithTimeout    
00001d3d  I2C_masterSendMultiByteNext                
00001d69  I2C_masterSendMultiByteNextWithTimeout     
00001da7  I2C_masterSendMultiByteFinish              
00001df5  I2C_masterSendMultiByteFinishWithTimeout   
00001e61  I2C_masterSendMultiByteStop                
00001e8b  I2C_masterSendMultiByteStopWithTimeout     
00001ec7  I2C_masterReceiveStart                     
00001ee1  I2C_masterReceiveMultiByteNext             
00001ef9  I2C_masterReceiveMultiByteFinish           
00001f37  I2C_masterReceiveMultiByteFinishWithTimeout
00001f95  I2C_masterReceiveMultiByteStop             
00001fa9  I2C_masterReceiveSingle                    
00001fd3  I2C_getReceiveBufferAddressForDMA          
00001fe1  I2C_getTransmitBufferAddressForDMA         
00001fef  I2C_masterIsStopSent                       
00002001  I2C_masterIsStartSent                      
00002019  I2C_masterSendStart                        
0000202d  I2C_enableMultiMasterMode                  
0000204d  I2C_disableMultiMasterMode                 
0000206d  I2C_enableInterrupt                        
00002083  I2C_disableInterrupt                       
00002099  I2C_clearInterruptFlag                     
000020af  I2C_getInterruptStatus                     
000020c7  I2C_getEnabledInterruptStatus              
000020d7  I2C_getMode                                
000020ed  I2C_registerInterrupt                      
00002153  I2C_unregisterInterrupt                    
000021af  I2C_slaveSendNAK                           
000021e1  main                                       
0000227b  CS_init                                    
000022f5  GPIO_init                                  
00002399  readBattery                                
00002461  initBattGauge                              
00002669  GPIO_setAsOutputPin                        
000026a3  GPIO_setAsInputPin                         
000026e9  GPIO_setAsPeripheralModuleFunctionOutputPin
0000276d  GPIO_setAsPeripheralModuleFunctionInputPin 
000027f1  GPIO_setOutputHighOnPin                    
00002813  GPIO_setOutputLowOnPin                     
00002835  GPIO_toggleOutputOnPin                     
00002857  GPIO_setAsInputPinWithPullDownResistor     
000028a9  GPIO_setAsInputPinWithPullUpResistor       
000028fb  GPIO_getInputPinValue                      
00002929  GPIO_enableInterrupt                       
0000294b  GPIO_disableInterrupt                      
0000296d  GPIO_getInterruptStatus                    
0000298b  GPIO_clearInterruptFlag                    
000029ad  GPIO_interruptEdgeSelect                   
000029e3  GPIO_getEnabledInterruptStatus             
00002a5f  GPIO_setDriveStrengthHigh                  
00002a81  GPIO_setDriveStrengthLow                   
00002aa3  GPIO_registerInterrupt                     
00002ac3  GPIO_unregisterInterrupt                   
00002ae9  UART_initModule                            
00002bd1  UART_transmitData                          
00002bfb  UART_receiveData                           
00002c21  UART_enableModule                          
00002c37  UART_disableModule                         
00002c4d  UART_queryStatusFlags                      
00002c61  UART_setDormant                            
00002c75  UART_resetDormant                          
00002c89  UART_transmitAddress                       
00002ca7  UART_transmitBreak                         
00002ced  UART_getReceiveBufferAddressForDMA         
00002cfb  UART_getTransmitBufferAddressForDMA        
00002d09  UART_selectDeglitchTime                    
00002d25  UART_enableInterrupt                       
00002d55  UART_disableInterrupt                      
00002d85  UART_getInterruptStatus                    
00002da1  UART_getEnabledInterruptStatus             
00002dfd  UART_clearInterruptFlag                    
00002e1d  UART_registerInterrupt                     
00002e99  UART_unregisterInterrupt                   
00002f07  Interrupt_enableMaster                     
00002f17  Interrupt_disableMaster                    
00002f27  Interrupt_registerInterrupt                
00002f79  Interrupt_unregisterInterrupt              
00002f8d  Interrupt_setPriorityGrouping              
00002fa7  Interrupt_getPriorityGrouping              
00002fdf  Interrupt_setPriority                      
0000302f  Interrupt_getPriority                      
00003055  Interrupt_enableInterrupt                  
000030c7  Interrupt_disableInterrupt                 
00003139  Interrupt_isEnabled                        
000031c5  Interrupt_pendInterrupt                    
00003235  Interrupt_unpendInterrupt                  
00003283  Interrupt_setPriorityMask                  
00003293  Interrupt_getPriorityMask                  
0000329d  Interrupt_setVectorTableAddress            
000032ad  Interrupt_getVectorTableAddress            
000032b3  Interrupt_enableSleepOnIsrExit             
000032c5  Interrupt_disableSleepOnIsrExit            
000032f5  SystemCoreClockUpdate                      
00003569  SystemInit                                 
0000361d  __aeabi_uldivmod                           
00003811  I2C_initGPIO                               
00003829  I2C_init                                   
00003841  I2C_write8                                 
00003885  I2C_write16                                
000038e3  I2C_read8                                  
0000392b  I2C_read16                                 
000039c1  I2C_setslave                               
000039e5  __aeabi_dsub                               
000039ef  __aeabi_dadd                               
00003b9b  __aeabi_ddiv                               
00003cd1  UART_initGPIO                              
00003ce5  GPSUART_initGPIO                           
00003cf9  GPRSUART_initGPIO                          
00003d0d  UART_init                                  
00003d2b  GPSUART_init                               
00003d49  GPRSUART_init                              
00003d67  UART_transmitString                        
00003d71  UART_transmitString1                       
00003d91  UART_transmitStringGPS                     
00003db1  UART_transmitStringGPRS                    
00003de9  __aeabi_dmul                               
00003ee5  ldexp                                      
00003ee5  ldexpl                                     
00003ee5  scalbn                                     
00003ee5  scalbnl                                    
00003fe1  __aeabi_memcpy                             
00003fe1  __aeabi_memcpy4                            
00003fe1  __aeabi_memcpy8                            
00003fe1  memcpy                                     
0000407d  __aeabi_cdcmpeq                            
0000407d  __aeabi_cdcmple                            
00004103  __aeabi_cdrcmple                           
00004189  __aeabi_memclr                             
00004189  __aeabi_memclr4                            
00004189  __aeabi_memclr8                            
0000418b  __aeabi_memset                             
0000418b  __aeabi_memset4                            
0000418b  __aeabi_memset8                            
00004191  memset                                     
00004205  __TI_auto_init                             
00004275  __TI_decompress_lzss                       
000042dd  frexp                                      
000042dd  frexpl                                     
00004341  sprintf                                    
000043a1  ltoa                                       
000043f9  _c_int00                                   
0000444d  C$$EXIT                                    
00004451  abort                                      
00004459  exit                                       
000044a1  atoi                                       
000044ed  copy_in                                    
00004539  __aeabi_d2iz                               
00004581  CPU_cpsid                                  
0000458d  CPU_primask                                
00004597  CPU_cpsie                                  
000045a3  CPU_wfi                                    
000045a7  CPU_basepriSet                             
000045b5  CPU_basepriGet                             
000045bf  __aeabi_i2d                                
000045ed  memccpy                                    
00004609  _args_main                                 
00004621  strchr                                     
00004639  _register_unlock                           
0000463f  _register_lock                             
00004647  _nop                                       
0000464d  copysign                                   
0000464d  copysignl                                  
00004661  strlen                                     
00004687  __TI_decompress_none                       
00004695  __TI_zero_init                             
000046a1  _system_pre_init                           
000046a4  _ctypes_                                   
000047f8  uartConfig                                 
00004858  i2cConfig                                  
000048d0  __TI_Handler_Table_Base                    
000048dc  __TI_Handler_Table_Limit                   
000048f0  __TI_CINIT_Base                            
00004908  __TI_CINIT_Limit                           
20000000  g_pfnRAMVectors                            
20000114  __TI_cleanup_ptr                           
20000118  __TI_dtors_ptr                             
2000011c  __TI_enable_exit_profile_output            
20000120  _lock                                      
20000124  _unlock                                    
20000128  errno                                      
2000012c  main_func_sp                               
20000130  SystemCoreClock                            
20000134  result16                                   
20000138  str                                        
20000178  batt_percent                               
2000017c  batt_remining                              
20000180  batt_voltage                               
2000fe00  __stack                                    
20010000  __STACK_END                                
4000480c  WDTCTL_SYM                                 
ffffffff  __TI_pprof_out_hndl                        
ffffffff  __TI_prof_data_size                        
ffffffff  __TI_prof_data_start                       
ffffffff  __binit__                                  
ffffffff  __c_args__                                 
ffffffff  binit                                      
UNDEFED   SHT$$INIT_ARRAY$$Base                      
UNDEFED   SHT$$INIT_ARRAY$$Limit                     

[226 symbols]
