******************************************************************************
                  TI ARM Linker PC v16.9.0                     
******************************************************************************
>> Linked Sat Feb 04 15:52:24 2017

OUTPUT FILE NAME:   <MSP432_GPS_GPRS_Fuel_Gauge.out>
ENTRY POINT SYMBOL: "_c_int00"  address: 000044e9


MEMORY CONFIGURATION

         name            origin    length      used     unused   attr    fill
----------------------  --------  ---------  --------  --------  ----  --------
  MAIN                  00000000   00040000  000049e4  0003b61c  R  X
  INFO                  00200000   00004000  00000000  00004000  R  X
  SRAM_CODE             01000000   00010000  00000334  0000fccc  RW X
  SRAM_DATA             20000000   00010000  00000334  0000fccc  RW  


SEGMENT ALLOCATION MAP

run origin  load origin   length   init length attrs members
----------  ----------- ---------- ----------- ----- -------
00000000    00000000    000049e8   000049e8    r-x
  00000000    00000000    00000140   00000140    r-- .intvecs
  00000140    00000140    00004654   00004654    r-x .text
  00004794    00004794    000001e8   000001e8    r-- .const
  00004980    00004980    00000068   00000068    r-- .cinit
20000000    20000000    00000134   00000000    rw-
  20000000    20000000    000000e4   00000000    rw- .vtable
  200000e4    200000e4    00000050   00000000    rw- .data
2000fe00    2000fe00    00000200   00000000    rw-
  2000fe00    2000fe00    00000200   00000000    rw- .stack


SECTION ALLOCATION MAP

 output                                  attributes/
section   page    origin      length       input sections
--------  ----  ----------  ----------   ----------------
.intvecs   0    00000000    00000140     
                  00000000    00000140     startup_msp432p401r_ccs.obj (.intvecs:retain)

.binit     0    00000000    00000000     

.text      0    00000140    00004654     
                  00000140    0000113a     rtsv7M4_T_le_v4SPD16_eabi.lib : _printfi.obj (.text)
                  0000127a    00000002                                   : mpu_init.obj (.text)
                  0000127c    000007ba     HAL_BQ27441.obj (.text)
                  00001a36    00000002     rtsv7M4_T_le_v4SPD16_eabi.lib : startup.obj (.text)
                  00001a38    000007a8     i2c.obj (.text)
                  000021e0    000005d8     main.obj (.text)
                  000027b8    00000480     gpio.obj (.text)
                  00002c38    0000041c     uart.obj (.text)
                  00003054    000003f0     interrupt.obj (.text)
                  00003444    00000328     system_msp432p401r.obj (.text)
                  0000376c    000001f4     rtsv7M4_T_le_v4SPD16_eabi.lib : ull_div_t2.obj (.text)
                  00003960    000001d4     HAL_I2C.obj (.text)
                  00003b34    000001b6     rtsv7M4_T_le_v4SPD16_eabi.lib : fd_add_t2.obj (.text)
                  00003cea    00000136                                   : fd_div_t2.obj (.text)
                  00003e20    000000fc                                   : fd_mul_t2.obj (.text)
                  00003f1c    000000fc                                   : s_scalbn.obj (.text)
                  00004018    000000b8     HAL_UART.obj (.text)
                  000040d0    0000009c     rtsv7M4_T_le_v4SPD16_eabi.lib : memcpy_t2.obj (.text)
                  0000416c    00000086                                   : fd_cmp_t2.obj (.text:__aeabi_cdcmple)
                  000041f2    00000086                                   : fd_cmp_t2.obj (.text:__aeabi_cdrcmple)
                  00004278    0000007a                                   : memset_t2.obj (.text)
                  000042f2    00000002     --HOLE-- [fill = 0]
                  000042f4    00000070                                   : autoinit.obj (.text)
                  00004364    00000068                                   : copy_decompress_lzss.obj (.text:decompress:lzss)
                  000043cc    00000064                                   : s_frexp.obj (.text)
                  00004430    00000060                                   : sprintf.obj (.text)
                  00004490    00000056                                   : ltoa.obj (.text)
                  000044e6    00000002     --HOLE-- [fill = 0]
                  000044e8    00000054                                   : boot.obj (.text)
                  0000453c    00000054                                   : exit.obj (.text)
                  00004590    0000004c                                   : atoi.obj (.text)
                  000045dc    0000004c                                   : cpy_tbl.obj (.text)
                  00004628    00000048                                   : fd_toi_t2.obj (.text)
                  00004670    0000003e     cpu.obj (.text)
                  000046ae    0000002e     rtsv7M4_T_le_v4SPD16_eabi.lib : i_tofd_t2.obj (.text)
                  000046dc    0000001c                                   : memccpy.obj (.text)
                  000046f8    00000018                                   : args_main.obj (.text)
                  00004710    00000016                                   : strchr.obj (.text)
                  00004726    00000002     --HOLE-- [fill = 0]
                  00004728    00000014                                   : _lock.obj (.text)
                  0000473c    00000014                                   : s_copysign.obj (.text)
                  00004750    00000014                                   : strlen.obj (.text)
                  00004764    00000012     startup_msp432p401r_ccs.obj (.text)
                  00004776    0000000e     rtsv7M4_T_le_v4SPD16_eabi.lib : copy_decompress_none.obj (.text:decompress:none)
                  00004784    0000000c                                   : copy_zero_init.obj (.text:decompress:ZI)
                  00004790    00000004                                   : pre_init.obj (.text)

.const     0    00004794    000001e8     
                  00004794    00000101     rtsv7M4_T_le_v4SPD16_eabi.lib : ctype.obj (.const:.string:_ctypes_)
                  00004895    00000003     --HOLE-- [fill = 0]
                  00004898    00000050     interrupt.obj (.const:g_pulRegs)
                  000048e8    00000024     HAL_UART.obj (.const:uartConfig)
                  0000490c    00000020     interrupt.obj (.const:g_pulPriority)
                  0000492c    0000001c     gpio.obj (.const:GPIO_PORT_TO_INT)
                  00004948    00000014     HAL_I2C.obj (.const:i2cConfig)
                  0000495c    00000008     interrupt.obj (.const:g_pulDisRegs)
                  00004964    00000008     interrupt.obj (.const:g_pulEnRegs)
                  0000496c    00000008     interrupt.obj (.const:g_pulPendRegs)
                  00004974    00000008     interrupt.obj (.const:g_pulUnpendRegs)

.cinit     0    00004980    00000068     
                  00004980    0000003d     (.cinit..data.load) [load image, compression = lzss]
                  000049bd    00000003     --HOLE-- [fill = 0]
                  000049c0    0000000c     (__TI_handler_table)
                  000049cc    00000004     --HOLE-- [fill = 0]
                  000049d0    00000008     (.cinit..vtable.load) [load image, compression = zero_init]
                  000049d8    00000010     (__TI_cinit_table)

.init_array 
*          0    00000000    00000000     UNINITIALIZED

.vtable    0    20000000    000000e4     UNINITIALIZED
                  20000000    000000e4     interrupt.obj (.vtable)

.data      0    200000e4    00000050     UNINITIALIZED
                  200000e4    00000030     gpio.obj (.data:GPIO_PORT_TO_BASE)
                  20000114    0000000c     rtsv7M4_T_le_v4SPD16_eabi.lib : exit.obj (.data:$O1$$)
                  20000120    00000008                                   : _lock.obj (.data:$O1$$)
                  20000128    00000004                                   : errno.obj (.data)
                  2000012c    00000004                                   : stkdepth_vars.obj (.data)
                  20000130    00000004     system_msp432p401r.obj (.data)

.stack     0    2000fe00    00000200     UNINITIALIZED
                  2000fe00    00000200     --HOLE--

MODULE SUMMARY

       Module                        code    ro data   rw data
       ------                        ----    -------   -------
    .\
       HAL_BQ27441.obj               1978    0         0      
       main.obj                      1496    0         0      
       system_msp432p401r.obj        808     0         8      
       HAL_I2C.obj                   468     20        0      
       startup_msp432p401r_ccs.obj   18      320       0      
       HAL_UART.obj                  184     36        0      
    +--+-----------------------------+-------+---------+---------+
       Total:                        4952    376       8      
                                                              
    .\driverlib\MSP432P4xx\
       i2c.obj                       1960    0         0      
       interrupt.obj                 1008    144       456    
       gpio.obj                      1152    28        96     
       uart.obj                      1052    0         0      
       cpu.obj                       62      0         0      
    +--+-----------------------------+-------+---------+---------+
       Total:                        5234    172       552    
                                                              
    C:\ti\ccsv7\tools\compiler\ti-cgt-arm_16.9.0.LTS\lib\rtsv7M4_T_le_v4SPD16_eabi.lib
       _printfi.obj                  4410    0         0      
       ull_div_t2.obj                500     0         0      
       fd_add_t2.obj                 438     0         0      
       fd_div_t2.obj                 310     0         0      
       fd_cmp_t2.obj                 268     0         0      
       ctype.obj                     0       257       0      
       fd_mul_t2.obj                 252     0         0      
       s_scalbn.obj                  252     0         0      
       memcpy_t2.obj                 156     0         0      
       memset_t2.obj                 122     0         0      
       autoinit.obj                  112     0         0      
       exit.obj                      84      0         24     
       copy_decompress_lzss.obj      104     0         0      
       s_frexp.obj                   100     0         0      
       sprintf.obj                   96      0         0      
       ltoa.obj                      86      0         0      
       boot.obj                      84      0         0      
       atoi.obj                      76      0         0      
       cpy_tbl.obj                   76      0         0      
       fd_toi_t2.obj                 72      0         0      
       i_tofd_t2.obj                 46      0         0      
       _lock.obj                     20      0         16     
       memccpy.obj                   28      0         0      
       args_main.obj                 24      0         0      
       strchr.obj                    22      0         0      
       s_copysign.obj                20      0         0      
       strlen.obj                    20      0         0      
       copy_decompress_none.obj      14      0         0      
       copy_zero_init.obj            12      0         0      
       errno.obj                     0       0         8      
       stkdepth_vars.obj             0       0         8      
       pre_init.obj                  4       0         0      
       mpu_init.obj                  2       0         0      
       startup.obj                   2       0         0      
    +--+-----------------------------+-------+---------+---------+
       Total:                        7812    257       56     
                                                              
       Stack:                        0       0         1024   
       Linker Generated:             0       97        0      
    +--+-----------------------------+-------+---------+---------+
       Grand Total:                  17998   902       1640   


LINKER GENERATED COPY TABLES

__TI_cinit_table @ 000049d8 records: 2, size/record: 8, table size: 16
	.data: load addr=00004980, load size=0000003d bytes, run addr=200000e4, run size=00000050 bytes, compression=lzss
	.vtable: load addr=000049d0, load size=00000008 bytes, run addr=20000000, run size=000000e4 bytes, compression=zero_init


LINKER GENERATED HANDLER TABLE

__TI_handler_table @ 000049c0 records: 3, size/record: 4, table size: 12
	index: 0, handler: __TI_zero_init
	index: 1, handler: __TI_decompress_lzss
	index: 2, handler: __TI_decompress_none


GLOBAL SYMBOLS: SORTED ALPHABETICALLY BY Name 

address   name                                       
-------   ----                                       
000018db  BQ27441_command                            
00001875  BQ27441_control                            
0000189d  BQ27441_controlRead                        
0000127d  BQ27441_initConfig                         
00001699  BQ27441_initOpConfig                       
00001935  BQ27441_read16                             
000019ad  BQ27441_readChecksum                       
00001905  BQ27441_write16                            
0000453d  C$$EXIT                                    
000046a5  CPU_basepriGet                             
00004697  CPU_basepriSet                             
00004671  CPU_cpsid                                  
00004687  CPU_cpsie                                  
0000467d  CPU_primask                                
00004693  CPU_wfi                                    
000023ed  CS_init                                    
00002adb  GPIO_clearInterruptFlag                    
00002a9b  GPIO_disableInterrupt                      
00002a79  GPIO_enableInterrupt                       
00002b33  GPIO_getEnabledInterruptStatus             
00002a4b  GPIO_getInputPinValue                      
00002abd  GPIO_getInterruptStatus                    
00002467  GPIO_init                                  
00002afd  GPIO_interruptEdgeSelect                   
00002bf3  GPIO_registerInterrupt                     
000027f3  GPIO_setAsInputPin                         
000029a7  GPIO_setAsInputPinWithPullDownResistor     
000029f9  GPIO_setAsInputPinWithPullUpResistor       
000027b9  GPIO_setAsOutputPin                        
000028bd  GPIO_setAsPeripheralModuleFunctionInputPin 
00002839  GPIO_setAsPeripheralModuleFunctionOutputPin
00002baf  GPIO_setDriveStrengthHigh                  
00002bd1  GPIO_setDriveStrengthLow                   
00002941  GPIO_setOutputHighOnPin                    
00002963  GPIO_setOutputLowOnPin                     
00002985  GPIO_toggleOutputOnPin                     
00002c13  GPIO_unregisterInterrupt                   
0000405f  GPSUART_init                               
0000402d  GPSUART_initGPIO                           
00002099  I2C_clearInterruptFlag                     
00002083  I2C_disableInterrupt                       
00001aeb  I2C_disableModule                          
0000204d  I2C_disableMultiMasterMode                 
0000206d  I2C_enableInterrupt                        
00001ad5  I2C_enableModule                           
0000202d  I2C_enableMultiMasterMode                  
000020c7  I2C_getEnabledInterruptStatus              
000020af  I2C_getInterruptStatus                     
000020d7  I2C_getMode                                
00001fd3  I2C_getReceiveBufferAddressForDMA          
00001fe1  I2C_getTransmitBufferAddressForDMA         
00003979  I2C_init                                   
00003961  I2C_initGPIO                               
00001a39  I2C_initMaster                             
00001a9b  I2C_initSlave                              
00001b8f  I2C_isBusBusy                              
00002001  I2C_masterIsStartSent                      
00001fef  I2C_masterIsStopSent                       
00001ef9  I2C_masterReceiveMultiByteFinish           
00001f37  I2C_masterReceiveMultiByteFinishWithTimeout
00001ee1  I2C_masterReceiveMultiByteNext             
00001f95  I2C_masterReceiveMultiByteStop             
00001fa9  I2C_masterReceiveSingle                    
00001b31  I2C_masterReceiveSingleByte                
00001ec7  I2C_masterReceiveStart                     
00001da7  I2C_masterSendMultiByteFinish              
00001df5  I2C_masterSendMultiByteFinishWithTimeout   
00001d3d  I2C_masterSendMultiByteNext                
00001d69  I2C_masterSendMultiByteNextWithTimeout     
00001c93  I2C_masterSendMultiByteStart               
00001ce1  I2C_masterSendMultiByteStartWithTimeout    
00001e61  I2C_masterSendMultiByteStop                
00001e8b  I2C_masterSendMultiByteStopWithTimeout     
00001ba1  I2C_masterSendSingleByte                   
00001c07  I2C_masterSendSingleByteWithTimeout        
00002019  I2C_masterSendStart                        
00003a7b  I2C_read16                                 
00003a33  I2C_read8                                  
000020ed  I2C_registerInterrupt                      
00001b15  I2C_setMode                                
00001b01  I2C_setSlaveAddress                        
00003b11  I2C_setslave                               
00001b7b  I2C_slaveGetData                           
00001b65  I2C_slavePutData                           
000021af  I2C_slaveSendNAK                           
00002153  I2C_unregisterInterrupt                    
000039d5  I2C_write16                                
00003991  I2C_write8                                 
00003217  Interrupt_disableInterrupt                 
00003067  Interrupt_disableMaster                    
00003415  Interrupt_disableSleepOnIsrExit            
000031a5  Interrupt_enableInterrupt                  
00003057  Interrupt_enableMaster                     
00003403  Interrupt_enableSleepOnIsrExit             
0000317f  Interrupt_getPriority                      
000030f7  Interrupt_getPriorityGrouping              
000033e3  Interrupt_getPriorityMask                  
000033fd  Interrupt_getVectorTableAddress            
00003289  Interrupt_isEnabled                        
00003315  Interrupt_pendInterrupt                    
00003077  Interrupt_registerInterrupt                
0000312f  Interrupt_setPriority                      
000030dd  Interrupt_setPriorityGrouping              
000033d3  Interrupt_setPriorityMask                  
000033ed  Interrupt_setVectorTableAddress            
00003385  Interrupt_unpendInterrupt                  
000030c9  Interrupt_unregisterInterrupt              
UNDEFED   SHT$$INIT_ARRAY$$Base                      
UNDEFED   SHT$$INIT_ARRAY$$Limit                     
20000130  SystemCoreClock                            
00003445  SystemCoreClockUpdate                      
000036b9  SystemInit                                 
00002f4d  UART_clearInterruptFlag                    
00002ea5  UART_disableInterrupt                      
00002d87  UART_disableModule                         
00002e75  UART_enableInterrupt                       
00002d71  UART_enableModule                          
00002ef1  UART_getEnabledInterruptStatus             
00002ed5  UART_getInterruptStatus                    
00002e3d  UART_getReceiveBufferAddressForDMA         
00002e4b  UART_getTransmitBufferAddressForDMA        
00004041  UART_init                                  
00004019  UART_initGPIO                              
00002c39  UART_initModule                            
00002d9d  UART_queryStatusFlags                      
00002d4b  UART_receiveData                           
00002f6d  UART_registerInterrupt                     
00002dc5  UART_resetDormant                          
00002e59  UART_selectDeglitchTime                    
00002db1  UART_setDormant                            
00002dd9  UART_transmitAddress                       
00002df7  UART_transmitBreak                         
00002d21  UART_transmitData                          
0000407d  UART_transmitString                        
0000409d  UART_transmitStringGPS                     
00002fe9  UART_unregisterInterrupt                   
4000480c  WDTCTL_SYM                                 
20010000  __STACK_END                                
00000200  __STACK_SIZE                               
000049d8  __TI_CINIT_Base                            
000049e8  __TI_CINIT_Limit                           
000049c0  __TI_Handler_Table_Base                    
000049cc  __TI_Handler_Table_Limit                   
000042f5  __TI_auto_init                             
20000114  __TI_cleanup_ptr                           
00004365  __TI_decompress_lzss                       
00004777  __TI_decompress_none                       
20000118  __TI_dtors_ptr                             
2000011c  __TI_enable_exit_profile_output            
ffffffff  __TI_pprof_out_hndl                        
00000981  __TI_printfi                               
ffffffff  __TI_prof_data_size                        
ffffffff  __TI_prof_data_start                       
00000000  __TI_static_base__                         
00004785  __TI_zero_init                             
0000416d  __aeabi_cdcmpeq                            
0000416d  __aeabi_cdcmple                            
000041f3  __aeabi_cdrcmple                           
00004629  __aeabi_d2iz                               
00003b3f  __aeabi_dadd                               
00003ceb  __aeabi_ddiv                               
00003e21  __aeabi_dmul                               
00003b35  __aeabi_dsub                               
000046af  __aeabi_i2d                                
00004279  __aeabi_memclr                             
00004279  __aeabi_memclr4                            
00004279  __aeabi_memclr8                            
000040d1  __aeabi_memcpy                             
000040d1  __aeabi_memcpy4                            
000040d1  __aeabi_memcpy8                            
0000427b  __aeabi_memset                             
0000427b  __aeabi_memset4                            
0000427b  __aeabi_memset8                            
0000376d  __aeabi_uldivmod                           
ffffffff  __binit__                                  
ffffffff  __c_args__                                 
0000127b  __mpu_init                                 
2000fe00  __stack                                    
000046f9  _args_main                                 
000044e9  _c_int00                                   
00004794  _ctypes_                                   
20000120  _lock                                      
00004737  _nop                                       
0000472f  _register_lock                             
00004729  _register_unlock                           
00001a37  _system_post_cinit                         
00004791  _system_pre_init                           
20000124  _unlock                                    
00004541  abort                                      
00004591  atoi                                       
ffffffff  binit                                      
000045dd  copy_in                                    
0000473d  copysign                                   
0000473d  copysignl                                  
20000128  errno                                      
00004549  exit                                       
000043cd  frexp                                      
000043cd  frexpl                                     
20000000  g_pfnRAMVectors                            
00004948  i2cConfig                                  
00000000  interruptVectors                           
00003f1d  ldexp                                      
00003f1d  ldexpl                                     
00004491  ltoa                                       
000021e1  main                                       
2000012c  main_func_sp                               
000046dd  memccpy                                    
000040d1  memcpy                                     
00004281  memset                                     
00003f1d  scalbn                                     
00003f1d  scalbnl                                    
00004431  sprintf                                    
00004711  strchr                                     
00004751  strlen                                     
000048e8  uartConfig                                 


GLOBAL SYMBOLS: SORTED BY Symbol Address 

address   name                                       
-------   ----                                       
00000000  __TI_static_base__                         
00000000  interruptVectors                           
00000200  __STACK_SIZE                               
00000981  __TI_printfi                               
0000127b  __mpu_init                                 
0000127d  BQ27441_initConfig                         
00001699  BQ27441_initOpConfig                       
00001875  BQ27441_control                            
0000189d  BQ27441_controlRead                        
000018db  BQ27441_command                            
00001905  BQ27441_write16                            
00001935  BQ27441_read16                             
000019ad  BQ27441_readChecksum                       
00001a37  _system_post_cinit                         
00001a39  I2C_initMaster                             
00001a9b  I2C_initSlave                              
00001ad5  I2C_enableModule                           
00001aeb  I2C_disableModule                          
00001b01  I2C_setSlaveAddress                        
00001b15  I2C_setMode                                
00001b31  I2C_masterReceiveSingleByte                
00001b65  I2C_slavePutData                           
00001b7b  I2C_slaveGetData                           
00001b8f  I2C_isBusBusy                              
00001ba1  I2C_masterSendSingleByte                   
00001c07  I2C_masterSendSingleByteWithTimeout        
00001c93  I2C_masterSendMultiByteStart               
00001ce1  I2C_masterSendMultiByteStartWithTimeout    
00001d3d  I2C_masterSendMultiByteNext                
00001d69  I2C_masterSendMultiByteNextWithTimeout     
00001da7  I2C_masterSendMultiByteFinish              
00001df5  I2C_masterSendMultiByteFinishWithTimeout   
00001e61  I2C_masterSendMultiByteStop                
00001e8b  I2C_masterSendMultiByteStopWithTimeout     
00001ec7  I2C_masterReceiveStart                     
00001ee1  I2C_masterReceiveMultiByteNext             
00001ef9  I2C_masterReceiveMultiByteFinish           
00001f37  I2C_masterReceiveMultiByteFinishWithTimeout
00001f95  I2C_masterReceiveMultiByteStop             
00001fa9  I2C_masterReceiveSingle                    
00001fd3  I2C_getReceiveBufferAddressForDMA          
00001fe1  I2C_getTransmitBufferAddressForDMA         
00001fef  I2C_masterIsStopSent                       
00002001  I2C_masterIsStartSent                      
00002019  I2C_masterSendStart                        
0000202d  I2C_enableMultiMasterMode                  
0000204d  I2C_disableMultiMasterMode                 
0000206d  I2C_enableInterrupt                        
00002083  I2C_disableInterrupt                       
00002099  I2C_clearInterruptFlag                     
000020af  I2C_getInterruptStatus                     
000020c7  I2C_getEnabledInterruptStatus              
000020d7  I2C_getMode                                
000020ed  I2C_registerInterrupt                      
00002153  I2C_unregisterInterrupt                    
000021af  I2C_slaveSendNAK                           
000021e1  main                                       
000023ed  CS_init                                    
00002467  GPIO_init                                  
000027b9  GPIO_setAsOutputPin                        
000027f3  GPIO_setAsInputPin                         
00002839  GPIO_setAsPeripheralModuleFunctionOutputPin
000028bd  GPIO_setAsPeripheralModuleFunctionInputPin 
00002941  GPIO_setOutputHighOnPin                    
00002963  GPIO_setOutputLowOnPin                     
00002985  GPIO_toggleOutputOnPin                     
000029a7  GPIO_setAsInputPinWithPullDownResistor     
000029f9  GPIO_setAsInputPinWithPullUpResistor       
00002a4b  GPIO_getInputPinValue                      
00002a79  GPIO_enableInterrupt                       
00002a9b  GPIO_disableInterrupt                      
00002abd  GPIO_getInterruptStatus                    
00002adb  GPIO_clearInterruptFlag                    
00002afd  GPIO_interruptEdgeSelect                   
00002b33  GPIO_getEnabledInterruptStatus             
00002baf  GPIO_setDriveStrengthHigh                  
00002bd1  GPIO_setDriveStrengthLow                   
00002bf3  GPIO_registerInterrupt                     
00002c13  GPIO_unregisterInterrupt                   
00002c39  UART_initModule                            
00002d21  UART_transmitData                          
00002d4b  UART_receiveData                           
00002d71  UART_enableModule                          
00002d87  UART_disableModule                         
00002d9d  UART_queryStatusFlags                      
00002db1  UART_setDormant                            
00002dc5  UART_resetDormant                          
00002dd9  UART_transmitAddress                       
00002df7  UART_transmitBreak                         
00002e3d  UART_getReceiveBufferAddressForDMA         
00002e4b  UART_getTransmitBufferAddressForDMA        
00002e59  UART_selectDeglitchTime                    
00002e75  UART_enableInterrupt                       
00002ea5  UART_disableInterrupt                      
00002ed5  UART_getInterruptStatus                    
00002ef1  UART_getEnabledInterruptStatus             
00002f4d  UART_clearInterruptFlag                    
00002f6d  UART_registerInterrupt                     
00002fe9  UART_unregisterInterrupt                   
00003057  Interrupt_enableMaster                     
00003067  Interrupt_disableMaster                    
00003077  Interrupt_registerInterrupt                
000030c9  Interrupt_unregisterInterrupt              
000030dd  Interrupt_setPriorityGrouping              
000030f7  Interrupt_getPriorityGrouping              
0000312f  Interrupt_setPriority                      
0000317f  Interrupt_getPriority                      
000031a5  Interrupt_enableInterrupt                  
00003217  Interrupt_disableInterrupt                 
00003289  Interrupt_isEnabled                        
00003315  Interrupt_pendInterrupt                    
00003385  Interrupt_unpendInterrupt                  
000033d3  Interrupt_setPriorityMask                  
000033e3  Interrupt_getPriorityMask                  
000033ed  Interrupt_setVectorTableAddress            
000033fd  Interrupt_getVectorTableAddress            
00003403  Interrupt_enableSleepOnIsrExit             
00003415  Interrupt_disableSleepOnIsrExit            
00003445  SystemCoreClockUpdate                      
000036b9  SystemInit                                 
0000376d  __aeabi_uldivmod                           
00003961  I2C_initGPIO                               
00003979  I2C_init                                   
00003991  I2C_write8                                 
000039d5  I2C_write16                                
00003a33  I2C_read8                                  
00003a7b  I2C_read16                                 
00003b11  I2C_setslave                               
00003b35  __aeabi_dsub                               
00003b3f  __aeabi_dadd                               
00003ceb  __aeabi_ddiv                               
00003e21  __aeabi_dmul                               
00003f1d  ldexp                                      
00003f1d  ldexpl                                     
00003f1d  scalbn                                     
00003f1d  scalbnl                                    
00004019  UART_initGPIO                              
0000402d  GPSUART_initGPIO                           
00004041  UART_init                                  
0000405f  GPSUART_init                               
0000407d  UART_transmitString                        
0000409d  UART_transmitStringGPS                     
000040d1  __aeabi_memcpy                             
000040d1  __aeabi_memcpy4                            
000040d1  __aeabi_memcpy8                            
000040d1  memcpy                                     
0000416d  __aeabi_cdcmpeq                            
0000416d  __aeabi_cdcmple                            
000041f3  __aeabi_cdrcmple                           
00004279  __aeabi_memclr                             
00004279  __aeabi_memclr4                            
00004279  __aeabi_memclr8                            
0000427b  __aeabi_memset                             
0000427b  __aeabi_memset4                            
0000427b  __aeabi_memset8                            
00004281  memset                                     
000042f5  __TI_auto_init                             
00004365  __TI_decompress_lzss                       
000043cd  frexp                                      
000043cd  frexpl                                     
00004431  sprintf                                    
00004491  ltoa                                       
000044e9  _c_int00                                   
0000453d  C$$EXIT                                    
00004541  abort                                      
00004549  exit                                       
00004591  atoi                                       
000045dd  copy_in                                    
00004629  __aeabi_d2iz                               
00004671  CPU_cpsid                                  
0000467d  CPU_primask                                
00004687  CPU_cpsie                                  
00004693  CPU_wfi                                    
00004697  CPU_basepriSet                             
000046a5  CPU_basepriGet                             
000046af  __aeabi_i2d                                
000046dd  memccpy                                    
000046f9  _args_main                                 
00004711  strchr                                     
00004729  _register_unlock                           
0000472f  _register_lock                             
00004737  _nop                                       
0000473d  copysign                                   
0000473d  copysignl                                  
00004751  strlen                                     
00004777  __TI_decompress_none                       
00004785  __TI_zero_init                             
00004791  _system_pre_init                           
00004794  _ctypes_                                   
000048e8  uartConfig                                 
00004948  i2cConfig                                  
000049c0  __TI_Handler_Table_Base                    
000049cc  __TI_Handler_Table_Limit                   
000049d8  __TI_CINIT_Base                            
000049e8  __TI_CINIT_Limit                           
20000000  g_pfnRAMVectors                            
20000114  __TI_cleanup_ptr                           
20000118  __TI_dtors_ptr                             
2000011c  __TI_enable_exit_profile_output            
20000120  _lock                                      
20000124  _unlock                                    
20000128  errno                                      
2000012c  main_func_sp                               
20000130  SystemCoreClock                            
2000fe00  __stack                                    
20010000  __STACK_END                                
4000480c  WDTCTL_SYM                                 
ffffffff  __TI_pprof_out_hndl                        
ffffffff  __TI_prof_data_size                        
ffffffff  __TI_prof_data_start                       
ffffffff  __binit__                                  
ffffffff  __c_args__                                 
ffffffff  binit                                      
UNDEFED   SHT$$INIT_ARRAY$$Base                      
UNDEFED   SHT$$INIT_ARRAY$$Limit                     

[215 symbols]
