******************************************************************************
                  TI ARM Linker PC v16.9.0                     
******************************************************************************
>> Linked Sat Feb 04 16:05:46 2017

OUTPUT FILE NAME:   <MSP432_GPS_GPRS_Fuel_Gauge.out>
ENTRY POINT SYMBOL: "_c_int00"  address: 00004579


MEMORY CONFIGURATION

         name            origin    length      used     unused   attr    fill
----------------------  --------  ---------  --------  --------  ----  --------
  MAIN                  00000000   00040000  00004a74  0003b58c  R  X
  INFO                  00200000   00004000  00000000  00004000  R  X
  SRAM_CODE             01000000   00010000  00000334  0000fccc  RW X
  SRAM_DATA             20000000   00010000  00000334  0000fccc  RW  


SEGMENT ALLOCATION MAP

run origin  load origin   length   init length attrs members
----------  ----------- ---------- ----------- ----- -------
00000000    00000000    00004a78   00004a78    r-x
  00000000    00000000    00000140   00000140    r-- .intvecs
  00000140    00000140    000046e4   000046e4    r-x .text
  00004824    00004824    000001e8   000001e8    r-- .const
  00004a10    00004a10    00000068   00000068    r-- .cinit
20000000    20000000    00000134   00000000    rw-
  20000000    20000000    000000e4   00000000    rw- .vtable
  200000e4    200000e4    00000050   00000000    rw- .data
2000fe00    2000fe00    00000200   00000000    rw-
  2000fe00    2000fe00    00000200   00000000    rw- .stack


SECTION ALLOCATION MAP

 output                                  attributes/
section   page    origin      length       input sections
--------  ----  ----------  ----------   ----------------
.intvecs   0    00000000    00000140     
                  00000000    00000140     startup_msp432p401r_ccs.obj (.intvecs:retain)

.binit     0    00000000    00000000     

.text      0    00000140    000046e4     
                  00000140    0000113a     rtsv7M4_T_le_v4SPD16_eabi.lib : _printfi.obj (.text)
                  0000127a    00000002                                   : mpu_init.obj (.text)
                  0000127c    000007ba     HAL_BQ27441.obj (.text)
                  00001a36    00000002     rtsv7M4_T_le_v4SPD16_eabi.lib : startup.obj (.text)
                  00001a38    000007a8     i2c.obj (.text)
                  000021e0    00000610     main.obj (.text)
                  000027f0    00000480     gpio.obj (.text)
                  00002c70    0000041c     uart.obj (.text)
                  0000308c    000003f0     interrupt.obj (.text)
                  0000347c    00000328     system_msp432p401r.obj (.text)
                  000037a4    000001f4     rtsv7M4_T_le_v4SPD16_eabi.lib : ull_div_t2.obj (.text)
                  00003998    000001d4     HAL_I2C.obj (.text)
                  00003b6c    000001b6     rtsv7M4_T_le_v4SPD16_eabi.lib : fd_add_t2.obj (.text)
                  00003d22    00000136                                   : fd_div_t2.obj (.text)
                  00003e58    00000110     HAL_UART.obj (.text)
                  00003f68    000000fc     rtsv7M4_T_le_v4SPD16_eabi.lib : fd_mul_t2.obj (.text)
                  00004064    000000fc                                   : s_scalbn.obj (.text)
                  00004160    0000009c                                   : memcpy_t2.obj (.text)
                  000041fc    00000086                                   : fd_cmp_t2.obj (.text:__aeabi_cdcmple)
                  00004282    00000086                                   : fd_cmp_t2.obj (.text:__aeabi_cdrcmple)
                  00004308    0000007a                                   : memset_t2.obj (.text)
                  00004382    00000002     --HOLE-- [fill = 0]
                  00004384    00000070                                   : autoinit.obj (.text)
                  000043f4    00000068                                   : copy_decompress_lzss.obj (.text:decompress:lzss)
                  0000445c    00000064                                   : s_frexp.obj (.text)
                  000044c0    00000060                                   : sprintf.obj (.text)
                  00004520    00000056                                   : ltoa.obj (.text)
                  00004576    00000002     --HOLE-- [fill = 0]
                  00004578    00000054                                   : boot.obj (.text)
                  000045cc    00000054                                   : exit.obj (.text)
                  00004620    0000004c                                   : atoi.obj (.text)
                  0000466c    0000004c                                   : cpy_tbl.obj (.text)
                  000046b8    00000048                                   : fd_toi_t2.obj (.text)
                  00004700    0000003e     cpu.obj (.text)
                  0000473e    0000002e     rtsv7M4_T_le_v4SPD16_eabi.lib : i_tofd_t2.obj (.text)
                  0000476c    0000001c                                   : memccpy.obj (.text)
                  00004788    00000018                                   : args_main.obj (.text)
                  000047a0    00000016                                   : strchr.obj (.text)
                  000047b6    00000002     --HOLE-- [fill = 0]
                  000047b8    00000014                                   : _lock.obj (.text)
                  000047cc    00000014                                   : s_copysign.obj (.text)
                  000047e0    00000014                                   : strlen.obj (.text)
                  000047f4    00000012     startup_msp432p401r_ccs.obj (.text)
                  00004806    0000000e     rtsv7M4_T_le_v4SPD16_eabi.lib : copy_decompress_none.obj (.text:decompress:none)
                  00004814    0000000c                                   : copy_zero_init.obj (.text:decompress:ZI)
                  00004820    00000004                                   : pre_init.obj (.text)

.const     0    00004824    000001e8     
                  00004824    00000101     rtsv7M4_T_le_v4SPD16_eabi.lib : ctype.obj (.const:.string:_ctypes_)
                  00004925    00000003     --HOLE-- [fill = 0]
                  00004928    00000050     interrupt.obj (.const:g_pulRegs)
                  00004978    00000024     HAL_UART.obj (.const:uartConfig)
                  0000499c    00000020     interrupt.obj (.const:g_pulPriority)
                  000049bc    0000001c     gpio.obj (.const:GPIO_PORT_TO_INT)
                  000049d8    00000014     HAL_I2C.obj (.const:i2cConfig)
                  000049ec    00000008     interrupt.obj (.const:g_pulDisRegs)
                  000049f4    00000008     interrupt.obj (.const:g_pulEnRegs)
                  000049fc    00000008     interrupt.obj (.const:g_pulPendRegs)
                  00004a04    00000008     interrupt.obj (.const:g_pulUnpendRegs)

.cinit     0    00004a10    00000068     
                  00004a10    0000003d     (.cinit..data.load) [load image, compression = lzss]
                  00004a4d    00000003     --HOLE-- [fill = 0]
                  00004a50    0000000c     (__TI_handler_table)
                  00004a5c    00000004     --HOLE-- [fill = 0]
                  00004a60    00000008     (.cinit..vtable.load) [load image, compression = zero_init]
                  00004a68    00000010     (__TI_cinit_table)

.init_array 
*          0    00000000    00000000     UNINITIALIZED

.vtable    0    20000000    000000e4     UNINITIALIZED
                  20000000    000000e4     interrupt.obj (.vtable)

.data      0    200000e4    00000050     UNINITIALIZED
                  200000e4    00000030     gpio.obj (.data:GPIO_PORT_TO_BASE)
                  20000114    0000000c     rtsv7M4_T_le_v4SPD16_eabi.lib : exit.obj (.data:$O1$$)
                  20000120    00000008                                   : _lock.obj (.data:$O1$$)
                  20000128    00000004                                   : errno.obj (.data)
                  2000012c    00000004                                   : stkdepth_vars.obj (.data)
                  20000130    00000004     system_msp432p401r.obj (.data)

.stack     0    2000fe00    00000200     UNINITIALIZED
                  2000fe00    00000200     --HOLE--

MODULE SUMMARY

       Module                        code    ro data   rw data
       ------                        ----    -------   -------
    .\
       HAL_BQ27441.obj               1978    0         0      
       main.obj                      1552    0         0      
       system_msp432p401r.obj        808     0         8      
       HAL_I2C.obj                   468     20        0      
       startup_msp432p401r_ccs.obj   18      320       0      
       HAL_UART.obj                  272     36        0      
    +--+-----------------------------+-------+---------+---------+
       Total:                        5096    376       8      
                                                              
    .\driverlib\MSP432P4xx\
       i2c.obj                       1960    0         0      
       interrupt.obj                 1008    144       456    
       gpio.obj                      1152    28        96     
       uart.obj                      1052    0         0      
       cpu.obj                       62      0         0      
    +--+-----------------------------+-------+---------+---------+
       Total:                        5234    172       552    
                                                              
    C:\ti\ccsv7\tools\compiler\ti-cgt-arm_16.9.0.LTS\lib\rtsv7M4_T_le_v4SPD16_eabi.lib
       _printfi.obj                  4410    0         0      
       ull_div_t2.obj                500     0         0      
       fd_add_t2.obj                 438     0         0      
       fd_div_t2.obj                 310     0         0      
       fd_cmp_t2.obj                 268     0         0      
       ctype.obj                     0       257       0      
       fd_mul_t2.obj                 252     0         0      
       s_scalbn.obj                  252     0         0      
       memcpy_t2.obj                 156     0         0      
       memset_t2.obj                 122     0         0      
       autoinit.obj                  112     0         0      
       exit.obj                      84      0         24     
       copy_decompress_lzss.obj      104     0         0      
       s_frexp.obj                   100     0         0      
       sprintf.obj                   96      0         0      
       ltoa.obj                      86      0         0      
       boot.obj                      84      0         0      
       atoi.obj                      76      0         0      
       cpy_tbl.obj                   76      0         0      
       fd_toi_t2.obj                 72      0         0      
       i_tofd_t2.obj                 46      0         0      
       _lock.obj                     20      0         16     
       memccpy.obj                   28      0         0      
       args_main.obj                 24      0         0      
       strchr.obj                    22      0         0      
       s_copysign.obj                20      0         0      
       strlen.obj                    20      0         0      
       copy_decompress_none.obj      14      0         0      
       copy_zero_init.obj            12      0         0      
       errno.obj                     0       0         8      
       stkdepth_vars.obj             0       0         8      
       pre_init.obj                  4       0         0      
       mpu_init.obj                  2       0         0      
       startup.obj                   2       0         0      
    +--+-----------------------------+-------+---------+---------+
       Total:                        7812    257       56     
                                                              
       Stack:                        0       0         1024   
       Linker Generated:             0       97        0      
    +--+-----------------------------+-------+---------+---------+
       Grand Total:                  18142   902       1640   


LINKER GENERATED COPY TABLES

__TI_cinit_table @ 00004a68 records: 2, size/record: 8, table size: 16
	.data: load addr=00004a10, load size=0000003d bytes, run addr=200000e4, run size=00000050 bytes, compression=lzss
	.vtable: load addr=00004a60, load size=00000008 bytes, run addr=20000000, run size=000000e4 bytes, compression=zero_init


LINKER GENERATED HANDLER TABLE

__TI_handler_table @ 00004a50 records: 3, size/record: 4, table size: 12
	index: 0, handler: __TI_zero_init
	index: 1, handler: __TI_decompress_lzss
	index: 2, handler: __TI_decompress_none


GLOBAL SYMBOLS: SORTED ALPHABETICALLY BY Name 

address   name                                       
-------   ----                                       
000018db  BQ27441_command                            
00001875  BQ27441_control                            
0000189d  BQ27441_controlRead                        
0000127d  BQ27441_initConfig                         
00001699  BQ27441_initOpConfig                       
00001935  BQ27441_read16                             
000019ad  BQ27441_readChecksum                       
00001905  BQ27441_write16                            
000045cd  C$$EXIT                                    
00004735  CPU_basepriGet                             
00004727  CPU_basepriSet                             
00004701  CPU_cpsid                                  
00004717  CPU_cpsie                                  
0000470d  CPU_primask                                
00004723  CPU_wfi                                    
000023f9  CS_init                                    
00002b13  GPIO_clearInterruptFlag                    
00002ad3  GPIO_disableInterrupt                      
00002ab1  GPIO_enableInterrupt                       
00002b6b  GPIO_getEnabledInterruptStatus             
00002a83  GPIO_getInputPinValue                      
00002af5  GPIO_getInterruptStatus                    
0000273d  GPIO_init                                  
00002b35  GPIO_interruptEdgeSelect                   
00002c2b  GPIO_registerInterrupt                     
0000282b  GPIO_setAsInputPin                         
000029df  GPIO_setAsInputPinWithPullDownResistor     
00002a31  GPIO_setAsInputPinWithPullUpResistor       
000027f1  GPIO_setAsOutputPin                        
000028f5  GPIO_setAsPeripheralModuleFunctionInputPin 
00002871  GPIO_setAsPeripheralModuleFunctionOutputPin
00002be7  GPIO_setDriveStrengthHigh                  
00002c09  GPIO_setDriveStrengthLow                   
00002979  GPIO_setOutputHighOnPin                    
0000299b  GPIO_setOutputLowOnPin                     
000029bd  GPIO_toggleOutputOnPin                     
00002c4b  GPIO_unregisterInterrupt                   
00003ed1  GPRSUART_init                              
00003e81  GPRSUART_initGPIO                          
00003eb3  GPSUART_init                               
00003e6d  GPSUART_initGPIO                           
00002099  I2C_clearInterruptFlag                     
00002083  I2C_disableInterrupt                       
00001aeb  I2C_disableModule                          
0000204d  I2C_disableMultiMasterMode                 
0000206d  I2C_enableInterrupt                        
00001ad5  I2C_enableModule                           
0000202d  I2C_enableMultiMasterMode                  
000020c7  I2C_getEnabledInterruptStatus              
000020af  I2C_getInterruptStatus                     
000020d7  I2C_getMode                                
00001fd3  I2C_getReceiveBufferAddressForDMA          
00001fe1  I2C_getTransmitBufferAddressForDMA         
000039b1  I2C_init                                   
00003999  I2C_initGPIO                               
00001a39  I2C_initMaster                             
00001a9b  I2C_initSlave                              
00001b8f  I2C_isBusBusy                              
00002001  I2C_masterIsStartSent                      
00001fef  I2C_masterIsStopSent                       
00001ef9  I2C_masterReceiveMultiByteFinish           
00001f37  I2C_masterReceiveMultiByteFinishWithTimeout
00001ee1  I2C_masterReceiveMultiByteNext             
00001f95  I2C_masterReceiveMultiByteStop             
00001fa9  I2C_masterReceiveSingle                    
00001b31  I2C_masterReceiveSingleByte                
00001ec7  I2C_masterReceiveStart                     
00001da7  I2C_masterSendMultiByteFinish              
00001df5  I2C_masterSendMultiByteFinishWithTimeout   
00001d3d  I2C_masterSendMultiByteNext                
00001d69  I2C_masterSendMultiByteNextWithTimeout     
00001c93  I2C_masterSendMultiByteStart               
00001ce1  I2C_masterSendMultiByteStartWithTimeout    
00001e61  I2C_masterSendMultiByteStop                
00001e8b  I2C_masterSendMultiByteStopWithTimeout     
00001ba1  I2C_masterSendSingleByte                   
00001c07  I2C_masterSendSingleByteWithTimeout        
00002019  I2C_masterSendStart                        
00003ab3  I2C_read16                                 
00003a6b  I2C_read8                                  
000020ed  I2C_registerInterrupt                      
00001b15  I2C_setMode                                
00001b01  I2C_setSlaveAddress                        
00003b49  I2C_setslave                               
00001b7b  I2C_slaveGetData                           
00001b65  I2C_slavePutData                           
000021af  I2C_slaveSendNAK                           
00002153  I2C_unregisterInterrupt                    
00003a0d  I2C_write16                                
000039c9  I2C_write8                                 
0000324f  Interrupt_disableInterrupt                 
0000309f  Interrupt_disableMaster                    
0000344d  Interrupt_disableSleepOnIsrExit            
000031dd  Interrupt_enableInterrupt                  
0000308f  Interrupt_enableMaster                     
0000343b  Interrupt_enableSleepOnIsrExit             
000031b7  Interrupt_getPriority                      
0000312f  Interrupt_getPriorityGrouping              
0000341b  Interrupt_getPriorityMask                  
00003435  Interrupt_getVectorTableAddress            
000032c1  Interrupt_isEnabled                        
0000334d  Interrupt_pendInterrupt                    
000030af  Interrupt_registerInterrupt                
00003167  Interrupt_setPriority                      
00003115  Interrupt_setPriorityGrouping              
0000340b  Interrupt_setPriorityMask                  
00003425  Interrupt_setVectorTableAddress            
000033bd  Interrupt_unpendInterrupt                  
00003101  Interrupt_unregisterInterrupt              
UNDEFED   SHT$$INIT_ARRAY$$Base                      
UNDEFED   SHT$$INIT_ARRAY$$Limit                     
20000130  SystemCoreClock                            
0000347d  SystemCoreClockUpdate                      
000036f1  SystemInit                                 
00002f85  UART_clearInterruptFlag                    
00002edd  UART_disableInterrupt                      
00002dbf  UART_disableModule                         
00002ead  UART_enableInterrupt                       
00002da9  UART_enableModule                          
00002f29  UART_getEnabledInterruptStatus             
00002f0d  UART_getInterruptStatus                    
00002e75  UART_getReceiveBufferAddressForDMA         
00002e83  UART_getTransmitBufferAddressForDMA        
00003e95  UART_init                                  
00003e59  UART_initGPIO                              
00002c71  UART_initModule                            
00002dd5  UART_queryStatusFlags                      
00002d83  UART_receiveData                           
00002fa5  UART_registerInterrupt                     
00002dfd  UART_resetDormant                          
00002e91  UART_selectDeglitchTime                    
00002de9  UART_setDormant                            
00002e11  UART_transmitAddress                       
00002e2f  UART_transmitBreak                         
00002d59  UART_transmitData                          
00003eef  UART_transmitString                        
00003f2f  UART_transmitStringGPRS                    
00003f0f  UART_transmitStringGPS                     
00003021  UART_unregisterInterrupt                   
4000480c  WDTCTL_SYM                                 
20010000  __STACK_END                                
00000200  __STACK_SIZE                               
00004a68  __TI_CINIT_Base                            
00004a78  __TI_CINIT_Limit                           
00004a50  __TI_Handler_Table_Base                    
00004a5c  __TI_Handler_Table_Limit                   
00004385  __TI_auto_init                             
20000114  __TI_cleanup_ptr                           
000043f5  __TI_decompress_lzss                       
00004807  __TI_decompress_none                       
20000118  __TI_dtors_ptr                             
2000011c  __TI_enable_exit_profile_output            
ffffffff  __TI_pprof_out_hndl                        
00000981  __TI_printfi                               
ffffffff  __TI_prof_data_size                        
ffffffff  __TI_prof_data_start                       
00000000  __TI_static_base__                         
00004815  __TI_zero_init                             
000041fd  __aeabi_cdcmpeq                            
000041fd  __aeabi_cdcmple                            
00004283  __aeabi_cdrcmple                           
000046b9  __aeabi_d2iz                               
00003b77  __aeabi_dadd                               
00003d23  __aeabi_ddiv                               
00003f69  __aeabi_dmul                               
00003b6d  __aeabi_dsub                               
0000473f  __aeabi_i2d                                
00004309  __aeabi_memclr                             
00004309  __aeabi_memclr4                            
00004309  __aeabi_memclr8                            
00004161  __aeabi_memcpy                             
00004161  __aeabi_memcpy4                            
00004161  __aeabi_memcpy8                            
0000430b  __aeabi_memset                             
0000430b  __aeabi_memset4                            
0000430b  __aeabi_memset8                            
000037a5  __aeabi_uldivmod                           
ffffffff  __binit__                                  
ffffffff  __c_args__                                 
0000127b  __mpu_init                                 
2000fe00  __stack                                    
00004789  _args_main                                 
00004579  _c_int00                                   
00004824  _ctypes_                                   
20000120  _lock                                      
000047c7  _nop                                       
000047bf  _register_lock                             
000047b9  _register_unlock                           
00001a37  _system_post_cinit                         
00004821  _system_pre_init                           
20000124  _unlock                                    
000045d1  abort                                      
00004621  atoi                                       
ffffffff  binit                                      
0000466d  copy_in                                    
000047cd  copysign                                   
000047cd  copysignl                                  
20000128  errno                                      
000045d9  exit                                       
0000445d  frexp                                      
0000445d  frexpl                                     
20000000  g_pfnRAMVectors                            
000049d8  i2cConfig                                  
00000000  interruptVectors                           
00004065  ldexp                                      
00004065  ldexpl                                     
00004521  ltoa                                       
000021e1  main                                       
2000012c  main_func_sp                               
0000476d  memccpy                                    
00004161  memcpy                                     
00004311  memset                                     
00004065  scalbn                                     
00004065  scalbnl                                    
000044c1  sprintf                                    
000047a1  strchr                                     
000047e1  strlen                                     
00004978  uartConfig                                 


GLOBAL SYMBOLS: SORTED BY Symbol Address 

address   name                                       
-------   ----                                       
00000000  __TI_static_base__                         
00000000  interruptVectors                           
00000200  __STACK_SIZE                               
00000981  __TI_printfi                               
0000127b  __mpu_init                                 
0000127d  BQ27441_initConfig                         
00001699  BQ27441_initOpConfig                       
00001875  BQ27441_control                            
0000189d  BQ27441_controlRead                        
000018db  BQ27441_command                            
00001905  BQ27441_write16                            
00001935  BQ27441_read16                             
000019ad  BQ27441_readChecksum                       
00001a37  _system_post_cinit                         
00001a39  I2C_initMaster                             
00001a9b  I2C_initSlave                              
00001ad5  I2C_enableModule                           
00001aeb  I2C_disableModule                          
00001b01  I2C_setSlaveAddress                        
00001b15  I2C_setMode                                
00001b31  I2C_masterReceiveSingleByte                
00001b65  I2C_slavePutData                           
00001b7b  I2C_slaveGetData                           
00001b8f  I2C_isBusBusy                              
00001ba1  I2C_masterSendSingleByte                   
00001c07  I2C_masterSendSingleByteWithTimeout        
00001c93  I2C_masterSendMultiByteStart               
00001ce1  I2C_masterSendMultiByteStartWithTimeout    
00001d3d  I2C_masterSendMultiByteNext                
00001d69  I2C_masterSendMultiByteNextWithTimeout     
00001da7  I2C_masterSendMultiByteFinish              
00001df5  I2C_masterSendMultiByteFinishWithTimeout   
00001e61  I2C_masterSendMultiByteStop                
00001e8b  I2C_masterSendMultiByteStopWithTimeout     
00001ec7  I2C_masterReceiveStart                     
00001ee1  I2C_masterReceiveMultiByteNext             
00001ef9  I2C_masterReceiveMultiByteFinish           
00001f37  I2C_masterReceiveMultiByteFinishWithTimeout
00001f95  I2C_masterReceiveMultiByteStop             
00001fa9  I2C_masterReceiveSingle                    
00001fd3  I2C_getReceiveBufferAddressForDMA          
00001fe1  I2C_getTransmitBufferAddressForDMA         
00001fef  I2C_masterIsStopSent                       
00002001  I2C_masterIsStartSent                      
00002019  I2C_masterSendStart                        
0000202d  I2C_enableMultiMasterMode                  
0000204d  I2C_disableMultiMasterMode                 
0000206d  I2C_enableInterrupt                        
00002083  I2C_disableInterrupt                       
00002099  I2C_clearInterruptFlag                     
000020af  I2C_getInterruptStatus                     
000020c7  I2C_getEnabledInterruptStatus              
000020d7  I2C_getMode                                
000020ed  I2C_registerInterrupt                      
00002153  I2C_unregisterInterrupt                    
000021af  I2C_slaveSendNAK                           
000021e1  main                                       
000023f9  CS_init                                    
0000273d  GPIO_init                                  
000027f1  GPIO_setAsOutputPin                        
0000282b  GPIO_setAsInputPin                         
00002871  GPIO_setAsPeripheralModuleFunctionOutputPin
000028f5  GPIO_setAsPeripheralModuleFunctionInputPin 
00002979  GPIO_setOutputHighOnPin                    
0000299b  GPIO_setOutputLowOnPin                     
000029bd  GPIO_toggleOutputOnPin                     
000029df  GPIO_setAsInputPinWithPullDownResistor     
00002a31  GPIO_setAsInputPinWithPullUpResistor       
00002a83  GPIO_getInputPinValue                      
00002ab1  GPIO_enableInterrupt                       
00002ad3  GPIO_disableInterrupt                      
00002af5  GPIO_getInterruptStatus                    
00002b13  GPIO_clearInterruptFlag                    
00002b35  GPIO_interruptEdgeSelect                   
00002b6b  GPIO_getEnabledInterruptStatus             
00002be7  GPIO_setDriveStrengthHigh                  
00002c09  GPIO_setDriveStrengthLow                   
00002c2b  GPIO_registerInterrupt                     
00002c4b  GPIO_unregisterInterrupt                   
00002c71  UART_initModule                            
00002d59  UART_transmitData                          
00002d83  UART_receiveData                           
00002da9  UART_enableModule                          
00002dbf  UART_disableModule                         
00002dd5  UART_queryStatusFlags                      
00002de9  UART_setDormant                            
00002dfd  UART_resetDormant                          
00002e11  UART_transmitAddress                       
00002e2f  UART_transmitBreak                         
00002e75  UART_getReceiveBufferAddressForDMA         
00002e83  UART_getTransmitBufferAddressForDMA        
00002e91  UART_selectDeglitchTime                    
00002ead  UART_enableInterrupt                       
00002edd  UART_disableInterrupt                      
00002f0d  UART_getInterruptStatus                    
00002f29  UART_getEnabledInterruptStatus             
00002f85  UART_clearInterruptFlag                    
00002fa5  UART_registerInterrupt                     
00003021  UART_unregisterInterrupt                   
0000308f  Interrupt_enableMaster                     
0000309f  Interrupt_disableMaster                    
000030af  Interrupt_registerInterrupt                
00003101  Interrupt_unregisterInterrupt              
00003115  Interrupt_setPriorityGrouping              
0000312f  Interrupt_getPriorityGrouping              
00003167  Interrupt_setPriority                      
000031b7  Interrupt_getPriority                      
000031dd  Interrupt_enableInterrupt                  
0000324f  Interrupt_disableInterrupt                 
000032c1  Interrupt_isEnabled                        
0000334d  Interrupt_pendInterrupt                    
000033bd  Interrupt_unpendInterrupt                  
0000340b  Interrupt_setPriorityMask                  
0000341b  Interrupt_getPriorityMask                  
00003425  Interrupt_setVectorTableAddress            
00003435  Interrupt_getVectorTableAddress            
0000343b  Interrupt_enableSleepOnIsrExit             
0000344d  Interrupt_disableSleepOnIsrExit            
0000347d  SystemCoreClockUpdate                      
000036f1  SystemInit                                 
000037a5  __aeabi_uldivmod                           
00003999  I2C_initGPIO                               
000039b1  I2C_init                                   
000039c9  I2C_write8                                 
00003a0d  I2C_write16                                
00003a6b  I2C_read8                                  
00003ab3  I2C_read16                                 
00003b49  I2C_setslave                               
00003b6d  __aeabi_dsub                               
00003b77  __aeabi_dadd                               
00003d23  __aeabi_ddiv                               
00003e59  UART_initGPIO                              
00003e6d  GPSUART_initGPIO                           
00003e81  GPRSUART_initGPIO                          
00003e95  UART_init                                  
00003eb3  GPSUART_init                               
00003ed1  GPRSUART_init                              
00003eef  UART_transmitString                        
00003f0f  UART_transmitStringGPS                     
00003f2f  UART_transmitStringGPRS                    
00003f69  __aeabi_dmul                               
00004065  ldexp                                      
00004065  ldexpl                                     
00004065  scalbn                                     
00004065  scalbnl                                    
00004161  __aeabi_memcpy                             
00004161  __aeabi_memcpy4                            
00004161  __aeabi_memcpy8                            
00004161  memcpy                                     
000041fd  __aeabi_cdcmpeq                            
000041fd  __aeabi_cdcmple                            
00004283  __aeabi_cdrcmple                           
00004309  __aeabi_memclr                             
00004309  __aeabi_memclr4                            
00004309  __aeabi_memclr8                            
0000430b  __aeabi_memset                             
0000430b  __aeabi_memset4                            
0000430b  __aeabi_memset8                            
00004311  memset                                     
00004385  __TI_auto_init                             
000043f5  __TI_decompress_lzss                       
0000445d  frexp                                      
0000445d  frexpl                                     
000044c1  sprintf                                    
00004521  ltoa                                       
00004579  _c_int00                                   
000045cd  C$$EXIT                                    
000045d1  abort                                      
000045d9  exit                                       
00004621  atoi                                       
0000466d  copy_in                                    
000046b9  __aeabi_d2iz                               
00004701  CPU_cpsid                                  
0000470d  CPU_primask                                
00004717  CPU_cpsie                                  
00004723  CPU_wfi                                    
00004727  CPU_basepriSet                             
00004735  CPU_basepriGet                             
0000473f  __aeabi_i2d                                
0000476d  memccpy                                    
00004789  _args_main                                 
000047a1  strchr                                     
000047b9  _register_unlock                           
000047bf  _register_lock                             
000047c7  _nop                                       
000047cd  copysign                                   
000047cd  copysignl                                  
000047e1  strlen                                     
00004807  __TI_decompress_none                       
00004815  __TI_zero_init                             
00004821  _system_pre_init                           
00004824  _ctypes_                                   
00004978  uartConfig                                 
000049d8  i2cConfig                                  
00004a50  __TI_Handler_Table_Base                    
00004a5c  __TI_Handler_Table_Limit                   
00004a68  __TI_CINIT_Base                            
00004a78  __TI_CINIT_Limit                           
20000000  g_pfnRAMVectors                            
20000114  __TI_cleanup_ptr                           
20000118  __TI_dtors_ptr                             
2000011c  __TI_enable_exit_profile_output            
20000120  _lock                                      
20000124  _unlock                                    
20000128  errno                                      
2000012c  main_func_sp                               
20000130  SystemCoreClock                            
2000fe00  __stack                                    
20010000  __STACK_END                                
4000480c  WDTCTL_SYM                                 
ffffffff  __TI_pprof_out_hndl                        
ffffffff  __TI_prof_data_size                        
ffffffff  __TI_prof_data_start                       
ffffffff  __binit__                                  
ffffffff  __c_args__                                 
ffffffff  binit                                      
UNDEFED   SHT$$INIT_ARRAY$$Base                      
UNDEFED   SHT$$INIT_ARRAY$$Limit                     

[218 symbols]
