******************************************************************************
                  TI ARM Linker PC v16.9.0                     
******************************************************************************
>> Linked Fri Feb 10 21:23:15 2017

OUTPUT FILE NAME:   <MSP432_GPS_GPRS_Fuel_Gauge.out>
ENTRY POINT SYMBOL: "_c_int00"  address: 00004381


MEMORY CONFIGURATION

         name            origin    length      used     unused   attr    fill
----------------------  --------  ---------  --------  --------  ----  --------
  MAIN                  00000000   00040000  0000496c  0003b694  R  X
  INFO                  00200000   00004000  00000000  00004000  R  X
  SRAM_CODE             01000000   00010000  000004b8  0000fb48  RW X
  SRAM_DATA             20000000   00010000  000004b8  0000fb48  RW  


SEGMENT ALLOCATION MAP

run origin  load origin   length   init length attrs members
----------  ----------- ---------- ----------- ----- -------
00000000    00000000    00004970   00004970    r-x
  00000000    00000000    00000140   00000140    r-- .intvecs
  00000140    00000140    00004538   00004538    r-x .text
  00004678    00004678    0000020c   0000020c    r-- .const
  00004888    00004888    000000e8   000000e8    r-- .cinit
20000000    20000000    000002b8   00000000    rw-
  20000000    20000000    000000e4   00000000    rw- .vtable
  200000e4    200000e4    00000108   00000000    rw- .data
  200001ec    200001ec    000000cc   00000000    rw- .bss
2000fe00    2000fe00    00000200   00000000    rw-
  2000fe00    2000fe00    00000200   00000000    rw- .stack


SECTION ALLOCATION MAP

 output                                  attributes/
section   page    origin      length       input sections
--------  ----  ----------  ----------   ----------------
.intvecs   0    00000000    00000140     
                  00000000    00000140     startup_msp432p401r_ccs.obj (.intvecs:retain)

.binit     0    00000000    00000000     

.text      0    00000140    00004538     
                  00000140    0000113a     rtsv7M4_T_le_v4SPD16_eabi.lib : _printfi.obj (.text)
                  0000127a    00000002                                   : mpu_init.obj (.text)
                  0000127c    000007be     HAL_BQ27441.obj (.text)
                  00001a3a    00000002     rtsv7M4_T_le_v4SPD16_eabi.lib : startup.obj (.text)
                  00001a3c    000007a8     i2c.obj (.text)
                  000021e4    00000480     gpio.obj (.text)
                  00002664    00000454     main.obj (.text)
                  00002ab8    0000041c     uart.obj (.text)
                  00002ed4    000003f0     interrupt.obj (.text)
                  000032c4    00000328     system_msp432p401r.obj (.text)
                  000035ec    000001f4     rtsv7M4_T_le_v4SPD16_eabi.lib : ull_div_t2.obj (.text)
                  000037e0    000001d4     HAL_I2C.obj (.text)
                  000039b4    000001b6     rtsv7M4_T_le_v4SPD16_eabi.lib : fd_add_t2.obj (.text)
                  00003b6a    00000136                                   : fd_div_t2.obj (.text)
                  00003ca0    000000fc                                   : fd_mul_t2.obj (.text)
                  00003d9c    000000fc                                   : s_scalbn.obj (.text)
                  00003e98    000000d0     HAL_UART.obj (.text)
                  00003f68    0000009c     rtsv7M4_T_le_v4SPD16_eabi.lib : memcpy_t2.obj (.text)
                  00004004    00000086                                   : fd_cmp_t2.obj (.text:__aeabi_cdcmple)
                  0000408a    00000086                                   : fd_cmp_t2.obj (.text:__aeabi_cdrcmple)
                  00004110    0000007a                                   : memset_t2.obj (.text)
                  0000418a    00000002     --HOLE-- [fill = 0]
                  0000418c    00000070                                   : autoinit.obj (.text)
                  000041fc    00000068                                   : copy_decompress_lzss.obj (.text:decompress:lzss)
                  00004264    00000064                                   : s_frexp.obj (.text)
                  000042c8    00000060                                   : sprintf.obj (.text)
                  00004328    00000056                                   : ltoa.obj (.text)
                  0000437e    00000002     --HOLE-- [fill = 0]
                  00004380    00000054                                   : boot.obj (.text)
                  000043d4    00000054                                   : exit.obj (.text)
                  00004428    0000004c                                   : atoi.obj (.text)
                  00004474    0000004c                                   : cpy_tbl.obj (.text)
                  000044c0    0000004c                                   : rand.obj (.text)
                  0000450c    00000048                                   : fd_toi_t2.obj (.text)
                  00004554    0000003e     cpu.obj (.text)
                  00004592    0000002e     rtsv7M4_T_le_v4SPD16_eabi.lib : i_tofd_t2.obj (.text)
                  000045c0    0000001c                                   : memccpy.obj (.text)
                  000045dc    00000018                                   : args_main.obj (.text)
                  000045f4    00000016                                   : strchr.obj (.text)
                  0000460a    00000002     --HOLE-- [fill = 0]
                  0000460c    00000014                                   : _lock.obj (.text)
                  00004620    00000014                                   : s_copysign.obj (.text)
                  00004634    00000014                                   : strlen.obj (.text)
                  00004648    00000012     startup_msp432p401r_ccs.obj (.text)
                  0000465a    0000000e     rtsv7M4_T_le_v4SPD16_eabi.lib : copy_decompress_none.obj (.text:decompress:none)
                  00004668    0000000c                                   : copy_zero_init.obj (.text:decompress:ZI)
                  00004674    00000004                                   : pre_init.obj (.text)

.const     0    00004678    0000020c     
                  00004678    00000101     rtsv7M4_T_le_v4SPD16_eabi.lib : ctype.obj (.const:.string:_ctypes_)
                  00004779    00000003     --HOLE-- [fill = 0]
                  0000477c    00000050     interrupt.obj (.const:g_pulRegs)
                  000047cc    00000024     HAL_UART.obj (.const:uartConfig)
                  000047f0    00000024     HAL_UART.obj (.const:uartConfigGps)
                  00004814    00000020     interrupt.obj (.const:g_pulPriority)
                  00004834    0000001c     gpio.obj (.const:GPIO_PORT_TO_INT)
                  00004850    00000014     HAL_I2C.obj (.const:i2cConfig)
                  00004864    00000008     interrupt.obj (.const:g_pulDisRegs)
                  0000486c    00000008     interrupt.obj (.const:g_pulEnRegs)
                  00004874    00000008     interrupt.obj (.const:g_pulPendRegs)
                  0000487c    00000008     interrupt.obj (.const:g_pulUnpendRegs)

.cinit     0    00004888    000000e8     
                  00004888    000000b4     (.cinit..data.load) [load image, compression = lzss]
                  0000493c    0000000c     (__TI_handler_table)
                  00004948    00000008     (.cinit..bss.load) [load image, compression = zero_init]
                  00004950    00000008     (.cinit..vtable.load) [load image, compression = zero_init]
                  00004958    00000018     (__TI_cinit_table)

.init_array 
*          0    00000000    00000000     UNINITIALIZED

.vtable    0    20000000    000000e4     UNINITIALIZED
                  20000000    000000e4     interrupt.obj (.vtable)

.data      0    200000e4    00000108     UNINITIALIZED
                  200000e4    00000030     gpio.obj (.data:GPIO_PORT_TO_BASE)
                  20000114    00000014     main.obj (.data:rootUrl)
                  20000128    0000000f     main.obj (.data:QIFGCNT)
                  20000137    0000000e     main.obj (.data:QICSGP)
                  20000145    0000000e     main.obj (.data:QIREGAPP)
                  20000153    0000000d     main.obj (.data:QIDEACT)
                  20000160    0000000c     rtsv7M4_T_le_v4SPD16_eabi.lib : exit.obj (.data:$O1$$)
                  2000016c    0000000c     main.obj (.data:CGREG)
                  20000178    0000000b     main.obj (.data:COPS)
                  20000183    0000000b     main.obj (.data:CPIN)
                  2000018e    0000000b     main.obj (.data:CREG)
                  20000199    0000000b     main.obj (.data:QIACT)
                  200001a4    00000009     main.obj (.data:CSQ)
                  200001ad    00000003     --HOLE--
                  200001b0    00000008     rtsv7M4_T_le_v4SPD16_eabi.lib : _lock.obj (.data:$O1$$)
                  200001b8    00000008     main.obj (.data:CMNET)
                  200001c0    00000007     main.obj (.data:ATE1)
                  200001c7    00000007     main.obj (.data:ATV1)
                  200001ce    00000005     main.obj (.data:at)
                  200001d3    00000001     --HOLE--
                  200001d4    00000005     main.obj (.data)
                  200001d9    00000003     --HOLE--
                  200001dc    00000004     rtsv7M4_T_le_v4SPD16_eabi.lib : errno.obj (.data)
                  200001e0    00000004                                   : rand.obj (.data)
                  200001e4    00000004                                   : stkdepth_vars.obj (.data)
                  200001e8    00000004     system_msp432p401r.obj (.data)

.bss       0    200001ec    000000cc     UNINITIALIZED
                  200001ec    00000064     (.common:temp)
                  20000250    00000064     (.common:temp2)
                  200002b4    00000004     (.common:getUrl)

.stack     0    2000fe00    00000200     UNINITIALIZED
                  2000fe00    00000200     --HOLE--

MODULE SUMMARY

       Module                        code    ro data   rw data
       ------                        ----    -------   -------
    .\
       HAL_BQ27441.obj               1982    0         0      
       main.obj                      1108    0         754    
       system_msp432p401r.obj        808     0         8      
       HAL_I2C.obj                   468     20        0      
       startup_msp432p401r_ccs.obj   18      320       0      
       HAL_UART.obj                  208     72        0      
    +--+-----------------------------+-------+---------+---------+
       Total:                        4592    412       762    
                                                              
    .\driverlib\MSP432P4xx\
       i2c.obj                       1960    0         0      
       interrupt.obj                 1008    144       456    
       gpio.obj                      1152    28        96     
       uart.obj                      1052    0         0      
       cpu.obj                       62      0         0      
    +--+-----------------------------+-------+---------+---------+
       Total:                        5234    172       552    
                                                              
    C:\ti\ccsv7\tools\compiler\ti-cgt-arm_16.9.0.LTS\lib\rtsv7M4_T_le_v4SPD16_eabi.lib
       _printfi.obj                  4410    0         0      
       ull_div_t2.obj                500     0         0      
       fd_add_t2.obj                 438     0         0      
       fd_div_t2.obj                 310     0         0      
       fd_cmp_t2.obj                 268     0         0      
       ctype.obj                     0       257       0      
       fd_mul_t2.obj                 252     0         0      
       s_scalbn.obj                  252     0         0      
       memcpy_t2.obj                 156     0         0      
       memset_t2.obj                 122     0         0      
       autoinit.obj                  112     0         0      
       exit.obj                      84      0         24     
       copy_decompress_lzss.obj      104     0         0      
       s_frexp.obj                   100     0         0      
       sprintf.obj                   96      0         0      
       ltoa.obj                      86      0         0      
       boot.obj                      84      0         0      
       rand.obj                      76      0         8      
       atoi.obj                      76      0         0      
       cpy_tbl.obj                   76      0         0      
       fd_toi_t2.obj                 72      0         0      
       i_tofd_t2.obj                 46      0         0      
       _lock.obj                     20      0         16     
       memccpy.obj                   28      0         0      
       args_main.obj                 24      0         0      
       strchr.obj                    22      0         0      
       s_copysign.obj                20      0         0      
       strlen.obj                    20      0         0      
       copy_decompress_none.obj      14      0         0      
       copy_zero_init.obj            12      0         0      
       errno.obj                     0       0         8      
       stkdepth_vars.obj             0       0         8      
       pre_init.obj                  4       0         0      
       mpu_init.obj                  2       0         0      
       startup.obj                   2       0         0      
    +--+-----------------------------+-------+---------+---------+
       Total:                        7888    257       64     
                                                              
       Stack:                        0       0         1024   
       Linker Generated:             0       232       0      
    +--+-----------------------------+-------+---------+---------+
       Grand Total:                  17714   1073      2402   


LINKER GENERATED COPY TABLES

__TI_cinit_table @ 00004958 records: 3, size/record: 8, table size: 24
	.data: load addr=00004888, load size=000000b4 bytes, run addr=200000e4, run size=00000108 bytes, compression=lzss
	.bss: load addr=00004948, load size=00000008 bytes, run addr=200001ec, run size=000000cc bytes, compression=zero_init
	.vtable: load addr=00004950, load size=00000008 bytes, run addr=20000000, run size=000000e4 bytes, compression=zero_init


LINKER GENERATED HANDLER TABLE

__TI_handler_table @ 0000493c records: 3, size/record: 4, table size: 12
	index: 0, handler: __TI_zero_init
	index: 1, handler: __TI_decompress_lzss
	index: 2, handler: __TI_decompress_none


GLOBAL SYMBOLS: SORTED ALPHABETICALLY BY Name 

address   name                                       
-------   ----                                       
200001c0  ATE1                                       
200001c7  ATV1                                       
000018df  BQ27441_command                            
00001879  BQ27441_control                            
000018a1  BQ27441_controlRead                        
0000127d  BQ27441_initConfig                         
0000169d  BQ27441_initOpConfig                       
00001939  BQ27441_read16                             
000019b1  BQ27441_readChecksum                       
00001909  BQ27441_write16                            
000043d5  C$$EXIT                                    
2000016c  CGREG                                      
200001b8  CMNET                                      
20000178  COPS                                       
20000183  CPIN                                       
00004589  CPU_basepriGet                             
0000457b  CPU_basepriSet                             
00004555  CPU_cpsid                                  
0000456b  CPU_cpsie                                  
00004561  CPU_primask                                
00004577  CPU_wfi                                    
2000018e  CREG                                       
200001a4  CSQ                                        
000027a7  CS_init                                    
00002507  GPIO_clearInterruptFlag                    
000024c7  GPIO_disableInterrupt                      
000024a5  GPIO_enableInterrupt                       
0000255f  GPIO_getEnabledInterruptStatus             
00002477  GPIO_getInputPinValue                      
000024e9  GPIO_getInterruptStatus                    
00002821  GPIO_init                                  
00002529  GPIO_interruptEdgeSelect                   
0000261f  GPIO_registerInterrupt                     
0000221f  GPIO_setAsInputPin                         
000023d3  GPIO_setAsInputPinWithPullDownResistor     
00002425  GPIO_setAsInputPinWithPullUpResistor       
000021e5  GPIO_setAsOutputPin                        
000022e9  GPIO_setAsPeripheralModuleFunctionInputPin 
00002265  GPIO_setAsPeripheralModuleFunctionOutputPin
000025db  GPIO_setDriveStrengthHigh                  
000025fd  GPIO_setDriveStrengthLow                   
0000236d  GPIO_setOutputHighOnPin                    
0000238f  GPIO_setOutputLowOnPin                     
000023b1  GPIO_toggleOutputOnPin                     
0000263f  GPIO_unregisterInterrupt                   
0000209d  I2C_clearInterruptFlag                     
00002087  I2C_disableInterrupt                       
00001aef  I2C_disableModule                          
00002051  I2C_disableMultiMasterMode                 
00002071  I2C_enableInterrupt                        
00001ad9  I2C_enableModule                           
00002031  I2C_enableMultiMasterMode                  
000020cb  I2C_getEnabledInterruptStatus              
000020b3  I2C_getInterruptStatus                     
000020db  I2C_getMode                                
00001fd7  I2C_getReceiveBufferAddressForDMA          
00001fe5  I2C_getTransmitBufferAddressForDMA         
000037f9  I2C_init                                   
000037e1  I2C_initGPIO                               
00001a3d  I2C_initMaster                             
00001a9f  I2C_initSlave                              
00001b93  I2C_isBusBusy                              
00002005  I2C_masterIsStartSent                      
00001ff3  I2C_masterIsStopSent                       
00001efd  I2C_masterReceiveMultiByteFinish           
00001f3b  I2C_masterReceiveMultiByteFinishWithTimeout
00001ee5  I2C_masterReceiveMultiByteNext             
00001f99  I2C_masterReceiveMultiByteStop             
00001fad  I2C_masterReceiveSingle                    
00001b35  I2C_masterReceiveSingleByte                
00001ecb  I2C_masterReceiveStart                     
00001dab  I2C_masterSendMultiByteFinish              
00001df9  I2C_masterSendMultiByteFinishWithTimeout   
00001d41  I2C_masterSendMultiByteNext                
00001d6d  I2C_masterSendMultiByteNextWithTimeout     
00001c97  I2C_masterSendMultiByteStart               
00001ce5  I2C_masterSendMultiByteStartWithTimeout    
00001e65  I2C_masterSendMultiByteStop                
00001e8f  I2C_masterSendMultiByteStopWithTimeout     
00001ba5  I2C_masterSendSingleByte                   
00001c0b  I2C_masterSendSingleByteWithTimeout        
0000201d  I2C_masterSendStart                        
000038fb  I2C_read16                                 
000038b3  I2C_read8                                  
000020f1  I2C_registerInterrupt                      
00001b19  I2C_setMode                                
00001b05  I2C_setSlaveAddress                        
00003991  I2C_setslave                               
00001b7f  I2C_slaveGetData                           
00001b69  I2C_slavePutData                           
000021b3  I2C_slaveSendNAK                           
00002157  I2C_unregisterInterrupt                    
00003855  I2C_write16                                
00003811  I2C_write8                                 
00003097  Interrupt_disableInterrupt                 
00002ee7  Interrupt_disableMaster                    
00003295  Interrupt_disableSleepOnIsrExit            
00003025  Interrupt_enableInterrupt                  
00002ed7  Interrupt_enableMaster                     
00003283  Interrupt_enableSleepOnIsrExit             
00002fff  Interrupt_getPriority                      
00002f77  Interrupt_getPriorityGrouping              
00003263  Interrupt_getPriorityMask                  
0000327d  Interrupt_getVectorTableAddress            
00003109  Interrupt_isEnabled                        
00003195  Interrupt_pendInterrupt                    
00002ef7  Interrupt_registerInterrupt                
00002faf  Interrupt_setPriority                      
00002f5d  Interrupt_setPriorityGrouping              
00003253  Interrupt_setPriorityMask                  
0000326d  Interrupt_setVectorTableAddress            
00003205  Interrupt_unpendInterrupt                  
00002f49  Interrupt_unregisterInterrupt              
20000199  QIACT                                      
20000137  QICSGP                                     
20000153  QIDEACT                                    
20000128  QIFGCNT                                    
20000145  QIREGAPP                                   
200001d8  Range                                      
UNDEFED   SHT$$INIT_ARRAY$$Base                      
UNDEFED   SHT$$INIT_ARRAY$$Limit                     
200001e8  SystemCoreClock                            
000032c5  SystemCoreClockUpdate                      
00003539  SystemInit                                 
00002dcd  UART_clearInterruptFlag                    
00002d25  UART_disableInterrupt                      
00002c07  UART_disableModule                         
00002cf5  UART_enableInterrupt                       
00002bf1  UART_enableModule                          
00002d71  UART_getEnabledInterruptStatus             
00002d55  UART_getInterruptStatus                    
00002cbd  UART_getReceiveBufferAddressForDMA         
00002ccb  UART_getTransmitBufferAddressForDMA        
00003ebd  UART_init                                  
00003e99  UART_initGPIO                              
00002ab9  UART_initModule                            
00002c1d  UART_queryStatusFlags                      
00002bcb  UART_receiveData                           
00002ded  UART_registerInterrupt                     
00002c45  UART_resetDormant                          
00002cd9  UART_selectDeglitchTime                    
00002c31  UART_setDormant                            
00002c59  UART_transmitAddress                       
00002c77  UART_transmitBreak                         
00002ba1  UART_transmitData                          
00003ef5  UART_transmitString                        
00002e69  UART_unregisterInterrupt                   
4000480c  WDTCTL_SYM                                 
20010000  __STACK_END                                
00000200  __STACK_SIZE                               
00004958  __TI_CINIT_Base                            
00004970  __TI_CINIT_Limit                           
0000493c  __TI_Handler_Table_Base                    
00004948  __TI_Handler_Table_Limit                   
0000418d  __TI_auto_init                             
20000160  __TI_cleanup_ptr                           
000041fd  __TI_decompress_lzss                       
0000465b  __TI_decompress_none                       
20000164  __TI_dtors_ptr                             
20000168  __TI_enable_exit_profile_output            
ffffffff  __TI_pprof_out_hndl                        
00000981  __TI_printfi                               
ffffffff  __TI_prof_data_size                        
ffffffff  __TI_prof_data_start                       
00000000  __TI_static_base__                         
00004669  __TI_zero_init                             
00004005  __aeabi_cdcmpeq                            
00004005  __aeabi_cdcmple                            
0000408b  __aeabi_cdrcmple                           
0000450d  __aeabi_d2iz                               
000039bf  __aeabi_dadd                               
00003b6b  __aeabi_ddiv                               
00003ca1  __aeabi_dmul                               
000039b5  __aeabi_dsub                               
00004593  __aeabi_i2d                                
00004111  __aeabi_memclr                             
00004111  __aeabi_memclr4                            
00004111  __aeabi_memclr8                            
00003f69  __aeabi_memcpy                             
00003f69  __aeabi_memcpy4                            
00003f69  __aeabi_memcpy8                            
00004113  __aeabi_memset                             
00004113  __aeabi_memset4                            
00004113  __aeabi_memset8                            
000035ed  __aeabi_uldivmod                           
ffffffff  __binit__                                  
ffffffff  __c_args__                                 
0000127b  __mpu_init                                 
2000fe00  __stack                                    
000045dd  _args_main                                 
00004381  _c_int00                                   
00004678  _ctypes_                                   
200001b0  _lock                                      
0000461b  _nop                                       
00004613  _register_lock                             
0000460d  _register_unlock                           
00001a3b  _system_post_cinit                         
00004675  _system_pre_init                           
200001b4  _unlock                                    
000043d9  abort                                      
200001ce  at                                         
00004429  atoi                                       
ffffffff  binit                                      
00004475  copy_in                                    
00004621  copysign                                   
00004621  copysignl                                  
200001dc  errno                                      
000043e1  exit                                       
00004265  frexp                                      
00004265  frexpl                                     
20000000  g_pfnRAMVectors                            
200002b4  getUrl                                     
000028f5  gprsInit                                   
0000292f  gsmInit                                    
00004850  i2cConfig                                  
200001d4  idx                                        
00000000  interruptVectors                           
00003d9d  ldexp                                      
00003d9d  ldexpl                                     
00004329  ltoa                                       
00002665  main                                       
200001e4  main_func_sp                               
000045c1  memccpy                                    
00003f69  memcpy                                     
00004119  memset                                     
000044d7  rand                                       
20000114  rootUrl                                    
00003d9d  scalbn                                     
00003d9d  scalbnl                                    
00003f0f  serialTx0                                  
00003f2f  serialTx1                                  
000042c9  sprintf                                    
000044c1  srand                                      
000045f5  strchr                                     
00004635  strlen                                     
200001ec  temp                                       
20000250  temp2                                      
000047cc  uartConfig                                 
000047f0  uartConfigGps                              


GLOBAL SYMBOLS: SORTED BY Symbol Address 

address   name                                       
-------   ----                                       
00000000  __TI_static_base__                         
00000000  interruptVectors                           
00000200  __STACK_SIZE                               
00000981  __TI_printfi                               
0000127b  __mpu_init                                 
0000127d  BQ27441_initConfig                         
0000169d  BQ27441_initOpConfig                       
00001879  BQ27441_control                            
000018a1  BQ27441_controlRead                        
000018df  BQ27441_command                            
00001909  BQ27441_write16                            
00001939  BQ27441_read16                             
000019b1  BQ27441_readChecksum                       
00001a3b  _system_post_cinit                         
00001a3d  I2C_initMaster                             
00001a9f  I2C_initSlave                              
00001ad9  I2C_enableModule                           
00001aef  I2C_disableModule                          
00001b05  I2C_setSlaveAddress                        
00001b19  I2C_setMode                                
00001b35  I2C_masterReceiveSingleByte                
00001b69  I2C_slavePutData                           
00001b7f  I2C_slaveGetData                           
00001b93  I2C_isBusBusy                              
00001ba5  I2C_masterSendSingleByte                   
00001c0b  I2C_masterSendSingleByteWithTimeout        
00001c97  I2C_masterSendMultiByteStart               
00001ce5  I2C_masterSendMultiByteStartWithTimeout    
00001d41  I2C_masterSendMultiByteNext                
00001d6d  I2C_masterSendMultiByteNextWithTimeout     
00001dab  I2C_masterSendMultiByteFinish              
00001df9  I2C_masterSendMultiByteFinishWithTimeout   
00001e65  I2C_masterSendMultiByteStop                
00001e8f  I2C_masterSendMultiByteStopWithTimeout     
00001ecb  I2C_masterReceiveStart                     
00001ee5  I2C_masterReceiveMultiByteNext             
00001efd  I2C_masterReceiveMultiByteFinish           
00001f3b  I2C_masterReceiveMultiByteFinishWithTimeout
00001f99  I2C_masterReceiveMultiByteStop             
00001fad  I2C_masterReceiveSingle                    
00001fd7  I2C_getReceiveBufferAddressForDMA          
00001fe5  I2C_getTransmitBufferAddressForDMA         
00001ff3  I2C_masterIsStopSent                       
00002005  I2C_masterIsStartSent                      
0000201d  I2C_masterSendStart                        
00002031  I2C_enableMultiMasterMode                  
00002051  I2C_disableMultiMasterMode                 
00002071  I2C_enableInterrupt                        
00002087  I2C_disableInterrupt                       
0000209d  I2C_clearInterruptFlag                     
000020b3  I2C_getInterruptStatus                     
000020cb  I2C_getEnabledInterruptStatus              
000020db  I2C_getMode                                
000020f1  I2C_registerInterrupt                      
00002157  I2C_unregisterInterrupt                    
000021b3  I2C_slaveSendNAK                           
000021e5  GPIO_setAsOutputPin                        
0000221f  GPIO_setAsInputPin                         
00002265  GPIO_setAsPeripheralModuleFunctionOutputPin
000022e9  GPIO_setAsPeripheralModuleFunctionInputPin 
0000236d  GPIO_setOutputHighOnPin                    
0000238f  GPIO_setOutputLowOnPin                     
000023b1  GPIO_toggleOutputOnPin                     
000023d3  GPIO_setAsInputPinWithPullDownResistor     
00002425  GPIO_setAsInputPinWithPullUpResistor       
00002477  GPIO_getInputPinValue                      
000024a5  GPIO_enableInterrupt                       
000024c7  GPIO_disableInterrupt                      
000024e9  GPIO_getInterruptStatus                    
00002507  GPIO_clearInterruptFlag                    
00002529  GPIO_interruptEdgeSelect                   
0000255f  GPIO_getEnabledInterruptStatus             
000025db  GPIO_setDriveStrengthHigh                  
000025fd  GPIO_setDriveStrengthLow                   
0000261f  GPIO_registerInterrupt                     
0000263f  GPIO_unregisterInterrupt                   
00002665  main                                       
000027a7  CS_init                                    
00002821  GPIO_init                                  
000028f5  gprsInit                                   
0000292f  gsmInit                                    
00002ab9  UART_initModule                            
00002ba1  UART_transmitData                          
00002bcb  UART_receiveData                           
00002bf1  UART_enableModule                          
00002c07  UART_disableModule                         
00002c1d  UART_queryStatusFlags                      
00002c31  UART_setDormant                            
00002c45  UART_resetDormant                          
00002c59  UART_transmitAddress                       
00002c77  UART_transmitBreak                         
00002cbd  UART_getReceiveBufferAddressForDMA         
00002ccb  UART_getTransmitBufferAddressForDMA        
00002cd9  UART_selectDeglitchTime                    
00002cf5  UART_enableInterrupt                       
00002d25  UART_disableInterrupt                      
00002d55  UART_getInterruptStatus                    
00002d71  UART_getEnabledInterruptStatus             
00002dcd  UART_clearInterruptFlag                    
00002ded  UART_registerInterrupt                     
00002e69  UART_unregisterInterrupt                   
00002ed7  Interrupt_enableMaster                     
00002ee7  Interrupt_disableMaster                    
00002ef7  Interrupt_registerInterrupt                
00002f49  Interrupt_unregisterInterrupt              
00002f5d  Interrupt_setPriorityGrouping              
00002f77  Interrupt_getPriorityGrouping              
00002faf  Interrupt_setPriority                      
00002fff  Interrupt_getPriority                      
00003025  Interrupt_enableInterrupt                  
00003097  Interrupt_disableInterrupt                 
00003109  Interrupt_isEnabled                        
00003195  Interrupt_pendInterrupt                    
00003205  Interrupt_unpendInterrupt                  
00003253  Interrupt_setPriorityMask                  
00003263  Interrupt_getPriorityMask                  
0000326d  Interrupt_setVectorTableAddress            
0000327d  Interrupt_getVectorTableAddress            
00003283  Interrupt_enableSleepOnIsrExit             
00003295  Interrupt_disableSleepOnIsrExit            
000032c5  SystemCoreClockUpdate                      
00003539  SystemInit                                 
000035ed  __aeabi_uldivmod                           
000037e1  I2C_initGPIO                               
000037f9  I2C_init                                   
00003811  I2C_write8                                 
00003855  I2C_write16                                
000038b3  I2C_read8                                  
000038fb  I2C_read16                                 
00003991  I2C_setslave                               
000039b5  __aeabi_dsub                               
000039bf  __aeabi_dadd                               
00003b6b  __aeabi_ddiv                               
00003ca1  __aeabi_dmul                               
00003d9d  ldexp                                      
00003d9d  ldexpl                                     
00003d9d  scalbn                                     
00003d9d  scalbnl                                    
00003e99  UART_initGPIO                              
00003ebd  UART_init                                  
00003ef5  UART_transmitString                        
00003f0f  serialTx0                                  
00003f2f  serialTx1                                  
00003f69  __aeabi_memcpy                             
00003f69  __aeabi_memcpy4                            
00003f69  __aeabi_memcpy8                            
00003f69  memcpy                                     
00004005  __aeabi_cdcmpeq                            
00004005  __aeabi_cdcmple                            
0000408b  __aeabi_cdrcmple                           
00004111  __aeabi_memclr                             
00004111  __aeabi_memclr4                            
00004111  __aeabi_memclr8                            
00004113  __aeabi_memset                             
00004113  __aeabi_memset4                            
00004113  __aeabi_memset8                            
00004119  memset                                     
0000418d  __TI_auto_init                             
000041fd  __TI_decompress_lzss                       
00004265  frexp                                      
00004265  frexpl                                     
000042c9  sprintf                                    
00004329  ltoa                                       
00004381  _c_int00                                   
000043d5  C$$EXIT                                    
000043d9  abort                                      
000043e1  exit                                       
00004429  atoi                                       
00004475  copy_in                                    
000044c1  srand                                      
000044d7  rand                                       
0000450d  __aeabi_d2iz                               
00004555  CPU_cpsid                                  
00004561  CPU_primask                                
0000456b  CPU_cpsie                                  
00004577  CPU_wfi                                    
0000457b  CPU_basepriSet                             
00004589  CPU_basepriGet                             
00004593  __aeabi_i2d                                
000045c1  memccpy                                    
000045dd  _args_main                                 
000045f5  strchr                                     
0000460d  _register_unlock                           
00004613  _register_lock                             
0000461b  _nop                                       
00004621  copysign                                   
00004621  copysignl                                  
00004635  strlen                                     
0000465b  __TI_decompress_none                       
00004669  __TI_zero_init                             
00004675  _system_pre_init                           
00004678  _ctypes_                                   
000047cc  uartConfig                                 
000047f0  uartConfigGps                              
00004850  i2cConfig                                  
0000493c  __TI_Handler_Table_Base                    
00004948  __TI_Handler_Table_Limit                   
00004958  __TI_CINIT_Base                            
00004970  __TI_CINIT_Limit                           
20000000  g_pfnRAMVectors                            
20000114  rootUrl                                    
20000128  QIFGCNT                                    
20000137  QICSGP                                     
20000145  QIREGAPP                                   
20000153  QIDEACT                                    
20000160  __TI_cleanup_ptr                           
20000164  __TI_dtors_ptr                             
20000168  __TI_enable_exit_profile_output            
2000016c  CGREG                                      
20000178  COPS                                       
20000183  CPIN                                       
2000018e  CREG                                       
20000199  QIACT                                      
200001a4  CSQ                                        
200001b0  _lock                                      
200001b4  _unlock                                    
200001b8  CMNET                                      
200001c0  ATE1                                       
200001c7  ATV1                                       
200001ce  at                                         
200001d4  idx                                        
200001d8  Range                                      
200001dc  errno                                      
200001e4  main_func_sp                               
200001e8  SystemCoreClock                            
200001ec  temp                                       
20000250  temp2                                      
200002b4  getUrl                                     
2000fe00  __stack                                    
20010000  __STACK_END                                
4000480c  WDTCTL_SYM                                 
ffffffff  __TI_pprof_out_hndl                        
ffffffff  __TI_prof_data_size                        
ffffffff  __TI_prof_data_start                       
ffffffff  __binit__                                  
ffffffff  __c_args__                                 
ffffffff  binit                                      
UNDEFED   SHT$$INIT_ARRAY$$Base                      
UNDEFED   SHT$$INIT_ARRAY$$Limit                     

[239 symbols]
