<?xml version="1.0"?>
<link_info>
   <banner>TI ARM Linker PC v16.9.0.LTS</banner>
   <copyright>Copyright (c) 1996-2015 Texas Instruments Incorporated</copyright>
   <link_time>0x58a04946</link_time>
   <link_errors>0x0</link_errors>
   <output_file>MSP432_GPS_GPRS_Fuel_Gauge.out</output_file>
   <entry_point>
      <name>_c_int00</name>
      <address>0x4665</address>
   </entry_point>
   <input_file_list>
      <input_file id="fl-2">
         <path>.\</path>
         <kind>object</kind>
         <file>HAL_BQ27441.obj</file>
         <name>HAL_BQ27441.obj</name>
      </input_file>
      <input_file id="fl-3">
         <path>.\</path>
         <kind>object</kind>
         <file>HAL_I2C.obj</file>
         <name>HAL_I2C.obj</name>
      </input_file>
      <input_file id="fl-4">
         <path>.\</path>
         <kind>object</kind>
         <file>HAL_UART.obj</file>
         <name>HAL_UART.obj</name>
      </input_file>
      <input_file id="fl-5">
         <path>.\</path>
         <kind>object</kind>
         <file>main.obj</file>
         <name>main.obj</name>
      </input_file>
      <input_file id="fl-6">
         <path>.\</path>
         <kind>object</kind>
         <file>startup_msp432p401r_ccs.obj</file>
         <name>startup_msp432p401r_ccs.obj</name>
      </input_file>
      <input_file id="fl-7">
         <path>.\</path>
         <kind>object</kind>
         <file>system_msp432p401r.obj</file>
         <name>system_msp432p401r.obj</name>
      </input_file>
      <input_file id="fl-8">
         <path>.\driverlib\MSP432P4xx\</path>
         <kind>object</kind>
         <file>adc14.obj</file>
         <name>adc14.obj</name>
      </input_file>
      <input_file id="fl-9">
         <path>.\driverlib\MSP432P4xx\</path>
         <kind>object</kind>
         <file>aes256.obj</file>
         <name>aes256.obj</name>
      </input_file>
      <input_file id="fl-a">
         <path>.\driverlib\MSP432P4xx\</path>
         <kind>object</kind>
         <file>comp_e.obj</file>
         <name>comp_e.obj</name>
      </input_file>
      <input_file id="fl-b">
         <path>.\driverlib\MSP432P4xx\</path>
         <kind>object</kind>
         <file>cpu.obj</file>
         <name>cpu.obj</name>
      </input_file>
      <input_file id="fl-c">
         <path>.\driverlib\MSP432P4xx\</path>
         <kind>object</kind>
         <file>crc32.obj</file>
         <name>crc32.obj</name>
      </input_file>
      <input_file id="fl-d">
         <path>.\driverlib\MSP432P4xx\</path>
         <kind>object</kind>
         <file>cs.obj</file>
         <name>cs.obj</name>
      </input_file>
      <input_file id="fl-e">
         <path>.\driverlib\MSP432P4xx\</path>
         <kind>object</kind>
         <file>dma.obj</file>
         <name>dma.obj</name>
      </input_file>
      <input_file id="fl-f">
         <path>.\driverlib\MSP432P4xx\</path>
         <kind>object</kind>
         <file>flash.obj</file>
         <name>flash.obj</name>
      </input_file>
      <input_file id="fl-10">
         <path>.\driverlib\MSP432P4xx\</path>
         <kind>object</kind>
         <file>fpu.obj</file>
         <name>fpu.obj</name>
      </input_file>
      <input_file id="fl-11">
         <path>.\driverlib\MSP432P4xx\</path>
         <kind>object</kind>
         <file>gpio.obj</file>
         <name>gpio.obj</name>
      </input_file>
      <input_file id="fl-12">
         <path>.\driverlib\MSP432P4xx\</path>
         <kind>object</kind>
         <file>i2c.obj</file>
         <name>i2c.obj</name>
      </input_file>
      <input_file id="fl-13">
         <path>.\driverlib\MSP432P4xx\</path>
         <kind>object</kind>
         <file>interrupt.obj</file>
         <name>interrupt.obj</name>
      </input_file>
      <input_file id="fl-14">
         <path>.\driverlib\MSP432P4xx\</path>
         <kind>object</kind>
         <file>mpu.obj</file>
         <name>mpu.obj</name>
      </input_file>
      <input_file id="fl-15">
         <path>.\driverlib\MSP432P4xx\</path>
         <kind>object</kind>
         <file>pcm.obj</file>
         <name>pcm.obj</name>
      </input_file>
      <input_file id="fl-16">
         <path>.\driverlib\MSP432P4xx\</path>
         <kind>object</kind>
         <file>pmap.obj</file>
         <name>pmap.obj</name>
      </input_file>
      <input_file id="fl-17">
         <path>.\driverlib\MSP432P4xx\</path>
         <kind>object</kind>
         <file>pss.obj</file>
         <name>pss.obj</name>
      </input_file>
      <input_file id="fl-18">
         <path>.\driverlib\MSP432P4xx\</path>
         <kind>object</kind>
         <file>ref_a.obj</file>
         <name>ref_a.obj</name>
      </input_file>
      <input_file id="fl-19">
         <path>.\driverlib\MSP432P4xx\</path>
         <kind>object</kind>
         <file>reset.obj</file>
         <name>reset.obj</name>
      </input_file>
      <input_file id="fl-1a">
         <path>.\driverlib\MSP432P4xx\</path>
         <kind>object</kind>
         <file>rtc_c.obj</file>
         <name>rtc_c.obj</name>
      </input_file>
      <input_file id="fl-1b">
         <path>.\driverlib\MSP432P4xx\</path>
         <kind>object</kind>
         <file>spi.obj</file>
         <name>spi.obj</name>
      </input_file>
      <input_file id="fl-1c">
         <path>.\driverlib\MSP432P4xx\</path>
         <kind>object</kind>
         <file>sysctl.obj</file>
         <name>sysctl.obj</name>
      </input_file>
      <input_file id="fl-1d">
         <path>.\driverlib\MSP432P4xx\</path>
         <kind>object</kind>
         <file>systick.obj</file>
         <name>systick.obj</name>
      </input_file>
      <input_file id="fl-1e">
         <path>.\driverlib\MSP432P4xx\</path>
         <kind>object</kind>
         <file>timer32.obj</file>
         <name>timer32.obj</name>
      </input_file>
      <input_file id="fl-1f">
         <path>.\driverlib\MSP432P4xx\</path>
         <kind>object</kind>
         <file>timer_a.obj</file>
         <name>timer_a.obj</name>
      </input_file>
      <input_file id="fl-20">
         <path>.\driverlib\MSP432P4xx\</path>
         <kind>object</kind>
         <file>uart.obj</file>
         <name>uart.obj</name>
      </input_file>
      <input_file id="fl-21">
         <path>.\driverlib\MSP432P4xx\</path>
         <kind>object</kind>
         <file>wdt_a.obj</file>
         <name>wdt_a.obj</name>
      </input_file>
      <input_file id="fl-db">
         <path>C:\ti\ccsv7\tools\compiler\ti-cgt-arm_16.9.0.LTS\lib\</path>
         <kind>archive</kind>
         <file>rtsv7M4_T_le_v4SPD16_eabi.lib</file>
         <name>boot.obj</name>
      </input_file>
      <input_file id="fl-dc">
         <path>C:\ti\ccsv7\tools\compiler\ti-cgt-arm_16.9.0.LTS\lib\</path>
         <kind>archive</kind>
         <file>rtsv7M4_T_le_v4SPD16_eabi.lib</file>
         <name>copy_decompress_lzss.obj</name>
      </input_file>
      <input_file id="fl-dd">
         <path>C:\ti\ccsv7\tools\compiler\ti-cgt-arm_16.9.0.LTS\lib\</path>
         <kind>archive</kind>
         <file>rtsv7M4_T_le_v4SPD16_eabi.lib</file>
         <name>copy_decompress_none.obj</name>
      </input_file>
      <input_file id="fl-de">
         <path>C:\ti\ccsv7\tools\compiler\ti-cgt-arm_16.9.0.LTS\lib\</path>
         <kind>archive</kind>
         <file>rtsv7M4_T_le_v4SPD16_eabi.lib</file>
         <name>copy_zero_init.obj</name>
      </input_file>
      <input_file id="fl-df">
         <path>C:\ti\ccsv7\tools\compiler\ti-cgt-arm_16.9.0.LTS\lib\</path>
         <kind>archive</kind>
         <file>rtsv7M4_T_le_v4SPD16_eabi.lib</file>
         <name>exit.obj</name>
      </input_file>
      <input_file id="fl-e0">
         <path>C:\ti\ccsv7\tools\compiler\ti-cgt-arm_16.9.0.LTS\lib\</path>
         <kind>archive</kind>
         <file>rtsv7M4_T_le_v4SPD16_eabi.lib</file>
         <name>memcpy_t2.obj</name>
      </input_file>
      <input_file id="fl-e1">
         <path>C:\ti\ccsv7\tools\compiler\ti-cgt-arm_16.9.0.LTS\lib\</path>
         <kind>archive</kind>
         <file>rtsv7M4_T_le_v4SPD16_eabi.lib</file>
         <name>memset_t2.obj</name>
      </input_file>
      <input_file id="fl-e2">
         <path>C:\ti\ccsv7\tools\compiler\ti-cgt-arm_16.9.0.LTS\lib\</path>
         <kind>archive</kind>
         <file>rtsv7M4_T_le_v4SPD16_eabi.lib</file>
         <name>mpu_init.obj</name>
      </input_file>
      <input_file id="fl-e3">
         <path>C:\ti\ccsv7\tools\compiler\ti-cgt-arm_16.9.0.LTS\lib\</path>
         <kind>archive</kind>
         <file>rtsv7M4_T_le_v4SPD16_eabi.lib</file>
         <name>pre_init.obj</name>
      </input_file>
      <input_file id="fl-e4">
         <path>C:\ti\ccsv7\tools\compiler\ti-cgt-arm_16.9.0.LTS\lib\</path>
         <kind>archive</kind>
         <file>rtsv7M4_T_le_v4SPD16_eabi.lib</file>
         <name>sprintf.obj</name>
      </input_file>
      <input_file id="fl-e5">
         <path>C:\ti\ccsv7\tools\compiler\ti-cgt-arm_16.9.0.LTS\lib\</path>
         <kind>archive</kind>
         <file>rtsv7M4_T_le_v4SPD16_eabi.lib</file>
         <name>stkdepth_vars.obj</name>
      </input_file>
      <input_file id="fl-e6">
         <path>C:\ti\ccsv7\tools\compiler\ti-cgt-arm_16.9.0.LTS\lib\</path>
         <kind>archive</kind>
         <file>rtsv7M4_T_le_v4SPD16_eabi.lib</file>
         <name>_lock.obj</name>
      </input_file>
      <input_file id="fl-e7">
         <path>C:\ti\ccsv7\tools\compiler\ti-cgt-arm_16.9.0.LTS\lib\</path>
         <kind>archive</kind>
         <file>rtsv7M4_T_le_v4SPD16_eabi.lib</file>
         <name>_printfi.obj</name>
      </input_file>
      <input_file id="fl-e8">
         <path>C:\ti\ccsv7\tools\compiler\ti-cgt-arm_16.9.0.LTS\lib\</path>
         <kind>archive</kind>
         <file>rtsv7M4_T_le_v4SPD16_eabi.lib</file>
         <name>args_main.obj</name>
      </input_file>
      <input_file id="fl-e9">
         <path>C:\ti\ccsv7\tools\compiler\ti-cgt-arm_16.9.0.LTS\lib\</path>
         <kind>archive</kind>
         <file>rtsv7M4_T_le_v4SPD16_eabi.lib</file>
         <name>atoi.obj</name>
      </input_file>
      <input_file id="fl-ea">
         <path>C:\ti\ccsv7\tools\compiler\ti-cgt-arm_16.9.0.LTS\lib\</path>
         <kind>archive</kind>
         <file>rtsv7M4_T_le_v4SPD16_eabi.lib</file>
         <name>autoinit.obj</name>
      </input_file>
      <input_file id="fl-eb">
         <path>C:\ti\ccsv7\tools\compiler\ti-cgt-arm_16.9.0.LTS\lib\</path>
         <kind>archive</kind>
         <file>rtsv7M4_T_le_v4SPD16_eabi.lib</file>
         <name>cpy_tbl.obj</name>
      </input_file>
      <input_file id="fl-ec">
         <path>C:\ti\ccsv7\tools\compiler\ti-cgt-arm_16.9.0.LTS\lib\</path>
         <kind>archive</kind>
         <file>rtsv7M4_T_le_v4SPD16_eabi.lib</file>
         <name>ctype.obj</name>
      </input_file>
      <input_file id="fl-ed">
         <path>C:\ti\ccsv7\tools\compiler\ti-cgt-arm_16.9.0.LTS\lib\</path>
         <kind>archive</kind>
         <file>rtsv7M4_T_le_v4SPD16_eabi.lib</file>
         <name>fd_add_t2.obj</name>
      </input_file>
      <input_file id="fl-ee">
         <path>C:\ti\ccsv7\tools\compiler\ti-cgt-arm_16.9.0.LTS\lib\</path>
         <kind>archive</kind>
         <file>rtsv7M4_T_le_v4SPD16_eabi.lib</file>
         <name>fd_cmp_t2.obj</name>
      </input_file>
      <input_file id="fl-ef">
         <path>C:\ti\ccsv7\tools\compiler\ti-cgt-arm_16.9.0.LTS\lib\</path>
         <kind>archive</kind>
         <file>rtsv7M4_T_le_v4SPD16_eabi.lib</file>
         <name>fd_div_t2.obj</name>
      </input_file>
      <input_file id="fl-f0">
         <path>C:\ti\ccsv7\tools\compiler\ti-cgt-arm_16.9.0.LTS\lib\</path>
         <kind>archive</kind>
         <file>rtsv7M4_T_le_v4SPD16_eabi.lib</file>
         <name>fd_mul_t2.obj</name>
      </input_file>
      <input_file id="fl-f1">
         <path>C:\ti\ccsv7\tools\compiler\ti-cgt-arm_16.9.0.LTS\lib\</path>
         <kind>archive</kind>
         <file>rtsv7M4_T_le_v4SPD16_eabi.lib</file>
         <name>fd_toi_t2.obj</name>
      </input_file>
      <input_file id="fl-f2">
         <path>C:\ti\ccsv7\tools\compiler\ti-cgt-arm_16.9.0.LTS\lib\</path>
         <kind>archive</kind>
         <file>rtsv7M4_T_le_v4SPD16_eabi.lib</file>
         <name>i_tofd_t2.obj</name>
      </input_file>
      <input_file id="fl-f3">
         <path>C:\ti\ccsv7\tools\compiler\ti-cgt-arm_16.9.0.LTS\lib\</path>
         <kind>archive</kind>
         <file>rtsv7M4_T_le_v4SPD16_eabi.lib</file>
         <name>ltoa.obj</name>
      </input_file>
      <input_file id="fl-f4">
         <path>C:\ti\ccsv7\tools\compiler\ti-cgt-arm_16.9.0.LTS\lib\</path>
         <kind>archive</kind>
         <file>rtsv7M4_T_le_v4SPD16_eabi.lib</file>
         <name>memccpy.obj</name>
      </input_file>
      <input_file id="fl-f5">
         <path>C:\ti\ccsv7\tools\compiler\ti-cgt-arm_16.9.0.LTS\lib\</path>
         <kind>archive</kind>
         <file>rtsv7M4_T_le_v4SPD16_eabi.lib</file>
         <name>s_frexp.obj</name>
      </input_file>
      <input_file id="fl-f6">
         <path>C:\ti\ccsv7\tools\compiler\ti-cgt-arm_16.9.0.LTS\lib\</path>
         <kind>archive</kind>
         <file>rtsv7M4_T_le_v4SPD16_eabi.lib</file>
         <name>s_scalbn.obj</name>
      </input_file>
      <input_file id="fl-f7">
         <path>C:\ti\ccsv7\tools\compiler\ti-cgt-arm_16.9.0.LTS\lib\</path>
         <kind>archive</kind>
         <file>rtsv7M4_T_le_v4SPD16_eabi.lib</file>
         <name>startup.obj</name>
      </input_file>
      <input_file id="fl-f8">
         <path>C:\ti\ccsv7\tools\compiler\ti-cgt-arm_16.9.0.LTS\lib\</path>
         <kind>archive</kind>
         <file>rtsv7M4_T_le_v4SPD16_eabi.lib</file>
         <name>strchr.obj</name>
      </input_file>
      <input_file id="fl-f9">
         <path>C:\ti\ccsv7\tools\compiler\ti-cgt-arm_16.9.0.LTS\lib\</path>
         <kind>archive</kind>
         <file>rtsv7M4_T_le_v4SPD16_eabi.lib</file>
         <name>strlen.obj</name>
      </input_file>
      <input_file id="fl-fa">
         <path>C:\ti\ccsv7\tools\compiler\ti-cgt-arm_16.9.0.LTS\lib\</path>
         <kind>archive</kind>
         <file>rtsv7M4_T_le_v4SPD16_eabi.lib</file>
         <name>ull_div_t2.obj</name>
      </input_file>
      <input_file id="fl-fb">
         <path>C:\ti\ccsv7\tools\compiler\ti-cgt-arm_16.9.0.LTS\lib\</path>
         <kind>archive</kind>
         <file>rtsv7M4_T_le_v4SPD16_eabi.lib</file>
         <name>errno.obj</name>
      </input_file>
      <input_file id="fl-fc">
         <path>C:\ti\ccsv7\tools\compiler\ti-cgt-arm_16.9.0.LTS\lib\</path>
         <kind>archive</kind>
         <file>rtsv7M4_T_le_v4SPD16_eabi.lib</file>
         <name>s_copysign.obj</name>
      </input_file>
   </input_file_list>
   <object_component_list>
      <object_component id="oc-2c">
         <name>.intvecs:retain</name>
         <load_address>0x0</load_address>
         <run_address>0x0</run_address>
         <size>0x140</size>
         <input_file_ref idref="fl-6"/>
      </object_component>
      <object_component id="oc-172">
         <name>.text</name>
         <load_address>0x140</load_address>
         <run_address>0x140</run_address>
         <size>0x113a</size>
         <input_file_ref idref="fl-e7"/>
      </object_component>
      <object_component id="oc-53">
         <name>.text</name>
         <load_address>0x127a</load_address>
         <run_address>0x127a</run_address>
         <size>0x2</size>
         <input_file_ref idref="fl-e2"/>
      </object_component>
      <object_component id="oc-dd">
         <name>.text</name>
         <load_address>0x127c</load_address>
         <run_address>0x127c</run_address>
         <size>0x7ba</size>
         <input_file_ref idref="fl-2"/>
      </object_component>
      <object_component id="oc-9c">
         <name>.text</name>
         <load_address>0x1a36</load_address>
         <run_address>0x1a36</run_address>
         <size>0x2</size>
         <input_file_ref idref="fl-f7"/>
      </object_component>
      <object_component id="oc-15d">
         <name>.text</name>
         <load_address>0x1a38</load_address>
         <run_address>0x1a38</run_address>
         <size>0x7a8</size>
         <input_file_ref idref="fl-12"/>
      </object_component>
      <object_component id="oc-a4">
         <name>.text</name>
         <load_address>0x21e0</load_address>
         <run_address>0x21e0</run_address>
         <size>0x73c</size>
         <input_file_ref idref="fl-5"/>
      </object_component>
      <object_component id="oc-e9">
         <name>.text</name>
         <load_address>0x291c</load_address>
         <run_address>0x291c</run_address>
         <size>0x480</size>
         <input_file_ref idref="fl-11"/>
      </object_component>
      <object_component id="oc-f6">
         <name>.text</name>
         <load_address>0x2d9c</load_address>
         <run_address>0x2d9c</run_address>
         <size>0x41c</size>
         <input_file_ref idref="fl-20"/>
      </object_component>
      <object_component id="oc-182">
         <name>.text</name>
         <load_address>0x31b8</load_address>
         <run_address>0x31b8</run_address>
         <size>0x3f0</size>
         <input_file_ref idref="fl-13"/>
      </object_component>
      <object_component id="oc-b7">
         <name>.text</name>
         <load_address>0x35a8</load_address>
         <run_address>0x35a8</run_address>
         <size>0x328</size>
         <input_file_ref idref="fl-7"/>
      </object_component>
      <object_component id="oc-1d8">
         <name>.text</name>
         <load_address>0x38d0</load_address>
         <run_address>0x38d0</run_address>
         <size>0x1f4</size>
         <input_file_ref idref="fl-fa"/>
      </object_component>
      <object_component id="oc-d1">
         <name>.text</name>
         <load_address>0x3ac4</load_address>
         <run_address>0x3ac4</run_address>
         <size>0x1d4</size>
         <input_file_ref idref="fl-3"/>
      </object_component>
      <object_component id="oc-207">
         <name>.text</name>
         <load_address>0x3c98</load_address>
         <run_address>0x3c98</run_address>
         <size>0x1b6</size>
         <input_file_ref idref="fl-ed"/>
      </object_component>
      <object_component id="oc-1ed">
         <name>.text</name>
         <load_address>0x3e4e</load_address>
         <run_address>0x3e4e</run_address>
         <size>0x136</size>
         <input_file_ref idref="fl-ef"/>
      </object_component>
      <object_component id="oc-1e8">
         <name>.text</name>
         <load_address>0x3f84</load_address>
         <run_address>0x3f84</run_address>
         <size>0xfc</size>
         <input_file_ref idref="fl-f0"/>
      </object_component>
      <object_component id="oc-212">
         <name>.text</name>
         <load_address>0x4080</load_address>
         <run_address>0x4080</run_address>
         <size>0xfc</size>
         <input_file_ref idref="fl-f6"/>
      </object_component>
      <object_component id="oc-d7">
         <name>.text</name>
         <load_address>0x417c</load_address>
         <run_address>0x417c</run_address>
         <size>0xd0</size>
         <input_file_ref idref="fl-4"/>
      </object_component>
      <object_component id="oc-3b">
         <name>.text</name>
         <load_address>0x424c</load_address>
         <run_address>0x424c</run_address>
         <size>0x9c</size>
         <input_file_ref idref="fl-e0"/>
      </object_component>
      <object_component id="oc-1e3">
         <name>.text:__aeabi_cdcmple</name>
         <load_address>0x42e8</load_address>
         <run_address>0x42e8</run_address>
         <size>0x86</size>
         <input_file_ref idref="fl-ee"/>
      </object_component>
      <object_component id="oc-1f2">
         <name>.text:__aeabi_cdrcmple</name>
         <load_address>0x436e</load_address>
         <run_address>0x436e</run_address>
         <size>0x86</size>
         <input_file_ref idref="fl-ee"/>
      </object_component>
      <object_component id="oc-47">
         <name>.text</name>
         <load_address>0x43f4</load_address>
         <run_address>0x43f4</run_address>
         <size>0x7a</size>
         <input_file_ref idref="fl-e1"/>
      </object_component>
      <object_component id="oc-5f">
         <name>.text</name>
         <load_address>0x4470</load_address>
         <run_address>0x4470</run_address>
         <size>0x70</size>
         <input_file_ref idref="fl-ea"/>
      </object_component>
      <object_component id="oc-14">
         <name>.text:decompress:lzss</name>
         <load_address>0x44e0</load_address>
         <run_address>0x44e0</run_address>
         <size>0x68</size>
         <input_file_ref idref="fl-dc"/>
      </object_component>
      <object_component id="oc-20c">
         <name>.text</name>
         <load_address>0x4548</load_address>
         <run_address>0x4548</run_address>
         <size>0x64</size>
         <input_file_ref idref="fl-f5"/>
      </object_component>
      <object_component id="oc-e3">
         <name>.text</name>
         <load_address>0x45ac</load_address>
         <run_address>0x45ac</run_address>
         <size>0x60</size>
         <input_file_ref idref="fl-e4"/>
      </object_component>
      <object_component id="oc-1fc">
         <name>.text</name>
         <load_address>0x460c</load_address>
         <run_address>0x460c</run_address>
         <size>0x56</size>
         <input_file_ref idref="fl-f3"/>
      </object_component>
      <object_component id="oc-26">
         <name>.text</name>
         <load_address>0x4664</load_address>
         <run_address>0x4664</run_address>
         <size>0x54</size>
         <input_file_ref idref="fl-db"/>
      </object_component>
      <object_component id="oc-6b">
         <name>.text</name>
         <load_address>0x46b8</load_address>
         <run_address>0x46b8</run_address>
         <size>0x54</size>
         <input_file_ref idref="fl-df"/>
      </object_component>
      <object_component id="oc-21e">
         <name>.text</name>
         <load_address>0x470c</load_address>
         <run_address>0x470c</run_address>
         <size>0x4c</size>
         <input_file_ref idref="fl-e9"/>
      </object_component>
      <object_component id="oc-96">
         <name>.text</name>
         <load_address>0x4758</load_address>
         <run_address>0x4758</run_address>
         <size>0x4c</size>
         <input_file_ref idref="fl-eb"/>
      </object_component>
      <object_component id="oc-1f7">
         <name>.text</name>
         <load_address>0x47a4</load_address>
         <run_address>0x47a4</run_address>
         <size>0x48</size>
         <input_file_ref idref="fl-f1"/>
      </object_component>
      <object_component id="oc-23f">
         <name>.text</name>
         <load_address>0x47ec</load_address>
         <run_address>0x47ec</run_address>
         <size>0x3e</size>
         <input_file_ref idref="fl-b"/>
      </object_component>
      <object_component id="oc-202">
         <name>.text</name>
         <load_address>0x482a</load_address>
         <run_address>0x482a</run_address>
         <size>0x2e</size>
         <input_file_ref idref="fl-f2"/>
      </object_component>
      <object_component id="oc-224">
         <name>.text</name>
         <load_address>0x4858</load_address>
         <run_address>0x4858</run_address>
         <size>0x1c</size>
         <input_file_ref idref="fl-f4"/>
      </object_component>
      <object_component id="oc-65">
         <name>.text</name>
         <load_address>0x4874</load_address>
         <run_address>0x4874</run_address>
         <size>0x18</size>
         <input_file_ref idref="fl-e8"/>
      </object_component>
      <object_component id="oc-218">
         <name>.text</name>
         <load_address>0x488c</load_address>
         <run_address>0x488c</run_address>
         <size>0x16</size>
         <input_file_ref idref="fl-f8"/>
      </object_component>
      <object_component id="oc-13c">
         <name>.text</name>
         <load_address>0x48a4</load_address>
         <run_address>0x48a4</run_address>
         <size>0x14</size>
         <input_file_ref idref="fl-e6"/>
      </object_component>
      <object_component id="oc-277">
         <name>.text</name>
         <load_address>0x48b8</load_address>
         <run_address>0x48b8</run_address>
         <size>0x14</size>
         <input_file_ref idref="fl-fc"/>
      </object_component>
      <object_component id="oc-1dd">
         <name>.text</name>
         <load_address>0x48cc</load_address>
         <run_address>0x48cc</run_address>
         <size>0x14</size>
         <input_file_ref idref="fl-f9"/>
      </object_component>
      <object_component id="oc-75">
         <name>.text</name>
         <load_address>0x48e0</load_address>
         <run_address>0x48e0</run_address>
         <size>0x12</size>
         <input_file_ref idref="fl-6"/>
      </object_component>
      <object_component id="oc-1a">
         <name>.text:decompress:none</name>
         <load_address>0x48f2</load_address>
         <run_address>0x48f2</run_address>
         <size>0xe</size>
         <input_file_ref idref="fl-dd"/>
      </object_component>
      <object_component id="oc-20">
         <name>.text:decompress:ZI</name>
         <load_address>0x4900</load_address>
         <run_address>0x4900</run_address>
         <size>0xc</size>
         <input_file_ref idref="fl-de"/>
      </object_component>
      <object_component id="oc-59">
         <name>.text</name>
         <load_address>0x490c</load_address>
         <run_address>0x490c</run_address>
         <size>0x4</size>
         <input_file_ref idref="fl-e3"/>
      </object_component>
      <object_component id="oc-284">
         <name>.const:.string:_ctypes_</name>
         <load_address>0x4910</load_address>
         <run_address>0x4910</run_address>
         <size>0x101</size>
         <input_file_ref idref="fl-ec"/>
      </object_component>
      <object_component id="oc-24b">
         <name>.const:g_pulRegs</name>
         <load_address>0x4a14</load_address>
         <run_address>0x4a14</run_address>
         <size>0x50</size>
         <input_file_ref idref="fl-13"/>
      </object_component>
      <object_component id="oc-16b">
         <name>.const:uartConfig</name>
         <load_address>0x4a64</load_address>
         <run_address>0x4a64</run_address>
         <size>0x24</size>
         <input_file_ref idref="fl-4"/>
      </object_component>
      <object_component id="oc-168">
         <name>.const:uartConfigGps</name>
         <load_address>0x4a88</load_address>
         <run_address>0x4a88</run_address>
         <size>0x24</size>
         <input_file_ref idref="fl-4"/>
      </object_component>
      <object_component id="oc-248">
         <name>.const:g_pulPriority</name>
         <load_address>0x4aac</load_address>
         <run_address>0x4aac</run_address>
         <size>0x20</size>
         <input_file_ref idref="fl-13"/>
      </object_component>
      <object_component id="oc-188">
         <name>.const:GPIO_PORT_TO_INT</name>
         <load_address>0x4acc</load_address>
         <run_address>0x4acc</run_address>
         <size>0x1c</size>
         <input_file_ref idref="fl-11"/>
      </object_component>
      <object_component id="oc-163">
         <name>.const:i2cConfig</name>
         <load_address>0x4ae8</load_address>
         <run_address>0x4ae8</run_address>
         <size>0x14</size>
         <input_file_ref idref="fl-3"/>
      </object_component>
      <object_component id="oc-251">
         <name>.const:g_pulDisRegs</name>
         <load_address>0x4afc</load_address>
         <run_address>0x4afc</run_address>
         <size>0x8</size>
         <input_file_ref idref="fl-13"/>
      </object_component>
      <object_component id="oc-24e">
         <name>.const:g_pulEnRegs</name>
         <load_address>0x4b04</load_address>
         <run_address>0x4b04</run_address>
         <size>0x8</size>
         <input_file_ref idref="fl-13"/>
      </object_component>
      <object_component id="oc-254">
         <name>.const:g_pulPendRegs</name>
         <load_address>0x4b0c</load_address>
         <run_address>0x4b0c</run_address>
         <size>0x8</size>
         <input_file_ref idref="fl-13"/>
      </object_component>
      <object_component id="oc-257">
         <name>.const:g_pulUnpendRegs</name>
         <load_address>0x4b14</load_address>
         <run_address>0x4b14</run_address>
         <size>0x8</size>
         <input_file_ref idref="fl-13"/>
      </object_component>
      <object_component id="oc-2e1">
         <name>.cinit..data.load</name>
         <load_address>0x4b20</load_address>
         <run_address>0x4b20</run_address>
         <size>0xbf</size>
      </object_component>
      <object_component id="oc-2de">
         <name>__TI_handler_table</name>
         <load_address>0x4be0</load_address>
         <run_address>0x4be0</run_address>
         <size>0xc</size>
      </object_component>
      <object_component id="oc-2e2">
         <name>.cinit..bss.load</name>
         <load_address>0x4bf0</load_address>
         <run_address>0x4bf0</run_address>
         <size>0x8</size>
      </object_component>
      <object_component id="oc-2e0">
         <name>.cinit..vtable.load</name>
         <load_address>0x4bf8</load_address>
         <run_address>0x4bf8</run_address>
         <size>0x8</size>
      </object_component>
      <object_component id="oc-2df">
         <name>__TI_cinit_table</name>
         <load_address>0x4c00</load_address>
         <run_address>0x4c00</run_address>
         <size>0x18</size>
      </object_component>
      <object_component id="oc-2bb">
         <name>.binit</name>
         <load_address>0x0</load_address>
         <run_address>0x0</run_address>
         <size>0x0</size>
      </object_component>
      <object_component id="oc-245">
         <name>.vtable</name>
         <uninitialized>true</uninitialized>
         <run_address>0x20000000</run_address>
         <size>0xe4</size>
         <input_file_ref idref="fl-13"/>
      </object_component>
      <object_component id="oc-fd">
         <name>.data:at</name>
         <load_address>0x2000046a</load_address>
         <run_address>0x2000046a</run_address>
         <size>0x5</size>
         <input_file_ref idref="fl-5"/>
      </object_component>
      <object_component id="oc-100">
         <name>.data:ATV1</name>
         <load_address>0x20000463</load_address>
         <run_address>0x20000463</run_address>
         <size>0x7</size>
         <input_file_ref idref="fl-5"/>
      </object_component>
      <object_component id="oc-103">
         <name>.data:ATE1</name>
         <load_address>0x2000045c</load_address>
         <run_address>0x2000045c</run_address>
         <size>0x7</size>
         <input_file_ref idref="fl-5"/>
      </object_component>
      <object_component id="oc-106">
         <name>.data:CPIN</name>
         <load_address>0x2000041f</load_address>
         <run_address>0x2000041f</run_address>
         <size>0xb</size>
         <input_file_ref idref="fl-5"/>
      </object_component>
      <object_component id="oc-109">
         <name>.data:CSQ</name>
         <load_address>0x20000440</load_address>
         <run_address>0x20000440</run_address>
         <size>0x9</size>
         <input_file_ref idref="fl-5"/>
      </object_component>
      <object_component id="oc-10c">
         <name>.data:CREG</name>
         <load_address>0x2000042a</load_address>
         <run_address>0x2000042a</run_address>
         <size>0xb</size>
         <input_file_ref idref="fl-5"/>
      </object_component>
      <object_component id="oc-10f">
         <name>.data:CGREG</name>
         <load_address>0x20000408</load_address>
         <run_address>0x20000408</run_address>
         <size>0xc</size>
         <input_file_ref idref="fl-5"/>
      </object_component>
      <object_component id="oc-112">
         <name>.data:COPS</name>
         <load_address>0x20000414</load_address>
         <run_address>0x20000414</run_address>
         <size>0xb</size>
         <input_file_ref idref="fl-5"/>
      </object_component>
      <object_component id="oc-115">
         <name>.data:QIFGCNT</name>
         <load_address>0x200003c4</load_address>
         <run_address>0x200003c4</run_address>
         <size>0xf</size>
         <input_file_ref idref="fl-5"/>
      </object_component>
      <object_component id="oc-118">
         <name>.data:QICSGP</name>
         <load_address>0x200003d3</load_address>
         <run_address>0x200003d3</run_address>
         <size>0xe</size>
         <input_file_ref idref="fl-5"/>
      </object_component>
      <object_component id="oc-11b">
         <name>.data:CMNET</name>
         <load_address>0x20000454</load_address>
         <run_address>0x20000454</run_address>
         <size>0x8</size>
         <input_file_ref idref="fl-5"/>
      </object_component>
      <object_component id="oc-11e">
         <name>.data:QIREGAPP</name>
         <load_address>0x200003e1</load_address>
         <run_address>0x200003e1</run_address>
         <size>0xe</size>
         <input_file_ref idref="fl-5"/>
      </object_component>
      <object_component id="oc-121">
         <name>.data:QIACT</name>
         <load_address>0x20000435</load_address>
         <run_address>0x20000435</run_address>
         <size>0xb</size>
         <input_file_ref idref="fl-5"/>
      </object_component>
      <object_component id="oc-124">
         <name>.data:QIDEACT</name>
         <load_address>0x200003ef</load_address>
         <run_address>0x200003ef</run_address>
         <size>0xd</size>
         <input_file_ref idref="fl-5"/>
      </object_component>
      <object_component id="oc-129">
         <name>.data:rootUrl</name>
         <load_address>0x200003b0</load_address>
         <run_address>0x200003b0</run_address>
         <size>0x14</size>
         <input_file_ref idref="fl-5"/>
      </object_component>
      <object_component id="oc-f3">
         <name>.data</name>
         <load_address>0x20000394</load_address>
         <run_address>0x20000394</run_address>
         <size>0x1c</size>
         <input_file_ref idref="fl-5"/>
      </object_component>
      <object_component id="oc-148">
         <name>.data</name>
         <load_address>0x20000478</load_address>
         <run_address>0x20000478</run_address>
         <size>0x4</size>
         <input_file_ref idref="fl-7"/>
      </object_component>
      <object_component id="oc-17f">
         <name>.data:GPIO_PORT_TO_BASE</name>
         <load_address>0x20000364</load_address>
         <run_address>0x20000364</run_address>
         <size>0x30</size>
         <input_file_ref idref="fl-11"/>
      </object_component>
      <object_component id="oc-ac">
         <name>.data:$O1$$</name>
         <load_address>0x200003fc</load_address>
         <run_address>0x200003fc</run_address>
         <size>0xc</size>
         <input_file_ref idref="fl-df"/>
      </object_component>
      <object_component id="oc-71">
         <name>.data</name>
         <load_address>0x20000474</load_address>
         <run_address>0x20000474</run_address>
         <size>0x4</size>
         <input_file_ref idref="fl-e5"/>
      </object_component>
      <object_component id="oc-af">
         <name>.data:$O1$$</name>
         <load_address>0x2000044c</load_address>
         <run_address>0x2000044c</run_address>
         <size>0x8</size>
         <input_file_ref idref="fl-e6"/>
      </object_component>
      <object_component id="oc-27d">
         <name>.data</name>
         <load_address>0x20000470</load_address>
         <run_address>0x20000470</run_address>
         <size>0x4</size>
         <input_file_ref idref="fl-fb"/>
      </object_component>
      <object_component id="oc-fc">
         <name>.common:getUrl</name>
         <uninitialized>true</uninitialized>
         <run_address>0x20000360</run_address>
         <size>0x4</size>
      </object_component>
      <object_component id="oc-127">
         <name>.common:tempAt</name>
         <uninitialized>true</uninitialized>
         <run_address>0x20000354</run_address>
         <size>0xc</size>
      </object_component>
      <object_component id="oc-12c">
         <name>.common:temp</name>
         <uninitialized>true</uninitialized>
         <run_address>0x200002d8</run_address>
         <size>0x64</size>
      </object_component>
      <object_component id="oc-128">
         <name>.common:temp2</name>
         <uninitialized>true</uninitialized>
         <run_address>0x200000e4</run_address>
         <size>0x1f4</size>
      </object_component>
      <object_component id="oc-f2">
         <name>.common:battState</name>
         <uninitialized>true</uninitialized>
         <run_address>0x20000348</run_address>
         <size>0xc</size>
      </object_component>
      <object_component id="oc-ef">
         <name>.common:battCap</name>
         <uninitialized>true</uninitialized>
         <run_address>0x2000033c</run_address>
         <size>0xc</size>
      </object_component>
      <object_component id="oc-2f">
         <name>.stack</name>
         <uninitialized>true</uninitialized>
         <run_address>0x2000fe00</run_address>
         <size>0x0</size>
         <input_file_ref idref="fl-db"/>
      </object_component>
      <object_component id="oc-2e3">
         <name>.stack</name>
         <uninitialized>true</uninitialized>
         <run_address>0x2000fe00</run_address>
         <size>0x0</size>
      </object_component>
      <object_component id="oc-171">
         <name>.debug_info</name>
         <load_address>0x0</load_address>
         <run_address>0x0</run_address>
         <size>0x28d</size>
         <input_file_ref idref="fl-2"/>
      </object_component>
      <object_component id="oc-de">
         <name>.debug_info</name>
         <load_address>0x28d</load_address>
         <run_address>0x28d</run_address>
         <size>0x1126</size>
         <input_file_ref idref="fl-2"/>
      </object_component>
      <object_component id="oc-12e">
         <name>.debug_info</name>
         <load_address>0x13b3</load_address>
         <run_address>0x13b3</run_address>
         <size>0x8b</size>
         <input_file_ref idref="fl-2"/>
      </object_component>
      <object_component id="oc-14c">
         <name>.debug_info</name>
         <load_address>0x143e</load_address>
         <run_address>0x143e</run_address>
         <size>0x18b</size>
         <input_file_ref idref="fl-2"/>
      </object_component>
      <object_component id="oc-17a">
         <name>.debug_info</name>
         <load_address>0x15c9</load_address>
         <run_address>0x15c9</run_address>
         <size>0x4e</size>
         <input_file_ref idref="fl-2"/>
      </object_component>
      <object_component id="oc-167">
         <name>.debug_info</name>
         <load_address>0x1617</load_address>
         <run_address>0x1617</run_address>
         <size>0x8c1</size>
         <input_file_ref idref="fl-3"/>
      </object_component>
      <object_component id="oc-164">
         <name>.debug_info</name>
         <load_address>0x1ed8</load_address>
         <run_address>0x1ed8</run_address>
         <size>0xdc</size>
         <input_file_ref idref="fl-3"/>
      </object_component>
      <object_component id="oc-d3">
         <name>.debug_info</name>
         <load_address>0x1fb4</load_address>
         <run_address>0x1fb4</run_address>
         <size>0x951</size>
         <input_file_ref idref="fl-3"/>
      </object_component>
      <object_component id="oc-1c6">
         <name>.debug_info</name>
         <load_address>0x2905</load_address>
         <run_address>0x2905</run_address>
         <size>0x9a</size>
         <input_file_ref idref="fl-3"/>
      </object_component>
      <object_component id="oc-194">
         <name>.debug_info</name>
         <load_address>0x299f</load_address>
         <run_address>0x299f</run_address>
         <size>0x103e</size>
         <input_file_ref idref="fl-3"/>
      </object_component>
      <object_component id="oc-18f">
         <name>.debug_info</name>
         <load_address>0x39dd</load_address>
         <run_address>0x39dd</run_address>
         <size>0x37a3</size>
         <input_file_ref idref="fl-3"/>
      </object_component>
      <object_component id="oc-1d1">
         <name>.debug_info</name>
         <load_address>0x7180</load_address>
         <run_address>0x7180</run_address>
         <size>0xee</size>
         <input_file_ref idref="fl-3"/>
      </object_component>
      <object_component id="oc-16f">
         <name>.debug_info</name>
         <load_address>0x726e</load_address>
         <run_address>0x726e</run_address>
         <size>0x3d5</size>
         <input_file_ref idref="fl-4"/>
      </object_component>
      <object_component id="oc-16c">
         <name>.debug_info</name>
         <load_address>0x7643</load_address>
         <run_address>0x7643</run_address>
         <size>0xdf</size>
         <input_file_ref idref="fl-4"/>
      </object_component>
      <object_component id="oc-169">
         <name>.debug_info</name>
         <load_address>0x7722</load_address>
         <run_address>0x7722</run_address>
         <size>0xe5</size>
         <input_file_ref idref="fl-4"/>
      </object_component>
      <object_component id="oc-d8">
         <name>.debug_info</name>
         <load_address>0x7807</load_address>
         <run_address>0x7807</run_address>
         <size>0x322</size>
         <input_file_ref idref="fl-4"/>
      </object_component>
      <object_component id="oc-f0">
         <name>.debug_info</name>
         <load_address>0x7b29</load_address>
         <run_address>0x7b29</run_address>
         <size>0x9b7</size>
         <input_file_ref idref="fl-5"/>
      </object_component>
      <object_component id="oc-fe">
         <name>.debug_info</name>
         <load_address>0x84e0</load_address>
         <run_address>0x84e0</run_address>
         <size>0xcb</size>
         <input_file_ref idref="fl-5"/>
      </object_component>
      <object_component id="oc-101">
         <name>.debug_info</name>
         <load_address>0x85ab</load_address>
         <run_address>0x85ab</run_address>
         <size>0xcf</size>
         <input_file_ref idref="fl-5"/>
      </object_component>
      <object_component id="oc-104">
         <name>.debug_info</name>
         <load_address>0x867a</load_address>
         <run_address>0x867a</run_address>
         <size>0xcf</size>
         <input_file_ref idref="fl-5"/>
      </object_component>
      <object_component id="oc-107">
         <name>.debug_info</name>
         <load_address>0x8749</load_address>
         <run_address>0x8749</run_address>
         <size>0xcf</size>
         <input_file_ref idref="fl-5"/>
      </object_component>
      <object_component id="oc-10a">
         <name>.debug_info</name>
         <load_address>0x8818</load_address>
         <run_address>0x8818</run_address>
         <size>0xcd</size>
         <input_file_ref idref="fl-5"/>
      </object_component>
      <object_component id="oc-10d">
         <name>.debug_info</name>
         <load_address>0x88e5</load_address>
         <run_address>0x88e5</run_address>
         <size>0xcf</size>
         <input_file_ref idref="fl-5"/>
      </object_component>
      <object_component id="oc-110">
         <name>.debug_info</name>
         <load_address>0x89b4</load_address>
         <run_address>0x89b4</run_address>
         <size>0xd1</size>
         <input_file_ref idref="fl-5"/>
      </object_component>
      <object_component id="oc-113">
         <name>.debug_info</name>
         <load_address>0x8a85</load_address>
         <run_address>0x8a85</run_address>
         <size>0xcf</size>
         <input_file_ref idref="fl-5"/>
      </object_component>
      <object_component id="oc-116">
         <name>.debug_info</name>
         <load_address>0x8b54</load_address>
         <run_address>0x8b54</run_address>
         <size>0xd5</size>
         <input_file_ref idref="fl-5"/>
      </object_component>
      <object_component id="oc-119">
         <name>.debug_info</name>
         <load_address>0x8c29</load_address>
         <run_address>0x8c29</run_address>
         <size>0xd3</size>
         <input_file_ref idref="fl-5"/>
      </object_component>
      <object_component id="oc-11c">
         <name>.debug_info</name>
         <load_address>0x8cfc</load_address>
         <run_address>0x8cfc</run_address>
         <size>0xd1</size>
         <input_file_ref idref="fl-5"/>
      </object_component>
      <object_component id="oc-11f">
         <name>.debug_info</name>
         <load_address>0x8dcd</load_address>
         <run_address>0x8dcd</run_address>
         <size>0xd7</size>
         <input_file_ref idref="fl-5"/>
      </object_component>
      <object_component id="oc-122">
         <name>.debug_info</name>
         <load_address>0x8ea4</load_address>
         <run_address>0x8ea4</run_address>
         <size>0xd1</size>
         <input_file_ref idref="fl-5"/>
      </object_component>
      <object_component id="oc-125">
         <name>.debug_info</name>
         <load_address>0x8f75</load_address>
         <run_address>0x8f75</run_address>
         <size>0xd5</size>
         <input_file_ref idref="fl-5"/>
      </object_component>
      <object_component id="oc-12a">
         <name>.debug_info</name>
         <load_address>0x904a</load_address>
         <run_address>0x904a</run_address>
         <size>0xd5</size>
         <input_file_ref idref="fl-5"/>
      </object_component>
      <object_component id="oc-f4">
         <name>.debug_info</name>
         <load_address>0x911f</load_address>
         <run_address>0x911f</run_address>
         <size>0x1b3</size>
         <input_file_ref idref="fl-5"/>
      </object_component>
      <object_component id="oc-a5">
         <name>.debug_info</name>
         <load_address>0x92d2</load_address>
         <run_address>0x92d2</run_address>
         <size>0x9cd</size>
         <input_file_ref idref="fl-5"/>
      </object_component>
      <object_component id="oc-7d">
         <name>.debug_info</name>
         <load_address>0x9c9f</load_address>
         <run_address>0x9c9f</run_address>
         <size>0x123</size>
         <input_file_ref idref="fl-6"/>
      </object_component>
      <object_component id="oc-2d">
         <name>.debug_info</name>
         <load_address>0x9dc2</load_address>
         <run_address>0x9dc2</run_address>
         <size>0xfa</size>
         <input_file_ref idref="fl-6"/>
      </object_component>
      <object_component id="oc-78">
         <name>.debug_info</name>
         <load_address>0x9ebc</load_address>
         <run_address>0x9ebc</run_address>
         <size>0x261</size>
         <input_file_ref idref="fl-6"/>
      </object_component>
      <object_component id="oc-36">
         <name>.debug_info</name>
         <load_address>0xa11d</load_address>
         <run_address>0xa11d</run_address>
         <size>0x84</size>
         <input_file_ref idref="fl-6"/>
      </object_component>
      <object_component id="oc-149">
         <name>.debug_info</name>
         <load_address>0xa1a1</load_address>
         <run_address>0xa1a1</run_address>
         <size>0xf3</size>
         <input_file_ref idref="fl-7"/>
      </object_component>
      <object_component id="oc-b8">
         <name>.debug_info</name>
         <load_address>0xa294</load_address>
         <run_address>0xa294</run_address>
         <size>0x265</size>
         <input_file_ref idref="fl-7"/>
      </object_component>
      <object_component id="oc-243">
         <name>.debug_info</name>
         <load_address>0xa4f9</load_address>
         <run_address>0xa4f9</run_address>
         <size>0x3c9</size>
         <input_file_ref idref="fl-b"/>
      </object_component>
      <object_component id="oc-18c">
         <name>.debug_info</name>
         <load_address>0xa8c2</load_address>
         <run_address>0xa8c2</run_address>
         <size>0x4e5</size>
         <input_file_ref idref="fl-11"/>
      </object_component>
      <object_component id="oc-189">
         <name>.debug_info</name>
         <load_address>0xada7</load_address>
         <run_address>0xada7</run_address>
         <size>0xfb</size>
         <input_file_ref idref="fl-11"/>
      </object_component>
      <object_component id="oc-180">
         <name>.debug_info</name>
         <load_address>0xaea2</load_address>
         <run_address>0xaea2</run_address>
         <size>0xfd</size>
         <input_file_ref idref="fl-11"/>
      </object_component>
      <object_component id="oc-ea">
         <name>.debug_info</name>
         <load_address>0xaf9f</load_address>
         <run_address>0xaf9f</run_address>
         <size>0x19fe</size>
         <input_file_ref idref="fl-11"/>
      </object_component>
      <object_component id="oc-1c1">
         <name>.debug_info</name>
         <load_address>0xc99d</load_address>
         <run_address>0xc99d</run_address>
         <size>0x4d4</size>
         <input_file_ref idref="fl-12"/>
      </object_component>
      <object_component id="oc-15e">
         <name>.debug_info</name>
         <load_address>0xce71</load_address>
         <run_address>0xce71</run_address>
         <size>0x2d1f</size>
         <input_file_ref idref="fl-12"/>
      </object_component>
      <object_component id="oc-25b">
         <name>.debug_info</name>
         <load_address>0xfb90</load_address>
         <run_address>0xfb90</run_address>
         <size>0x473</size>
         <input_file_ref idref="fl-13"/>
      </object_component>
      <object_component id="oc-249">
         <name>.debug_info</name>
         <load_address>0x10003</load_address>
         <run_address>0x10003</run_address>
         <size>0xfa</size>
         <input_file_ref idref="fl-13"/>
      </object_component>
      <object_component id="oc-24c">
         <name>.debug_info</name>
         <load_address>0x100fd</load_address>
         <run_address>0x100fd</run_address>
         <size>0xf2</size>
         <input_file_ref idref="fl-13"/>
      </object_component>
      <object_component id="oc-24f">
         <name>.debug_info</name>
         <load_address>0x101ef</load_address>
         <run_address>0x101ef</run_address>
         <size>0xf6</size>
         <input_file_ref idref="fl-13"/>
      </object_component>
      <object_component id="oc-252">
         <name>.debug_info</name>
         <load_address>0x102e5</load_address>
         <run_address>0x102e5</run_address>
         <size>0xf8</size>
         <input_file_ref idref="fl-13"/>
      </object_component>
      <object_component id="oc-255">
         <name>.debug_info</name>
         <load_address>0x103dd</load_address>
         <run_address>0x103dd</run_address>
         <size>0xfa</size>
         <input_file_ref idref="fl-13"/>
      </object_component>
      <object_component id="oc-258">
         <name>.debug_info</name>
         <load_address>0x104d7</load_address>
         <run_address>0x104d7</run_address>
         <size>0xfe</size>
         <input_file_ref idref="fl-13"/>
      </object_component>
      <object_component id="oc-246">
         <name>.debug_info</name>
         <load_address>0x105d5</load_address>
         <run_address>0x105d5</run_address>
         <size>0xff</size>
         <input_file_ref idref="fl-13"/>
      </object_component>
      <object_component id="oc-185">
         <name>.debug_info</name>
         <load_address>0x106d4</load_address>
         <run_address>0x106d4</run_address>
         <size>0x11a2</size>
         <input_file_ref idref="fl-13"/>
      </object_component>
      <object_component id="oc-19c">
         <name>.debug_info</name>
         <load_address>0x11876</load_address>
         <run_address>0x11876</run_address>
         <size>0x4cf</size>
         <input_file_ref idref="fl-20"/>
      </object_component>
      <object_component id="oc-f7">
         <name>.debug_info</name>
         <load_address>0x11d45</load_address>
         <run_address>0x11d45</run_address>
         <size>0x1620</size>
         <input_file_ref idref="fl-20"/>
      </object_component>
      <object_component id="oc-27">
         <name>.debug_info</name>
         <load_address>0x13365</load_address>
         <run_address>0x13365</run_address>
         <size>0x160</size>
         <input_file_ref idref="fl-db"/>
      </object_component>
      <object_component id="oc-83">
         <name>.debug_info</name>
         <load_address>0x134c5</load_address>
         <run_address>0x134c5</run_address>
         <size>0xf9</size>
         <input_file_ref idref="fl-dc"/>
      </object_component>
      <object_component id="oc-15">
         <name>.debug_info</name>
         <load_address>0x135be</load_address>
         <run_address>0x135be</run_address>
         <size>0x245</size>
         <input_file_ref idref="fl-dc"/>
      </object_component>
      <object_component id="oc-31">
         <name>.debug_info</name>
         <load_address>0x13803</load_address>
         <run_address>0x13803</run_address>
         <size>0x60</size>
         <input_file_ref idref="fl-dc"/>
      </object_component>
      <object_component id="oc-7e">
         <name>.debug_info</name>
         <load_address>0x13863</load_address>
         <run_address>0x13863</run_address>
         <size>0x46</size>
         <input_file_ref idref="fl-dc"/>
      </object_component>
      <object_component id="oc-46">
         <name>.debug_info</name>
         <load_address>0x138a9</load_address>
         <run_address>0x138a9</run_address>
         <size>0x140</size>
         <input_file_ref idref="fl-dd"/>
      </object_component>
      <object_component id="oc-1b">
         <name>.debug_info</name>
         <load_address>0x139e9</load_address>
         <run_address>0x139e9</run_address>
         <size>0x1df</size>
         <input_file_ref idref="fl-dd"/>
      </object_component>
      <object_component id="oc-41">
         <name>.debug_info</name>
         <load_address>0x13bc8</load_address>
         <run_address>0x13bc8</run_address>
         <size>0x46</size>
         <input_file_ref idref="fl-dd"/>
      </object_component>
      <object_component id="oc-85">
         <name>.debug_info</name>
         <load_address>0x13c0e</load_address>
         <run_address>0x13c0e</run_address>
         <size>0x2c</size>
         <input_file_ref idref="fl-dd"/>
      </object_component>
      <object_component id="oc-52">
         <name>.debug_info</name>
         <load_address>0x13c3a</load_address>
         <run_address>0x13c3a</run_address>
         <size>0x12f</size>
         <input_file_ref idref="fl-de"/>
      </object_component>
      <object_component id="oc-24">
         <name>.debug_info</name>
         <load_address>0x13d69</load_address>
         <run_address>0x13d69</run_address>
         <size>0x1aa</size>
         <input_file_ref idref="fl-de"/>
      </object_component>
      <object_component id="oc-4d">
         <name>.debug_info</name>
         <load_address>0x13f13</load_address>
         <run_address>0x13f13</run_address>
         <size>0x46</size>
         <input_file_ref idref="fl-de"/>
      </object_component>
      <object_component id="oc-8d">
         <name>.debug_info</name>
         <load_address>0x13f59</load_address>
         <run_address>0x13f59</run_address>
         <size>0x2c</size>
         <input_file_ref idref="fl-de"/>
      </object_component>
      <object_component id="oc-b3">
         <name>.debug_info</name>
         <load_address>0x13f85</load_address>
         <run_address>0x13f85</run_address>
         <size>0x234</size>
         <input_file_ref idref="fl-df"/>
      </object_component>
      <object_component id="oc-ad">
         <name>.debug_info</name>
         <load_address>0x141b9</load_address>
         <run_address>0x141b9</run_address>
         <size>0x185</size>
         <input_file_ref idref="fl-df"/>
      </object_component>
      <object_component id="oc-6d">
         <name>.debug_info</name>
         <load_address>0x1433e</load_address>
         <run_address>0x1433e</run_address>
         <size>0x214</size>
         <input_file_ref idref="fl-df"/>
      </object_component>
      <object_component id="oc-3c">
         <name>.debug_info</name>
         <load_address>0x14552</load_address>
         <run_address>0x14552</run_address>
         <size>0x111</size>
         <input_file_ref idref="fl-e0"/>
      </object_component>
      <object_component id="oc-48">
         <name>.debug_info</name>
         <load_address>0x14663</load_address>
         <run_address>0x14663</run_address>
         <size>0x13f</size>
         <input_file_ref idref="fl-e1"/>
      </object_component>
      <object_component id="oc-54">
         <name>.debug_info</name>
         <load_address>0x147a2</load_address>
         <run_address>0x147a2</run_address>
         <size>0x138</size>
         <input_file_ref idref="fl-e2"/>
      </object_component>
      <object_component id="oc-5a">
         <name>.debug_info</name>
         <load_address>0x148da</load_address>
         <run_address>0x148da</run_address>
         <size>0x148</size>
         <input_file_ref idref="fl-e3"/>
      </object_component>
      <object_component id="oc-179">
         <name>.debug_info</name>
         <load_address>0x14a22</load_address>
         <run_address>0x14a22</run_address>
         <size>0x1bb</size>
         <input_file_ref idref="fl-e4"/>
      </object_component>
      <object_component id="oc-e5">
         <name>.debug_info</name>
         <load_address>0x14bdd</load_address>
         <run_address>0x14bdd</run_address>
         <size>0x2e4</size>
         <input_file_ref idref="fl-e4"/>
      </object_component>
      <object_component id="oc-236">
         <name>.debug_info</name>
         <load_address>0x14ec1</load_address>
         <run_address>0x14ec1</run_address>
         <size>0x2c</size>
         <input_file_ref idref="fl-e4"/>
      </object_component>
      <object_component id="oc-72">
         <name>.debug_info</name>
         <load_address>0x14eed</load_address>
         <run_address>0x14eed</run_address>
         <size>0x109</size>
         <input_file_ref idref="fl-e5"/>
      </object_component>
      <object_component id="oc-144">
         <name>.debug_info</name>
         <load_address>0x14ff6</load_address>
         <run_address>0x14ff6</run_address>
         <size>0x124</size>
         <input_file_ref idref="fl-e6"/>
      </object_component>
      <object_component id="oc-b0">
         <name>.debug_info</name>
         <load_address>0x1511a</load_address>
         <run_address>0x1511a</run_address>
         <size>0x113</size>
         <input_file_ref idref="fl-e6"/>
      </object_component>
      <object_component id="oc-13d">
         <name>.debug_info</name>
         <load_address>0x1522d</load_address>
         <run_address>0x1522d</run_address>
         <size>0x21f</size>
         <input_file_ref idref="fl-e6"/>
      </object_component>
      <object_component id="oc-22b">
         <name>.debug_info</name>
         <load_address>0x1544c</load_address>
         <run_address>0x1544c</run_address>
         <size>0x385</size>
         <input_file_ref idref="fl-e7"/>
      </object_component>
      <object_component id="oc-176">
         <name>.debug_info</name>
         <load_address>0x157d1</load_address>
         <run_address>0x157d1</run_address>
         <size>0x1543</size>
         <input_file_ref idref="fl-e7"/>
      </object_component>
      <object_component id="oc-22c">
         <name>.debug_info</name>
         <load_address>0x16d14</load_address>
         <run_address>0x16d14</run_address>
         <size>0x86</size>
         <input_file_ref idref="fl-e7"/>
      </object_component>
      <object_component id="oc-28d">
         <name>.debug_info</name>
         <load_address>0x16d9a</load_address>
         <run_address>0x16d9a</run_address>
         <size>0x46</size>
         <input_file_ref idref="fl-e7"/>
      </object_component>
      <object_component id="oc-231">
         <name>.debug_info</name>
         <load_address>0x16de0</load_address>
         <run_address>0x16de0</run_address>
         <size>0x39</size>
         <input_file_ref idref="fl-e7"/>
      </object_component>
      <object_component id="oc-ab">
         <name>.debug_info</name>
         <load_address>0x16e19</load_address>
         <run_address>0x16e19</run_address>
         <size>0x166</size>
         <input_file_ref idref="fl-e8"/>
      </object_component>
      <object_component id="oc-67">
         <name>.debug_info</name>
         <load_address>0x16f7f</load_address>
         <run_address>0x16f7f</run_address>
         <size>0x167</size>
         <input_file_ref idref="fl-e8"/>
      </object_component>
      <object_component id="oc-135">
         <name>.debug_info</name>
         <load_address>0x170e6</load_address>
         <run_address>0x170e6</run_address>
         <size>0x5e</size>
         <input_file_ref idref="fl-e8"/>
      </object_component>
      <object_component id="oc-288">
         <name>.debug_info</name>
         <load_address>0x17144</load_address>
         <run_address>0x17144</run_address>
         <size>0x114</size>
         <input_file_ref idref="fl-e9"/>
      </object_component>
      <object_component id="oc-222">
         <name>.debug_info</name>
         <load_address>0x17258</load_address>
         <run_address>0x17258</run_address>
         <size>0x171</size>
         <input_file_ref idref="fl-e9"/>
      </object_component>
      <object_component id="oc-a3">
         <name>.debug_info</name>
         <load_address>0x173c9</load_address>
         <run_address>0x173c9</run_address>
         <size>0x2e9</size>
         <input_file_ref idref="fl-ea"/>
      </object_component>
      <object_component id="oc-62">
         <name>.debug_info</name>
         <load_address>0x176b2</load_address>
         <run_address>0x176b2</run_address>
         <size>0x190</size>
         <input_file_ref idref="fl-ea"/>
      </object_component>
      <object_component id="oc-c7">
         <name>.debug_info</name>
         <load_address>0x17842</load_address>
         <run_address>0x17842</run_address>
         <size>0x39</size>
         <input_file_ref idref="fl-ea"/>
      </object_component>
      <object_component id="oc-158">
         <name>.debug_info</name>
         <load_address>0x1787b</load_address>
         <run_address>0x1787b</run_address>
         <size>0x39</size>
         <input_file_ref idref="fl-ea"/>
      </object_component>
      <object_component id="oc-cc">
         <name>.debug_info</name>
         <load_address>0x178b4</load_address>
         <run_address>0x178b4</run_address>
         <size>0xcd</size>
         <input_file_ref idref="fl-ea"/>
      </object_component>
      <object_component id="oc-c3">
         <name>.debug_info</name>
         <load_address>0x17981</load_address>
         <run_address>0x17981</run_address>
         <size>0x1e0</size>
         <input_file_ref idref="fl-eb"/>
      </object_component>
      <object_component id="oc-98">
         <name>.debug_info</name>
         <load_address>0x17b61</load_address>
         <run_address>0x17b61</run_address>
         <size>0x183</size>
         <input_file_ref idref="fl-eb"/>
      </object_component>
      <object_component id="oc-153">
         <name>.debug_info</name>
         <load_address>0x17ce4</load_address>
         <run_address>0x17ce4</run_address>
         <size>0x2c</size>
         <input_file_ref idref="fl-eb"/>
      </object_component>
      <object_component id="oc-2b2">
         <name>.debug_info</name>
         <load_address>0x17d10</load_address>
         <run_address>0x17d10</run_address>
         <size>0xee</size>
         <input_file_ref idref="fl-ec"/>
      </object_component>
      <object_component id="oc-285">
         <name>.debug_info</name>
         <load_address>0x17dfe</load_address>
         <run_address>0x17dfe</run_address>
         <size>0xfa</size>
         <input_file_ref idref="fl-ec"/>
      </object_component>
      <object_component id="oc-209">
         <name>.debug_info</name>
         <load_address>0x17ef8</load_address>
         <run_address>0x17ef8</run_address>
         <size>0x144</size>
         <input_file_ref idref="fl-ed"/>
      </object_component>
      <object_component id="oc-1e4">
         <name>.debug_info</name>
         <load_address>0x1803c</load_address>
         <run_address>0x1803c</run_address>
         <size>0x120</size>
         <input_file_ref idref="fl-ee"/>
      </object_component>
      <object_component id="oc-1f3">
         <name>.debug_info</name>
         <load_address>0x1815c</load_address>
         <run_address>0x1815c</run_address>
         <size>0x122</size>
         <input_file_ref idref="fl-ee"/>
      </object_component>
      <object_component id="oc-1ee">
         <name>.debug_info</name>
         <load_address>0x1827e</load_address>
         <run_address>0x1827e</run_address>
         <size>0x132</size>
         <input_file_ref idref="fl-ef"/>
      </object_component>
      <object_component id="oc-1ea">
         <name>.debug_info</name>
         <load_address>0x183b0</load_address>
         <run_address>0x183b0</run_address>
         <size>0x132</size>
         <input_file_ref idref="fl-f0"/>
      </object_component>
      <object_component id="oc-1fa">
         <name>.debug_info</name>
         <load_address>0x184e2</load_address>
         <run_address>0x184e2</run_address>
         <size>0x126</size>
         <input_file_ref idref="fl-f1"/>
      </object_component>
      <object_component id="oc-205">
         <name>.debug_info</name>
         <load_address>0x18608</load_address>
         <run_address>0x18608</run_address>
         <size>0x124</size>
         <input_file_ref idref="fl-f2"/>
      </object_component>
      <object_component id="oc-26d">
         <name>.debug_info</name>
         <load_address>0x1872c</load_address>
         <run_address>0x1872c</run_address>
         <size>0x14c</size>
         <input_file_ref idref="fl-f3"/>
      </object_component>
      <object_component id="oc-200">
         <name>.debug_info</name>
         <load_address>0x18878</load_address>
         <run_address>0x18878</run_address>
         <size>0x1c2</size>
         <input_file_ref idref="fl-f3"/>
      </object_component>
      <object_component id="oc-28a">
         <name>.debug_info</name>
         <load_address>0x18a3a</load_address>
         <run_address>0x18a3a</run_address>
         <size>0xf1</size>
         <input_file_ref idref="fl-f4"/>
      </object_component>
      <object_component id="oc-226">
         <name>.debug_info</name>
         <load_address>0x18b2b</load_address>
         <run_address>0x18b2b</run_address>
         <size>0x1ab</size>
         <input_file_ref idref="fl-f4"/>
      </object_component>
      <object_component id="oc-271">
         <name>.debug_info</name>
         <load_address>0x18cd6</load_address>
         <run_address>0x18cd6</run_address>
         <size>0x13f</size>
         <input_file_ref idref="fl-f5"/>
      </object_component>
      <object_component id="oc-20f">
         <name>.debug_info</name>
         <load_address>0x18e15</load_address>
         <run_address>0x18e15</run_address>
         <size>0x18a</size>
         <input_file_ref idref="fl-f5"/>
      </object_component>
      <object_component id="oc-272">
         <name>.debug_info</name>
         <load_address>0x18f9f</load_address>
         <run_address>0x18f9f</run_address>
         <size>0x2c</size>
         <input_file_ref idref="fl-f5"/>
      </object_component>
      <object_component id="oc-281">
         <name>.debug_info</name>
         <load_address>0x18fcb</load_address>
         <run_address>0x18fcb</run_address>
         <size>0x17c</size>
         <input_file_ref idref="fl-f6"/>
      </object_component>
      <object_component id="oc-215">
         <name>.debug_info</name>
         <load_address>0x19147</load_address>
         <run_address>0x19147</run_address>
         <size>0x1d5</size>
         <input_file_ref idref="fl-f6"/>
      </object_component>
      <object_component id="oc-9f">
         <name>.debug_info</name>
         <load_address>0x1931c</load_address>
         <run_address>0x1931c</run_address>
         <size>0x145</size>
         <input_file_ref idref="fl-f7"/>
      </object_component>
      <object_component id="oc-283">
         <name>.debug_info</name>
         <load_address>0x19461</load_address>
         <run_address>0x19461</run_address>
         <size>0xf5</size>
         <input_file_ref idref="fl-f8"/>
      </object_component>
      <object_component id="oc-219">
         <name>.debug_info</name>
         <load_address>0x19556</load_address>
         <run_address>0x19556</run_address>
         <size>0x244</size>
         <input_file_ref idref="fl-f8"/>
      </object_component>
      <object_component id="oc-266">
         <name>.debug_info</name>
         <load_address>0x1979a</load_address>
         <run_address>0x1979a</run_address>
         <size>0xea</size>
         <input_file_ref idref="fl-f9"/>
      </object_component>
      <object_component id="oc-1e0">
         <name>.debug_info</name>
         <load_address>0x19884</load_address>
         <run_address>0x19884</run_address>
         <size>0x22a</size>
         <input_file_ref idref="fl-f9"/>
      </object_component>
      <object_component id="oc-1da">
         <name>.debug_info</name>
         <load_address>0x19aae</load_address>
         <run_address>0x19aae</run_address>
         <size>0x17d</size>
         <input_file_ref idref="fl-fa"/>
      </object_component>
      <object_component id="oc-27e">
         <name>.debug_info</name>
         <load_address>0x19c2b</load_address>
         <run_address>0x19c2b</run_address>
         <size>0xf3</size>
         <input_file_ref idref="fl-fb"/>
      </object_component>
      <object_component id="oc-278">
         <name>.debug_info</name>
         <load_address>0x19d1e</load_address>
         <run_address>0x19d1e</run_address>
         <size>0x156</size>
         <input_file_ref idref="fl-fc"/>
      </object_component>
      <object_component id="oc-2e4">
         <name>.debug_info</name>
         <load_address>0x19e74</load_address>
         <run_address>0x19e74</run_address>
         <size>0xa9</size>
      </object_component>
      <object_component id="oc-1d7">
         <name>.debug_line</name>
         <load_address>0x0</load_address>
         <run_address>0x0</run_address>
         <size>0x85</size>
         <input_file_ref idref="fl-2"/>
      </object_component>
      <object_component id="oc-e1">
         <name>.debug_line</name>
         <load_address>0x85</load_address>
         <run_address>0x85</run_address>
         <size>0x2ce</size>
         <input_file_ref idref="fl-2"/>
      </object_component>
      <object_component id="oc-131">
         <name>.debug_line</name>
         <load_address>0x353</load_address>
         <run_address>0x353</run_address>
         <size>0x20</size>
         <input_file_ref idref="fl-2"/>
      </object_component>
      <object_component id="oc-14f">
         <name>.debug_line</name>
         <load_address>0x373</load_address>
         <run_address>0x373</run_address>
         <size>0x65</size>
         <input_file_ref idref="fl-2"/>
      </object_component>
      <object_component id="oc-17d">
         <name>.debug_line</name>
         <load_address>0x3d8</load_address>
         <run_address>0x3d8</run_address>
         <size>0x65</size>
         <input_file_ref idref="fl-2"/>
      </object_component>
      <object_component id="oc-1c5">
         <name>.debug_line</name>
         <load_address>0x43d</load_address>
         <run_address>0x43d</run_address>
         <size>0xc7</size>
         <input_file_ref idref="fl-3"/>
      </object_component>
      <object_component id="oc-1c3">
         <name>.debug_line</name>
         <load_address>0x504</load_address>
         <run_address>0x504</run_address>
         <size>0x30</size>
         <input_file_ref idref="fl-3"/>
      </object_component>
      <object_component id="oc-d2">
         <name>.debug_line</name>
         <load_address>0x534</load_address>
         <run_address>0x534</run_address>
         <size>0x14a</size>
         <input_file_ref idref="fl-3"/>
      </object_component>
      <object_component id="oc-1c9">
         <name>.debug_line</name>
         <load_address>0x67e</load_address>
         <run_address>0x67e</run_address>
         <size>0x73</size>
         <input_file_ref idref="fl-3"/>
      </object_component>
      <object_component id="oc-197">
         <name>.debug_line</name>
         <load_address>0x6f1</load_address>
         <run_address>0x6f1</run_address>
         <size>0x55</size>
         <input_file_ref idref="fl-3"/>
      </object_component>
      <object_component id="oc-192">
         <name>.debug_line</name>
         <load_address>0x746</load_address>
         <run_address>0x746</run_address>
         <size>0x52</size>
         <input_file_ref idref="fl-3"/>
      </object_component>
      <object_component id="oc-1d4">
         <name>.debug_line</name>
         <load_address>0x798</load_address>
         <run_address>0x798</run_address>
         <size>0x74</size>
         <input_file_ref idref="fl-3"/>
      </object_component>
      <object_component id="oc-1d0">
         <name>.debug_line</name>
         <load_address>0x80c</load_address>
         <run_address>0x80c</run_address>
         <size>0x74</size>
         <input_file_ref idref="fl-4"/>
      </object_component>
      <object_component id="oc-1ce">
         <name>.debug_line</name>
         <load_address>0x880</load_address>
         <run_address>0x880</run_address>
         <size>0x31</size>
         <input_file_ref idref="fl-4"/>
      </object_component>
      <object_component id="oc-1cc">
         <name>.debug_line</name>
         <load_address>0x8b1</load_address>
         <run_address>0x8b1</run_address>
         <size>0x31</size>
         <input_file_ref idref="fl-4"/>
      </object_component>
      <object_component id="oc-db">
         <name>.debug_line</name>
         <load_address>0x8e2</load_address>
         <run_address>0x8e2</run_address>
         <size>0xce</size>
         <input_file_ref idref="fl-4"/>
      </object_component>
      <object_component id="oc-18e">
         <name>.debug_line</name>
         <load_address>0x9b0</load_address>
         <run_address>0x9b0</run_address>
         <size>0x14e</size>
         <input_file_ref idref="fl-5"/>
      </object_component>
      <object_component id="oc-19e">
         <name>.debug_line</name>
         <load_address>0xafe</load_address>
         <run_address>0xafe</run_address>
         <size>0x2d</size>
         <input_file_ref idref="fl-5"/>
      </object_component>
      <object_component id="oc-1a0">
         <name>.debug_line</name>
         <load_address>0xb2b</load_address>
         <run_address>0xb2b</run_address>
         <size>0x2d</size>
         <input_file_ref idref="fl-5"/>
      </object_component>
      <object_component id="oc-1a2">
         <name>.debug_line</name>
         <load_address>0xb58</load_address>
         <run_address>0xb58</run_address>
         <size>0x2d</size>
         <input_file_ref idref="fl-5"/>
      </object_component>
      <object_component id="oc-1a4">
         <name>.debug_line</name>
         <load_address>0xb85</load_address>
         <run_address>0xb85</run_address>
         <size>0x2d</size>
         <input_file_ref idref="fl-5"/>
      </object_component>
      <object_component id="oc-1a6">
         <name>.debug_line</name>
         <load_address>0xbb2</load_address>
         <run_address>0xbb2</run_address>
         <size>0x2d</size>
         <input_file_ref idref="fl-5"/>
      </object_component>
      <object_component id="oc-1a8">
         <name>.debug_line</name>
         <load_address>0xbdf</load_address>
         <run_address>0xbdf</run_address>
         <size>0x2d</size>
         <input_file_ref idref="fl-5"/>
      </object_component>
      <object_component id="oc-1aa">
         <name>.debug_line</name>
         <load_address>0xc0c</load_address>
         <run_address>0xc0c</run_address>
         <size>0x2d</size>
         <input_file_ref idref="fl-5"/>
      </object_component>
      <object_component id="oc-1ac">
         <name>.debug_line</name>
         <load_address>0xc39</load_address>
         <run_address>0xc39</run_address>
         <size>0x2d</size>
         <input_file_ref idref="fl-5"/>
      </object_component>
      <object_component id="oc-1ae">
         <name>.debug_line</name>
         <load_address>0xc66</load_address>
         <run_address>0xc66</run_address>
         <size>0x2d</size>
         <input_file_ref idref="fl-5"/>
      </object_component>
      <object_component id="oc-1b0">
         <name>.debug_line</name>
         <load_address>0xc93</load_address>
         <run_address>0xc93</run_address>
         <size>0x2d</size>
         <input_file_ref idref="fl-5"/>
      </object_component>
      <object_component id="oc-1b2">
         <name>.debug_line</name>
         <load_address>0xcc0</load_address>
         <run_address>0xcc0</run_address>
         <size>0x2d</size>
         <input_file_ref idref="fl-5"/>
      </object_component>
      <object_component id="oc-1b4">
         <name>.debug_line</name>
         <load_address>0xced</load_address>
         <run_address>0xced</run_address>
         <size>0x2d</size>
         <input_file_ref idref="fl-5"/>
      </object_component>
      <object_component id="oc-1b6">
         <name>.debug_line</name>
         <load_address>0xd1a</load_address>
         <run_address>0xd1a</run_address>
         <size>0x2d</size>
         <input_file_ref idref="fl-5"/>
      </object_component>
      <object_component id="oc-1b8">
         <name>.debug_line</name>
         <load_address>0xd47</load_address>
         <run_address>0xd47</run_address>
         <size>0x2d</size>
         <input_file_ref idref="fl-5"/>
      </object_component>
      <object_component id="oc-1ba">
         <name>.debug_line</name>
         <load_address>0xd74</load_address>
         <run_address>0xd74</run_address>
         <size>0x2d</size>
         <input_file_ref idref="fl-5"/>
      </object_component>
      <object_component id="oc-19a">
         <name>.debug_line</name>
         <load_address>0xda1</load_address>
         <run_address>0xda1</run_address>
         <size>0x2d</size>
         <input_file_ref idref="fl-5"/>
      </object_component>
      <object_component id="oc-a8">
         <name>.debug_line</name>
         <load_address>0xdce</load_address>
         <run_address>0xdce</run_address>
         <size>0x251</size>
         <input_file_ref idref="fl-5"/>
      </object_component>
      <object_component id="oc-bf">
         <name>.debug_line</name>
         <load_address>0x101f</load_address>
         <run_address>0x101f</run_address>
         <size>0x40</size>
         <input_file_ref idref="fl-6"/>
      </object_component>
      <object_component id="oc-7c">
         <name>.debug_line</name>
         <load_address>0x105f</load_address>
         <run_address>0x105f</run_address>
         <size>0x40</size>
         <input_file_ref idref="fl-6"/>
      </object_component>
      <object_component id="oc-77">
         <name>.debug_line</name>
         <load_address>0x109f</load_address>
         <run_address>0x109f</run_address>
         <size>0xa1</size>
         <input_file_ref idref="fl-6"/>
      </object_component>
      <object_component id="oc-39">
         <name>.debug_line</name>
         <load_address>0x1140</load_address>
         <run_address>0x1140</run_address>
         <size>0x20</size>
         <input_file_ref idref="fl-6"/>
[...]
         <name>I2C_enableModule</name>
         <value>0x1ad5</value>
         <object_component_ref idref="oc-15d"/>
      </symbol>
      <symbol id="sm-3a8">
         <name>I2C_masterReceiveStart</name>
         <value>0x1ec7</value>
         <object_component_ref idref="oc-15d"/>
      </symbol>
      <symbol id="sm-3a9">
         <name>I2C_slaveSendNAK</name>
         <value>0x21af</value>
         <object_component_ref idref="oc-15d"/>
      </symbol>
      <symbol id="sm-3aa">
         <name>I2C_clearInterruptFlag</name>
         <value>0x2099</value>
         <object_component_ref idref="oc-15d"/>
      </symbol>
      <symbol id="sm-3ab">
         <name>I2C_initSlave</name>
         <value>0x1a9b</value>
         <object_component_ref idref="oc-15d"/>
      </symbol>
      <symbol id="sm-3ac">
         <name>I2C_masterIsStopSent</name>
         <value>0x1fef</value>
         <object_component_ref idref="oc-15d"/>
      </symbol>
      <symbol id="sm-3ad">
         <name>I2C_masterSendMultiByteFinishWithTimeout</name>
         <value>0x1df5</value>
         <object_component_ref idref="oc-15d"/>
      </symbol>
      <symbol id="sm-3ae">
         <name>I2C_masterReceiveSingle</name>
         <value>0x1fa9</value>
         <object_component_ref idref="oc-15d"/>
      </symbol>
      <symbol id="sm-3af">
         <name>I2C_setSlaveAddress</name>
         <value>0x1b01</value>
         <object_component_ref idref="oc-15d"/>
      </symbol>
      <symbol id="sm-3b0">
         <name>I2C_masterSendStart</name>
         <value>0x2019</value>
         <object_component_ref idref="oc-15d"/>
      </symbol>
      <symbol id="sm-3b1">
         <name>I2C_initMaster</name>
         <value>0x1a39</value>
         <object_component_ref idref="oc-15d"/>
      </symbol>
      <symbol id="sm-3b2">
         <name>I2C_registerInterrupt</name>
         <value>0x20ed</value>
         <object_component_ref idref="oc-15d"/>
      </symbol>
      <symbol id="sm-3b3">
         <name>I2C_slaveGetData</name>
         <value>0x1b7b</value>
         <object_component_ref idref="oc-15d"/>
      </symbol>
      <symbol id="sm-3b4">
         <name>I2C_masterSendMultiByteStopWithTimeout</name>
         <value>0x1e8b</value>
         <object_component_ref idref="oc-15d"/>
      </symbol>
      <symbol id="sm-3b5">
         <name>I2C_disableMultiMasterMode</name>
         <value>0x204d</value>
         <object_component_ref idref="oc-15d"/>
      </symbol>
      <symbol id="sm-3b6">
         <name>I2C_masterSendMultiByteNextWithTimeout</name>
         <value>0x1d69</value>
         <object_component_ref idref="oc-15d"/>
      </symbol>
      <symbol id="sm-3b7">
         <name>I2C_enableInterrupt</name>
         <value>0x206d</value>
         <object_component_ref idref="oc-15d"/>
      </symbol>
      <symbol id="sm-3b8">
         <name>I2C_masterReceiveSingleByte</name>
         <value>0x1b31</value>
         <object_component_ref idref="oc-15d"/>
      </symbol>
      <symbol id="sm-3b9">
         <name>I2C_disableModule</name>
         <value>0x1aeb</value>
         <object_component_ref idref="oc-15d"/>
      </symbol>
      <symbol id="sm-3ba">
         <name>I2C_getTransmitBufferAddressForDMA</name>
         <value>0x1fe1</value>
         <object_component_ref idref="oc-15d"/>
      </symbol>
      <symbol id="sm-43d">
         <name>Interrupt_disableMaster</name>
         <value>0x31cb</value>
         <object_component_ref idref="oc-182"/>
      </symbol>
      <symbol id="sm-43e">
         <name>Interrupt_disableInterrupt</name>
         <value>0x337b</value>
         <object_component_ref idref="oc-182"/>
      </symbol>
      <symbol id="sm-43f">
         <name>Interrupt_getPriorityMask</name>
         <value>0x3547</value>
         <object_component_ref idref="oc-182"/>
      </symbol>
      <symbol id="sm-440">
         <name>Interrupt_unpendInterrupt</name>
         <value>0x34e9</value>
         <object_component_ref idref="oc-182"/>
      </symbol>
      <symbol id="sm-441">
         <name>Interrupt_setPriorityMask</name>
         <value>0x3537</value>
         <object_component_ref idref="oc-182"/>
      </symbol>
      <symbol id="sm-442">
         <name>Interrupt_unregisterInterrupt</name>
         <value>0x322d</value>
         <object_component_ref idref="oc-182"/>
      </symbol>
      <symbol id="sm-443">
         <name>Interrupt_setVectorTableAddress</name>
         <value>0x3551</value>
         <object_component_ref idref="oc-182"/>
      </symbol>
      <symbol id="sm-444">
         <name>Interrupt_setPriority</name>
         <value>0x3293</value>
         <object_component_ref idref="oc-182"/>
      </symbol>
      <symbol id="sm-445">
         <name>Interrupt_enableSleepOnIsrExit</name>
         <value>0x3567</value>
         <object_component_ref idref="oc-182"/>
      </symbol>
      <symbol id="sm-446">
         <name>Interrupt_enableMaster</name>
         <value>0x31bb</value>
         <object_component_ref idref="oc-182"/>
      </symbol>
      <symbol id="sm-447">
         <name>Interrupt_enableInterrupt</name>
         <value>0x3309</value>
         <object_component_ref idref="oc-182"/>
      </symbol>
      <symbol id="sm-448">
         <name>Interrupt_getPriority</name>
         <value>0x32e3</value>
         <object_component_ref idref="oc-182"/>
      </symbol>
      <symbol id="sm-449">
         <name>Interrupt_registerInterrupt</name>
         <value>0x31db</value>
         <object_component_ref idref="oc-182"/>
      </symbol>
      <symbol id="sm-44a">
         <name>g_pfnRAMVectors</name>
         <value>0x20000000</value>
         <object_component_ref idref="oc-245"/>
      </symbol>
      <symbol id="sm-44b">
         <name>Interrupt_disableSleepOnIsrExit</name>
         <value>0x3579</value>
         <object_component_ref idref="oc-182"/>
      </symbol>
      <symbol id="sm-44c">
         <name>Interrupt_setPriorityGrouping</name>
         <value>0x3241</value>
         <object_component_ref idref="oc-182"/>
      </symbol>
      <symbol id="sm-44d">
         <name>Interrupt_getPriorityGrouping</name>
         <value>0x325b</value>
         <object_component_ref idref="oc-182"/>
      </symbol>
      <symbol id="sm-44e">
         <name>Interrupt_getVectorTableAddress</name>
         <value>0x3561</value>
         <object_component_ref idref="oc-182"/>
      </symbol>
      <symbol id="sm-44f">
         <name>Interrupt_isEnabled</name>
         <value>0x33ed</value>
         <object_component_ref idref="oc-182"/>
      </symbol>
      <symbol id="sm-450">
         <name>Interrupt_pendInterrupt</name>
         <value>0x3479</value>
         <object_component_ref idref="oc-182"/>
      </symbol>
      <symbol id="sm-4ae">
         <name>UART_unregisterInterrupt</name>
         <value>0x314d</value>
         <object_component_ref idref="oc-f6"/>
      </symbol>
      <symbol id="sm-4af">
         <name>UART_enableInterrupt</name>
         <value>0x2fd9</value>
         <object_component_ref idref="oc-f6"/>
      </symbol>
      <symbol id="sm-4b0">
         <name>UART_receiveData</name>
         <value>0x2eaf</value>
         <object_component_ref idref="oc-f6"/>
      </symbol>
      <symbol id="sm-4b1">
         <name>UART_enableModule</name>
         <value>0x2ed5</value>
         <object_component_ref idref="oc-f6"/>
      </symbol>
      <symbol id="sm-4b2">
         <name>UART_disableModule</name>
         <value>0x2eeb</value>
         <object_component_ref idref="oc-f6"/>
      </symbol>
      <symbol id="sm-4b3">
         <name>UART_getEnabledInterruptStatus</name>
         <value>0x3055</value>
         <object_component_ref idref="oc-f6"/>
      </symbol>
      <symbol id="sm-4b4">
         <name>UART_transmitData</name>
         <value>0x2e85</value>
         <object_component_ref idref="oc-f6"/>
      </symbol>
      <symbol id="sm-4b5">
         <name>UART_transmitBreak</name>
         <value>0x2f5b</value>
         <object_component_ref idref="oc-f6"/>
      </symbol>
      <symbol id="sm-4b6">
         <name>UART_registerInterrupt</name>
         <value>0x30d1</value>
         <object_component_ref idref="oc-f6"/>
      </symbol>
      <symbol id="sm-4b7">
         <name>UART_selectDeglitchTime</name>
         <value>0x2fbd</value>
         <object_component_ref idref="oc-f6"/>
      </symbol>
      <symbol id="sm-4b8">
         <name>UART_getInterruptStatus</name>
         <value>0x3039</value>
         <object_component_ref idref="oc-f6"/>
      </symbol>
      <symbol id="sm-4b9">
         <name>UART_getReceiveBufferAddressForDMA</name>
         <value>0x2fa1</value>
         <object_component_ref idref="oc-f6"/>
      </symbol>
      <symbol id="sm-4ba">
         <name>UART_getTransmitBufferAddressForDMA</name>
         <value>0x2faf</value>
         <object_component_ref idref="oc-f6"/>
      </symbol>
      <symbol id="sm-4bb">
         <name>UART_initModule</name>
         <value>0x2d9d</value>
         <object_component_ref idref="oc-f6"/>
      </symbol>
      <symbol id="sm-4bc">
         <name>UART_transmitAddress</name>
         <value>0x2f3d</value>
         <object_component_ref idref="oc-f6"/>
      </symbol>
      <symbol id="sm-4bd">
         <name>UART_clearInterruptFlag</name>
         <value>0x30b1</value>
         <object_component_ref idref="oc-f6"/>
      </symbol>
      <symbol id="sm-4be">
         <name>UART_queryStatusFlags</name>
         <value>0x2f01</value>
         <object_component_ref idref="oc-f6"/>
      </symbol>
      <symbol id="sm-4bf">
         <name>UART_disableInterrupt</name>
         <value>0x3009</value>
         <object_component_ref idref="oc-f6"/>
      </symbol>
      <symbol id="sm-4c0">
         <name>UART_setDormant</name>
         <value>0x2f15</value>
         <object_component_ref idref="oc-f6"/>
      </symbol>
      <symbol id="sm-4c1">
         <name>UART_resetDormant</name>
         <value>0x2f29</value>
         <object_component_ref idref="oc-f6"/>
      </symbol>
      <symbol id="sm-4d3">
         <name>_c_int00</name>
         <value>0x4665</value>
         <object_component_ref idref="oc-26"/>
      </symbol>
      <symbol id="sm-4d4">
         <name>__stack</name>
         <value>0x2000fe00</value>
         <object_component_ref idref="oc-2f"/>
      </symbol>
      <symbol id="sm-4f2">
         <name>__TI_decompress_lzss</name>
         <value>0x44e1</value>
         <object_component_ref idref="oc-14"/>
      </symbol>
      <symbol id="sm-509">
         <name>__TI_decompress_none</name>
         <value>0x48f3</value>
         <object_component_ref idref="oc-1a"/>
      </symbol>
      <symbol id="sm-520">
         <name>__TI_zero_init</name>
         <value>0x4901</value>
         <object_component_ref idref="oc-20"/>
      </symbol>
      <symbol id="sm-541">
         <name>C$$EXIT</name>
         <value>0x46b9</value>
         <object_component_ref idref="oc-6b"/>
      </symbol>
      <symbol id="sm-542">
         <name>abort</name>
         <value>0x46bd</value>
         <object_component_ref idref="oc-6b"/>
      </symbol>
      <symbol id="sm-543">
         <name>exit</name>
         <value>0x46c5</value>
         <object_component_ref idref="oc-6b"/>
      </symbol>
      <symbol id="sm-544">
         <name>__TI_dtors_ptr</name>
         <value>0x20000400</value>
         <object_component_ref idref="oc-ac"/>
      </symbol>
      <symbol id="sm-545">
         <name>__TI_cleanup_ptr</name>
         <value>0x200003fc</value>
         <object_component_ref idref="oc-ac"/>
      </symbol>
      <symbol id="sm-546">
         <name>__TI_enable_exit_profile_output</name>
         <value>0x20000404</value>
         <object_component_ref idref="oc-ac"/>
      </symbol>
      <symbol id="sm-561">
         <name>memcpy</name>
         <value>0x424d</value>
         <object_component_ref idref="oc-3b"/>
      </symbol>
      <symbol id="sm-562">
         <name>__aeabi_memcpy</name>
         <value>0x424d</value>
         <object_component_ref idref="oc-3b"/>
      </symbol>
      <symbol id="sm-563">
         <name>__aeabi_memcpy8</name>
         <value>0x424d</value>
         <object_component_ref idref="oc-3b"/>
      </symbol>
      <symbol id="sm-564">
         <name>__aeabi_memcpy4</name>
         <value>0x424d</value>
         <object_component_ref idref="oc-3b"/>
      </symbol>
      <symbol id="sm-573">
         <name>__aeabi_memset</name>
         <value>0x43f7</value>
         <object_component_ref idref="oc-47"/>
      </symbol>
      <symbol id="sm-574">
         <name>memset</name>
         <value>0x43fd</value>
         <object_component_ref idref="oc-47"/>
      </symbol>
      <symbol id="sm-575">
         <name>__aeabi_memset8</name>
         <value>0x43f7</value>
         <object_component_ref idref="oc-47"/>
      </symbol>
      <symbol id="sm-576">
         <name>__aeabi_memset4</name>
         <value>0x43f7</value>
         <object_component_ref idref="oc-47"/>
      </symbol>
      <symbol id="sm-577">
         <name>__aeabi_memclr8</name>
         <value>0x43f5</value>
         <object_component_ref idref="oc-47"/>
      </symbol>
      <symbol id="sm-578">
         <name>__aeabi_memclr4</name>
         <value>0x43f5</value>
         <object_component_ref idref="oc-47"/>
      </symbol>
      <symbol id="sm-579">
         <name>__aeabi_memclr</name>
         <value>0x43f5</value>
         <object_component_ref idref="oc-47"/>
      </symbol>
      <symbol id="sm-583">
         <name>__mpu_init</name>
         <value>0x127b</value>
         <object_component_ref idref="oc-53"/>
      </symbol>
      <symbol id="sm-58d">
         <name>_system_pre_init</name>
         <value>0x490d</value>
         <object_component_ref idref="oc-59"/>
      </symbol>
      <symbol id="sm-5a6">
         <name>sprintf</name>
         <value>0x45ad</value>
         <object_component_ref idref="oc-e3"/>
      </symbol>
      <symbol id="sm-5ae">
         <name>main_func_sp</name>
         <value>0x20000474</value>
         <object_component_ref idref="oc-71"/>
      </symbol>
      <symbol id="sm-5c7">
         <name>_nop</name>
         <value>0x48b3</value>
         <object_component_ref idref="oc-13c"/>
      </symbol>
      <symbol id="sm-5c8">
         <name>_lock</name>
         <value>0x2000044c</value>
         <object_component_ref idref="oc-af"/>
      </symbol>
      <symbol id="sm-5c9">
         <name>_unlock</name>
         <value>0x20000450</value>
         <object_component_ref idref="oc-af"/>
      </symbol>
      <symbol id="sm-5ca">
         <name>_register_lock</name>
         <value>0x48ab</value>
         <object_component_ref idref="oc-13c"/>
      </symbol>
      <symbol id="sm-5cb">
         <name>_register_unlock</name>
         <value>0x48a5</value>
         <object_component_ref idref="oc-13c"/>
      </symbol>
      <symbol id="sm-6cc">
         <name>__TI_printfi</name>
         <value>0x981</value>
         <object_component_ref idref="oc-172"/>
      </symbol>
      <symbol id="sm-6e0">
         <name>_args_main</name>
         <value>0x4875</value>
         <object_component_ref idref="oc-65"/>
      </symbol>
      <symbol id="sm-6f6">
         <name>atoi</name>
         <value>0x470d</value>
         <object_component_ref idref="oc-21e"/>
      </symbol>
      <symbol id="sm-720">
         <name>__TI_auto_init</name>
         <value>0x4471</value>
         <object_component_ref idref="oc-5f"/>
      </symbol>
      <symbol id="sm-73a">
         <name>copy_in</name>
         <value>0x4759</value>
         <object_component_ref idref="oc-96"/>
      </symbol>
      <symbol id="sm-745">
         <name>_ctypes_</name>
         <value>0x4910</value>
         <object_component_ref idref="oc-284"/>
      </symbol>
      <symbol id="sm-75c">
         <name>__aeabi_dsub</name>
         <value>0x3c99</value>
         <object_component_ref idref="oc-207"/>
      </symbol>
      <symbol id="sm-75d">
         <name>__aeabi_dadd</name>
         <value>0x3ca3</value>
         <object_component_ref idref="oc-207"/>
      </symbol>
      <symbol id="sm-77f">
         <name>__aeabi_cdcmpeq</name>
         <value>0x42e9</value>
         <object_component_ref idref="oc-1e3"/>
      </symbol>
      <symbol id="sm-780">
         <name>__aeabi_cdcmple</name>
         <value>0x42e9</value>
         <object_component_ref idref="oc-1e3"/>
      </symbol>
      <symbol id="sm-781">
         <name>__aeabi_cdrcmple</name>
         <value>0x436f</value>
         <object_component_ref idref="oc-1f2"/>
      </symbol>
      <symbol id="sm-795">
         <name>__aeabi_ddiv</name>
         <value>0x3e4f</value>
         <object_component_ref idref="oc-1ed"/>
      </symbol>
      <symbol id="sm-7a0">
         <name>__aeabi_dmul</name>
         <value>0x3f85</value>
         <object_component_ref idref="oc-1e8"/>
      </symbol>
      <symbol id="sm-7aa">
         <name>__aeabi_d2iz</name>
         <value>0x47a5</value>
         <object_component_ref idref="oc-1f7"/>
      </symbol>
      <symbol id="sm-7b4">
         <name>__aeabi_i2d</name>
         <value>0x482b</value>
         <object_component_ref idref="oc-202"/>
      </symbol>
      <symbol id="sm-7c3">
         <name>ltoa</name>
         <value>0x460d</value>
         <object_component_ref idref="oc-1fc"/>
      </symbol>
      <symbol id="sm-7d3">
         <name>memccpy</name>
         <value>0x4859</value>
         <object_component_ref idref="oc-224"/>
      </symbol>
      <symbol id="sm-7ee">
         <name>frexpl</name>
         <value>0x4549</value>
         <object_component_ref idref="oc-20c"/>
      </symbol>
      <symbol id="sm-7ef">
         <name>frexp</name>
         <value>0x4549</value>
         <object_component_ref idref="oc-20c"/>
      </symbol>
      <symbol id="sm-80c">
         <name>scalbn</name>
         <value>0x4081</value>
         <object_component_ref idref="oc-212"/>
      </symbol>
      <symbol id="sm-80d">
         <name>scalbnl</name>
         <value>0x4081</value>
         <object_component_ref idref="oc-212"/>
      </symbol>
      <symbol id="sm-80e">
         <name>ldexpl</name>
         <value>0x4081</value>
         <object_component_ref idref="oc-212"/>
      </symbol>
      <symbol id="sm-80f">
         <name>ldexp</name>
         <value>0x4081</value>
         <object_component_ref idref="oc-212"/>
      </symbol>
      <symbol id="sm-819">
         <name>_system_post_cinit</name>
         <value>0x1a37</value>
         <object_component_ref idref="oc-9c"/>
      </symbol>
      <symbol id="sm-829">
         <name>strchr</name>
         <value>0x488d</value>
         <object_component_ref idref="oc-218"/>
      </symbol>
      <symbol id="sm-837">
         <name>strlen</name>
         <value>0x48cd</value>
         <object_component_ref idref="oc-1dd"/>
      </symbol>
      <symbol id="sm-853">
         <name>__aeabi_uldivmod</name>
         <value>0x38d1</value>
         <object_component_ref idref="oc-1d8"/>
      </symbol>
      <symbol id="sm-85b">
         <name>errno</name>
         <value>0x20000470</value>
         <object_component_ref idref="oc-27d"/>
      </symbol>
      <symbol id="sm-865">
         <name>copysign</name>
         <value>0x48b9</value>
         <object_component_ref idref="oc-277"/>
      </symbol>
      <symbol id="sm-866">
         <name>copysignl</name>
         <value>0x48b9</value>
         <object_component_ref idref="oc-277"/>
      </symbol>
      <symbol id="sm-867">
         <name>__TI_static_base__</name>
         <value>0x0</value>
      </symbol>
      <symbol id="sm-86a">
         <name>SHT$$INIT_ARRAY$$Limit</name>
         <value>0x0</value>
      </symbol>
      <symbol id="sm-86b">
         <name>SHT$$INIT_ARRAY$$Base</name>
         <value>0x0</value>
      </symbol>
   </symbol_table>
   <title>Link successful</title>
</link_info>
