******************************************************************************
                  TI ARM Linker PC v16.9.0                     
******************************************************************************
>> Linked Mon Feb 13 00:51:33 2017

OUTPUT FILE NAME:   <MSP432_GPS_GPRS_Fuel_Gauge.out>
ENTRY POINT SYMBOL: "_c_int00"  address: 00004891


MEMORY CONFIGURATION

         name            origin    length      used     unused   attr    fill
----------------------  --------  ---------  --------  --------  ----  --------
  MAIN                  00000000   00040000  00004e54  0003b1ac  R  X
  INFO                  00200000   00004000  00000000  00004000  R  X
  SRAM_CODE             01000000   00010000  00000678  0000f988  RW X
  SRAM_DATA             20000000   00010000  00000678  0000f988  RW  


SEGMENT ALLOCATION MAP

run origin  load origin   length   init length attrs members
----------  ----------- ---------- ----------- ----- -------
00000000    00000000    00004e58   00004e58    r-x
  00000000    00000000    00000140   00000140    r-- .intvecs
  00000140    00000140    00004a10   00004a10    r-x .text
  00004b50    00004b50    0000020c   0000020c    r-- .const
  00004d60    00004d60    000000f8   000000f8    r-- .cinit
20000000    20000000    00000478   00000000    rw-
  20000000    20000000    000000e4   00000000    rw- .vtable
  200000e4    200000e4    00000278   00000000    rw- .bss
  2000035c    2000035c    0000011c   00000000    rw- .data
2000fe00    2000fe00    00000200   00000000    rw-
  2000fe00    2000fe00    00000200   00000000    rw- .stack


SECTION ALLOCATION MAP

 output                                  attributes/
section   page    origin      length       input sections
--------  ----  ----------  ----------   ----------------
.intvecs   0    00000000    00000140     
                  00000000    00000140     startup_msp432p401r_ccs.obj (.intvecs:retain)

.binit     0    00000000    00000000     

.text      0    00000140    00004a10     
                  00000140    0000113a     rtsv7M4_T_le_v4SPD16_eabi.lib : _printfi.obj (.text)
                  0000127a    00000002                                   : mpu_init.obj (.text)
                  0000127c    00000968     main.obj (.text)
                  00001be4    000007ba     HAL_BQ27441.obj (.text)
                  0000239e    00000002     rtsv7M4_T_le_v4SPD16_eabi.lib : startup.obj (.text)
                  000023a0    000007a8     i2c.obj (.text)
                  00002b48    00000480     gpio.obj (.text)
                  00002fc8    0000041c     uart.obj (.text)
                  000033e4    000003f0     interrupt.obj (.text)
                  000037d4    00000328     system_msp432p401r.obj (.text)
                  00003afc    000001f4     rtsv7M4_T_le_v4SPD16_eabi.lib : ull_div_t2.obj (.text)
                  00003cf0    000001d4     HAL_I2C.obj (.text)
                  00003ec4    000001b6     rtsv7M4_T_le_v4SPD16_eabi.lib : fd_add_t2.obj (.text)
                  0000407a    00000136                                   : fd_div_t2.obj (.text)
                  000041b0    000000fc                                   : fd_mul_t2.obj (.text)
                  000042ac    000000fc                                   : s_scalbn.obj (.text)
                  000043a8    000000d0     HAL_UART.obj (.text)
                  00004478    0000009c     rtsv7M4_T_le_v4SPD16_eabi.lib : memcpy_t2.obj (.text)
                  00004514    00000086                                   : fd_cmp_t2.obj (.text:__aeabi_cdcmple)
                  0000459a    00000086                                   : fd_cmp_t2.obj (.text:__aeabi_cdrcmple)
                  00004620    0000007a                                   : memset_t2.obj (.text)
                  0000469a    00000002     --HOLE-- [fill = 0]
                  0000469c    00000070                                   : autoinit.obj (.text)
                  0000470c    00000068                                   : copy_decompress_lzss.obj (.text:decompress:lzss)
                  00004774    00000064                                   : s_frexp.obj (.text)
                  000047d8    00000060                                   : sprintf.obj (.text)
                  00004838    00000056                                   : ltoa.obj (.text)
                  0000488e    00000002     --HOLE-- [fill = 0]
                  00004890    00000054                                   : boot.obj (.text)
                  000048e4    00000054                                   : exit.obj (.text)
                  00004938    0000004c                                   : atoi.obj (.text)
                  00004984    0000004c                                   : cpy_tbl.obj (.text)
                  000049d0    00000048                                   : fd_toi_t2.obj (.text)
                  00004a18    0000003e     cpu.obj (.text)
                  00004a56    0000002e     rtsv7M4_T_le_v4SPD16_eabi.lib : i_tofd_t2.obj (.text)
                  00004a84    0000001c                                   : memccpy.obj (.text)
                  00004aa0    00000018                                   : args_main.obj (.text)
                  00004ab8    00000016                                   : strchr.obj (.text)
                  00004ace    00000002     --HOLE-- [fill = 0]
                  00004ad0    00000014                                   : _lock.obj (.text)
                  00004ae4    00000014                                   : s_copysign.obj (.text)
                  00004af8    00000014                                   : strcpy.obj (.text)
                  00004b0c    00000014                                   : strlen.obj (.text)
                  00004b20    00000012     startup_msp432p401r_ccs.obj (.text)
                  00004b32    0000000e     rtsv7M4_T_le_v4SPD16_eabi.lib : copy_decompress_none.obj (.text:decompress:none)
                  00004b40    0000000c                                   : copy_zero_init.obj (.text:decompress:ZI)
                  00004b4c    00000004                                   : pre_init.obj (.text)

.const     0    00004b50    0000020c     
                  00004b50    00000101     rtsv7M4_T_le_v4SPD16_eabi.lib : ctype.obj (.const:.string:_ctypes_)
                  00004c51    00000003     --HOLE-- [fill = 0]
                  00004c54    00000050     interrupt.obj (.const:g_pulRegs)
                  00004ca4    00000024     HAL_UART.obj (.const:uartConfig)
                  00004cc8    00000024     HAL_UART.obj (.const:uartConfigGps)
                  00004cec    00000020     interrupt.obj (.const:g_pulPriority)
                  00004d0c    0000001c     gpio.obj (.const:GPIO_PORT_TO_INT)
                  00004d28    00000014     HAL_I2C.obj (.const:i2cConfig)
                  00004d3c    00000008     interrupt.obj (.const:g_pulDisRegs)
                  00004d44    00000008     interrupt.obj (.const:g_pulEnRegs)
                  00004d4c    00000008     interrupt.obj (.const:g_pulPendRegs)
                  00004d54    00000008     interrupt.obj (.const:g_pulUnpendRegs)

.cinit     0    00004d60    000000f8     
                  00004d60    000000c3     (.cinit..data.load) [load image, compression = lzss]
                  00004e23    00000001     --HOLE-- [fill = 0]
                  00004e24    0000000c     (__TI_handler_table)
                  00004e30    00000008     (.cinit..bss.load) [load image, compression = zero_init]
                  00004e38    00000008     (.cinit..vtable.load) [load image, compression = zero_init]
                  00004e40    00000018     (__TI_cinit_table)

.init_array 
*          0    00000000    00000000     UNINITIALIZED

.vtable    0    20000000    000000e4     UNINITIALIZED
                  20000000    000000e4     interrupt.obj (.vtable)

.bss       0    200000e4    00000278     UNINITIALIZED
                  200000e4    000001f4     (.common:getUrl)
                  200002d8    00000064     (.common:temp)
                  2000033c    0000000c     (.common:battCap)
                  20000348    0000000c     (.common:battState)
                  20000354    00000004     (.common:latc)
                  20000358    00000004     (.common:lngc)

.data      0    2000035c    0000011c     UNINITIALIZED
                  2000035c    00000030     gpio.obj (.data:GPIO_PORT_TO_BASE)
                  2000038c    0000001c     main.obj (.data)
                  200003a8    00000018     main.obj (.data:QICSGP)
                  200003c0    00000014     main.obj (.data:rootUrl)
                  200003d4    0000000f     main.obj (.data:QIFGCNT)
                  200003e3    0000000e     main.obj (.data:QIREGAPP)
                  200003f1    0000000d     main.obj (.data:QIDEACT)
                  200003fe    00000002     --HOLE--
                  20000400    0000000c     rtsv7M4_T_le_v4SPD16_eabi.lib : exit.obj (.data:$O1$$)
                  2000040c    0000000c     main.obj (.data:CGREG)
                  20000418    0000000b     main.obj (.data:COPS)
                  20000423    0000000b     main.obj (.data:CPIN)
                  2000042e    0000000b     main.obj (.data:CREG)
                  20000439    0000000b     main.obj (.data:QIACT)
                  20000444    00000009     main.obj (.data:CSQ)
                  2000044d    00000003     --HOLE--
                  20000450    00000008     rtsv7M4_T_le_v4SPD16_eabi.lib : _lock.obj (.data:$O1$$)
                  20000458    00000007     main.obj (.data:ATE1)
                  2000045f    00000007     main.obj (.data:ATV1)
                  20000466    00000005     main.obj (.data:at)
                  2000046b    00000001     --HOLE--
                  2000046c    00000004     rtsv7M4_T_le_v4SPD16_eabi.lib : errno.obj (.data)
                  20000470    00000004                                   : stkdepth_vars.obj (.data)
                  20000474    00000004     system_msp432p401r.obj (.data)

.stack     0    2000fe00    00000200     UNINITIALIZED
                  2000fe00    00000200     --HOLE--

MODULE SUMMARY

       Module                        code    ro data   rw data
       ------                        ----    -------   -------
    .\
       main.obj                      2408    0         1660   
       HAL_BQ27441.obj               1978    0         0      
       system_msp432p401r.obj        808     0         8      
       HAL_I2C.obj                   468     20        0      
       startup_msp432p401r_ccs.obj   18      320       0      
       HAL_UART.obj                  208     72        0      
    +--+-----------------------------+-------+---------+---------+
       Total:                        5888    412       1668   
                                                              
    .\driverlib\MSP432P4xx\
       i2c.obj                       1960    0         0      
       interrupt.obj                 1008    144       456    
       gpio.obj                      1152    28        96     
       uart.obj                      1052    0         0      
       cpu.obj                       62      0         0      
    +--+-----------------------------+-------+---------+---------+
       Total:                        5234    172       552    
                                                              
    C:\ti\ccsv7\tools\compiler\ti-cgt-arm_16.9.0.LTS\lib\rtsv7M4_T_le_v4SPD16_eabi.lib
       _printfi.obj                  4410    0         0      
       ull_div_t2.obj                500     0         0      
       fd_add_t2.obj                 438     0         0      
       fd_div_t2.obj                 310     0         0      
       fd_cmp_t2.obj                 268     0         0      
       ctype.obj                     0       257       0      
       fd_mul_t2.obj                 252     0         0      
       s_scalbn.obj                  252     0         0      
       memcpy_t2.obj                 156     0         0      
       memset_t2.obj                 122     0         0      
       autoinit.obj                  112     0         0      
       exit.obj                      84      0         24     
       copy_decompress_lzss.obj      104     0         0      
       s_frexp.obj                   100     0         0      
       sprintf.obj                   96      0         0      
       ltoa.obj                      86      0         0      
       boot.obj                      84      0         0      
       atoi.obj                      76      0         0      
       cpy_tbl.obj                   76      0         0      
       fd_toi_t2.obj                 72      0         0      
       i_tofd_t2.obj                 46      0         0      
       _lock.obj                     20      0         16     
       memccpy.obj                   28      0         0      
       args_main.obj                 24      0         0      
       strchr.obj                    22      0         0      
       s_copysign.obj                20      0         0      
       strcpy.obj                    20      0         0      
       strlen.obj                    20      0         0      
       copy_decompress_none.obj      14      0         0      
       copy_zero_init.obj            12      0         0      
       errno.obj                     0       0         8      
       stkdepth_vars.obj             0       0         8      
       pre_init.obj                  4       0         0      
       mpu_init.obj                  2       0         0      
       startup.obj                   2       0         0      
    +--+-----------------------------+-------+---------+---------+
       Total:                        7832    257       56     
                                                              
       Stack:                        0       0         1024   
       Linker Generated:             0       247       0      
    +--+-----------------------------+-------+---------+---------+
       Grand Total:                  18954   1088      3300   


LINKER GENERATED COPY TABLES

__TI_cinit_table @ 00004e40 records: 3, size/record: 8, table size: 24
	.data: load addr=00004d60, load size=000000c3 bytes, run addr=2000035c, run size=0000011c bytes, compression=lzss
	.bss: load addr=00004e30, load size=00000008 bytes, run addr=200000e4, run size=00000278 bytes, compression=zero_init
	.vtable: load addr=00004e38, load size=00000008 bytes, run addr=20000000, run size=000000e4 bytes, compression=zero_init


LINKER GENERATED HANDLER TABLE

__TI_handler_table @ 00004e24 records: 3, size/record: 4, table size: 12
	index: 0, handler: __TI_zero_init
	index: 1, handler: __TI_decompress_lzss
	index: 2, handler: __TI_decompress_none


GLOBAL SYMBOLS: SORTED ALPHABETICALLY BY Name 

address   name                                       
-------   ----                                       
20000458  ATE1                                       
2000045f  ATV1                                       
00002243  BQ27441_command                            
000021dd  BQ27441_control                            
00002205  BQ27441_controlRead                        
00001be5  BQ27441_initConfig                         
00002001  BQ27441_initOpConfig                       
0000229d  BQ27441_read16                             
00002315  BQ27441_readChecksum                       
0000226d  BQ27441_write16                            
00001771  BatInitFn                                  
00001801  BleReq                                     
000048e5  C$$EXIT                                    
2000040c  CGREG                                      
20000418  COPS                                       
20000423  CPIN                                       
00004a4d  CPU_basepriGet                             
00004a3f  CPU_basepriSet                             
00004a19  CPU_cpsid                                  
00004a2f  CPU_cpsie                                  
00004a25  CPU_primask                                
00004a3b  CPU_wfi                                    
2000042e  CREG                                       
20000444  CSQ                                        
00001595  CS_init                                    
00002e6b  GPIO_clearInterruptFlag                    
00002e2b  GPIO_disableInterrupt                      
00002e09  GPIO_enableInterrupt                       
00002ec3  GPIO_getEnabledInterruptStatus             
00002ddb  GPIO_getInputPinValue                      
00002e4d  GPIO_getInterruptStatus                    
0000167d  GPIO_init                                  
00002e8d  GPIO_interruptEdgeSelect                   
00002f83  GPIO_registerInterrupt                     
00002b83  GPIO_setAsInputPin                         
00002d37  GPIO_setAsInputPinWithPullDownResistor     
00002d89  GPIO_setAsInputPinWithPullUpResistor       
00002b49  GPIO_setAsOutputPin                        
00002c4d  GPIO_setAsPeripheralModuleFunctionInputPin 
00002bc9  GPIO_setAsPeripheralModuleFunctionOutputPin
00002f3f  GPIO_setDriveStrengthHigh                  
00002f61  GPIO_setDriveStrengthLow                   
00002cd1  GPIO_setOutputHighOnPin                    
00002cf3  GPIO_setOutputLowOnPin                     
00002d15  GPIO_toggleOutputOnPin                     
00002fa3  GPIO_unregisterInterrupt                   
20000395  GpStatus                                   
00002a01  I2C_clearInterruptFlag                     
000029eb  I2C_disableInterrupt                       
00002453  I2C_disableModule                          
000029b5  I2C_disableMultiMasterMode                 
000029d5  I2C_enableInterrupt                        
0000243d  I2C_enableModule                           
00002995  I2C_enableMultiMasterMode                  
00002a2f  I2C_getEnabledInterruptStatus              
00002a17  I2C_getInterruptStatus                     
00002a3f  I2C_getMode                                
0000293b  I2C_getReceiveBufferAddressForDMA          
00002949  I2C_getTransmitBufferAddressForDMA         
00003d09  I2C_init                                   
00003cf1  I2C_initGPIO                               
000023a1  I2C_initMaster                             
00002403  I2C_initSlave                              
000024f7  I2C_isBusBusy                              
00002969  I2C_masterIsStartSent                      
00002957  I2C_masterIsStopSent                       
00002861  I2C_masterReceiveMultiByteFinish           
0000289f  I2C_masterReceiveMultiByteFinishWithTimeout
00002849  I2C_masterReceiveMultiByteNext             
000028fd  I2C_masterReceiveMultiByteStop             
00002911  I2C_masterReceiveSingle                    
00002499  I2C_masterReceiveSingleByte                
0000282f  I2C_masterReceiveStart                     
0000270f  I2C_masterSendMultiByteFinish              
0000275d  I2C_masterSendMultiByteFinishWithTimeout   
000026a5  I2C_masterSendMultiByteNext                
000026d1  I2C_masterSendMultiByteNextWithTimeout     
000025fb  I2C_masterSendMultiByteStart               
00002649  I2C_masterSendMultiByteStartWithTimeout    
000027c9  I2C_masterSendMultiByteStop                
000027f3  I2C_masterSendMultiByteStopWithTimeout     
00002509  I2C_masterSendSingleByte                   
0000256f  I2C_masterSendSingleByteWithTimeout        
00002981  I2C_masterSendStart                        
00003e0b  I2C_read16                                 
00003dc3  I2C_read8                                  
00002a55  I2C_registerInterrupt                      
0000247d  I2C_setMode                                
00002469  I2C_setSlaveAddress                        
00003ea1  I2C_setslave                               
000024e3  I2C_slaveGetData                           
000024cd  I2C_slavePutData                           
00002b17  I2C_slaveSendNAK                           
00002abb  I2C_unregisterInterrupt                    
00003d65  I2C_write16                                
00003d21  I2C_write8                                 
000035a7  Interrupt_disableInterrupt                 
000033f7  Interrupt_disableMaster                    
000037a5  Interrupt_disableSleepOnIsrExit            
00003535  Interrupt_enableInterrupt                  
000033e7  Interrupt_enableMaster                     
00003793  Interrupt_enableSleepOnIsrExit             
0000350f  Interrupt_getPriority                      
00003487  Interrupt_getPriorityGrouping              
00003773  Interrupt_getPriorityMask                  
0000378d  Interrupt_getVectorTableAddress            
00003619  Interrupt_isEnabled                        
000036a5  Interrupt_pendInterrupt                    
00003407  Interrupt_registerInterrupt                
000034bf  Interrupt_setPriority                      
0000346d  Interrupt_setPriorityGrouping              
00003763  Interrupt_setPriorityMask                  
0000377d  Interrupt_setVectorTableAddress            
00003715  Interrupt_unpendInterrupt                  
00003459  Interrupt_unregisterInterrupt              
00001929  LogToServer                                
0000190f  PowerCheck                                 
000018e1  PowerOnGprs                                
20000439  QIACT                                      
200003a8  QICSGP                                     
200003f1  QIDEACT                                    
200003d4  QIFGCNT                                    
200003e3  QIREGAPP                                   
20000394  Range                                      
UNDEFED   SHT$$INIT_ARRAY$$Base                      
UNDEFED   SHT$$INIT_ARRAY$$Limit                     
20000474  SystemCoreClock                            
000037d5  SystemCoreClockUpdate                      
00003a49  SystemInit                                 
000032dd  UART_clearInterruptFlag                    
00003235  UART_disableInterrupt                      
00003117  UART_disableModule                         
00003205  UART_enableInterrupt                       
00003101  UART_enableModule                          
00003281  UART_getEnabledInterruptStatus             
00003265  UART_getInterruptStatus                    
000031cd  UART_getReceiveBufferAddressForDMA         
000031db  UART_getTransmitBufferAddressForDMA        
000043cd  UART_init                                  
000043a9  UART_initGPIO                              
00002fc9  UART_initModule                            
0000312d  UART_queryStatusFlags                      
000030db  UART_receiveData                           
000032fd  UART_registerInterrupt                     
00003155  UART_resetDormant                          
000031e9  UART_selectDeglitchTime                    
00003141  UART_setDormant                            
00003169  UART_transmitAddress                       
00003187  UART_transmitBreak                         
000030b1  UART_transmitData                          
00004405  UART_transmitString                        
00003379  UART_unregisterInterrupt                   
4000480c  WDTCTL_SYM                                 
20010000  __STACK_END                                
00000200  __STACK_SIZE                               
00004e40  __TI_CINIT_Base                            
00004e58  __TI_CINIT_Limit                           
00004e24  __TI_Handler_Table_Base                    
00004e30  __TI_Handler_Table_Limit                   
0000469d  __TI_auto_init                             
20000400  __TI_cleanup_ptr                           
0000470d  __TI_decompress_lzss                       
00004b33  __TI_decompress_none                       
20000404  __TI_dtors_ptr                             
20000408  __TI_enable_exit_profile_output            
ffffffff  __TI_pprof_out_hndl                        
00000981  __TI_printfi                               
ffffffff  __TI_prof_data_size                        
ffffffff  __TI_prof_data_start                       
00000000  __TI_static_base__                         
00004b41  __TI_zero_init                             
00004515  __aeabi_cdcmpeq                            
00004515  __aeabi_cdcmple                            
0000459b  __aeabi_cdrcmple                           
000049d1  __aeabi_d2iz                               
00003ecf  __aeabi_dadd                               
0000407b  __aeabi_ddiv                               
000041b1  __aeabi_dmul                               
00003ec5  __aeabi_dsub                               
00004a57  __aeabi_i2d                                
00004621  __aeabi_memclr                             
00004621  __aeabi_memclr4                            
00004621  __aeabi_memclr8                            
00004479  __aeabi_memcpy                             
00004479  __aeabi_memcpy4                            
00004479  __aeabi_memcpy8                            
00004623  __aeabi_memset                             
00004623  __aeabi_memset4                            
00004623  __aeabi_memset8                            
00003afd  __aeabi_uldivmod                           
ffffffff  __binit__                                  
ffffffff  __c_args__                                 
0000127b  __mpu_init                                 
2000fe00  __stack                                    
00004aa1  _args_main                                 
00004891  _c_int00                                   
00004b50  _ctypes_                                   
20000450  _lock                                      
00004adf  _nop                                       
00004ad7  _register_lock                             
00004ad1  _register_unlock                           
0000239f  _system_post_cinit                         
00004b4d  _system_pre_init                           
20000454  _unlock                                    
2000038c  aCount                                     
000048e9  abort                                      
20000466  at                                         
00004939  atoi                                       
20000399  bat                                        
2000033c  battCap                                    
20000348  battState                                  
ffffffff  binit                                      
00004985  copy_in                                    
00004ae5  copysign                                   
00004ae5  copysignl                                  
2000046c  errno                                      
000048f1  exit                                       
00004775  frexp                                      
00004775  frexpl                                     
20000000  g_pfnRAMVectors                            
200000e4  getUrl                                     
0000183d  gprsInit                                   
000018ad  gsmInit                                    
200003a4  i                                          
00004d28  i2cConfig                                  
20000390  idx                                        
00000000  interruptVectors                           
2000039c  j                                          
20000397  lat                                        
20000354  latc                                       
000042ad  ldexp                                      
000042ad  ldexpl                                     
20000398  lng                                        
20000358  lngc                                       
00004839  ltoa                                       
0000127d  main                                       
20000470  main_func_sp                               
00004a85  memccpy                                    
00004479  memcpy                                     
00004629  memset                                     
200003a0  q                                          
200003c0  rootUrl                                    
000042ad  scalbn                                     
000042ad  scalbnl                                    
0000441f  serialTx0                                  
0000443f  serialTx1                                  
000047d9  sprintf                                    
2000039a  status                                     
00004ab9  strchr                                     
00004af9  strcpy                                     
00004b0d  strlen                                     
20000396  t                                          
200002d8  temp                                       
00004ca4  uartConfig                                 
00004cc8  uartConfigGps                              


GLOBAL SYMBOLS: SORTED BY Symbol Address 

address   name                                       
-------   ----                                       
00000000  __TI_static_base__                         
00000000  interruptVectors                           
00000200  __STACK_SIZE                               
00000981  __TI_printfi                               
0000127b  __mpu_init                                 
0000127d  main                                       
00001595  CS_init                                    
0000167d  GPIO_init                                  
00001771  BatInitFn                                  
00001801  BleReq                                     
0000183d  gprsInit                                   
000018ad  gsmInit                                    
000018e1  PowerOnGprs                                
0000190f  PowerCheck                                 
00001929  LogToServer                                
00001be5  BQ27441_initConfig                         
00002001  BQ27441_initOpConfig                       
000021dd  BQ27441_control                            
00002205  BQ27441_controlRead                        
00002243  BQ27441_command                            
0000226d  BQ27441_write16                            
0000229d  BQ27441_read16                             
00002315  BQ27441_readChecksum                       
0000239f  _system_post_cinit                         
000023a1  I2C_initMaster                             
00002403  I2C_initSlave                              
0000243d  I2C_enableModule                           
00002453  I2C_disableModule                          
00002469  I2C_setSlaveAddress                        
0000247d  I2C_setMode                                
00002499  I2C_masterReceiveSingleByte                
000024cd  I2C_slavePutData                           
000024e3  I2C_slaveGetData                           
000024f7  I2C_isBusBusy                              
00002509  I2C_masterSendSingleByte                   
0000256f  I2C_masterSendSingleByteWithTimeout        
000025fb  I2C_masterSendMultiByteStart               
00002649  I2C_masterSendMultiByteStartWithTimeout    
000026a5  I2C_masterSendMultiByteNext                
000026d1  I2C_masterSendMultiByteNextWithTimeout     
0000270f  I2C_masterSendMultiByteFinish              
0000275d  I2C_masterSendMultiByteFinishWithTimeout   
000027c9  I2C_masterSendMultiByteStop                
000027f3  I2C_masterSendMultiByteStopWithTimeout     
0000282f  I2C_masterReceiveStart                     
00002849  I2C_masterReceiveMultiByteNext             
00002861  I2C_masterReceiveMultiByteFinish           
0000289f  I2C_masterReceiveMultiByteFinishWithTimeout
000028fd  I2C_masterReceiveMultiByteStop             
00002911  I2C_masterReceiveSingle                    
0000293b  I2C_getReceiveBufferAddressForDMA          
00002949  I2C_getTransmitBufferAddressForDMA         
00002957  I2C_masterIsStopSent                       
00002969  I2C_masterIsStartSent                      
00002981  I2C_masterSendStart                        
00002995  I2C_enableMultiMasterMode                  
000029b5  I2C_disableMultiMasterMode                 
000029d5  I2C_enableInterrupt                        
000029eb  I2C_disableInterrupt                       
00002a01  I2C_clearInterruptFlag                     
00002a17  I2C_getInterruptStatus                     
00002a2f  I2C_getEnabledInterruptStatus              
00002a3f  I2C_getMode                                
00002a55  I2C_registerInterrupt                      
00002abb  I2C_unregisterInterrupt                    
00002b17  I2C_slaveSendNAK                           
00002b49  GPIO_setAsOutputPin                        
00002b83  GPIO_setAsInputPin                         
00002bc9  GPIO_setAsPeripheralModuleFunctionOutputPin
00002c4d  GPIO_setAsPeripheralModuleFunctionInputPin 
00002cd1  GPIO_setOutputHighOnPin                    
00002cf3  GPIO_setOutputLowOnPin                     
00002d15  GPIO_toggleOutputOnPin                     
00002d37  GPIO_setAsInputPinWithPullDownResistor     
00002d89  GPIO_setAsInputPinWithPullUpResistor       
00002ddb  GPIO_getInputPinValue                      
00002e09  GPIO_enableInterrupt                       
00002e2b  GPIO_disableInterrupt                      
00002e4d  GPIO_getInterruptStatus                    
00002e6b  GPIO_clearInterruptFlag                    
00002e8d  GPIO_interruptEdgeSelect                   
00002ec3  GPIO_getEnabledInterruptStatus             
00002f3f  GPIO_setDriveStrengthHigh                  
00002f61  GPIO_setDriveStrengthLow                   
00002f83  GPIO_registerInterrupt                     
00002fa3  GPIO_unregisterInterrupt                   
00002fc9  UART_initModule                            
000030b1  UART_transmitData                          
000030db  UART_receiveData                           
00003101  UART_enableModule                          
00003117  UART_disableModule                         
0000312d  UART_queryStatusFlags                      
00003141  UART_setDormant                            
00003155  UART_resetDormant                          
00003169  UART_transmitAddress                       
00003187  UART_transmitBreak                         
000031cd  UART_getReceiveBufferAddressForDMA         
000031db  UART_getTransmitBufferAddressForDMA        
000031e9  UART_selectDeglitchTime                    
00003205  UART_enableInterrupt                       
00003235  UART_disableInterrupt                      
00003265  UART_getInterruptStatus                    
00003281  UART_getEnabledInterruptStatus             
000032dd  UART_clearInterruptFlag                    
000032fd  UART_registerInterrupt                     
00003379  UART_unregisterInterrupt                   
000033e7  Interrupt_enableMaster                     
000033f7  Interrupt_disableMaster                    
00003407  Interrupt_registerInterrupt                
00003459  Interrupt_unregisterInterrupt              
0000346d  Interrupt_setPriorityGrouping              
00003487  Interrupt_getPriorityGrouping              
000034bf  Interrupt_setPriority                      
0000350f  Interrupt_getPriority                      
00003535  Interrupt_enableInterrupt                  
000035a7  Interrupt_disableInterrupt                 
00003619  Interrupt_isEnabled                        
000036a5  Interrupt_pendInterrupt                    
00003715  Interrupt_unpendInterrupt                  
00003763  Interrupt_setPriorityMask                  
00003773  Interrupt_getPriorityMask                  
0000377d  Interrupt_setVectorTableAddress            
0000378d  Interrupt_getVectorTableAddress            
00003793  Interrupt_enableSleepOnIsrExit             
000037a5  Interrupt_disableSleepOnIsrExit            
000037d5  SystemCoreClockUpdate                      
00003a49  SystemInit                                 
00003afd  __aeabi_uldivmod                           
00003cf1  I2C_initGPIO                               
00003d09  I2C_init                                   
00003d21  I2C_write8                                 
00003d65  I2C_write16                                
00003dc3  I2C_read8                                  
00003e0b  I2C_read16                                 
00003ea1  I2C_setslave                               
00003ec5  __aeabi_dsub                               
00003ecf  __aeabi_dadd                               
0000407b  __aeabi_ddiv                               
000041b1  __aeabi_dmul                               
000042ad  ldexp                                      
000042ad  ldexpl                                     
000042ad  scalbn                                     
000042ad  scalbnl                                    
000043a9  UART_initGPIO                              
000043cd  UART_init                                  
00004405  UART_transmitString                        
0000441f  serialTx0                                  
0000443f  serialTx1                                  
00004479  __aeabi_memcpy                             
00004479  __aeabi_memcpy4                            
00004479  __aeabi_memcpy8                            
00004479  memcpy                                     
00004515  __aeabi_cdcmpeq                            
00004515  __aeabi_cdcmple                            
0000459b  __aeabi_cdrcmple                           
00004621  __aeabi_memclr                             
00004621  __aeabi_memclr4                            
00004621  __aeabi_memclr8                            
00004623  __aeabi_memset                             
00004623  __aeabi_memset4                            
00004623  __aeabi_memset8                            
00004629  memset                                     
0000469d  __TI_auto_init                             
0000470d  __TI_decompress_lzss                       
00004775  frexp                                      
00004775  frexpl                                     
000047d9  sprintf                                    
00004839  ltoa                                       
00004891  _c_int00                                   
000048e5  C$$EXIT                                    
000048e9  abort                                      
000048f1  exit                                       
00004939  atoi                                       
00004985  copy_in                                    
000049d1  __aeabi_d2iz                               
00004a19  CPU_cpsid                                  
00004a25  CPU_primask                                
00004a2f  CPU_cpsie                                  
00004a3b  CPU_wfi                                    
00004a3f  CPU_basepriSet                             
00004a4d  CPU_basepriGet                             
00004a57  __aeabi_i2d                                
00004a85  memccpy                                    
00004aa1  _args_main                                 
00004ab9  strchr                                     
00004ad1  _register_unlock                           
00004ad7  _register_lock                             
00004adf  _nop                                       
00004ae5  copysign                                   
00004ae5  copysignl                                  
00004af9  strcpy                                     
00004b0d  strlen                                     
00004b33  __TI_decompress_none                       
00004b41  __TI_zero_init                             
00004b4d  _system_pre_init                           
00004b50  _ctypes_                                   
00004ca4  uartConfig                                 
00004cc8  uartConfigGps                              
00004d28  i2cConfig                                  
00004e24  __TI_Handler_Table_Base                    
00004e30  __TI_Handler_Table_Limit                   
00004e40  __TI_CINIT_Base                            
00004e58  __TI_CINIT_Limit                           
20000000  g_pfnRAMVectors                            
200000e4  getUrl                                     
200002d8  temp                                       
2000033c  battCap                                    
20000348  battState                                  
20000354  latc                                       
20000358  lngc                                       
2000038c  aCount                                     
20000390  idx                                        
20000394  Range                                      
20000395  GpStatus                                   
20000396  t                                          
20000397  lat                                        
20000398  lng                                        
20000399  bat                                        
2000039a  status                                     
2000039c  j                                          
200003a0  q                                          
200003a4  i                                          
200003a8  QICSGP                                     
200003c0  rootUrl                                    
200003d4  QIFGCNT                                    
200003e3  QIREGAPP                                   
200003f1  QIDEACT                                    
20000400  __TI_cleanup_ptr                           
20000404  __TI_dtors_ptr                             
20000408  __TI_enable_exit_profile_output            
2000040c  CGREG                                      
20000418  COPS                                       
20000423  CPIN                                       
2000042e  CREG                                       
20000439  QIACT                                      
20000444  CSQ                                        
20000450  _lock                                      
20000454  _unlock                                    
20000458  ATE1                                       
2000045f  ATV1                                       
20000466  at                                         
2000046c  errno                                      
20000470  main_func_sp                               
20000474  SystemCoreClock                            
2000fe00  __stack                                    
20010000  __STACK_END                                
4000480c  WDTCTL_SYM                                 
ffffffff  __TI_pprof_out_hndl                        
ffffffff  __TI_prof_data_size                        
ffffffff  __TI_prof_data_start                       
ffffffff  __binit__                                  
ffffffff  __c_args__                                 
ffffffff  binit                                      
UNDEFED   SHT$$INIT_ARRAY$$Base                      
UNDEFED   SHT$$INIT_ARRAY$$Limit                     

[255 symbols]
