******************************************************************************
                  TI ARM Linker PC v16.9.0                     
******************************************************************************
>> Linked Sun Feb 12 20:25:56 2017

OUTPUT FILE NAME:   <MSP432_GPS_GPRS_Fuel_Gauge.out>
ENTRY POINT SYMBOL: "_c_int00"  address: 000047f1


MEMORY CONFIGURATION

         name            origin    length      used     unused   attr    fill
----------------------  --------  ---------  --------  --------  ----  --------
  MAIN                  00000000   00040000  00004dbc  0003b244  R  X
  INFO                  00200000   00004000  00000000  00004000  R  X
  SRAM_CODE             01000000   00010000  00000698  0000f968  RW X
  SRAM_DATA             20000000   00010000  00000698  0000f968  RW  


SEGMENT ALLOCATION MAP

run origin  load origin   length   init length attrs members
----------  ----------- ---------- ----------- ----- -------
00000000    00000000    00004dc0   00004dc0    r-x
  00000000    00000000    00000140   00000140    r-- .intvecs
  00000140    00000140    00004970   00004970    r-x .text
  00004ab0    00004ab0    0000020c   0000020c    r-- .const
  00004cc0    00004cc0    00000100   00000100    r-- .cinit
20000000    20000000    00000498   00000000    rw-
  20000000    20000000    000000e4   00000000    rw- .vtable
  200000e4    200000e4    00000298   00000000    rw- .bss
  2000037c    2000037c    0000011c   00000000    rw- .data
2000fe00    2000fe00    00000200   00000000    rw-
  2000fe00    2000fe00    00000200   00000000    rw- .stack


SECTION ALLOCATION MAP

 output                                  attributes/
section   page    origin      length       input sections
--------  ----  ----------  ----------   ----------------
.intvecs   0    00000000    00000140     
                  00000000    00000140     startup_msp432p401r_ccs.obj (.intvecs:retain)

.binit     0    00000000    00000000     

.text      0    00000140    00004970     
                  00000140    0000113a     rtsv7M4_T_le_v4SPD16_eabi.lib : _printfi.obj (.text)
                  0000127a    00000002                                   : mpu_init.obj (.text)
                  0000127c    000008c8     main.obj (.text)
                  00001b44    000007ba     HAL_BQ27441.obj (.text)
                  000022fe    00000002     rtsv7M4_T_le_v4SPD16_eabi.lib : startup.obj (.text)
                  00002300    000007a8     i2c.obj (.text)
                  00002aa8    00000480     gpio.obj (.text)
                  00002f28    0000041c     uart.obj (.text)
                  00003344    000003f0     interrupt.obj (.text)
                  00003734    00000328     system_msp432p401r.obj (.text)
                  00003a5c    000001f4     rtsv7M4_T_le_v4SPD16_eabi.lib : ull_div_t2.obj (.text)
                  00003c50    000001d4     HAL_I2C.obj (.text)
                  00003e24    000001b6     rtsv7M4_T_le_v4SPD16_eabi.lib : fd_add_t2.obj (.text)
                  00003fda    00000136                                   : fd_div_t2.obj (.text)
                  00004110    000000fc                                   : fd_mul_t2.obj (.text)
                  0000420c    000000fc                                   : s_scalbn.obj (.text)
                  00004308    000000d0     HAL_UART.obj (.text)
                  000043d8    0000009c     rtsv7M4_T_le_v4SPD16_eabi.lib : memcpy_t2.obj (.text)
                  00004474    00000086                                   : fd_cmp_t2.obj (.text:__aeabi_cdcmple)
                  000044fa    00000086                                   : fd_cmp_t2.obj (.text:__aeabi_cdrcmple)
                  00004580    0000007a                                   : memset_t2.obj (.text)
                  000045fa    00000002     --HOLE-- [fill = 0]
                  000045fc    00000070                                   : autoinit.obj (.text)
                  0000466c    00000068                                   : copy_decompress_lzss.obj (.text:decompress:lzss)
                  000046d4    00000064                                   : s_frexp.obj (.text)
                  00004738    00000060                                   : sprintf.obj (.text)
                  00004798    00000056                                   : ltoa.obj (.text)
                  000047ee    00000002     --HOLE-- [fill = 0]
                  000047f0    00000054                                   : boot.obj (.text)
                  00004844    00000054                                   : exit.obj (.text)
                  00004898    0000004c                                   : atoi.obj (.text)
                  000048e4    0000004c                                   : cpy_tbl.obj (.text)
                  00004930    00000048                                   : fd_toi_t2.obj (.text)
                  00004978    0000003e     cpu.obj (.text)
                  000049b6    0000002e     rtsv7M4_T_le_v4SPD16_eabi.lib : i_tofd_t2.obj (.text)
                  000049e4    0000001c                                   : memccpy.obj (.text)
                  00004a00    00000018                                   : args_main.obj (.text)
                  00004a18    00000016                                   : strchr.obj (.text)
                  00004a2e    00000002     --HOLE-- [fill = 0]
                  00004a30    00000014                                   : _lock.obj (.text)
                  00004a44    00000014                                   : s_copysign.obj (.text)
                  00004a58    00000014                                   : strcpy.obj (.text)
                  00004a6c    00000014                                   : strlen.obj (.text)
                  00004a80    00000012     startup_msp432p401r_ccs.obj (.text)
                  00004a92    0000000e     rtsv7M4_T_le_v4SPD16_eabi.lib : copy_decompress_none.obj (.text:decompress:none)
                  00004aa0    0000000c                                   : copy_zero_init.obj (.text:decompress:ZI)
                  00004aac    00000004                                   : pre_init.obj (.text)

.const     0    00004ab0    0000020c     
                  00004ab0    00000101     rtsv7M4_T_le_v4SPD16_eabi.lib : ctype.obj (.const:.string:_ctypes_)
                  00004bb1    00000003     --HOLE-- [fill = 0]
                  00004bb4    00000050     interrupt.obj (.const:g_pulRegs)
                  00004c04    00000024     HAL_UART.obj (.const:uartConfig)
                  00004c28    00000024     HAL_UART.obj (.const:uartConfigGps)
                  00004c4c    00000020     interrupt.obj (.const:g_pulPriority)
                  00004c6c    0000001c     gpio.obj (.const:GPIO_PORT_TO_INT)
                  00004c88    00000014     HAL_I2C.obj (.const:i2cConfig)
                  00004c9c    00000008     interrupt.obj (.const:g_pulDisRegs)
                  00004ca4    00000008     interrupt.obj (.const:g_pulEnRegs)
                  00004cac    00000008     interrupt.obj (.const:g_pulPendRegs)
                  00004cb4    00000008     interrupt.obj (.const:g_pulUnpendRegs)

.cinit     0    00004cc0    00000100     
                  00004cc0    000000c6     (.cinit..data.load) [load image, compression = lzss]
                  00004d86    00000002     --HOLE-- [fill = 0]
                  00004d88    0000000c     (__TI_handler_table)
                  00004d94    00000004     --HOLE-- [fill = 0]
                  00004d98    00000008     (.cinit..bss.load) [load image, compression = zero_init]
                  00004da0    00000008     (.cinit..vtable.load) [load image, compression = zero_init]
                  00004da8    00000018     (__TI_cinit_table)

.init_array 
*          0    00000000    00000000     UNINITIALIZED

.vtable    0    20000000    000000e4     UNINITIALIZED
                  20000000    000000e4     interrupt.obj (.vtable)

.bss       0    200000e4    00000298     UNINITIALIZED
                  200000e4    000001f4     (.common:getUrl)
                  200002d8    00000064     (.common:temp)
                  2000033c    00000014     (.common:latc)
                  20000350    00000014     (.common:lngc)
                  20000364    0000000c     (.common:battCap)
                  20000370    0000000c     (.common:battState)

.data      0    2000037c    0000011c     UNINITIALIZED
                  2000037c    00000030     gpio.obj (.data:GPIO_PORT_TO_BASE)
                  200003ac    0000001c     main.obj (.data)
                  200003c8    00000018     main.obj (.data:QICSGP)
                  200003e0    00000014     main.obj (.data:rootUrl)
                  200003f4    0000000f     main.obj (.data:QIFGCNT)
                  20000403    0000000e     main.obj (.data:QIREGAPP)
                  20000411    0000000d     main.obj (.data:QIDEACT)
                  2000041e    00000002     --HOLE--
                  20000420    0000000c     rtsv7M4_T_le_v4SPD16_eabi.lib : exit.obj (.data:$O1$$)
                  2000042c    0000000c     main.obj (.data:CGREG)
                  20000438    0000000b     main.obj (.data:COPS)
                  20000443    0000000b     main.obj (.data:CPIN)
                  2000044e    0000000b     main.obj (.data:CREG)
                  20000459    0000000b     main.obj (.data:QIACT)
                  20000464    00000009     main.obj (.data:CSQ)
                  2000046d    00000003     --HOLE--
                  20000470    00000008     rtsv7M4_T_le_v4SPD16_eabi.lib : _lock.obj (.data:$O1$$)
                  20000478    00000007     main.obj (.data:ATE1)
                  2000047f    00000007     main.obj (.data:ATV1)
                  20000486    00000005     main.obj (.data:at)
                  2000048b    00000001     --HOLE--
                  2000048c    00000004     rtsv7M4_T_le_v4SPD16_eabi.lib : errno.obj (.data)
                  20000490    00000004                                   : stkdepth_vars.obj (.data)
                  20000494    00000004     system_msp432p401r.obj (.data)

.stack     0    2000fe00    00000200     UNINITIALIZED
                  2000fe00    00000200     --HOLE--

MODULE SUMMARY

       Module                        code    ro data   rw data
       ------                        ----    -------   -------
    .\
       main.obj                      2248    0         1724   
       HAL_BQ27441.obj               1978    0         0      
       system_msp432p401r.obj        808     0         8      
       HAL_I2C.obj                   468     20        0      
       startup_msp432p401r_ccs.obj   18      320       0      
       HAL_UART.obj                  208     72        0      
    +--+-----------------------------+-------+---------+---------+
       Total:                        5728    412       1732   
                                                              
    .\driverlib\MSP432P4xx\
       i2c.obj                       1960    0         0      
       interrupt.obj                 1008    144       456    
       gpio.obj                      1152    28        96     
       uart.obj                      1052    0         0      
       cpu.obj                       62      0         0      
    +--+-----------------------------+-------+---------+---------+
       Total:                        5234    172       552    
                                                              
    C:\ti\ccsv7\tools\compiler\ti-cgt-arm_16.9.0.LTS\lib\rtsv7M4_T_le_v4SPD16_eabi.lib
       _printfi.obj                  4410    0         0      
       ull_div_t2.obj                500     0         0      
       fd_add_t2.obj                 438     0         0      
       fd_div_t2.obj                 310     0         0      
       fd_cmp_t2.obj                 268     0         0      
       ctype.obj                     0       257       0      
       fd_mul_t2.obj                 252     0         0      
       s_scalbn.obj                  252     0         0      
       memcpy_t2.obj                 156     0         0      
       memset_t2.obj                 122     0         0      
       autoinit.obj                  112     0         0      
       exit.obj                      84      0         24     
       copy_decompress_lzss.obj      104     0         0      
       s_frexp.obj                   100     0         0      
       sprintf.obj                   96      0         0      
       ltoa.obj                      86      0         0      
       boot.obj                      84      0         0      
       atoi.obj                      76      0         0      
       cpy_tbl.obj                   76      0         0      
       fd_toi_t2.obj                 72      0         0      
       i_tofd_t2.obj                 46      0         0      
       _lock.obj                     20      0         16     
       memccpy.obj                   28      0         0      
       args_main.obj                 24      0         0      
       strchr.obj                    22      0         0      
       s_copysign.obj                20      0         0      
       strcpy.obj                    20      0         0      
       strlen.obj                    20      0         0      
       copy_decompress_none.obj      14      0         0      
       copy_zero_init.obj            12      0         0      
       errno.obj                     0       0         8      
       stkdepth_vars.obj             0       0         8      
       pre_init.obj                  4       0         0      
       mpu_init.obj                  2       0         0      
       startup.obj                   2       0         0      
    +--+-----------------------------+-------+---------+---------+
       Total:                        7832    257       56     
                                                              
       Stack:                        0       0         1024   
       Linker Generated:             0       250       0      
    +--+-----------------------------+-------+---------+---------+
       Grand Total:                  18794   1091      3364   


LINKER GENERATED COPY TABLES

__TI_cinit_table @ 00004da8 records: 3, size/record: 8, table size: 24
	.data: load addr=00004cc0, load size=000000c6 bytes, run addr=2000037c, run size=0000011c bytes, compression=lzss
	.bss: load addr=00004d98, load size=00000008 bytes, run addr=200000e4, run size=00000298 bytes, compression=zero_init
	.vtable: load addr=00004da0, load size=00000008 bytes, run addr=20000000, run size=000000e4 bytes, compression=zero_init


LINKER GENERATED HANDLER TABLE

__TI_handler_table @ 00004d88 records: 3, size/record: 4, table size: 12
	index: 0, handler: __TI_zero_init
	index: 1, handler: __TI_decompress_lzss
	index: 2, handler: __TI_decompress_none


GLOBAL SYMBOLS: SORTED ALPHABETICALLY BY Name 

address   name                                       
-------   ----                                       
20000478  ATE1                                       
2000047f  ATV1                                       
000021a3  BQ27441_command                            
0000213d  BQ27441_control                            
00002165  BQ27441_controlRead                        
00001b45  BQ27441_initConfig                         
00001f61  BQ27441_initOpConfig                       
000021fd  BQ27441_read16                             
00002275  BQ27441_readChecksum                       
000021cd  BQ27441_write16                            
000016d1  BatInitFn                                  
0000172b  BleReq                                     
00004845  C$$EXIT                                    
2000042c  CGREG                                      
20000438  COPS                                       
20000443  CPIN                                       
000049ad  CPU_basepriGet                             
0000499f  CPU_basepriSet                             
00004979  CPU_cpsid                                  
0000498f  CPU_cpsie                                  
00004985  CPU_primask                                
0000499b  CPU_wfi                                    
2000044e  CREG                                       
20000464  CSQ                                        
00001505  CS_init                                    
00002dcb  GPIO_clearInterruptFlag                    
00002d8b  GPIO_disableInterrupt                      
00002d69  GPIO_enableInterrupt                       
00002e23  GPIO_getEnabledInterruptStatus             
00002d3b  GPIO_getInputPinValue                      
00002dad  GPIO_getInterruptStatus                    
00001591  GPIO_init                                  
00002ded  GPIO_interruptEdgeSelect                   
00002ee3  GPIO_registerInterrupt                     
00002ae3  GPIO_setAsInputPin                         
00002c97  GPIO_setAsInputPinWithPullDownResistor     
00002ce9  GPIO_setAsInputPinWithPullUpResistor       
00002aa9  GPIO_setAsOutputPin                        
00002bad  GPIO_setAsPeripheralModuleFunctionInputPin 
00002b29  GPIO_setAsPeripheralModuleFunctionOutputPin
00002e9f  GPIO_setDriveStrengthHigh                  
00002ec1  GPIO_setDriveStrengthLow                   
00002c31  GPIO_setOutputHighOnPin                    
00002c53  GPIO_setOutputLowOnPin                     
00002c75  GPIO_toggleOutputOnPin                     
00002f03  GPIO_unregisterInterrupt                   
00002961  I2C_clearInterruptFlag                     
0000294b  I2C_disableInterrupt                       
000023b3  I2C_disableModule                          
00002915  I2C_disableMultiMasterMode                 
00002935  I2C_enableInterrupt                        
0000239d  I2C_enableModule                           
000028f5  I2C_enableMultiMasterMode                  
0000298f  I2C_getEnabledInterruptStatus              
00002977  I2C_getInterruptStatus                     
0000299f  I2C_getMode                                
0000289b  I2C_getReceiveBufferAddressForDMA          
000028a9  I2C_getTransmitBufferAddressForDMA         
00003c69  I2C_init                                   
00003c51  I2C_initGPIO                               
00002301  I2C_initMaster                             
00002363  I2C_initSlave                              
00002457  I2C_isBusBusy                              
000028c9  I2C_masterIsStartSent                      
000028b7  I2C_masterIsStopSent                       
000027c1  I2C_masterReceiveMultiByteFinish           
000027ff  I2C_masterReceiveMultiByteFinishWithTimeout
000027a9  I2C_masterReceiveMultiByteNext             
0000285d  I2C_masterReceiveMultiByteStop             
00002871  I2C_masterReceiveSingle                    
000023f9  I2C_masterReceiveSingleByte                
0000278f  I2C_masterReceiveStart                     
0000266f  I2C_masterSendMultiByteFinish              
000026bd  I2C_masterSendMultiByteFinishWithTimeout   
00002605  I2C_masterSendMultiByteNext                
00002631  I2C_masterSendMultiByteNextWithTimeout     
0000255b  I2C_masterSendMultiByteStart               
000025a9  I2C_masterSendMultiByteStartWithTimeout    
00002729  I2C_masterSendMultiByteStop                
00002753  I2C_masterSendMultiByteStopWithTimeout     
00002469  I2C_masterSendSingleByte                   
000024cf  I2C_masterSendSingleByteWithTimeout        
000028e1  I2C_masterSendStart                        
00003d6b  I2C_read16                                 
00003d23  I2C_read8                                  
000029b5  I2C_registerInterrupt                      
000023dd  I2C_setMode                                
000023c9  I2C_setSlaveAddress                        
00003e01  I2C_setslave                               
00002443  I2C_slaveGetData                           
0000242d  I2C_slavePutData                           
00002a77  I2C_slaveSendNAK                           
00002a1b  I2C_unregisterInterrupt                    
00003cc5  I2C_write16                                
00003c81  I2C_write8                                 
00003507  Interrupt_disableInterrupt                 
00003357  Interrupt_disableMaster                    
00003705  Interrupt_disableSleepOnIsrExit            
00003495  Interrupt_enableInterrupt                  
00003347  Interrupt_enableMaster                     
000036f3  Interrupt_enableSleepOnIsrExit             
0000346f  Interrupt_getPriority                      
000033e7  Interrupt_getPriorityGrouping              
000036d3  Interrupt_getPriorityMask                  
000036ed  Interrupt_getVectorTableAddress            
00003579  Interrupt_isEnabled                        
00003605  Interrupt_pendInterrupt                    
00003367  Interrupt_registerInterrupt                
0000341f  Interrupt_setPriority                      
000033cd  Interrupt_setPriorityGrouping              
000036c3  Interrupt_setPriorityMask                  
000036dd  Interrupt_setVectorTableAddress            
00003675  Interrupt_unpendInterrupt                  
000033b9  Interrupt_unregisterInterrupt              
00001889  LogToServer                                
00001873  PowerCheck                                 
00001845  PowerOnGprs                                
20000459  QIACT                                      
200003c8  QICSGP                                     
20000411  QIDEACT                                    
200003f4  QIFGCNT                                    
20000403  QIREGAPP                                   
200003b4  Range                                      
UNDEFED   SHT$$INIT_ARRAY$$Base                      
UNDEFED   SHT$$INIT_ARRAY$$Limit                     
20000494  SystemCoreClock                            
00003735  SystemCoreClockUpdate                      
000039a9  SystemInit                                 
0000323d  UART_clearInterruptFlag                    
00003195  UART_disableInterrupt                      
00003077  UART_disableModule                         
00003165  UART_enableInterrupt                       
00003061  UART_enableModule                          
000031e1  UART_getEnabledInterruptStatus             
000031c5  UART_getInterruptStatus                    
0000312d  UART_getReceiveBufferAddressForDMA         
0000313b  UART_getTransmitBufferAddressForDMA        
0000432d  UART_init                                  
00004309  UART_initGPIO                              
00002f29  UART_initModule                            
0000308d  UART_queryStatusFlags                      
0000303b  UART_receiveData                           
0000325d  UART_registerInterrupt                     
000030b5  UART_resetDormant                          
00003149  UART_selectDeglitchTime                    
000030a1  UART_setDormant                            
000030c9  UART_transmitAddress                       
000030e7  UART_transmitBreak                         
00003011  UART_transmitData                          
00004365  UART_transmitString                        
000032d9  UART_unregisterInterrupt                   
4000480c  WDTCTL_SYM                                 
20010000  __STACK_END                                
00000200  __STACK_SIZE                               
00004da8  __TI_CINIT_Base                            
00004dc0  __TI_CINIT_Limit                           
00004d88  __TI_Handler_Table_Base                    
00004d94  __TI_Handler_Table_Limit                   
000045fd  __TI_auto_init                             
20000420  __TI_cleanup_ptr                           
0000466d  __TI_decompress_lzss                       
00004a93  __TI_decompress_none                       
20000424  __TI_dtors_ptr                             
20000428  __TI_enable_exit_profile_output            
ffffffff  __TI_pprof_out_hndl                        
00000981  __TI_printfi                               
ffffffff  __TI_prof_data_size                        
ffffffff  __TI_prof_data_start                       
00000000  __TI_static_base__                         
00004aa1  __TI_zero_init                             
00004475  __aeabi_cdcmpeq                            
00004475  __aeabi_cdcmple                            
000044fb  __aeabi_cdrcmple                           
00004931  __aeabi_d2iz                               
00003e2f  __aeabi_dadd                               
00003fdb  __aeabi_ddiv                               
00004111  __aeabi_dmul                               
00003e25  __aeabi_dsub                               
000049b7  __aeabi_i2d                                
00004581  __aeabi_memclr                             
00004581  __aeabi_memclr4                            
00004581  __aeabi_memclr8                            
000043d9  __aeabi_memcpy                             
000043d9  __aeabi_memcpy4                            
000043d9  __aeabi_memcpy8                            
00004583  __aeabi_memset                             
00004583  __aeabi_memset4                            
00004583  __aeabi_memset8                            
00003a5d  __aeabi_uldivmod                           
ffffffff  __binit__                                  
ffffffff  __c_args__                                 
0000127b  __mpu_init                                 
2000fe00  __stack                                    
00004a01  _args_main                                 
000047f1  _c_int00                                   
00004ab0  _ctypes_                                   
20000470  _lock                                      
00004a3f  _nop                                       
00004a37  _register_lock                             
00004a31  _register_unlock                           
000022ff  _system_post_cinit                         
00004aad  _system_pre_init                           
20000474  _unlock                                    
200003ac  aCount                                     
00004849  abort                                      
20000486  at                                         
00004899  atoi                                       
200003b8  bat                                        
20000364  battCap                                    
20000370  battState                                  
ffffffff  binit                                      
000048e5  copy_in                                    
00004a45  copysign                                   
00004a45  copysignl                                  
2000048c  errno                                      
00004851  exit                                       
000046d5  frexp                                      
000046d5  frexpl                                     
20000000  g_pfnRAMVectors                            
200000e4  getUrl                                     
00001795  gprsInit                                   
000017e9  gsmInit                                    
200003c4  i                                          
00004c88  i2cConfig                                  
200003b0  idx                                        
00000000  interruptVectors                           
200003bc  j                                          
200003b6  lat                                        
2000033c  latc                                       
0000420d  ldexp                                      
0000420d  ldexpl                                     
200003b7  lng                                        
20000350  lngc                                       
00004799  ltoa                                       
0000127d  main                                       
20000490  main_func_sp                               
000049e5  memccpy                                    
000043d9  memcpy                                     
00004589  memset                                     
200003c0  q                                          
200003e0  rootUrl                                    
0000420d  scalbn                                     
0000420d  scalbnl                                    
0000437f  serialTx0                                  
0000439f  serialTx1                                  
00004739  sprintf                                    
200003b9  status                                     
00004a19  strchr                                     
00004a59  strcpy                                     
00004a6d  strlen                                     
200003b5  t                                          
200002d8  temp                                       
00004c04  uartConfig                                 
00004c28  uartConfigGps                              


GLOBAL SYMBOLS: SORTED BY Symbol Address 

address   name                                       
-------   ----                                       
00000000  __TI_static_base__                         
00000000  interruptVectors                           
00000200  __STACK_SIZE                               
00000981  __TI_printfi                               
0000127b  __mpu_init                                 
0000127d  main                                       
00001505  CS_init                                    
00001591  GPIO_init                                  
000016d1  BatInitFn                                  
0000172b  BleReq                                     
00001795  gprsInit                                   
000017e9  gsmInit                                    
00001845  PowerOnGprs                                
00001873  PowerCheck                                 
00001889  LogToServer                                
00001b45  BQ27441_initConfig                         
00001f61  BQ27441_initOpConfig                       
0000213d  BQ27441_control                            
00002165  BQ27441_controlRead                        
000021a3  BQ27441_command                            
000021cd  BQ27441_write16                            
000021fd  BQ27441_read16                             
00002275  BQ27441_readChecksum                       
000022ff  _system_post_cinit                         
00002301  I2C_initMaster                             
00002363  I2C_initSlave                              
0000239d  I2C_enableModule                           
000023b3  I2C_disableModule                          
000023c9  I2C_setSlaveAddress                        
000023dd  I2C_setMode                                
000023f9  I2C_masterReceiveSingleByte                
0000242d  I2C_slavePutData                           
00002443  I2C_slaveGetData                           
00002457  I2C_isBusBusy                              
00002469  I2C_masterSendSingleByte                   
000024cf  I2C_masterSendSingleByteWithTimeout        
0000255b  I2C_masterSendMultiByteStart               
000025a9  I2C_masterSendMultiByteStartWithTimeout    
00002605  I2C_masterSendMultiByteNext                
00002631  I2C_masterSendMultiByteNextWithTimeout     
0000266f  I2C_masterSendMultiByteFinish              
000026bd  I2C_masterSendMultiByteFinishWithTimeout   
00002729  I2C_masterSendMultiByteStop                
00002753  I2C_masterSendMultiByteStopWithTimeout     
0000278f  I2C_masterReceiveStart                     
000027a9  I2C_masterReceiveMultiByteNext             
000027c1  I2C_masterReceiveMultiByteFinish           
000027ff  I2C_masterReceiveMultiByteFinishWithTimeout
0000285d  I2C_masterReceiveMultiByteStop             
00002871  I2C_masterReceiveSingle                    
0000289b  I2C_getReceiveBufferAddressForDMA          
000028a9  I2C_getTransmitBufferAddressForDMA         
000028b7  I2C_masterIsStopSent                       
000028c9  I2C_masterIsStartSent                      
000028e1  I2C_masterSendStart                        
000028f5  I2C_enableMultiMasterMode                  
00002915  I2C_disableMultiMasterMode                 
00002935  I2C_enableInterrupt                        
0000294b  I2C_disableInterrupt                       
00002961  I2C_clearInterruptFlag                     
00002977  I2C_getInterruptStatus                     
0000298f  I2C_getEnabledInterruptStatus              
0000299f  I2C_getMode                                
000029b5  I2C_registerInterrupt                      
00002a1b  I2C_unregisterInterrupt                    
00002a77  I2C_slaveSendNAK                           
00002aa9  GPIO_setAsOutputPin                        
00002ae3  GPIO_setAsInputPin                         
00002b29  GPIO_setAsPeripheralModuleFunctionOutputPin
00002bad  GPIO_setAsPeripheralModuleFunctionInputPin 
00002c31  GPIO_setOutputHighOnPin                    
00002c53  GPIO_setOutputLowOnPin                     
00002c75  GPIO_toggleOutputOnPin                     
00002c97  GPIO_setAsInputPinWithPullDownResistor     
00002ce9  GPIO_setAsInputPinWithPullUpResistor       
00002d3b  GPIO_getInputPinValue                      
00002d69  GPIO_enableInterrupt                       
00002d8b  GPIO_disableInterrupt                      
00002dad  GPIO_getInterruptStatus                    
00002dcb  GPIO_clearInterruptFlag                    
00002ded  GPIO_interruptEdgeSelect                   
00002e23  GPIO_getEnabledInterruptStatus             
00002e9f  GPIO_setDriveStrengthHigh                  
00002ec1  GPIO_setDriveStrengthLow                   
00002ee3  GPIO_registerInterrupt                     
00002f03  GPIO_unregisterInterrupt                   
00002f29  UART_initModule                            
00003011  UART_transmitData                          
0000303b  UART_receiveData                           
00003061  UART_enableModule                          
00003077  UART_disableModule                         
0000308d  UART_queryStatusFlags                      
000030a1  UART_setDormant                            
000030b5  UART_resetDormant                          
000030c9  UART_transmitAddress                       
000030e7  UART_transmitBreak                         
0000312d  UART_getReceiveBufferAddressForDMA         
0000313b  UART_getTransmitBufferAddressForDMA        
00003149  UART_selectDeglitchTime                    
00003165  UART_enableInterrupt                       
00003195  UART_disableInterrupt                      
000031c5  UART_getInterruptStatus                    
000031e1  UART_getEnabledInterruptStatus             
0000323d  UART_clearInterruptFlag                    
0000325d  UART_registerInterrupt                     
000032d9  UART_unregisterInterrupt                   
00003347  Interrupt_enableMaster                     
00003357  Interrupt_disableMaster                    
00003367  Interrupt_registerInterrupt                
000033b9  Interrupt_unregisterInterrupt              
000033cd  Interrupt_setPriorityGrouping              
000033e7  Interrupt_getPriorityGrouping              
0000341f  Interrupt_setPriority                      
0000346f  Interrupt_getPriority                      
00003495  Interrupt_enableInterrupt                  
00003507  Interrupt_disableInterrupt                 
00003579  Interrupt_isEnabled                        
00003605  Interrupt_pendInterrupt                    
00003675  Interrupt_unpendInterrupt                  
000036c3  Interrupt_setPriorityMask                  
000036d3  Interrupt_getPriorityMask                  
000036dd  Interrupt_setVectorTableAddress            
000036ed  Interrupt_getVectorTableAddress            
000036f3  Interrupt_enableSleepOnIsrExit             
00003705  Interrupt_disableSleepOnIsrExit            
00003735  SystemCoreClockUpdate                      
000039a9  SystemInit                                 
00003a5d  __aeabi_uldivmod                           
00003c51  I2C_initGPIO                               
00003c69  I2C_init                                   
00003c81  I2C_write8                                 
00003cc5  I2C_write16                                
00003d23  I2C_read8                                  
00003d6b  I2C_read16                                 
00003e01  I2C_setslave                               
00003e25  __aeabi_dsub                               
00003e2f  __aeabi_dadd                               
00003fdb  __aeabi_ddiv                               
00004111  __aeabi_dmul                               
0000420d  ldexp                                      
0000420d  ldexpl                                     
0000420d  scalbn                                     
0000420d  scalbnl                                    
00004309  UART_initGPIO                              
0000432d  UART_init                                  
00004365  UART_transmitString                        
0000437f  serialTx0                                  
0000439f  serialTx1                                  
000043d9  __aeabi_memcpy                             
000043d9  __aeabi_memcpy4                            
000043d9  __aeabi_memcpy8                            
000043d9  memcpy                                     
00004475  __aeabi_cdcmpeq                            
00004475  __aeabi_cdcmple                            
000044fb  __aeabi_cdrcmple                           
00004581  __aeabi_memclr                             
00004581  __aeabi_memclr4                            
00004581  __aeabi_memclr8                            
00004583  __aeabi_memset                             
00004583  __aeabi_memset4                            
00004583  __aeabi_memset8                            
00004589  memset                                     
000045fd  __TI_auto_init                             
0000466d  __TI_decompress_lzss                       
000046d5  frexp                                      
000046d5  frexpl                                     
00004739  sprintf                                    
00004799  ltoa                                       
000047f1  _c_int00                                   
00004845  C$$EXIT                                    
00004849  abort                                      
00004851  exit                                       
00004899  atoi                                       
000048e5  copy_in                                    
00004931  __aeabi_d2iz                               
00004979  CPU_cpsid                                  
00004985  CPU_primask                                
0000498f  CPU_cpsie                                  
0000499b  CPU_wfi                                    
0000499f  CPU_basepriSet                             
000049ad  CPU_basepriGet                             
000049b7  __aeabi_i2d                                
000049e5  memccpy                                    
00004a01  _args_main                                 
00004a19  strchr                                     
00004a31  _register_unlock                           
00004a37  _register_lock                             
00004a3f  _nop                                       
00004a45  copysign                                   
00004a45  copysignl                                  
00004a59  strcpy                                     
00004a6d  strlen                                     
00004a93  __TI_decompress_none                       
00004aa1  __TI_zero_init                             
00004aad  _system_pre_init                           
00004ab0  _ctypes_                                   
00004c04  uartConfig                                 
00004c28  uartConfigGps                              
00004c88  i2cConfig                                  
00004d88  __TI_Handler_Table_Base                    
00004d94  __TI_Handler_Table_Limit                   
00004da8  __TI_CINIT_Base                            
00004dc0  __TI_CINIT_Limit                           
20000000  g_pfnRAMVectors                            
200000e4  getUrl                                     
200002d8  temp                                       
2000033c  latc                                       
20000350  lngc                                       
20000364  battCap                                    
20000370  battState                                  
200003ac  aCount                                     
200003b0  idx                                        
200003b4  Range                                      
200003b5  t                                          
200003b6  lat                                        
200003b7  lng                                        
200003b8  bat                                        
200003b9  status                                     
200003bc  j                                          
200003c0  q                                          
200003c4  i                                          
200003c8  QICSGP                                     
200003e0  rootUrl                                    
200003f4  QIFGCNT                                    
20000403  QIREGAPP                                   
20000411  QIDEACT                                    
20000420  __TI_cleanup_ptr                           
20000424  __TI_dtors_ptr                             
20000428  __TI_enable_exit_profile_output            
2000042c  CGREG                                      
20000438  COPS                                       
20000443  CPIN                                       
2000044e  CREG                                       
20000459  QIACT                                      
20000464  CSQ                                        
20000470  _lock                                      
20000474  _unlock                                    
20000478  ATE1                                       
2000047f  ATV1                                       
20000486  at                                         
2000048c  errno                                      
20000490  main_func_sp                               
20000494  SystemCoreClock                            
2000fe00  __stack                                    
20010000  __STACK_END                                
4000480c  WDTCTL_SYM                                 
ffffffff  __TI_pprof_out_hndl                        
ffffffff  __TI_prof_data_size                        
ffffffff  __TI_prof_data_start                       
ffffffff  __binit__                                  
ffffffff  __c_args__                                 
ffffffff  binit                                      
UNDEFED   SHT$$INIT_ARRAY$$Base                      
UNDEFED   SHT$$INIT_ARRAY$$Limit                     

[254 symbols]
