******************************************************************************
                  TI ARM Linker PC v16.9.0                     
******************************************************************************
>> Linked Sat Feb 11 18:07:16 2017

OUTPUT FILE NAME:   <MSP432_GPS_GPRS_Fuel_Gauge.out>
ENTRY POINT SYMBOL: "_c_int00"  address: 00004539


MEMORY CONFIGURATION

         name            origin    length      used     unused   attr    fill
----------------------  --------  ---------  --------  --------  ----  --------
  MAIN                  00000000   00040000  00004ae8  0003b518  R  X
  INFO                  00200000   00004000  00000000  00004000  R  X
  SRAM_CODE             01000000   00010000  00000760  0000f8a0  RW X
  SRAM_DATA             20000000   00010000  00000760  0000f8a0  RW  


SEGMENT ALLOCATION MAP

run origin  load origin   length   init length attrs members
----------  ----------- ---------- ----------- ----- -------
00000000    00000000    00004ae8   00004ae8    r-x
  00000000    00000000    00000140   00000140    r-- .intvecs
  00000140    00000140    000046a4   000046a4    r-x .text
  000047e4    000047e4    0000020c   0000020c    r-- .const
  000049f0    000049f0    000000f8   000000f8    r-- .cinit
20000000    20000000    00000560   00000000    rw-
  20000000    20000000    000000e4   00000000    rw- .vtable
  200000e4    200000e4    0000035c   00000000    rw- .bss
  20000440    20000440    00000120   00000000    rw- .data
2000fe00    2000fe00    00000200   00000000    rw-
  2000fe00    2000fe00    00000200   00000000    rw- .stack


SECTION ALLOCATION MAP

 output                                  attributes/
section   page    origin      length       input sections
--------  ----  ----------  ----------   ----------------
.intvecs   0    00000000    00000140     
                  00000000    00000140     startup_msp432p401r_ccs.obj (.intvecs:retain)

.binit     0    00000000    00000000     

.text      0    00000140    000046a4     
                  00000140    0000113a     rtsv7M4_T_le_v4SPD16_eabi.lib : _printfi.obj (.text)
                  0000127a    00000002                                   : mpu_init.obj (.text)
                  0000127c    000007be     HAL_BQ27441.obj (.text)
                  00001a3a    00000002     rtsv7M4_T_le_v4SPD16_eabi.lib : startup.obj (.text)
                  00001a3c    000007a8     i2c.obj (.text)
                  000021e4    0000060c     main.obj (.text)
                  000027f0    00000480     gpio.obj (.text)
                  00002c70    0000041c     uart.obj (.text)
                  0000308c    000003f0     interrupt.obj (.text)
                  0000347c    00000328     system_msp432p401r.obj (.text)
                  000037a4    000001f4     rtsv7M4_T_le_v4SPD16_eabi.lib : ull_div_t2.obj (.text)
                  00003998    000001d4     HAL_I2C.obj (.text)
                  00003b6c    000001b6     rtsv7M4_T_le_v4SPD16_eabi.lib : fd_add_t2.obj (.text)
                  00003d22    00000136                                   : fd_div_t2.obj (.text)
                  00003e58    000000fc                                   : fd_mul_t2.obj (.text)
                  00003f54    000000fc                                   : s_scalbn.obj (.text)
                  00004050    000000d0     HAL_UART.obj (.text)
                  00004120    0000009c     rtsv7M4_T_le_v4SPD16_eabi.lib : memcpy_t2.obj (.text)
                  000041bc    00000086                                   : fd_cmp_t2.obj (.text:__aeabi_cdcmple)
                  00004242    00000086                                   : fd_cmp_t2.obj (.text:__aeabi_cdrcmple)
                  000042c8    0000007a                                   : memset_t2.obj (.text)
                  00004342    00000002     --HOLE-- [fill = 0]
                  00004344    00000070                                   : autoinit.obj (.text)
                  000043b4    00000068                                   : copy_decompress_lzss.obj (.text:decompress:lzss)
                  0000441c    00000064                                   : s_frexp.obj (.text)
                  00004480    00000060                                   : sprintf.obj (.text)
                  000044e0    00000056                                   : ltoa.obj (.text)
                  00004536    00000002     --HOLE-- [fill = 0]
                  00004538    00000054                                   : boot.obj (.text)
                  0000458c    00000054                                   : exit.obj (.text)
                  000045e0    0000004c                                   : atoi.obj (.text)
                  0000462c    0000004c                                   : cpy_tbl.obj (.text)
                  00004678    00000048                                   : fd_toi_t2.obj (.text)
                  000046c0    0000003e     cpu.obj (.text)
                  000046fe    0000002e     rtsv7M4_T_le_v4SPD16_eabi.lib : i_tofd_t2.obj (.text)
                  0000472c    0000001c                                   : memccpy.obj (.text)
                  00004748    00000018                                   : args_main.obj (.text)
                  00004760    00000016                                   : strchr.obj (.text)
                  00004776    00000002     --HOLE-- [fill = 0]
                  00004778    00000014                                   : _lock.obj (.text)
                  0000478c    00000014                                   : s_copysign.obj (.text)
                  000047a0    00000014                                   : strlen.obj (.text)
                  000047b4    00000012     startup_msp432p401r_ccs.obj (.text)
                  000047c6    0000000e     rtsv7M4_T_le_v4SPD16_eabi.lib : copy_decompress_none.obj (.text:decompress:none)
                  000047d4    0000000c                                   : copy_zero_init.obj (.text:decompress:ZI)
                  000047e0    00000004                                   : pre_init.obj (.text)

.const     0    000047e4    0000020c     
                  000047e4    00000101     rtsv7M4_T_le_v4SPD16_eabi.lib : ctype.obj (.const:.string:_ctypes_)
                  000048e5    00000003     --HOLE-- [fill = 0]
                  000048e8    00000050     interrupt.obj (.const:g_pulRegs)
                  00004938    00000024     HAL_UART.obj (.const:uartConfig)
                  0000495c    00000024     HAL_UART.obj (.const:uartConfigGps)
                  00004980    00000020     interrupt.obj (.const:g_pulPriority)
                  000049a0    0000001c     gpio.obj (.const:GPIO_PORT_TO_INT)
                  000049bc    00000014     HAL_I2C.obj (.const:i2cConfig)
                  000049d0    00000008     interrupt.obj (.const:g_pulDisRegs)
                  000049d8    00000008     interrupt.obj (.const:g_pulEnRegs)
                  000049e0    00000008     interrupt.obj (.const:g_pulPendRegs)
                  000049e8    00000008     interrupt.obj (.const:g_pulUnpendRegs)

.cinit     0    000049f0    000000f8     
                  000049f0    000000c0     (.cinit..data.load) [load image, compression = lzss]
                  00004ab0    0000000c     (__TI_handler_table)
                  00004abc    00000004     --HOLE-- [fill = 0]
                  00004ac0    00000008     (.cinit..bss.load) [load image, compression = zero_init]
                  00004ac8    00000008     (.cinit..vtable.load) [load image, compression = zero_init]
                  00004ad0    00000018     (__TI_cinit_table)

.init_array 
*          0    00000000    00000000     UNINITIALIZED

.vtable    0    20000000    000000e4     UNINITIALIZED
                  20000000    000000e4     interrupt.obj (.vtable)

.bss       0    200000e4    0000035c     UNINITIALIZED
                  200000e4    000001f4     (.common:temp2)
                  200002d8    000000fc     (.common:GpBuff)
                  200003d4    00000064     (.common:temp)
                  20000438    00000004     (.common:I2Var)
                  2000043c    00000004     (.common:getUrl)

.data      0    20000440    00000120     UNINITIALIZED
                  20000440    00000030     gpio.obj (.data:GPIO_PORT_TO_BASE)
                  20000470    00000024     main.obj (.data)
                  20000494    00000014     main.obj (.data:rootUrl)
                  200004a8    0000000f     main.obj (.data:QIFGCNT)
                  200004b7    0000000e     main.obj (.data:QICSGP)
                  200004c5    0000000e     main.obj (.data:QIREGAPP)
                  200004d3    0000000d     main.obj (.data:QIDEACT)
                  200004e0    0000000c     rtsv7M4_T_le_v4SPD16_eabi.lib : exit.obj (.data:$O1$$)
                  200004ec    0000000c     main.obj (.data:CGREG)
                  200004f8    0000000b     main.obj (.data:COPS)
                  20000503    0000000b     main.obj (.data:CPIN)
                  2000050e    0000000b     main.obj (.data:CREG)
                  20000519    0000000b     main.obj (.data:QIACT)
                  20000524    00000009     main.obj (.data:CSQ)
                  2000052d    00000003     --HOLE--
                  20000530    00000008     rtsv7M4_T_le_v4SPD16_eabi.lib : _lock.obj (.data:$O1$$)
                  20000538    00000008     main.obj (.data:CMNET)
                  20000540    00000007     main.obj (.data:ATE1)
                  20000547    00000007     main.obj (.data:ATV1)
                  2000054e    00000005     main.obj (.data:at)
                  20000553    00000001     --HOLE--
                  20000554    00000004     rtsv7M4_T_le_v4SPD16_eabi.lib : errno.obj (.data)
                  20000558    00000004                                   : stkdepth_vars.obj (.data)
                  2000055c    00000004     system_msp432p401r.obj (.data)

.stack     0    2000fe00    00000200     UNINITIALIZED
                  2000fe00    00000200     --HOLE--

MODULE SUMMARY

       Module                        code    ro data   rw data
       ------                        ----    -------   -------
    .\
       main.obj                      1548    0         2128   
       HAL_BQ27441.obj               1982    0         0      
       system_msp432p401r.obj        808     0         8      
       HAL_I2C.obj                   468     20        0      
       startup_msp432p401r_ccs.obj   18      320       0      
       HAL_UART.obj                  208     72        0      
    +--+-----------------------------+-------+---------+---------+
       Total:                        5032    412       2136   
                                                              
    .\driverlib\MSP432P4xx\
       i2c.obj                       1960    0         0      
       interrupt.obj                 1008    144       456    
       gpio.obj                      1152    28        96     
       uart.obj                      1052    0         0      
       cpu.obj                       62      0         0      
    +--+-----------------------------+-------+---------+---------+
       Total:                        5234    172       552    
                                                              
    C:\ti\ccsv7\tools\compiler\ti-cgt-arm_16.9.0.LTS\lib\rtsv7M4_T_le_v4SPD16_eabi.lib
       _printfi.obj                  4410    0         0      
       ull_div_t2.obj                500     0         0      
       fd_add_t2.obj                 438     0         0      
       fd_div_t2.obj                 310     0         0      
       fd_cmp_t2.obj                 268     0         0      
       ctype.obj                     0       257       0      
       fd_mul_t2.obj                 252     0         0      
       s_scalbn.obj                  252     0         0      
       memcpy_t2.obj                 156     0         0      
       memset_t2.obj                 122     0         0      
       autoinit.obj                  112     0         0      
       exit.obj                      84      0         24     
       copy_decompress_lzss.obj      104     0         0      
       s_frexp.obj                   100     0         0      
       sprintf.obj                   96      0         0      
       ltoa.obj                      86      0         0      
       boot.obj                      84      0         0      
       atoi.obj                      76      0         0      
       cpy_tbl.obj                   76      0         0      
       fd_toi_t2.obj                 72      0         0      
       i_tofd_t2.obj                 46      0         0      
       _lock.obj                     20      0         16     
       memccpy.obj                   28      0         0      
       args_main.obj                 24      0         0      
       strchr.obj                    22      0         0      
       s_copysign.obj                20      0         0      
       strlen.obj                    20      0         0      
       copy_decompress_none.obj      14      0         0      
       copy_zero_init.obj            12      0         0      
       errno.obj                     0       0         8      
       stkdepth_vars.obj             0       0         8      
       pre_init.obj                  4       0         0      
       mpu_init.obj                  2       0         0      
       startup.obj                   2       0         0      
    +--+-----------------------------+-------+---------+---------+
       Total:                        7812    257       56     
                                                              
       Stack:                        0       0         1024   
       Linker Generated:             0       244       0      
    +--+-----------------------------+-------+---------+---------+
       Grand Total:                  18078   1085      3768   


LINKER GENERATED COPY TABLES

__TI_cinit_table @ 00004ad0 records: 3, size/record: 8, table size: 24
	.data: load addr=000049f0, load size=000000c0 bytes, run addr=20000440, run size=00000120 bytes, compression=lzss
	.bss: load addr=00004ac0, load size=00000008 bytes, run addr=200000e4, run size=0000035c bytes, compression=zero_init
	.vtable: load addr=00004ac8, load size=00000008 bytes, run addr=20000000, run size=000000e4 bytes, compression=zero_init


LINKER GENERATED HANDLER TABLE

__TI_handler_table @ 00004ab0 records: 3, size/record: 4, table size: 12
	index: 0, handler: __TI_zero_init
	index: 1, handler: __TI_decompress_lzss
	index: 2, handler: __TI_decompress_none


GLOBAL SYMBOLS: SORTED ALPHABETICALLY BY Name 

address   name                                       
-------   ----                                       
20000540  ATE1                                       
20000547  ATV1                                       
000018df  BQ27441_command                            
00001879  BQ27441_control                            
000018a1  BQ27441_controlRead                        
0000127d  BQ27441_initConfig                         
0000169d  BQ27441_initOpConfig                       
00001939  BQ27441_read16                             
000019b1  BQ27441_readChecksum                       
00001909  BQ27441_write16                            
0000458d  C$$EXIT                                    
200004ec  CGREG                                      
20000538  CMNET                                      
200004f8  COPS                                       
20000503  CPIN                                       
000046f5  CPU_basepriGet                             
000046e7  CPU_basepriSet                             
000046c1  CPU_cpsid                                  
000046d7  CPU_cpsie                                  
000046cd  CPU_primask                                
000046e3  CPU_wfi                                    
2000050e  CREG                                       
20000524  CSQ                                        
00002425  CS_init                                    
00002b13  GPIO_clearInterruptFlag                    
00002ad3  GPIO_disableInterrupt                      
00002ab1  GPIO_enableInterrupt                       
00002b6b  GPIO_getEnabledInterruptStatus             
00002a83  GPIO_getInputPinValue                      
00002af5  GPIO_getInterruptStatus                    
000024a5  GPIO_init                                  
00002b35  GPIO_interruptEdgeSelect                   
00002c2b  GPIO_registerInterrupt                     
0000282b  GPIO_setAsInputPin                         
000029df  GPIO_setAsInputPinWithPullDownResistor     
00002a31  GPIO_setAsInputPinWithPullUpResistor       
000027f1  GPIO_setAsOutputPin                        
000028f5  GPIO_setAsPeripheralModuleFunctionInputPin 
00002871  GPIO_setAsPeripheralModuleFunctionOutputPin
00002be7  GPIO_setDriveStrengthHigh                  
00002c09  GPIO_setDriveStrengthLow                   
00002979  GPIO_setOutputHighOnPin                    
0000299b  GPIO_setOutputLowOnPin                     
000029bd  GPIO_toggleOutputOnPin                     
00002c4b  GPIO_unregisterInterrupt                   
000026eb  GetLocation                                
200002d8  GpBuff                                     
0000209d  I2C_clearInterruptFlag                     
00002087  I2C_disableInterrupt                       
00001aef  I2C_disableModule                          
00002051  I2C_disableMultiMasterMode                 
00002071  I2C_enableInterrupt                        
00001ad9  I2C_enableModule                           
00002031  I2C_enableMultiMasterMode                  
000020cb  I2C_getEnabledInterruptStatus              
000020b3  I2C_getInterruptStatus                     
000020db  I2C_getMode                                
00001fd7  I2C_getReceiveBufferAddressForDMA          
00001fe5  I2C_getTransmitBufferAddressForDMA         
000039b1  I2C_init                                   
00003999  I2C_initGPIO                               
00001a3d  I2C_initMaster                             
00001a9f  I2C_initSlave                              
00001b93  I2C_isBusBusy                              
00002005  I2C_masterIsStartSent                      
00001ff3  I2C_masterIsStopSent                       
00001efd  I2C_masterReceiveMultiByteFinish           
00001f3b  I2C_masterReceiveMultiByteFinishWithTimeout
00001ee5  I2C_masterReceiveMultiByteNext             
00001f99  I2C_masterReceiveMultiByteStop             
00001fad  I2C_masterReceiveSingle                    
00001b35  I2C_masterReceiveSingleByte                
00001ecb  I2C_masterReceiveStart                     
00001dab  I2C_masterSendMultiByteFinish              
00001df9  I2C_masterSendMultiByteFinishWithTimeout   
00001d41  I2C_masterSendMultiByteNext                
00001d6d  I2C_masterSendMultiByteNextWithTimeout     
00001c97  I2C_masterSendMultiByteStart               
00001ce5  I2C_masterSendMultiByteStartWithTimeout    
00001e65  I2C_masterSendMultiByteStop                
00001e8f  I2C_masterSendMultiByteStopWithTimeout     
00001ba5  I2C_masterSendSingleByte                   
00001c0b  I2C_masterSendSingleByteWithTimeout        
0000201d  I2C_masterSendStart                        
00003ab3  I2C_read16                                 
00003a6b  I2C_read8                                  
000020f1  I2C_registerInterrupt                      
00001b19  I2C_setMode                                
00001b05  I2C_setSlaveAddress                        
00003b49  I2C_setslave                               
00001b7f  I2C_slaveGetData                           
00001b69  I2C_slavePutData                           
000021b3  I2C_slaveSendNAK                           
00002157  I2C_unregisterInterrupt                    
00003a0d  I2C_write16                                
000039c9  I2C_write8                                 
20000438  I2Var                                      
0000324f  Interrupt_disableInterrupt                 
0000309f  Interrupt_disableMaster                    
0000344d  Interrupt_disableSleepOnIsrExit            
000031dd  Interrupt_enableInterrupt                  
0000308f  Interrupt_enableMaster                     
0000343b  Interrupt_enableSleepOnIsrExit             
000031b7  Interrupt_getPriority                      
0000312f  Interrupt_getPriorityGrouping              
0000341b  Interrupt_getPriorityMask                  
00003435  Interrupt_getVectorTableAddress            
000032c1  Interrupt_isEnabled                        
0000334d  Interrupt_pendInterrupt                    
000030af  Interrupt_registerInterrupt                
00003167  Interrupt_setPriority                      
00003115  Interrupt_setPriorityGrouping              
0000340b  Interrupt_setPriorityMask                  
00003425  Interrupt_setVectorTableAddress            
000033bd  Interrupt_unpendInterrupt                  
00003101  Interrupt_unregisterInterrupt              
000026d9  ProcessResponse                            
20000519  QIACT                                      
200004b7  QICSGP                                     
200004d3  QIDEACT                                    
200004a8  QIFGCNT                                    
200004c5  QIREGAPP                                   
20000474  Range                                      
UNDEFED   SHT$$INIT_ARRAY$$Base                      
UNDEFED   SHT$$INIT_ARRAY$$Limit                     
2000055c  SystemCoreClock                            
0000347d  SystemCoreClockUpdate                      
000036f1  SystemInit                                 
00002749  TivaRead                                   
00002f85  UART_clearInterruptFlag                    
00002edd  UART_disableInterrupt                      
00002dbf  UART_disableModule                         
00002ead  UART_enableInterrupt                       
00002da9  UART_enableModule                          
00002f29  UART_getEnabledInterruptStatus             
00002f0d  UART_getInterruptStatus                    
00002e75  UART_getReceiveBufferAddressForDMA         
00002e83  UART_getTransmitBufferAddressForDMA        
00004075  UART_init                                  
00004051  UART_initGPIO                              
00002c71  UART_initModule                            
00002dd5  UART_queryStatusFlags                      
00002d83  UART_receiveData                           
00002fa5  UART_registerInterrupt                     
00002dfd  UART_resetDormant                          
00002e91  UART_selectDeglitchTime                    
00002de9  UART_setDormant                            
00002e11  UART_transmitAddress                       
00002e2f  UART_transmitBreak                         
00002d59  UART_transmitData                          
000040ad  UART_transmitString                        
00003021  UART_unregisterInterrupt                   
4000480c  WDTCTL_SYM                                 
20010000  __STACK_END                                
00000200  __STACK_SIZE                               
00004ad0  __TI_CINIT_Base                            
00004ae8  __TI_CINIT_Limit                           
00004ab0  __TI_Handler_Table_Base                    
00004abc  __TI_Handler_Table_Limit                   
00004345  __TI_auto_init                             
200004e0  __TI_cleanup_ptr                           
000043b5  __TI_decompress_lzss                       
000047c7  __TI_decompress_none                       
200004e4  __TI_dtors_ptr                             
200004e8  __TI_enable_exit_profile_output            
ffffffff  __TI_pprof_out_hndl                        
00000981  __TI_printfi                               
ffffffff  __TI_prof_data_size                        
ffffffff  __TI_prof_data_start                       
00000000  __TI_static_base__                         
000047d5  __TI_zero_init                             
000041bd  __aeabi_cdcmpeq                            
000041bd  __aeabi_cdcmple                            
00004243  __aeabi_cdrcmple                           
00004679  __aeabi_d2iz                               
00003b77  __aeabi_dadd                               
00003d23  __aeabi_ddiv                               
00003e59  __aeabi_dmul                               
00003b6d  __aeabi_dsub                               
000046ff  __aeabi_i2d                                
000042c9  __aeabi_memclr                             
000042c9  __aeabi_memclr4                            
000042c9  __aeabi_memclr8                            
00004121  __aeabi_memcpy                             
00004121  __aeabi_memcpy4                            
00004121  __aeabi_memcpy8                            
000042cb  __aeabi_memset                             
000042cb  __aeabi_memset4                            
000042cb  __aeabi_memset8                            
000037a5  __aeabi_uldivmod                           
ffffffff  __binit__                                  
ffffffff  __c_args__                                 
0000127b  __mpu_init                                 
2000fe00  __stack                                    
00004749  _args_main                                 
00004539  _c_int00                                   
000047e4  _ctypes_                                   
20000530  _lock                                      
00004787  _nop                                       
0000477f  _register_lock                             
00004779  _register_unlock                           
00001a3b  _system_post_cinit                         
000047e1  _system_pre_init                           
20000534  _unlock                                    
00004591  abort                                      
2000054e  at                                         
000045e1  atoi                                       
20000478  bat                                        
ffffffff  binit                                      
0000462d  copy_in                                    
0000478d  copysign                                   
0000478d  copysignl                                  
20000554  errno                                      
00004599  exit                                       
0000441d  frexp                                      
0000441d  frexpl                                     
20000000  g_pfnRAMVectors                            
2000043c  getUrl                                     
00002621  gprsInit                                   
0000269d  gsmInit                                    
000049bc  i2cConfig                                  
20000470  idx                                        
00000000  interruptVectors                           
2000047c  j                                          
20000476  lat                                        
00003f55  ldexp                                      
00003f55  ldexpl                                     
20000477  lng                                        
000044e1  ltoa                                       
20000484  m                                          
000021e5  main                                       
20000558  main_func_sp                               
0000472d  memccpy                                    
00004121  memcpy                                     
000042d1  memset                                     
20000480  q                                          
20000490  qq                                         
20000494  rootUrl                                    
00003f55  scalbn                                     
00003f55  scalbnl                                    
000040c7  serialTx0                                  
000040e7  serialTx1                                  
00004481  sprintf                                    
20000479  status                                     
00004761  strchr                                     
000047a1  strlen                                     
20000475  t                                          
200003d4  temp                                       
200000e4  temp2                                      
00004938  uartConfig                                 
0000495c  uartConfigGps                              
2000048c  x                                          
20000488  z                                          


GLOBAL SYMBOLS: SORTED BY Symbol Address 

address   name                                       
-------   ----                                       
00000000  __TI_static_base__                         
00000000  interruptVectors                           
00000200  __STACK_SIZE                               
00000981  __TI_printfi                               
0000127b  __mpu_init                                 
0000127d  BQ27441_initConfig                         
0000169d  BQ27441_initOpConfig                       
00001879  BQ27441_control                            
000018a1  BQ27441_controlRead                        
000018df  BQ27441_command                            
00001909  BQ27441_write16                            
00001939  BQ27441_read16                             
000019b1  BQ27441_readChecksum                       
00001a3b  _system_post_cinit                         
00001a3d  I2C_initMaster                             
00001a9f  I2C_initSlave                              
00001ad9  I2C_enableModule                           
00001aef  I2C_disableModule                          
00001b05  I2C_setSlaveAddress                        
00001b19  I2C_setMode                                
00001b35  I2C_masterReceiveSingleByte                
00001b69  I2C_slavePutData                           
00001b7f  I2C_slaveGetData                           
00001b93  I2C_isBusBusy                              
00001ba5  I2C_masterSendSingleByte                   
00001c0b  I2C_masterSendSingleByteWithTimeout        
00001c97  I2C_masterSendMultiByteStart               
00001ce5  I2C_masterSendMultiByteStartWithTimeout    
00001d41  I2C_masterSendMultiByteNext                
00001d6d  I2C_masterSendMultiByteNextWithTimeout     
00001dab  I2C_masterSendMultiByteFinish              
00001df9  I2C_masterSendMultiByteFinishWithTimeout   
00001e65  I2C_masterSendMultiByteStop                
00001e8f  I2C_masterSendMultiByteStopWithTimeout     
00001ecb  I2C_masterReceiveStart                     
00001ee5  I2C_masterReceiveMultiByteNext             
00001efd  I2C_masterReceiveMultiByteFinish           
00001f3b  I2C_masterReceiveMultiByteFinishWithTimeout
00001f99  I2C_masterReceiveMultiByteStop             
00001fad  I2C_masterReceiveSingle                    
00001fd7  I2C_getReceiveBufferAddressForDMA          
00001fe5  I2C_getTransmitBufferAddressForDMA         
00001ff3  I2C_masterIsStopSent                       
00002005  I2C_masterIsStartSent                      
0000201d  I2C_masterSendStart                        
00002031  I2C_enableMultiMasterMode                  
00002051  I2C_disableMultiMasterMode                 
00002071  I2C_enableInterrupt                        
00002087  I2C_disableInterrupt                       
0000209d  I2C_clearInterruptFlag                     
000020b3  I2C_getInterruptStatus                     
000020cb  I2C_getEnabledInterruptStatus              
000020db  I2C_getMode                                
000020f1  I2C_registerInterrupt                      
00002157  I2C_unregisterInterrupt                    
000021b3  I2C_slaveSendNAK                           
000021e5  main                                       
00002425  CS_init                                    
000024a5  GPIO_init                                  
00002621  gprsInit                                   
0000269d  gsmInit                                    
000026d9  ProcessResponse                            
000026eb  GetLocation                                
00002749  TivaRead                                   
000027f1  GPIO_setAsOutputPin                        
0000282b  GPIO_setAsInputPin                         
00002871  GPIO_setAsPeripheralModuleFunctionOutputPin
000028f5  GPIO_setAsPeripheralModuleFunctionInputPin 
00002979  GPIO_setOutputHighOnPin                    
0000299b  GPIO_setOutputLowOnPin                     
000029bd  GPIO_toggleOutputOnPin                     
000029df  GPIO_setAsInputPinWithPullDownResistor     
00002a31  GPIO_setAsInputPinWithPullUpResistor       
00002a83  GPIO_getInputPinValue                      
00002ab1  GPIO_enableInterrupt                       
00002ad3  GPIO_disableInterrupt                      
00002af5  GPIO_getInterruptStatus                    
00002b13  GPIO_clearInterruptFlag                    
00002b35  GPIO_interruptEdgeSelect                   
00002b6b  GPIO_getEnabledInterruptStatus             
00002be7  GPIO_setDriveStrengthHigh                  
00002c09  GPIO_setDriveStrengthLow                   
00002c2b  GPIO_registerInterrupt                     
00002c4b  GPIO_unregisterInterrupt                   
00002c71  UART_initModule                            
00002d59  UART_transmitData                          
00002d83  UART_receiveData                           
00002da9  UART_enableModule                          
00002dbf  UART_disableModule                         
00002dd5  UART_queryStatusFlags                      
00002de9  UART_setDormant                            
00002dfd  UART_resetDormant                          
00002e11  UART_transmitAddress                       
00002e2f  UART_transmitBreak                         
00002e75  UART_getReceiveBufferAddressForDMA         
00002e83  UART_getTransmitBufferAddressForDMA        
00002e91  UART_selectDeglitchTime                    
00002ead  UART_enableInterrupt                       
00002edd  UART_disableInterrupt                      
00002f0d  UART_getInterruptStatus                    
00002f29  UART_getEnabledInterruptStatus             
00002f85  UART_clearInterruptFlag                    
00002fa5  UART_registerInterrupt                     
00003021  UART_unregisterInterrupt                   
0000308f  Interrupt_enableMaster                     
0000309f  Interrupt_disableMaster                    
000030af  Interrupt_registerInterrupt                
00003101  Interrupt_unregisterInterrupt              
00003115  Interrupt_setPriorityGrouping              
0000312f  Interrupt_getPriorityGrouping              
00003167  Interrupt_setPriority                      
000031b7  Interrupt_getPriority                      
000031dd  Interrupt_enableInterrupt                  
0000324f  Interrupt_disableInterrupt                 
000032c1  Interrupt_isEnabled                        
0000334d  Interrupt_pendInterrupt                    
000033bd  Interrupt_unpendInterrupt                  
0000340b  Interrupt_setPriorityMask                  
0000341b  Interrupt_getPriorityMask                  
00003425  Interrupt_setVectorTableAddress            
00003435  Interrupt_getVectorTableAddress            
0000343b  Interrupt_enableSleepOnIsrExit             
0000344d  Interrupt_disableSleepOnIsrExit            
0000347d  SystemCoreClockUpdate                      
000036f1  SystemInit                                 
000037a5  __aeabi_uldivmod                           
00003999  I2C_initGPIO                               
000039b1  I2C_init                                   
000039c9  I2C_write8                                 
00003a0d  I2C_write16                                
00003a6b  I2C_read8                                  
00003ab3  I2C_read16                                 
00003b49  I2C_setslave                               
00003b6d  __aeabi_dsub                               
00003b77  __aeabi_dadd                               
00003d23  __aeabi_ddiv                               
00003e59  __aeabi_dmul                               
00003f55  ldexp                                      
00003f55  ldexpl                                     
00003f55  scalbn                                     
00003f55  scalbnl                                    
00004051  UART_initGPIO                              
00004075  UART_init                                  
000040ad  UART_transmitString                        
000040c7  serialTx0                                  
000040e7  serialTx1                                  
00004121  __aeabi_memcpy                             
00004121  __aeabi_memcpy4                            
00004121  __aeabi_memcpy8                            
00004121  memcpy                                     
000041bd  __aeabi_cdcmpeq                            
000041bd  __aeabi_cdcmple                            
00004243  __aeabi_cdrcmple                           
000042c9  __aeabi_memclr                             
000042c9  __aeabi_memclr4                            
000042c9  __aeabi_memclr8                            
000042cb  __aeabi_memset                             
000042cb  __aeabi_memset4                            
000042cb  __aeabi_memset8                            
000042d1  memset                                     
00004345  __TI_auto_init                             
000043b5  __TI_decompress_lzss                       
0000441d  frexp                                      
0000441d  frexpl                                     
00004481  sprintf                                    
000044e1  ltoa                                       
00004539  _c_int00                                   
0000458d  C$$EXIT                                    
00004591  abort                                      
00004599  exit                                       
000045e1  atoi                                       
0000462d  copy_in                                    
00004679  __aeabi_d2iz                               
000046c1  CPU_cpsid                                  
000046cd  CPU_primask                                
000046d7  CPU_cpsie                                  
000046e3  CPU_wfi                                    
000046e7  CPU_basepriSet                             
000046f5  CPU_basepriGet                             
000046ff  __aeabi_i2d                                
0000472d  memccpy                                    
00004749  _args_main                                 
00004761  strchr                                     
00004779  _register_unlock                           
0000477f  _register_lock                             
00004787  _nop                                       
0000478d  copysign                                   
0000478d  copysignl                                  
000047a1  strlen                                     
000047c7  __TI_decompress_none                       
000047d5  __TI_zero_init                             
000047e1  _system_pre_init                           
000047e4  _ctypes_                                   
00004938  uartConfig                                 
0000495c  uartConfigGps                              
000049bc  i2cConfig                                  
00004ab0  __TI_Handler_Table_Base                    
00004abc  __TI_Handler_Table_Limit                   
00004ad0  __TI_CINIT_Base                            
00004ae8  __TI_CINIT_Limit                           
20000000  g_pfnRAMVectors                            
200000e4  temp2                                      
200002d8  GpBuff                                     
200003d4  temp                                       
20000438  I2Var                                      
2000043c  getUrl                                     
20000470  idx                                        
20000474  Range                                      
20000475  t                                          
20000476  lat                                        
20000477  lng                                        
20000478  bat                                        
20000479  status                                     
2000047c  j                                          
20000480  q                                          
20000484  m                                          
20000488  z                                          
2000048c  x                                          
20000490  qq                                         
20000494  rootUrl                                    
200004a8  QIFGCNT                                    
200004b7  QICSGP                                     
200004c5  QIREGAPP                                   
200004d3  QIDEACT                                    
200004e0  __TI_cleanup_ptr                           
200004e4  __TI_dtors_ptr                             
200004e8  __TI_enable_exit_profile_output            
200004ec  CGREG                                      
200004f8  COPS                                       
20000503  CPIN                                       
2000050e  CREG                                       
20000519  QIACT                                      
20000524  CSQ                                        
20000530  _lock                                      
20000534  _unlock                                    
20000538  CMNET                                      
20000540  ATE1                                       
20000547  ATV1                                       
2000054e  at                                         
20000554  errno                                      
20000558  main_func_sp                               
2000055c  SystemCoreClock                            
2000fe00  __stack                                    
20010000  __STACK_END                                
4000480c  WDTCTL_SYM                                 
ffffffff  __TI_pprof_out_hndl                        
ffffffff  __TI_prof_data_size                        
ffffffff  __TI_prof_data_start                       
ffffffff  __binit__                                  
ffffffff  __c_args__                                 
ffffffff  binit                                      
UNDEFED   SHT$$INIT_ARRAY$$Base                      
UNDEFED   SHT$$INIT_ARRAY$$Limit                     

[253 symbols]
