******************************************************************************
                  TI ARM Linker PC v16.9.0                     
******************************************************************************
>> Linked Fri Feb 10 20:43:33 2017

OUTPUT FILE NAME:   <MSP432_GPS_GPRS_Fuel_Gauge.out>
ENTRY POINT SYMBOL: "_c_int00"  address: 0000433d


MEMORY CONFIGURATION

         name            origin    length      used     unused   attr    fill
----------------------  --------  ---------  --------  --------  ----  --------
  MAIN                  00000000   00040000  000048dc  0003b724  R  X
  INFO                  00200000   00004000  00000000  00004000  R  X
  SRAM_CODE             01000000   00010000  000004b4  0000fb4c  RW X
  SRAM_DATA             20000000   00010000  000004b4  0000fb4c  RW  


SEGMENT ALLOCATION MAP

run origin  load origin   length   init length attrs members
----------  ----------- ---------- ----------- ----- -------
00000000    00000000    000048e0   000048e0    r-x
  00000000    00000000    00000140   00000140    r-- .intvecs
  00000140    00000140    000044a8   000044a8    r-x .text
  000045e8    000045e8    0000020c   0000020c    r-- .const
  000047f8    000047f8    000000e8   000000e8    r-- .cinit
20000000    20000000    000002b4   00000000    rw-
  20000000    20000000    000000e4   00000000    rw- .vtable
  200000e4    200000e4    00000104   00000000    rw- .data
  200001e8    200001e8    000000cc   00000000    rw- .bss
2000fe00    2000fe00    00000200   00000000    rw-
  2000fe00    2000fe00    00000200   00000000    rw- .stack


SECTION ALLOCATION MAP

 output                                  attributes/
section   page    origin      length       input sections
--------  ----  ----------  ----------   ----------------
.intvecs   0    00000000    00000140     
                  00000000    00000140     startup_msp432p401r_ccs.obj (.intvecs:retain)

.binit     0    00000000    00000000     

.text      0    00000140    000044a8     
                  00000140    0000113a     rtsv7M4_T_le_v4SPD16_eabi.lib : _printfi.obj (.text)
                  0000127a    00000002                                   : mpu_init.obj (.text)
                  0000127c    000007be     HAL_BQ27441.obj (.text)
                  00001a3a    00000002     rtsv7M4_T_le_v4SPD16_eabi.lib : startup.obj (.text)
                  00001a3c    000007a8     i2c.obj (.text)
                  000021e4    00000480     gpio.obj (.text)
                  00002664    0000041c     uart.obj (.text)
                  00002a80    00000410     main.obj (.text)
                  00002e90    000003f0     interrupt.obj (.text)
                  00003280    00000328     system_msp432p401r.obj (.text)
                  000035a8    000001f4     rtsv7M4_T_le_v4SPD16_eabi.lib : ull_div_t2.obj (.text)
                  0000379c    000001d4     HAL_I2C.obj (.text)
                  00003970    000001b6     rtsv7M4_T_le_v4SPD16_eabi.lib : fd_add_t2.obj (.text)
                  00003b26    00000136                                   : fd_div_t2.obj (.text)
                  00003c5c    000000fc                                   : fd_mul_t2.obj (.text)
                  00003d58    000000fc                                   : s_scalbn.obj (.text)
                  00003e54    000000d0     HAL_UART.obj (.text)
                  00003f24    0000009c     rtsv7M4_T_le_v4SPD16_eabi.lib : memcpy_t2.obj (.text)
                  00003fc0    00000086                                   : fd_cmp_t2.obj (.text:__aeabi_cdcmple)
                  00004046    00000086                                   : fd_cmp_t2.obj (.text:__aeabi_cdrcmple)
                  000040cc    0000007a                                   : memset_t2.obj (.text)
                  00004146    00000002     --HOLE-- [fill = 0]
                  00004148    00000070                                   : autoinit.obj (.text)
                  000041b8    00000068                                   : copy_decompress_lzss.obj (.text:decompress:lzss)
                  00004220    00000064                                   : s_frexp.obj (.text)
                  00004284    00000060                                   : sprintf.obj (.text)
                  000042e4    00000056                                   : ltoa.obj (.text)
                  0000433a    00000002     --HOLE-- [fill = 0]
                  0000433c    00000054                                   : boot.obj (.text)
                  00004390    00000054                                   : exit.obj (.text)
                  000043e4    0000004c                                   : atoi.obj (.text)
                  00004430    0000004c                                   : cpy_tbl.obj (.text)
                  0000447c    00000048                                   : fd_toi_t2.obj (.text)
                  000044c4    0000003e     cpu.obj (.text)
                  00004502    0000002e     rtsv7M4_T_le_v4SPD16_eabi.lib : i_tofd_t2.obj (.text)
                  00004530    0000001c                                   : memccpy.obj (.text)
                  0000454c    00000018                                   : args_main.obj (.text)
                  00004564    00000016                                   : strchr.obj (.text)
                  0000457a    00000002     --HOLE-- [fill = 0]
                  0000457c    00000014                                   : _lock.obj (.text)
                  00004590    00000014                                   : s_copysign.obj (.text)
                  000045a4    00000014                                   : strlen.obj (.text)
                  000045b8    00000012     startup_msp432p401r_ccs.obj (.text)
                  000045ca    0000000e     rtsv7M4_T_le_v4SPD16_eabi.lib : copy_decompress_none.obj (.text:decompress:none)
                  000045d8    0000000c                                   : copy_zero_init.obj (.text:decompress:ZI)
                  000045e4    00000004                                   : pre_init.obj (.text)

.const     0    000045e8    0000020c     
                  000045e8    00000101     rtsv7M4_T_le_v4SPD16_eabi.lib : ctype.obj (.const:.string:_ctypes_)
                  000046e9    00000003     --HOLE-- [fill = 0]
                  000046ec    00000050     interrupt.obj (.const:g_pulRegs)
                  0000473c    00000024     HAL_UART.obj (.const:uartConfig)
                  00004760    00000024     HAL_UART.obj (.const:uartConfigGps)
                  00004784    00000020     interrupt.obj (.const:g_pulPriority)
                  000047a4    0000001c     gpio.obj (.const:GPIO_PORT_TO_INT)
                  000047c0    00000014     HAL_I2C.obj (.const:i2cConfig)
                  000047d4    00000008     interrupt.obj (.const:g_pulDisRegs)
                  000047dc    00000008     interrupt.obj (.const:g_pulEnRegs)
                  000047e4    00000008     interrupt.obj (.const:g_pulPendRegs)
                  000047ec    00000008     interrupt.obj (.const:g_pulUnpendRegs)

.cinit     0    000047f8    000000e8     
                  000047f8    000000b1     (.cinit..data.load) [load image, compression = lzss]
                  000048a9    00000003     --HOLE-- [fill = 0]
                  000048ac    0000000c     (__TI_handler_table)
                  000048b8    00000008     (.cinit..bss.load) [load image, compression = zero_init]
                  000048c0    00000008     (.cinit..vtable.load) [load image, compression = zero_init]
                  000048c8    00000018     (__TI_cinit_table)

.init_array 
*          0    00000000    00000000     UNINITIALIZED

.vtable    0    20000000    000000e4     UNINITIALIZED
                  20000000    000000e4     interrupt.obj (.vtable)

.data      0    200000e4    00000104     UNINITIALIZED
                  200000e4    00000030     gpio.obj (.data:GPIO_PORT_TO_BASE)
                  20000114    00000014     main.obj (.data:rootUrl)
                  20000128    0000000f     main.obj (.data:QIFGCNT)
                  20000137    0000000e     main.obj (.data:QICSGP)
                  20000145    0000000e     main.obj (.data:QIREGAPP)
                  20000153    0000000d     main.obj (.data:QIDEACT)
                  20000160    0000000c     rtsv7M4_T_le_v4SPD16_eabi.lib : exit.obj (.data:$O1$$)
                  2000016c    0000000c     main.obj (.data:CGREG)
                  20000178    0000000b     main.obj (.data:COPS)
                  20000183    0000000b     main.obj (.data:CPIN)
                  2000018e    0000000b     main.obj (.data:CREG)
                  20000199    0000000b     main.obj (.data:QIACT)
                  200001a4    00000009     main.obj (.data:CSQ)
                  200001ad    00000003     --HOLE--
                  200001b0    00000008     rtsv7M4_T_le_v4SPD16_eabi.lib : _lock.obj (.data:$O1$$)
                  200001b8    00000008     main.obj (.data:CMNET)
                  200001c0    00000007     main.obj (.data:ATE1)
                  200001c7    00000007     main.obj (.data:ATV1)
                  200001ce    00000005     main.obj (.data:at)
                  200001d3    00000001     --HOLE--
                  200001d4    00000005     main.obj (.data)
                  200001d9    00000003     --HOLE--
                  200001dc    00000004     rtsv7M4_T_le_v4SPD16_eabi.lib : errno.obj (.data)
                  200001e0    00000004                                   : stkdepth_vars.obj (.data)
                  200001e4    00000004     system_msp432p401r.obj (.data)

.bss       0    200001e8    000000cc     UNINITIALIZED
                  200001e8    00000064     (.common:temp)
                  2000024c    00000064     (.common:temp2)
                  200002b0    00000004     (.common:getUrl)

.stack     0    2000fe00    00000200     UNINITIALIZED
                  2000fe00    00000200     --HOLE--

MODULE SUMMARY

       Module                        code    ro data   rw data
       ------                        ----    -------   -------
    .\
       HAL_BQ27441.obj               1982    0         0      
       main.obj                      1040    0         754    
       system_msp432p401r.obj        808     0         8      
       HAL_I2C.obj                   468     20        0      
       startup_msp432p401r_ccs.obj   18      320       0      
       HAL_UART.obj                  208     72        0      
    +--+-----------------------------+-------+---------+---------+
       Total:                        4524    412       762    
                                                              
    .\driverlib\MSP432P4xx\
       i2c.obj                       1960    0         0      
       interrupt.obj                 1008    144       456    
       gpio.obj                      1152    28        96     
       uart.obj                      1052    0         0      
       cpu.obj                       62      0         0      
    +--+-----------------------------+-------+---------+---------+
       Total:                        5234    172       552    
                                                              
    C:\ti\ccsv7\tools\compiler\ti-cgt-arm_16.9.0.LTS\lib\rtsv7M4_T_le_v4SPD16_eabi.lib
       _printfi.obj                  4410    0         0      
       ull_div_t2.obj                500     0         0      
       fd_add_t2.obj                 438     0         0      
       fd_div_t2.obj                 310     0         0      
       fd_cmp_t2.obj                 268     0         0      
       ctype.obj                     0       257       0      
       fd_mul_t2.obj                 252     0         0      
       s_scalbn.obj                  252     0         0      
       memcpy_t2.obj                 156     0         0      
       memset_t2.obj                 122     0         0      
       autoinit.obj                  112     0         0      
       exit.obj                      84      0         24     
       copy_decompress_lzss.obj      104     0         0      
       s_frexp.obj                   100     0         0      
       sprintf.obj                   96      0         0      
       ltoa.obj                      86      0         0      
       boot.obj                      84      0         0      
       atoi.obj                      76      0         0      
       cpy_tbl.obj                   76      0         0      
       fd_toi_t2.obj                 72      0         0      
       i_tofd_t2.obj                 46      0         0      
       _lock.obj                     20      0         16     
       memccpy.obj                   28      0         0      
       args_main.obj                 24      0         0      
       strchr.obj                    22      0         0      
       s_copysign.obj                20      0         0      
       strlen.obj                    20      0         0      
       copy_decompress_none.obj      14      0         0      
       copy_zero_init.obj            12      0         0      
       errno.obj                     0       0         8      
       stkdepth_vars.obj             0       0         8      
       pre_init.obj                  4       0         0      
       mpu_init.obj                  2       0         0      
       startup.obj                   2       0         0      
    +--+-----------------------------+-------+---------+---------+
       Total:                        7812    257       56     
                                                              
       Stack:                        0       0         1024   
       Linker Generated:             0       229       0      
    +--+-----------------------------+-------+---------+---------+
       Grand Total:                  17570   1070      2394   


LINKER GENERATED COPY TABLES

__TI_cinit_table @ 000048c8 records: 3, size/record: 8, table size: 24
	.data: load addr=000047f8, load size=000000b1 bytes, run addr=200000e4, run size=00000104 bytes, compression=lzss
	.bss: load addr=000048b8, load size=00000008 bytes, run addr=200001e8, run size=000000cc bytes, compression=zero_init
	.vtable: load addr=000048c0, load size=00000008 bytes, run addr=20000000, run size=000000e4 bytes, compression=zero_init


LINKER GENERATED HANDLER TABLE

__TI_handler_table @ 000048ac records: 3, size/record: 4, table size: 12
	index: 0, handler: __TI_zero_init
	index: 1, handler: __TI_decompress_lzss
	index: 2, handler: __TI_decompress_none


GLOBAL SYMBOLS: SORTED ALPHABETICALLY BY Name 

address   name                                       
-------   ----                                       
200001c0  ATE1                                       
200001c7  ATV1                                       
000018df  BQ27441_command                            
00001879  BQ27441_control                            
000018a1  BQ27441_controlRead                        
0000127d  BQ27441_initConfig                         
0000169d  BQ27441_initOpConfig                       
00001939  BQ27441_read16                             
000019b1  BQ27441_readChecksum                       
00001909  BQ27441_write16                            
00004391  C$$EXIT                                    
2000016c  CGREG                                      
200001b8  CMNET                                      
20000178  COPS                                       
20000183  CPIN                                       
000044f9  CPU_basepriGet                             
000044eb  CPU_basepriSet                             
000044c5  CPU_cpsid                                  
000044db  CPU_cpsie                                  
000044d1  CPU_primask                                
000044e7  CPU_wfi                                    
2000018e  CREG                                       
200001a4  CSQ                                        
00002b95  CS_init                                    
00002507  GPIO_clearInterruptFlag                    
000024c7  GPIO_disableInterrupt                      
000024a5  GPIO_enableInterrupt                       
0000255f  GPIO_getEnabledInterruptStatus             
00002477  GPIO_getInputPinValue                      
000024e9  GPIO_getInterruptStatus                    
00002c0f  GPIO_init                                  
00002529  GPIO_interruptEdgeSelect                   
0000261f  GPIO_registerInterrupt                     
0000221f  GPIO_setAsInputPin                         
000023d3  GPIO_setAsInputPinWithPullDownResistor     
00002425  GPIO_setAsInputPinWithPullUpResistor       
000021e5  GPIO_setAsOutputPin                        
000022e9  GPIO_setAsPeripheralModuleFunctionInputPin 
00002265  GPIO_setAsPeripheralModuleFunctionOutputPin
000025db  GPIO_setDriveStrengthHigh                  
000025fd  GPIO_setDriveStrengthLow                   
0000236d  GPIO_setOutputHighOnPin                    
0000238f  GPIO_setOutputLowOnPin                     
000023b1  GPIO_toggleOutputOnPin                     
0000263f  GPIO_unregisterInterrupt                   
0000209d  I2C_clearInterruptFlag                     
00002087  I2C_disableInterrupt                       
00001aef  I2C_disableModule                          
00002051  I2C_disableMultiMasterMode                 
00002071  I2C_enableInterrupt                        
00001ad9  I2C_enableModule                           
00002031  I2C_enableMultiMasterMode                  
000020cb  I2C_getEnabledInterruptStatus              
000020b3  I2C_getInterruptStatus                     
000020db  I2C_getMode                                
00001fd7  I2C_getReceiveBufferAddressForDMA          
00001fe5  I2C_getTransmitBufferAddressForDMA         
000037b5  I2C_init                                   
0000379d  I2C_initGPIO                               
00001a3d  I2C_initMaster                             
00001a9f  I2C_initSlave                              
00001b93  I2C_isBusBusy                              
00002005  I2C_masterIsStartSent                      
00001ff3  I2C_masterIsStopSent                       
00001efd  I2C_masterReceiveMultiByteFinish           
00001f3b  I2C_masterReceiveMultiByteFinishWithTimeout
00001ee5  I2C_masterReceiveMultiByteNext             
00001f99  I2C_masterReceiveMultiByteStop             
00001fad  I2C_masterReceiveSingle                    
00001b35  I2C_masterReceiveSingleByte                
00001ecb  I2C_masterReceiveStart                     
00001dab  I2C_masterSendMultiByteFinish              
00001df9  I2C_masterSendMultiByteFinishWithTimeout   
00001d41  I2C_masterSendMultiByteNext                
00001d6d  I2C_masterSendMultiByteNextWithTimeout     
00001c97  I2C_masterSendMultiByteStart               
00001ce5  I2C_masterSendMultiByteStartWithTimeout    
00001e65  I2C_masterSendMultiByteStop                
00001e8f  I2C_masterSendMultiByteStopWithTimeout     
00001ba5  I2C_masterSendSingleByte                   
00001c0b  I2C_masterSendSingleByteWithTimeout        
0000201d  I2C_masterSendStart                        
000038b7  I2C_read16                                 
0000386f  I2C_read8                                  
000020f1  I2C_registerInterrupt                      
00001b19  I2C_setMode                                
00001b05  I2C_setSlaveAddress                        
0000394d  I2C_setslave                               
00001b7f  I2C_slaveGetData                           
00001b69  I2C_slavePutData                           
000021b3  I2C_slaveSendNAK                           
00002157  I2C_unregisterInterrupt                    
00003811  I2C_write16                                
000037cd  I2C_write8                                 
00003053  Interrupt_disableInterrupt                 
00002ea3  Interrupt_disableMaster                    
00003251  Interrupt_disableSleepOnIsrExit            
00002fe1  Interrupt_enableInterrupt                  
00002e93  Interrupt_enableMaster                     
0000323f  Interrupt_enableSleepOnIsrExit             
00002fbb  Interrupt_getPriority                      
00002f33  Interrupt_getPriorityGrouping              
0000321f  Interrupt_getPriorityMask                  
00003239  Interrupt_getVectorTableAddress            
000030c5  Interrupt_isEnabled                        
00003151  Interrupt_pendInterrupt                    
00002eb3  Interrupt_registerInterrupt                
00002f6b  Interrupt_setPriority                      
00002f19  Interrupt_setPriorityGrouping              
0000320f  Interrupt_setPriorityMask                  
00003229  Interrupt_setVectorTableAddress            
000031c1  Interrupt_unpendInterrupt                  
00002f05  Interrupt_unregisterInterrupt              
20000199  QIACT                                      
20000137  QICSGP                                     
20000153  QIDEACT                                    
20000128  QIFGCNT                                    
20000145  QIREGAPP                                   
200001d8  Range                                      
UNDEFED   SHT$$INIT_ARRAY$$Base                      
UNDEFED   SHT$$INIT_ARRAY$$Limit                     
200001e4  SystemCoreClock                            
00003281  SystemCoreClockUpdate                      
000034f5  SystemInit                                 
00002979  UART_clearInterruptFlag                    
000028d1  UART_disableInterrupt                      
000027b3  UART_disableModule                         
000028a1  UART_enableInterrupt                       
0000279d  UART_enableModule                          
0000291d  UART_getEnabledInterruptStatus             
00002901  UART_getInterruptStatus                    
00002869  UART_getReceiveBufferAddressForDMA         
00002877  UART_getTransmitBufferAddressForDMA        
00003e79  UART_init                                  
00003e55  UART_initGPIO                              
00002665  UART_initModule                            
000027c9  UART_queryStatusFlags                      
00002777  UART_receiveData                           
00002999  UART_registerInterrupt                     
000027f1  UART_resetDormant                          
00002885  UART_selectDeglitchTime                    
000027dd  UART_setDormant                            
00002805  UART_transmitAddress                       
00002823  UART_transmitBreak                         
0000274d  UART_transmitData                          
00003eb1  UART_transmitString                        
00002a15  UART_unregisterInterrupt                   
4000480c  WDTCTL_SYM                                 
20010000  __STACK_END                                
00000200  __STACK_SIZE                               
000048c8  __TI_CINIT_Base                            
000048e0  __TI_CINIT_Limit                           
000048ac  __TI_Handler_Table_Base                    
000048b8  __TI_Handler_Table_Limit                   
00004149  __TI_auto_init                             
20000160  __TI_cleanup_ptr                           
000041b9  __TI_decompress_lzss                       
000045cb  __TI_decompress_none                       
20000164  __TI_dtors_ptr                             
20000168  __TI_enable_exit_profile_output            
ffffffff  __TI_pprof_out_hndl                        
00000981  __TI_printfi                               
ffffffff  __TI_prof_data_size                        
ffffffff  __TI_prof_data_start                       
00000000  __TI_static_base__                         
000045d9  __TI_zero_init                             
00003fc1  __aeabi_cdcmpeq                            
00003fc1  __aeabi_cdcmple                            
00004047  __aeabi_cdrcmple                           
0000447d  __aeabi_d2iz                               
0000397b  __aeabi_dadd                               
00003b27  __aeabi_ddiv                               
00003c5d  __aeabi_dmul                               
00003971  __aeabi_dsub                               
00004503  __aeabi_i2d                                
000040cd  __aeabi_memclr                             
000040cd  __aeabi_memclr4                            
000040cd  __aeabi_memclr8                            
00003f25  __aeabi_memcpy                             
00003f25  __aeabi_memcpy4                            
00003f25  __aeabi_memcpy8                            
000040cf  __aeabi_memset                             
000040cf  __aeabi_memset4                            
000040cf  __aeabi_memset8                            
000035a9  __aeabi_uldivmod                           
ffffffff  __binit__                                  
ffffffff  __c_args__                                 
0000127b  __mpu_init                                 
2000fe00  __stack                                    
0000454d  _args_main                                 
0000433d  _c_int00                                   
000045e8  _ctypes_                                   
200001b0  _lock                                      
0000458b  _nop                                       
00004583  _register_lock                             
0000457d  _register_unlock                           
00001a3b  _system_post_cinit                         
000045e5  _system_pre_init                           
200001b4  _unlock                                    
00004395  abort                                      
200001ce  at                                         
000043e5  atoi                                       
ffffffff  binit                                      
00004431  copy_in                                    
00004591  copysign                                   
00004591  copysignl                                  
200001dc  errno                                      
0000439d  exit                                       
00004221  frexp                                      
00004221  frexpl                                     
20000000  g_pfnRAMVectors                            
200002b0  getUrl                                     
00002cdb  gprsInit                                   
00002d1d  gsmInit                                    
000047c0  i2cConfig                                  
200001d4  idx                                        
00000000  interruptVectors                           
00003d59  ldexp                                      
00003d59  ldexpl                                     
000042e5  ltoa                                       
00002a81  main                                       
200001e0  main_func_sp                               
00004531  memccpy                                    
00003f25  memcpy                                     
000040d5  memset                                     
20000114  rootUrl                                    
00003d59  scalbn                                     
00003d59  scalbnl                                    
00003ecb  serialTx0                                  
00003eeb  serialTx1                                  
00004285  sprintf                                    
00004565  strchr                                     
000045a5  strlen                                     
200001e8  temp                                       
2000024c  temp2                                      
0000473c  uartConfig                                 
00004760  uartConfigGps                              


GLOBAL SYMBOLS: SORTED BY Symbol Address 

address   name                                       
-------   ----                                       
00000000  __TI_static_base__                         
00000000  interruptVectors                           
00000200  __STACK_SIZE                               
00000981  __TI_printfi                               
0000127b  __mpu_init                                 
0000127d  BQ27441_initConfig                         
0000169d  BQ27441_initOpConfig                       
00001879  BQ27441_control                            
000018a1  BQ27441_controlRead                        
000018df  BQ27441_command                            
00001909  BQ27441_write16                            
00001939  BQ27441_read16                             
000019b1  BQ27441_readChecksum                       
00001a3b  _system_post_cinit                         
00001a3d  I2C_initMaster                             
00001a9f  I2C_initSlave                              
00001ad9  I2C_enableModule                           
00001aef  I2C_disableModule                          
00001b05  I2C_setSlaveAddress                        
00001b19  I2C_setMode                                
00001b35  I2C_masterReceiveSingleByte                
00001b69  I2C_slavePutData                           
00001b7f  I2C_slaveGetData                           
00001b93  I2C_isBusBusy                              
00001ba5  I2C_masterSendSingleByte                   
00001c0b  I2C_masterSendSingleByteWithTimeout        
00001c97  I2C_masterSendMultiByteStart               
00001ce5  I2C_masterSendMultiByteStartWithTimeout    
00001d41  I2C_masterSendMultiByteNext                
00001d6d  I2C_masterSendMultiByteNextWithTimeout     
00001dab  I2C_masterSendMultiByteFinish              
00001df9  I2C_masterSendMultiByteFinishWithTimeout   
00001e65  I2C_masterSendMultiByteStop                
00001e8f  I2C_masterSendMultiByteStopWithTimeout     
00001ecb  I2C_masterReceiveStart                     
00001ee5  I2C_masterReceiveMultiByteNext             
00001efd  I2C_masterReceiveMultiByteFinish           
00001f3b  I2C_masterReceiveMultiByteFinishWithTimeout
00001f99  I2C_masterReceiveMultiByteStop             
00001fad  I2C_masterReceiveSingle                    
00001fd7  I2C_getReceiveBufferAddressForDMA          
00001fe5  I2C_getTransmitBufferAddressForDMA         
00001ff3  I2C_masterIsStopSent                       
00002005  I2C_masterIsStartSent                      
0000201d  I2C_masterSendStart                        
00002031  I2C_enableMultiMasterMode                  
00002051  I2C_disableMultiMasterMode                 
00002071  I2C_enableInterrupt                        
00002087  I2C_disableInterrupt                       
0000209d  I2C_clearInterruptFlag                     
000020b3  I2C_getInterruptStatus                     
000020cb  I2C_getEnabledInterruptStatus              
000020db  I2C_getMode                                
000020f1  I2C_registerInterrupt                      
00002157  I2C_unregisterInterrupt                    
000021b3  I2C_slaveSendNAK                           
000021e5  GPIO_setAsOutputPin                        
0000221f  GPIO_setAsInputPin                         
00002265  GPIO_setAsPeripheralModuleFunctionOutputPin
000022e9  GPIO_setAsPeripheralModuleFunctionInputPin 
0000236d  GPIO_setOutputHighOnPin                    
0000238f  GPIO_setOutputLowOnPin                     
000023b1  GPIO_toggleOutputOnPin                     
000023d3  GPIO_setAsInputPinWithPullDownResistor     
00002425  GPIO_setAsInputPinWithPullUpResistor       
00002477  GPIO_getInputPinValue                      
000024a5  GPIO_enableInterrupt                       
000024c7  GPIO_disableInterrupt                      
000024e9  GPIO_getInterruptStatus                    
00002507  GPIO_clearInterruptFlag                    
00002529  GPIO_interruptEdgeSelect                   
0000255f  GPIO_getEnabledInterruptStatus             
000025db  GPIO_setDriveStrengthHigh                  
000025fd  GPIO_setDriveStrengthLow                   
0000261f  GPIO_registerInterrupt                     
0000263f  GPIO_unregisterInterrupt                   
00002665  UART_initModule                            
0000274d  UART_transmitData                          
00002777  UART_receiveData                           
0000279d  UART_enableModule                          
000027b3  UART_disableModule                         
000027c9  UART_queryStatusFlags                      
000027dd  UART_setDormant                            
000027f1  UART_resetDormant                          
00002805  UART_transmitAddress                       
00002823  UART_transmitBreak                         
00002869  UART_getReceiveBufferAddressForDMA         
00002877  UART_getTransmitBufferAddressForDMA        
00002885  UART_selectDeglitchTime                    
000028a1  UART_enableInterrupt                       
000028d1  UART_disableInterrupt                      
00002901  UART_getInterruptStatus                    
0000291d  UART_getEnabledInterruptStatus             
00002979  UART_clearInterruptFlag                    
00002999  UART_registerInterrupt                     
00002a15  UART_unregisterInterrupt                   
00002a81  main                                       
00002b95  CS_init                                    
00002c0f  GPIO_init                                  
00002cdb  gprsInit                                   
00002d1d  gsmInit                                    
00002e93  Interrupt_enableMaster                     
00002ea3  Interrupt_disableMaster                    
00002eb3  Interrupt_registerInterrupt                
00002f05  Interrupt_unregisterInterrupt              
00002f19  Interrupt_setPriorityGrouping              
00002f33  Interrupt_getPriorityGrouping              
00002f6b  Interrupt_setPriority                      
00002fbb  Interrupt_getPriority                      
00002fe1  Interrupt_enableInterrupt                  
00003053  Interrupt_disableInterrupt                 
000030c5  Interrupt_isEnabled                        
00003151  Interrupt_pendInterrupt                    
000031c1  Interrupt_unpendInterrupt                  
0000320f  Interrupt_setPriorityMask                  
0000321f  Interrupt_getPriorityMask                  
00003229  Interrupt_setVectorTableAddress            
00003239  Interrupt_getVectorTableAddress            
0000323f  Interrupt_enableSleepOnIsrExit             
00003251  Interrupt_disableSleepOnIsrExit            
00003281  SystemCoreClockUpdate                      
000034f5  SystemInit                                 
000035a9  __aeabi_uldivmod                           
0000379d  I2C_initGPIO                               
000037b5  I2C_init                                   
000037cd  I2C_write8                                 
00003811  I2C_write16                                
0000386f  I2C_read8                                  
000038b7  I2C_read16                                 
0000394d  I2C_setslave                               
00003971  __aeabi_dsub                               
0000397b  __aeabi_dadd                               
00003b27  __aeabi_ddiv                               
00003c5d  __aeabi_dmul                               
00003d59  ldexp                                      
00003d59  ldexpl                                     
00003d59  scalbn                                     
00003d59  scalbnl                                    
00003e55  UART_initGPIO                              
00003e79  UART_init                                  
00003eb1  UART_transmitString                        
00003ecb  serialTx0                                  
00003eeb  serialTx1                                  
00003f25  __aeabi_memcpy                             
00003f25  __aeabi_memcpy4                            
00003f25  __aeabi_memcpy8                            
00003f25  memcpy                                     
00003fc1  __aeabi_cdcmpeq                            
00003fc1  __aeabi_cdcmple                            
00004047  __aeabi_cdrcmple                           
000040cd  __aeabi_memclr                             
000040cd  __aeabi_memclr4                            
000040cd  __aeabi_memclr8                            
000040cf  __aeabi_memset                             
000040cf  __aeabi_memset4                            
000040cf  __aeabi_memset8                            
000040d5  memset                                     
00004149  __TI_auto_init                             
000041b9  __TI_decompress_lzss                       
00004221  frexp                                      
00004221  frexpl                                     
00004285  sprintf                                    
000042e5  ltoa                                       
0000433d  _c_int00                                   
00004391  C$$EXIT                                    
00004395  abort                                      
0000439d  exit                                       
000043e5  atoi                                       
00004431  copy_in                                    
0000447d  __aeabi_d2iz                               
000044c5  CPU_cpsid                                  
000044d1  CPU_primask                                
000044db  CPU_cpsie                                  
000044e7  CPU_wfi                                    
000044eb  CPU_basepriSet                             
000044f9  CPU_basepriGet                             
00004503  __aeabi_i2d                                
00004531  memccpy                                    
0000454d  _args_main                                 
00004565  strchr                                     
0000457d  _register_unlock                           
00004583  _register_lock                             
0000458b  _nop                                       
00004591  copysign                                   
00004591  copysignl                                  
000045a5  strlen                                     
000045cb  __TI_decompress_none                       
000045d9  __TI_zero_init                             
000045e5  _system_pre_init                           
000045e8  _ctypes_                                   
0000473c  uartConfig                                 
00004760  uartConfigGps                              
000047c0  i2cConfig                                  
000048ac  __TI_Handler_Table_Base                    
000048b8  __TI_Handler_Table_Limit                   
000048c8  __TI_CINIT_Base                            
000048e0  __TI_CINIT_Limit                           
20000000  g_pfnRAMVectors                            
20000114  rootUrl                                    
20000128  QIFGCNT                                    
20000137  QICSGP                                     
20000145  QIREGAPP                                   
20000153  QIDEACT                                    
20000160  __TI_cleanup_ptr                           
20000164  __TI_dtors_ptr                             
20000168  __TI_enable_exit_profile_output            
2000016c  CGREG                                      
20000178  COPS                                       
20000183  CPIN                                       
2000018e  CREG                                       
20000199  QIACT                                      
200001a4  CSQ                                        
200001b0  _lock                                      
200001b4  _unlock                                    
200001b8  CMNET                                      
200001c0  ATE1                                       
200001c7  ATV1                                       
200001ce  at                                         
200001d4  idx                                        
200001d8  Range                                      
200001dc  errno                                      
200001e0  main_func_sp                               
200001e4  SystemCoreClock                            
200001e8  temp                                       
2000024c  temp2                                      
200002b0  getUrl                                     
2000fe00  __stack                                    
20010000  __STACK_END                                
4000480c  WDTCTL_SYM                                 
ffffffff  __TI_pprof_out_hndl                        
ffffffff  __TI_prof_data_size                        
ffffffff  __TI_prof_data_start                       
ffffffff  __binit__                                  
ffffffff  __c_args__                                 
ffffffff  binit                                      
UNDEFED   SHT$$INIT_ARRAY$$Base                      
UNDEFED   SHT$$INIT_ARRAY$$Limit                     

[237 symbols]
