******************************************************************************
                  TI ARM Linker PC v16.9.0                     
******************************************************************************
>> Linked Mon Feb 13 00:58:09 2017

OUTPUT FILE NAME:   <MSP432_GPS_GPRS_Fuel_Gauge.out>
ENTRY POINT SYMBOL: "_c_int00"  address: 000048d1


MEMORY CONFIGURATION

         name            origin    length      used     unused   attr    fill
----------------------  --------  ---------  --------  --------  ----  --------
  MAIN                  00000000   00040000  00004e94  0003b16c  R  X
  INFO                  00200000   00004000  00000000  00004000  R  X
  SRAM_CODE             01000000   00010000  00000678  0000f988  RW X
  SRAM_DATA             20000000   00010000  00000678  0000f988  RW  


SEGMENT ALLOCATION MAP

run origin  load origin   length   init length attrs members
----------  ----------- ---------- ----------- ----- -------
00000000    00000000    00004e98   00004e98    r-x
  00000000    00000000    00000140   00000140    r-- .intvecs
  00000140    00000140    00004a50   00004a50    r-x .text
  00004b90    00004b90    0000020c   0000020c    r-- .const
  00004da0    00004da0    000000f8   000000f8    r-- .cinit
20000000    20000000    00000478   00000000    rw-
  20000000    20000000    000000e4   00000000    rw- .vtable
  200000e4    200000e4    00000278   00000000    rw- .bss
  2000035c    2000035c    0000011c   00000000    rw- .data
2000fe00    2000fe00    00000200   00000000    rw-
  2000fe00    2000fe00    00000200   00000000    rw- .stack


SECTION ALLOCATION MAP

 output                                  attributes/
section   page    origin      length       input sections
--------  ----  ----------  ----------   ----------------
.intvecs   0    00000000    00000140     
                  00000000    00000140     startup_msp432p401r_ccs.obj (.intvecs:retain)

.binit     0    00000000    00000000     

.text      0    00000140    00004a50     
                  00000140    0000113a     rtsv7M4_T_le_v4SPD16_eabi.lib : _printfi.obj (.text)
                  0000127a    00000002                                   : mpu_init.obj (.text)
                  0000127c    000009a8     main.obj (.text)
                  00001c24    000007ba     HAL_BQ27441.obj (.text)
                  000023de    00000002     rtsv7M4_T_le_v4SPD16_eabi.lib : startup.obj (.text)
                  000023e0    000007a8     i2c.obj (.text)
                  00002b88    00000480     gpio.obj (.text)
                  00003008    0000041c     uart.obj (.text)
                  00003424    000003f0     interrupt.obj (.text)
                  00003814    00000328     system_msp432p401r.obj (.text)
                  00003b3c    000001f4     rtsv7M4_T_le_v4SPD16_eabi.lib : ull_div_t2.obj (.text)
                  00003d30    000001d4     HAL_I2C.obj (.text)
                  00003f04    000001b6     rtsv7M4_T_le_v4SPD16_eabi.lib : fd_add_t2.obj (.text)
                  000040ba    00000136                                   : fd_div_t2.obj (.text)
                  000041f0    000000fc                                   : fd_mul_t2.obj (.text)
                  000042ec    000000fc                                   : s_scalbn.obj (.text)
                  000043e8    000000d0     HAL_UART.obj (.text)
                  000044b8    0000009c     rtsv7M4_T_le_v4SPD16_eabi.lib : memcpy_t2.obj (.text)
                  00004554    00000086                                   : fd_cmp_t2.obj (.text:__aeabi_cdcmple)
                  000045da    00000086                                   : fd_cmp_t2.obj (.text:__aeabi_cdrcmple)
                  00004660    0000007a                                   : memset_t2.obj (.text)
                  000046da    00000002     --HOLE-- [fill = 0]
                  000046dc    00000070                                   : autoinit.obj (.text)
                  0000474c    00000068                                   : copy_decompress_lzss.obj (.text:decompress:lzss)
                  000047b4    00000064                                   : s_frexp.obj (.text)
                  00004818    00000060                                   : sprintf.obj (.text)
                  00004878    00000056                                   : ltoa.obj (.text)
                  000048ce    00000002     --HOLE-- [fill = 0]
                  000048d0    00000054                                   : boot.obj (.text)
                  00004924    00000054                                   : exit.obj (.text)
                  00004978    0000004c                                   : atoi.obj (.text)
                  000049c4    0000004c                                   : cpy_tbl.obj (.text)
                  00004a10    00000048                                   : fd_toi_t2.obj (.text)
                  00004a58    0000003e     cpu.obj (.text)
                  00004a96    0000002e     rtsv7M4_T_le_v4SPD16_eabi.lib : i_tofd_t2.obj (.text)
                  00004ac4    0000001c                                   : memccpy.obj (.text)
                  00004ae0    00000018                                   : args_main.obj (.text)
                  00004af8    00000016                                   : strchr.obj (.text)
                  00004b0e    00000002     --HOLE-- [fill = 0]
                  00004b10    00000014                                   : _lock.obj (.text)
                  00004b24    00000014                                   : s_copysign.obj (.text)
                  00004b38    00000014                                   : strcpy.obj (.text)
                  00004b4c    00000014                                   : strlen.obj (.text)
                  00004b60    00000012     startup_msp432p401r_ccs.obj (.text)
                  00004b72    0000000e     rtsv7M4_T_le_v4SPD16_eabi.lib : copy_decompress_none.obj (.text:decompress:none)
                  00004b80    0000000c                                   : copy_zero_init.obj (.text:decompress:ZI)
                  00004b8c    00000004                                   : pre_init.obj (.text)

.const     0    00004b90    0000020c     
                  00004b90    00000101     rtsv7M4_T_le_v4SPD16_eabi.lib : ctype.obj (.const:.string:_ctypes_)
                  00004c91    00000003     --HOLE-- [fill = 0]
                  00004c94    00000050     interrupt.obj (.const:g_pulRegs)
                  00004ce4    00000024     HAL_UART.obj (.const:uartConfig)
                  00004d08    00000024     HAL_UART.obj (.const:uartConfigGps)
                  00004d2c    00000020     interrupt.obj (.const:g_pulPriority)
                  00004d4c    0000001c     gpio.obj (.const:GPIO_PORT_TO_INT)
                  00004d68    00000014     HAL_I2C.obj (.const:i2cConfig)
                  00004d7c    00000008     interrupt.obj (.const:g_pulDisRegs)
                  00004d84    00000008     interrupt.obj (.const:g_pulEnRegs)
                  00004d8c    00000008     interrupt.obj (.const:g_pulPendRegs)
                  00004d94    00000008     interrupt.obj (.const:g_pulUnpendRegs)

.cinit     0    00004da0    000000f8     
                  00004da0    000000c3     (.cinit..data.load) [load image, compression = lzss]
                  00004e63    00000001     --HOLE-- [fill = 0]
                  00004e64    0000000c     (__TI_handler_table)
                  00004e70    00000008     (.cinit..bss.load) [load image, compression = zero_init]
                  00004e78    00000008     (.cinit..vtable.load) [load image, compression = zero_init]
                  00004e80    00000018     (__TI_cinit_table)

.init_array 
*          0    00000000    00000000     UNINITIALIZED

.vtable    0    20000000    000000e4     UNINITIALIZED
                  20000000    000000e4     interrupt.obj (.vtable)

.bss       0    200000e4    00000278     UNINITIALIZED
                  200000e4    000001f4     (.common:getUrl)
                  200002d8    00000064     (.common:temp)
                  2000033c    0000000c     (.common:battCap)
                  20000348    0000000c     (.common:battState)
                  20000354    00000004     (.common:latc)
                  20000358    00000004     (.common:lngc)

.data      0    2000035c    0000011c     UNINITIALIZED
                  2000035c    00000030     gpio.obj (.data:GPIO_PORT_TO_BASE)
                  2000038c    0000001c     main.obj (.data)
                  200003a8    00000018     main.obj (.data:QICSGP)
                  200003c0    00000014     main.obj (.data:rootUrl)
                  200003d4    0000000f     main.obj (.data:QIFGCNT)
                  200003e3    0000000e     main.obj (.data:QIREGAPP)
                  200003f1    0000000d     main.obj (.data:QIDEACT)
                  200003fe    00000002     --HOLE--
                  20000400    0000000c     rtsv7M4_T_le_v4SPD16_eabi.lib : exit.obj (.data:$O1$$)
                  2000040c    0000000c     main.obj (.data:CGREG)
                  20000418    0000000b     main.obj (.data:COPS)
                  20000423    0000000b     main.obj (.data:CPIN)
                  2000042e    0000000b     main.obj (.data:CREG)
                  20000439    0000000b     main.obj (.data:QIACT)
                  20000444    00000009     main.obj (.data:CSQ)
                  2000044d    00000003     --HOLE--
                  20000450    00000008     rtsv7M4_T_le_v4SPD16_eabi.lib : _lock.obj (.data:$O1$$)
                  20000458    00000007     main.obj (.data:ATE1)
                  2000045f    00000007     main.obj (.data:ATV1)
                  20000466    00000005     main.obj (.data:at)
                  2000046b    00000001     --HOLE--
                  2000046c    00000004     rtsv7M4_T_le_v4SPD16_eabi.lib : errno.obj (.data)
                  20000470    00000004                                   : stkdepth_vars.obj (.data)
                  20000474    00000004     system_msp432p401r.obj (.data)

.stack     0    2000fe00    00000200     UNINITIALIZED
                  2000fe00    00000200     --HOLE--

MODULE SUMMARY

       Module                        code    ro data   rw data
       ------                        ----    -------   -------
    .\
       main.obj                      2472    0         1660   
       HAL_BQ27441.obj               1978    0         0      
       system_msp432p401r.obj        808     0         8      
       HAL_I2C.obj                   468     20        0      
       startup_msp432p401r_ccs.obj   18      320       0      
       HAL_UART.obj                  208     72        0      
    +--+-----------------------------+-------+---------+---------+
       Total:                        5952    412       1668   
                                                              
    .\driverlib\MSP432P4xx\
       i2c.obj                       1960    0         0      
       interrupt.obj                 1008    144       456    
       gpio.obj                      1152    28        96     
       uart.obj                      1052    0         0      
       cpu.obj                       62      0         0      
    +--+-----------------------------+-------+---------+---------+
       Total:                        5234    172       552    
                                                              
    C:\ti\ccsv7\tools\compiler\ti-cgt-arm_16.9.0.LTS\lib\rtsv7M4_T_le_v4SPD16_eabi.lib
       _printfi.obj                  4410    0         0      
       ull_div_t2.obj                500     0         0      
       fd_add_t2.obj                 438     0         0      
       fd_div_t2.obj                 310     0         0      
       fd_cmp_t2.obj                 268     0         0      
       ctype.obj                     0       257       0      
       fd_mul_t2.obj                 252     0         0      
       s_scalbn.obj                  252     0         0      
       memcpy_t2.obj                 156     0         0      
       memset_t2.obj                 122     0         0      
       autoinit.obj                  112     0         0      
       exit.obj                      84      0         24     
       copy_decompress_lzss.obj      104     0         0      
       s_frexp.obj                   100     0         0      
       sprintf.obj                   96      0         0      
       ltoa.obj                      86      0         0      
       boot.obj                      84      0         0      
       atoi.obj                      76      0         0      
       cpy_tbl.obj                   76      0         0      
       fd_toi_t2.obj                 72      0         0      
       i_tofd_t2.obj                 46      0         0      
       _lock.obj                     20      0         16     
       memccpy.obj                   28      0         0      
       args_main.obj                 24      0         0      
       strchr.obj                    22      0         0      
       s_copysign.obj                20      0         0      
       strcpy.obj                    20      0         0      
       strlen.obj                    20      0         0      
       copy_decompress_none.obj      14      0         0      
       copy_zero_init.obj            12      0         0      
       errno.obj                     0       0         8      
       stkdepth_vars.obj             0       0         8      
       pre_init.obj                  4       0         0      
       mpu_init.obj                  2       0         0      
       startup.obj                   2       0         0      
    +--+-----------------------------+-------+---------+---------+
       Total:                        7832    257       56     
                                                              
       Stack:                        0       0         1024   
       Linker Generated:             0       247       0      
    +--+-----------------------------+-------+---------+---------+
       Grand Total:                  19018   1088      3300   


LINKER GENERATED COPY TABLES

__TI_cinit_table @ 00004e80 records: 3, size/record: 8, table size: 24
	.data: load addr=00004da0, load size=000000c3 bytes, run addr=2000035c, run size=0000011c bytes, compression=lzss
	.bss: load addr=00004e70, load size=00000008 bytes, run addr=200000e4, run size=00000278 bytes, compression=zero_init
	.vtable: load addr=00004e78, load size=00000008 bytes, run addr=20000000, run size=000000e4 bytes, compression=zero_init


LINKER GENERATED HANDLER TABLE

__TI_handler_table @ 00004e64 records: 3, size/record: 4, table size: 12
	index: 0, handler: __TI_zero_init
	index: 1, handler: __TI_decompress_lzss
	index: 2, handler: __TI_decompress_none


GLOBAL SYMBOLS: SORTED ALPHABETICALLY BY Name 

address   name                                       
-------   ----                                       
20000458  ATE1                                       
2000045f  ATV1                                       
00002283  BQ27441_command                            
0000221d  BQ27441_control                            
00002245  BQ27441_controlRead                        
00001c25  BQ27441_initConfig                         
00002041  BQ27441_initOpConfig                       
000022dd  BQ27441_read16                             
00002355  BQ27441_readChecksum                       
000022ad  BQ27441_write16                            
000017b1  BatInitFn                                  
00001841  BleReq                                     
00004925  C$$EXIT                                    
2000040c  CGREG                                      
20000418  COPS                                       
20000423  CPIN                                       
00004a8d  CPU_basepriGet                             
00004a7f  CPU_basepriSet                             
00004a59  CPU_cpsid                                  
00004a6f  CPU_cpsie                                  
00004a65  CPU_primask                                
00004a7b  CPU_wfi                                    
2000042e  CREG                                       
20000444  CSQ                                        
000015e1  CS_init                                    
00002eab  GPIO_clearInterruptFlag                    
00002e6b  GPIO_disableInterrupt                      
00002e49  GPIO_enableInterrupt                       
00002f03  GPIO_getEnabledInterruptStatus             
00002e1b  GPIO_getInputPinValue                      
00002e8d  GPIO_getInterruptStatus                    
000016bd  GPIO_init                                  
00002ecd  GPIO_interruptEdgeSelect                   
00002fc3  GPIO_registerInterrupt                     
00002bc3  GPIO_setAsInputPin                         
00002d77  GPIO_setAsInputPinWithPullDownResistor     
00002dc9  GPIO_setAsInputPinWithPullUpResistor       
00002b89  GPIO_setAsOutputPin                        
00002c8d  GPIO_setAsPeripheralModuleFunctionInputPin 
00002c09  GPIO_setAsPeripheralModuleFunctionOutputPin
00002f7f  GPIO_setDriveStrengthHigh                  
00002fa1  GPIO_setDriveStrengthLow                   
00002d11  GPIO_setOutputHighOnPin                    
00002d33  GPIO_setOutputLowOnPin                     
00002d55  GPIO_toggleOutputOnPin                     
00002fe3  GPIO_unregisterInterrupt                   
20000395  GpStatus                                   
00002a41  I2C_clearInterruptFlag                     
00002a2b  I2C_disableInterrupt                       
00002493  I2C_disableModule                          
000029f5  I2C_disableMultiMasterMode                 
00002a15  I2C_enableInterrupt                        
0000247d  I2C_enableModule                           
000029d5  I2C_enableMultiMasterMode                  
00002a6f  I2C_getEnabledInterruptStatus              
00002a57  I2C_getInterruptStatus                     
00002a7f  I2C_getMode                                
0000297b  I2C_getReceiveBufferAddressForDMA          
00002989  I2C_getTransmitBufferAddressForDMA         
00003d49  I2C_init                                   
00003d31  I2C_initGPIO                               
000023e1  I2C_initMaster                             
00002443  I2C_initSlave                              
00002537  I2C_isBusBusy                              
000029a9  I2C_masterIsStartSent                      
00002997  I2C_masterIsStopSent                       
000028a1  I2C_masterReceiveMultiByteFinish           
000028df  I2C_masterReceiveMultiByteFinishWithTimeout
00002889  I2C_masterReceiveMultiByteNext             
0000293d  I2C_masterReceiveMultiByteStop             
00002951  I2C_masterReceiveSingle                    
000024d9  I2C_masterReceiveSingleByte                
0000286f  I2C_masterReceiveStart                     
0000274f  I2C_masterSendMultiByteFinish              
0000279d  I2C_masterSendMultiByteFinishWithTimeout   
000026e5  I2C_masterSendMultiByteNext                
00002711  I2C_masterSendMultiByteNextWithTimeout     
0000263b  I2C_masterSendMultiByteStart               
00002689  I2C_masterSendMultiByteStartWithTimeout    
00002809  I2C_masterSendMultiByteStop                
00002833  I2C_masterSendMultiByteStopWithTimeout     
00002549  I2C_masterSendSingleByte                   
000025af  I2C_masterSendSingleByteWithTimeout        
000029c1  I2C_masterSendStart                        
00003e4b  I2C_read16                                 
00003e03  I2C_read8                                  
00002a95  I2C_registerInterrupt                      
000024bd  I2C_setMode                                
000024a9  I2C_setSlaveAddress                        
00003ee1  I2C_setslave                               
00002523  I2C_slaveGetData                           
0000250d  I2C_slavePutData                           
00002b57  I2C_slaveSendNAK                           
00002afb  I2C_unregisterInterrupt                    
00003da5  I2C_write16                                
00003d61  I2C_write8                                 
000035e7  Interrupt_disableInterrupt                 
00003437  Interrupt_disableMaster                    
000037e5  Interrupt_disableSleepOnIsrExit            
00003575  Interrupt_enableInterrupt                  
00003427  Interrupt_enableMaster                     
000037d3  Interrupt_enableSleepOnIsrExit             
0000354f  Interrupt_getPriority                      
000034c7  Interrupt_getPriorityGrouping              
000037b3  Interrupt_getPriorityMask                  
000037cd  Interrupt_getVectorTableAddress            
00003659  Interrupt_isEnabled                        
000036e5  Interrupt_pendInterrupt                    
00003447  Interrupt_registerInterrupt                
000034ff  Interrupt_setPriority                      
000034ad  Interrupt_setPriorityGrouping              
000037a3  Interrupt_setPriorityMask                  
000037bd  Interrupt_setVectorTableAddress            
00003755  Interrupt_unpendInterrupt                  
00003499  Interrupt_unregisterInterrupt              
00001969  LogToServer                                
0000194f  PowerCheck                                 
00001921  PowerOnGprs                                
20000439  QIACT                                      
200003a8  QICSGP                                     
200003f1  QIDEACT                                    
200003d4  QIFGCNT                                    
200003e3  QIREGAPP                                   
20000394  Range                                      
UNDEFED   SHT$$INIT_ARRAY$$Base                      
UNDEFED   SHT$$INIT_ARRAY$$Limit                     
20000474  SystemCoreClock                            
00003815  SystemCoreClockUpdate                      
00003a89  SystemInit                                 
0000331d  UART_clearInterruptFlag                    
00003275  UART_disableInterrupt                      
00003157  UART_disableModule                         
00003245  UART_enableInterrupt                       
00003141  UART_enableModule                          
000032c1  UART_getEnabledInterruptStatus             
000032a5  UART_getInterruptStatus                    
0000320d  UART_getReceiveBufferAddressForDMA         
0000321b  UART_getTransmitBufferAddressForDMA        
0000440d  UART_init                                  
000043e9  UART_initGPIO                              
00003009  UART_initModule                            
0000316d  UART_queryStatusFlags                      
0000311b  UART_receiveData                           
0000333d  UART_registerInterrupt                     
00003195  UART_resetDormant                          
00003229  UART_selectDeglitchTime                    
00003181  UART_setDormant                            
000031a9  UART_transmitAddress                       
000031c7  UART_transmitBreak                         
000030f1  UART_transmitData                          
00004445  UART_transmitString                        
000033b9  UART_unregisterInterrupt                   
4000480c  WDTCTL_SYM                                 
20010000  __STACK_END                                
00000200  __STACK_SIZE                               
00004e80  __TI_CINIT_Base                            
00004e98  __TI_CINIT_Limit                           
00004e64  __TI_Handler_Table_Base                    
00004e70  __TI_Handler_Table_Limit                   
000046dd  __TI_auto_init                             
20000400  __TI_cleanup_ptr                           
0000474d  __TI_decompress_lzss                       
00004b73  __TI_decompress_none                       
20000404  __TI_dtors_ptr                             
20000408  __TI_enable_exit_profile_output            
ffffffff  __TI_pprof_out_hndl                        
00000981  __TI_printfi                               
ffffffff  __TI_prof_data_size                        
ffffffff  __TI_prof_data_start                       
00000000  __TI_static_base__                         
00004b81  __TI_zero_init                             
00004555  __aeabi_cdcmpeq                            
00004555  __aeabi_cdcmple                            
000045db  __aeabi_cdrcmple                           
00004a11  __aeabi_d2iz                               
00003f0f  __aeabi_dadd                               
000040bb  __aeabi_ddiv                               
000041f1  __aeabi_dmul                               
00003f05  __aeabi_dsub                               
00004a97  __aeabi_i2d                                
00004661  __aeabi_memclr                             
00004661  __aeabi_memclr4                            
00004661  __aeabi_memclr8                            
000044b9  __aeabi_memcpy                             
000044b9  __aeabi_memcpy4                            
000044b9  __aeabi_memcpy8                            
00004663  __aeabi_memset                             
00004663  __aeabi_memset4                            
00004663  __aeabi_memset8                            
00003b3d  __aeabi_uldivmod                           
ffffffff  __binit__                                  
ffffffff  __c_args__                                 
0000127b  __mpu_init                                 
2000fe00  __stack                                    
00004ae1  _args_main                                 
000048d1  _c_int00                                   
00004b90  _ctypes_                                   
20000450  _lock                                      
00004b1f  _nop                                       
00004b17  _register_lock                             
00004b11  _register_unlock                           
000023df  _system_post_cinit                         
00004b8d  _system_pre_init                           
20000454  _unlock                                    
2000038c  aCount                                     
00004929  abort                                      
20000466  at                                         
00004979  atoi                                       
20000399  bat                                        
2000033c  battCap                                    
20000348  battState                                  
ffffffff  binit                                      
000049c5  copy_in                                    
00004b25  copysign                                   
00004b25  copysignl                                  
2000046c  errno                                      
00004931  exit                                       
000047b5  frexp                                      
000047b5  frexpl                                     
20000000  g_pfnRAMVectors                            
200000e4  getUrl                                     
00001879  gprsInit                                   
000018ed  gsmInit                                    
200003a4  i                                          
00004d68  i2cConfig                                  
20000390  idx                                        
00000000  interruptVectors                           
2000039c  j                                          
20000397  lat                                        
20000354  latc                                       
000042ed  ldexp                                      
000042ed  ldexpl                                     
20000398  lng                                        
20000358  lngc                                       
00004879  ltoa                                       
0000127d  main                                       
20000470  main_func_sp                               
00004ac5  memccpy                                    
000044b9  memcpy                                     
00004669  memset                                     
200003a0  q                                          
200003c0  rootUrl                                    
000042ed  scalbn                                     
000042ed  scalbnl                                    
0000445f  serialTx0                                  
0000447f  serialTx1                                  
00004819  sprintf                                    
2000039a  status                                     
00004af9  strchr                                     
00004b39  strcpy                                     
00004b4d  strlen                                     
20000396  t                                          
200002d8  temp                                       
00004ce4  uartConfig                                 
00004d08  uartConfigGps                              


GLOBAL SYMBOLS: SORTED BY Symbol Address 

address   name                                       
-------   ----                                       
00000000  __TI_static_base__                         
00000000  interruptVectors                           
00000200  __STACK_SIZE                               
00000981  __TI_printfi                               
0000127b  __mpu_init                                 
0000127d  main                                       
000015e1  CS_init                                    
000016bd  GPIO_init                                  
000017b1  BatInitFn                                  
00001841  BleReq                                     
00001879  gprsInit                                   
000018ed  gsmInit                                    
00001921  PowerOnGprs                                
0000194f  PowerCheck                                 
00001969  LogToServer                                
00001c25  BQ27441_initConfig                         
00002041  BQ27441_initOpConfig                       
0000221d  BQ27441_control                            
00002245  BQ27441_controlRead                        
00002283  BQ27441_command                            
000022ad  BQ27441_write16                            
000022dd  BQ27441_read16                             
00002355  BQ27441_readChecksum                       
000023df  _system_post_cinit                         
000023e1  I2C_initMaster                             
00002443  I2C_initSlave                              
0000247d  I2C_enableModule                           
00002493  I2C_disableModule                          
000024a9  I2C_setSlaveAddress                        
000024bd  I2C_setMode                                
000024d9  I2C_masterReceiveSingleByte                
0000250d  I2C_slavePutData                           
00002523  I2C_slaveGetData                           
00002537  I2C_isBusBusy                              
00002549  I2C_masterSendSingleByte                   
000025af  I2C_masterSendSingleByteWithTimeout        
0000263b  I2C_masterSendMultiByteStart               
00002689  I2C_masterSendMultiByteStartWithTimeout    
000026e5  I2C_masterSendMultiByteNext                
00002711  I2C_masterSendMultiByteNextWithTimeout     
0000274f  I2C_masterSendMultiByteFinish              
0000279d  I2C_masterSendMultiByteFinishWithTimeout   
00002809  I2C_masterSendMultiByteStop                
00002833  I2C_masterSendMultiByteStopWithTimeout     
0000286f  I2C_masterReceiveStart                     
00002889  I2C_masterReceiveMultiByteNext             
000028a1  I2C_masterReceiveMultiByteFinish           
000028df  I2C_masterReceiveMultiByteFinishWithTimeout
0000293d  I2C_masterReceiveMultiByteStop             
00002951  I2C_masterReceiveSingle                    
0000297b  I2C_getReceiveBufferAddressForDMA          
00002989  I2C_getTransmitBufferAddressForDMA         
00002997  I2C_masterIsStopSent                       
000029a9  I2C_masterIsStartSent                      
000029c1  I2C_masterSendStart                        
000029d5  I2C_enableMultiMasterMode                  
000029f5  I2C_disableMultiMasterMode                 
00002a15  I2C_enableInterrupt                        
00002a2b  I2C_disableInterrupt                       
00002a41  I2C_clearInterruptFlag                     
00002a57  I2C_getInterruptStatus                     
00002a6f  I2C_getEnabledInterruptStatus              
00002a7f  I2C_getMode                                
00002a95  I2C_registerInterrupt                      
00002afb  I2C_unregisterInterrupt                    
00002b57  I2C_slaveSendNAK                           
00002b89  GPIO_setAsOutputPin                        
00002bc3  GPIO_setAsInputPin                         
00002c09  GPIO_setAsPeripheralModuleFunctionOutputPin
00002c8d  GPIO_setAsPeripheralModuleFunctionInputPin 
00002d11  GPIO_setOutputHighOnPin                    
00002d33  GPIO_setOutputLowOnPin                     
00002d55  GPIO_toggleOutputOnPin                     
00002d77  GPIO_setAsInputPinWithPullDownResistor     
00002dc9  GPIO_setAsInputPinWithPullUpResistor       
00002e1b  GPIO_getInputPinValue                      
00002e49  GPIO_enableInterrupt                       
00002e6b  GPIO_disableInterrupt                      
00002e8d  GPIO_getInterruptStatus                    
00002eab  GPIO_clearInterruptFlag                    
00002ecd  GPIO_interruptEdgeSelect                   
00002f03  GPIO_getEnabledInterruptStatus             
00002f7f  GPIO_setDriveStrengthHigh                  
00002fa1  GPIO_setDriveStrengthLow                   
00002fc3  GPIO_registerInterrupt                     
00002fe3  GPIO_unregisterInterrupt                   
00003009  UART_initModule                            
000030f1  UART_transmitData                          
0000311b  UART_receiveData                           
00003141  UART_enableModule                          
00003157  UART_disableModule                         
0000316d  UART_queryStatusFlags                      
00003181  UART_setDormant                            
00003195  UART_resetDormant                          
000031a9  UART_transmitAddress                       
000031c7  UART_transmitBreak                         
0000320d  UART_getReceiveBufferAddressForDMA         
0000321b  UART_getTransmitBufferAddressForDMA        
00003229  UART_selectDeglitchTime                    
00003245  UART_enableInterrupt                       
00003275  UART_disableInterrupt                      
000032a5  UART_getInterruptStatus                    
000032c1  UART_getEnabledInterruptStatus             
0000331d  UART_clearInterruptFlag                    
0000333d  UART_registerInterrupt                     
000033b9  UART_unregisterInterrupt                   
00003427  Interrupt_enableMaster                     
00003437  Interrupt_disableMaster                    
00003447  Interrupt_registerInterrupt                
00003499  Interrupt_unregisterInterrupt              
000034ad  Interrupt_setPriorityGrouping              
000034c7  Interrupt_getPriorityGrouping              
000034ff  Interrupt_setPriority                      
0000354f  Interrupt_getPriority                      
00003575  Interrupt_enableInterrupt                  
000035e7  Interrupt_disableInterrupt                 
00003659  Interrupt_isEnabled                        
000036e5  Interrupt_pendInterrupt                    
00003755  Interrupt_unpendInterrupt                  
000037a3  Interrupt_setPriorityMask                  
000037b3  Interrupt_getPriorityMask                  
000037bd  Interrupt_setVectorTableAddress            
000037cd  Interrupt_getVectorTableAddress            
000037d3  Interrupt_enableSleepOnIsrExit             
000037e5  Interrupt_disableSleepOnIsrExit            
00003815  SystemCoreClockUpdate                      
00003a89  SystemInit                                 
00003b3d  __aeabi_uldivmod                           
00003d31  I2C_initGPIO                               
00003d49  I2C_init                                   
00003d61  I2C_write8                                 
00003da5  I2C_write16                                
00003e03  I2C_read8                                  
00003e4b  I2C_read16                                 
00003ee1  I2C_setslave                               
00003f05  __aeabi_dsub                               
00003f0f  __aeabi_dadd                               
000040bb  __aeabi_ddiv                               
000041f1  __aeabi_dmul                               
000042ed  ldexp                                      
000042ed  ldexpl                                     
000042ed  scalbn                                     
000042ed  scalbnl                                    
000043e9  UART_initGPIO                              
0000440d  UART_init                                  
00004445  UART_transmitString                        
0000445f  serialTx0                                  
0000447f  serialTx1                                  
000044b9  __aeabi_memcpy                             
000044b9  __aeabi_memcpy4                            
000044b9  __aeabi_memcpy8                            
000044b9  memcpy                                     
00004555  __aeabi_cdcmpeq                            
00004555  __aeabi_cdcmple                            
000045db  __aeabi_cdrcmple                           
00004661  __aeabi_memclr                             
00004661  __aeabi_memclr4                            
00004661  __aeabi_memclr8                            
00004663  __aeabi_memset                             
00004663  __aeabi_memset4                            
00004663  __aeabi_memset8                            
00004669  memset                                     
000046dd  __TI_auto_init                             
0000474d  __TI_decompress_lzss                       
000047b5  frexp                                      
000047b5  frexpl                                     
00004819  sprintf                                    
00004879  ltoa                                       
000048d1  _c_int00                                   
00004925  C$$EXIT                                    
00004929  abort                                      
00004931  exit                                       
00004979  atoi                                       
000049c5  copy_in                                    
00004a11  __aeabi_d2iz                               
00004a59  CPU_cpsid                                  
00004a65  CPU_primask                                
00004a6f  CPU_cpsie                                  
00004a7b  CPU_wfi                                    
00004a7f  CPU_basepriSet                             
00004a8d  CPU_basepriGet                             
00004a97  __aeabi_i2d                                
00004ac5  memccpy                                    
00004ae1  _args_main                                 
00004af9  strchr                                     
00004b11  _register_unlock                           
00004b17  _register_lock                             
00004b1f  _nop                                       
00004b25  copysign                                   
00004b25  copysignl                                  
00004b39  strcpy                                     
00004b4d  strlen                                     
00004b73  __TI_decompress_none                       
00004b81  __TI_zero_init                             
00004b8d  _system_pre_init                           
00004b90  _ctypes_                                   
00004ce4  uartConfig                                 
00004d08  uartConfigGps                              
00004d68  i2cConfig                                  
00004e64  __TI_Handler_Table_Base                    
00004e70  __TI_Handler_Table_Limit                   
00004e80  __TI_CINIT_Base                            
00004e98  __TI_CINIT_Limit                           
20000000  g_pfnRAMVectors                            
200000e4  getUrl                                     
200002d8  temp                                       
2000033c  battCap                                    
20000348  battState                                  
20000354  latc                                       
20000358  lngc                                       
2000038c  aCount                                     
20000390  idx                                        
20000394  Range                                      
20000395  GpStatus                                   
20000396  t                                          
20000397  lat                                        
20000398  lng                                        
20000399  bat                                        
2000039a  status                                     
2000039c  j                                          
200003a0  q                                          
200003a4  i                                          
200003a8  QICSGP                                     
200003c0  rootUrl                                    
200003d4  QIFGCNT                                    
200003e3  QIREGAPP                                   
200003f1  QIDEACT                                    
20000400  __TI_cleanup_ptr                           
20000404  __TI_dtors_ptr                             
20000408  __TI_enable_exit_profile_output            
2000040c  CGREG                                      
20000418  COPS                                       
20000423  CPIN                                       
2000042e  CREG                                       
20000439  QIACT                                      
20000444  CSQ                                        
20000450  _lock                                      
20000454  _unlock                                    
20000458  ATE1                                       
2000045f  ATV1                                       
20000466  at                                         
2000046c  errno                                      
20000470  main_func_sp                               
20000474  SystemCoreClock                            
2000fe00  __stack                                    
20010000  __STACK_END                                
4000480c  WDTCTL_SYM                                 
ffffffff  __TI_pprof_out_hndl                        
ffffffff  __TI_prof_data_size                        
ffffffff  __TI_prof_data_start                       
ffffffff  __binit__                                  
ffffffff  __c_args__                                 
ffffffff  binit                                      
UNDEFED   SHT$$INIT_ARRAY$$Base                      
UNDEFED   SHT$$INIT_ARRAY$$Limit                     

[255 symbols]
