******************************************************************************
                  TI ARM Linker PC v16.9.0                     
******************************************************************************
>> Linked Sun Feb 12 18:44:25 2017

OUTPUT FILE NAME:   <MSP432_GPS_GPRS_Fuel_Gauge.out>
ENTRY POINT SYMBOL: "_c_int00"  address: 0000481d


MEMORY CONFIGURATION

         name            origin    length      used     unused   attr    fill
----------------------  --------  ---------  --------  --------  ----  --------
  MAIN                  00000000   00040000  00004de0  0003b220  R  X
  INFO                  00200000   00004000  00000000  00004000  R  X
  SRAM_CODE             01000000   00010000  00000694  0000f96c  RW X
  SRAM_DATA             20000000   00010000  00000694  0000f96c  RW  


SEGMENT ALLOCATION MAP

run origin  load origin   length   init length attrs members
----------  ----------- ---------- ----------- ----- -------
00000000    00000000    00004de0   00004de0    r-x
  00000000    00000000    00000140   00000140    r-- .intvecs
  00000140    00000140    0000499c   0000499c    r-x .text
  00004adc    00004adc    0000020c   0000020c    r-- .const
  00004ce8    00004ce8    000000f8   000000f8    r-- .cinit
20000000    20000000    00000494   00000000    rw-
  20000000    20000000    000000e4   00000000    rw- .vtable
  200000e4    200000e4    00000298   00000000    rw- .bss
  2000037c    2000037c    00000118   00000000    rw- .data
2000fe00    2000fe00    00000200   00000000    rw-
  2000fe00    2000fe00    00000200   00000000    rw- .stack


SECTION ALLOCATION MAP

 output                                  attributes/
section   page    origin      length       input sections
--------  ----  ----------  ----------   ----------------
.intvecs   0    00000000    00000140     
                  00000000    00000140     startup_msp432p401r_ccs.obj (.intvecs:retain)

.binit     0    00000000    00000000     

.text      0    00000140    0000499c     
                  00000140    0000113a     rtsv7M4_T_le_v4SPD16_eabi.lib : _printfi.obj (.text)
                  0000127a    00000002                                   : mpu_init.obj (.text)
                  0000127c    000008f4     main.obj (.text)
                  00001b70    000007ba     HAL_BQ27441.obj (.text)
                  0000232a    00000002     rtsv7M4_T_le_v4SPD16_eabi.lib : startup.obj (.text)
                  0000232c    000007a8     i2c.obj (.text)
                  00002ad4    00000480     gpio.obj (.text)
                  00002f54    0000041c     uart.obj (.text)
                  00003370    000003f0     interrupt.obj (.text)
                  00003760    00000328     system_msp432p401r.obj (.text)
                  00003a88    000001f4     rtsv7M4_T_le_v4SPD16_eabi.lib : ull_div_t2.obj (.text)
                  00003c7c    000001d4     HAL_I2C.obj (.text)
                  00003e50    000001b6     rtsv7M4_T_le_v4SPD16_eabi.lib : fd_add_t2.obj (.text)
                  00004006    00000136                                   : fd_div_t2.obj (.text)
                  0000413c    000000fc                                   : fd_mul_t2.obj (.text)
                  00004238    000000fc                                   : s_scalbn.obj (.text)
                  00004334    000000d0     HAL_UART.obj (.text)
                  00004404    0000009c     rtsv7M4_T_le_v4SPD16_eabi.lib : memcpy_t2.obj (.text)
                  000044a0    00000086                                   : fd_cmp_t2.obj (.text:__aeabi_cdcmple)
                  00004526    00000086                                   : fd_cmp_t2.obj (.text:__aeabi_cdrcmple)
                  000045ac    0000007a                                   : memset_t2.obj (.text)
                  00004626    00000002     --HOLE-- [fill = 0]
                  00004628    00000070                                   : autoinit.obj (.text)
                  00004698    00000068                                   : copy_decompress_lzss.obj (.text:decompress:lzss)
                  00004700    00000064                                   : s_frexp.obj (.text)
                  00004764    00000060                                   : sprintf.obj (.text)
                  000047c4    00000056                                   : ltoa.obj (.text)
                  0000481a    00000002     --HOLE-- [fill = 0]
                  0000481c    00000054                                   : boot.obj (.text)
                  00004870    00000054                                   : exit.obj (.text)
                  000048c4    0000004c                                   : atoi.obj (.text)
                  00004910    0000004c                                   : cpy_tbl.obj (.text)
                  0000495c    00000048                                   : fd_toi_t2.obj (.text)
                  000049a4    0000003e     cpu.obj (.text)
                  000049e2    0000002e     rtsv7M4_T_le_v4SPD16_eabi.lib : i_tofd_t2.obj (.text)
                  00004a10    0000001c                                   : memccpy.obj (.text)
                  00004a2c    00000018                                   : args_main.obj (.text)
                  00004a44    00000016                                   : strchr.obj (.text)
                  00004a5a    00000002     --HOLE-- [fill = 0]
                  00004a5c    00000014                                   : _lock.obj (.text)
                  00004a70    00000014                                   : s_copysign.obj (.text)
                  00004a84    00000014                                   : strcpy.obj (.text)
                  00004a98    00000014                                   : strlen.obj (.text)
                  00004aac    00000012     startup_msp432p401r_ccs.obj (.text)
                  00004abe    0000000e     rtsv7M4_T_le_v4SPD16_eabi.lib : copy_decompress_none.obj (.text:decompress:none)
                  00004acc    0000000c                                   : copy_zero_init.obj (.text:decompress:ZI)
                  00004ad8    00000004                                   : pre_init.obj (.text)

.const     0    00004adc    0000020c     
                  00004adc    00000101     rtsv7M4_T_le_v4SPD16_eabi.lib : ctype.obj (.const:.string:_ctypes_)
                  00004bdd    00000003     --HOLE-- [fill = 0]
                  00004be0    00000050     interrupt.obj (.const:g_pulRegs)
                  00004c30    00000024     HAL_UART.obj (.const:uartConfig)
                  00004c54    00000024     HAL_UART.obj (.const:uartConfigGps)
                  00004c78    00000020     interrupt.obj (.const:g_pulPriority)
                  00004c98    0000001c     gpio.obj (.const:GPIO_PORT_TO_INT)
                  00004cb4    00000014     HAL_I2C.obj (.const:i2cConfig)
                  00004cc8    00000008     interrupt.obj (.const:g_pulDisRegs)
                  00004cd0    00000008     interrupt.obj (.const:g_pulEnRegs)
                  00004cd8    00000008     interrupt.obj (.const:g_pulPendRegs)
                  00004ce0    00000008     interrupt.obj (.const:g_pulUnpendRegs)

.cinit     0    00004ce8    000000f8     
                  00004ce8    000000bf     (.cinit..data.load) [load image, compression = lzss]
                  00004da7    00000001     --HOLE-- [fill = 0]
                  00004da8    0000000c     (__TI_handler_table)
                  00004db4    00000004     --HOLE-- [fill = 0]
                  00004db8    00000008     (.cinit..bss.load) [load image, compression = zero_init]
                  00004dc0    00000008     (.cinit..vtable.load) [load image, compression = zero_init]
                  00004dc8    00000018     (__TI_cinit_table)

.init_array 
*          0    00000000    00000000     UNINITIALIZED

.vtable    0    20000000    000000e4     UNINITIALIZED
                  20000000    000000e4     interrupt.obj (.vtable)

.bss       0    200000e4    00000298     UNINITIALIZED
                  200000e4    000001f4     (.common:getUrl)
                  200002d8    00000064     (.common:temp)
                  2000033c    00000014     (.common:latc)
                  20000350    00000014     (.common:lngc)
                  20000364    0000000c     (.common:battCap)
                  20000370    0000000c     (.common:battState)

.data      0    2000037c    00000118     UNINITIALIZED
                  2000037c    00000030     gpio.obj (.data:GPIO_PORT_TO_BASE)
                  200003ac    0000001c     main.obj (.data)
                  200003c8    00000014     main.obj (.data:rootUrl)
                  200003dc    0000000f     main.obj (.data:QIFGCNT)
                  200003eb    0000000e     main.obj (.data:QICSGP)
                  200003f9    0000000e     main.obj (.data:QIREGAPP)
                  20000407    0000000d     main.obj (.data:QIDEACT)
                  20000414    0000000c     rtsv7M4_T_le_v4SPD16_eabi.lib : exit.obj (.data:$O1$$)
                  20000420    0000000c     main.obj (.data:CGREG)
                  2000042c    0000000b     main.obj (.data:COPS)
                  20000437    0000000b     main.obj (.data:CPIN)
                  20000442    0000000b     main.obj (.data:CREG)
                  2000044d    0000000b     main.obj (.data:QIACT)
                  20000458    00000009     main.obj (.data:CSQ)
                  20000461    00000003     --HOLE--
                  20000464    00000008     rtsv7M4_T_le_v4SPD16_eabi.lib : _lock.obj (.data:$O1$$)
                  2000046c    00000008     main.obj (.data:CMNET)
                  20000474    00000007     main.obj (.data:ATE1)
                  2000047b    00000007     main.obj (.data:ATV1)
                  20000482    00000005     main.obj (.data:at)
                  20000487    00000001     --HOLE--
                  20000488    00000004     rtsv7M4_T_le_v4SPD16_eabi.lib : errno.obj (.data)
                  2000048c    00000004                                   : stkdepth_vars.obj (.data)
                  20000490    00000004     system_msp432p401r.obj (.data)

.stack     0    2000fe00    00000200     UNINITIALIZED
                  2000fe00    00000200     --HOLE--

MODULE SUMMARY

       Module                        code    ro data   rw data
       ------                        ----    -------   -------
    .\
       main.obj                      2292    0         1720   
       HAL_BQ27441.obj               1978    0         0      
       system_msp432p401r.obj        808     0         8      
       HAL_I2C.obj                   468     20        0      
       startup_msp432p401r_ccs.obj   18      320       0      
       HAL_UART.obj                  208     72        0      
    +--+-----------------------------+-------+---------+---------+
       Total:                        5772    412       1728   
                                                              
    .\driverlib\MSP432P4xx\
       i2c.obj                       1960    0         0      
       interrupt.obj                 1008    144       456    
       gpio.obj                      1152    28        96     
       uart.obj                      1052    0         0      
       cpu.obj                       62      0         0      
    +--+-----------------------------+-------+---------+---------+
       Total:                        5234    172       552    
                                                              
    C:\ti\ccsv7\tools\compiler\ti-cgt-arm_16.9.0.LTS\lib\rtsv7M4_T_le_v4SPD16_eabi.lib
       _printfi.obj                  4410    0         0      
       ull_div_t2.obj                500     0         0      
       fd_add_t2.obj                 438     0         0      
       fd_div_t2.obj                 310     0         0      
       fd_cmp_t2.obj                 268     0         0      
       ctype.obj                     0       257       0      
       fd_mul_t2.obj                 252     0         0      
       s_scalbn.obj                  252     0         0      
       memcpy_t2.obj                 156     0         0      
       memset_t2.obj                 122     0         0      
       autoinit.obj                  112     0         0      
       exit.obj                      84      0         24     
       copy_decompress_lzss.obj      104     0         0      
       s_frexp.obj                   100     0         0      
       sprintf.obj                   96      0         0      
       ltoa.obj                      86      0         0      
       boot.obj                      84      0         0      
       atoi.obj                      76      0         0      
       cpy_tbl.obj                   76      0         0      
       fd_toi_t2.obj                 72      0         0      
       i_tofd_t2.obj                 46      0         0      
       _lock.obj                     20      0         16     
       memccpy.obj                   28      0         0      
       args_main.obj                 24      0         0      
       strchr.obj                    22      0         0      
       s_copysign.obj                20      0         0      
       strcpy.obj                    20      0         0      
       strlen.obj                    20      0         0      
       copy_decompress_none.obj      14      0         0      
       copy_zero_init.obj            12      0         0      
       errno.obj                     0       0         8      
       stkdepth_vars.obj             0       0         8      
       pre_init.obj                  4       0         0      
       mpu_init.obj                  2       0         0      
       startup.obj                   2       0         0      
    +--+-----------------------------+-------+---------+---------+
       Total:                        7832    257       56     
                                                              
       Stack:                        0       0         1024   
       Linker Generated:             0       243       0      
    +--+-----------------------------+-------+---------+---------+
       Grand Total:                  18838   1084      3360   


LINKER GENERATED COPY TABLES

__TI_cinit_table @ 00004dc8 records: 3, size/record: 8, table size: 24
	.data: load addr=00004ce8, load size=000000bf bytes, run addr=2000037c, run size=00000118 bytes, compression=lzss
	.bss: load addr=00004db8, load size=00000008 bytes, run addr=200000e4, run size=00000298 bytes, compression=zero_init
	.vtable: load addr=00004dc0, load size=00000008 bytes, run addr=20000000, run size=000000e4 bytes, compression=zero_init


LINKER GENERATED HANDLER TABLE

__TI_handler_table @ 00004da8 records: 3, size/record: 4, table size: 12
	index: 0, handler: __TI_zero_init
	index: 1, handler: __TI_decompress_lzss
	index: 2, handler: __TI_decompress_none


GLOBAL SYMBOLS: SORTED ALPHABETICALLY BY Name 

address   name                                       
-------   ----                                       
20000474  ATE1                                       
2000047b  ATV1                                       
000021cf  BQ27441_command                            
00002169  BQ27441_control                            
00002191  BQ27441_controlRead                        
00001b71  BQ27441_initConfig                         
00001f8d  BQ27441_initOpConfig                       
00002229  BQ27441_read16                             
000022a1  BQ27441_readChecksum                       
000021f9  BQ27441_write16                            
000016ed  BatInitFn                                  
00001777  BleReq                                     
00004871  C$$EXIT                                    
20000420  CGREG                                      
2000046c  CMNET                                      
2000042c  COPS                                       
20000437  CPIN                                       
000049d9  CPU_basepriGet                             
000049cb  CPU_basepriSet                             
000049a5  CPU_cpsid                                  
000049bb  CPU_cpsie                                  
000049b1  CPU_primask                                
000049c7  CPU_wfi                                    
20000442  CREG                                       
20000458  CSQ                                        
00001525  CS_init                                    
00002df7  GPIO_clearInterruptFlag                    
00002db7  GPIO_disableInterrupt                      
00002d95  GPIO_enableInterrupt                       
00002e4f  GPIO_getEnabledInterruptStatus             
00002d67  GPIO_getInputPinValue                      
00002dd9  GPIO_getInterruptStatus                    
000015ad  GPIO_init                                  
00002e19  GPIO_interruptEdgeSelect                   
00002f0f  GPIO_registerInterrupt                     
00002b0f  GPIO_setAsInputPin                         
00002cc3  GPIO_setAsInputPinWithPullDownResistor     
00002d15  GPIO_setAsInputPinWithPullUpResistor       
00002ad5  GPIO_setAsOutputPin                        
00002bd9  GPIO_setAsPeripheralModuleFunctionInputPin 
00002b55  GPIO_setAsPeripheralModuleFunctionOutputPin
00002ecb  GPIO_setDriveStrengthHigh                  
00002eed  GPIO_setDriveStrengthLow                   
00002c5d  GPIO_setOutputHighOnPin                    
00002c7f  GPIO_setOutputLowOnPin                     
00002ca1  GPIO_toggleOutputOnPin                     
00002f2f  GPIO_unregisterInterrupt                   
0000298d  I2C_clearInterruptFlag                     
00002977  I2C_disableInterrupt                       
000023df  I2C_disableModule                          
00002941  I2C_disableMultiMasterMode                 
00002961  I2C_enableInterrupt                        
000023c9  I2C_enableModule                           
00002921  I2C_enableMultiMasterMode                  
000029bb  I2C_getEnabledInterruptStatus              
000029a3  I2C_getInterruptStatus                     
000029cb  I2C_getMode                                
000028c7  I2C_getReceiveBufferAddressForDMA          
000028d5  I2C_getTransmitBufferAddressForDMA         
00003c95  I2C_init                                   
00003c7d  I2C_initGPIO                               
0000232d  I2C_initMaster                             
0000238f  I2C_initSlave                              
00002483  I2C_isBusBusy                              
000028f5  I2C_masterIsStartSent                      
000028e3  I2C_masterIsStopSent                       
000027ed  I2C_masterReceiveMultiByteFinish           
0000282b  I2C_masterReceiveMultiByteFinishWithTimeout
000027d5  I2C_masterReceiveMultiByteNext             
00002889  I2C_masterReceiveMultiByteStop             
0000289d  I2C_masterReceiveSingle                    
00002425  I2C_masterReceiveSingleByte                
000027bb  I2C_masterReceiveStart                     
0000269b  I2C_masterSendMultiByteFinish              
000026e9  I2C_masterSendMultiByteFinishWithTimeout   
00002631  I2C_masterSendMultiByteNext                
0000265d  I2C_masterSendMultiByteNextWithTimeout     
00002587  I2C_masterSendMultiByteStart               
000025d5  I2C_masterSendMultiByteStartWithTimeout    
00002755  I2C_masterSendMultiByteStop                
0000277f  I2C_masterSendMultiByteStopWithTimeout     
00002495  I2C_masterSendSingleByte                   
000024fb  I2C_masterSendSingleByteWithTimeout        
0000290d  I2C_masterSendStart                        
00003d97  I2C_read16                                 
00003d4f  I2C_read8                                  
000029e1  I2C_registerInterrupt                      
00002409  I2C_setMode                                
000023f5  I2C_setSlaveAddress                        
00003e2d  I2C_setslave                               
0000246f  I2C_slaveGetData                           
00002459  I2C_slavePutData                           
00002aa3  I2C_slaveSendNAK                           
00002a47  I2C_unregisterInterrupt                    
00003cf1  I2C_write16                                
00003cad  I2C_write8                                 
00003533  Interrupt_disableInterrupt                 
00003383  Interrupt_disableMaster                    
00003731  Interrupt_disableSleepOnIsrExit            
000034c1  Interrupt_enableInterrupt                  
00003373  Interrupt_enableMaster                     
0000371f  Interrupt_enableSleepOnIsrExit             
0000349b  Interrupt_getPriority                      
00003413  Interrupt_getPriorityGrouping              
000036ff  Interrupt_getPriorityMask                  
00003719  Interrupt_getVectorTableAddress            
000035a5  Interrupt_isEnabled                        
00003631  Interrupt_pendInterrupt                    
00003393  Interrupt_registerInterrupt                
0000344b  Interrupt_setPriority                      
000033f9  Interrupt_setPriorityGrouping              
000036ef  Interrupt_setPriorityMask                  
00003709  Interrupt_setVectorTableAddress            
000036a1  Interrupt_unpendInterrupt                  
000033e5  Interrupt_unregisterInterrupt              
000018ad  LogToServer                                
00001897  PowerCheck                                 
00001869  PowerOnGprs                                
2000044d  QIACT                                      
200003eb  QICSGP                                     
20000407  QIDEACT                                    
200003dc  QIFGCNT                                    
200003f9  QIREGAPP                                   
200003b4  Range                                      
UNDEFED   SHT$$INIT_ARRAY$$Base                      
UNDEFED   SHT$$INIT_ARRAY$$Limit                     
20000490  SystemCoreClock                            
00003761  SystemCoreClockUpdate                      
000039d5  SystemInit                                 
00003269  UART_clearInterruptFlag                    
000031c1  UART_disableInterrupt                      
000030a3  UART_disableModule                         
00003191  UART_enableInterrupt                       
0000308d  UART_enableModule                          
0000320d  UART_getEnabledInterruptStatus             
000031f1  UART_getInterruptStatus                    
00003159  UART_getReceiveBufferAddressForDMA         
00003167  UART_getTransmitBufferAddressForDMA        
00004359  UART_init                                  
00004335  UART_initGPIO                              
00002f55  UART_initModule                            
000030b9  UART_queryStatusFlags                      
00003067  UART_receiveData                           
00003289  UART_registerInterrupt                     
000030e1  UART_resetDormant                          
00003175  UART_selectDeglitchTime                    
000030cd  UART_setDormant                            
000030f5  UART_transmitAddress                       
00003113  UART_transmitBreak                         
0000303d  UART_transmitData                          
00004391  UART_transmitString                        
00003305  UART_unregisterInterrupt                   
4000480c  WDTCTL_SYM                                 
20010000  __STACK_END                                
00000200  __STACK_SIZE                               
00004dc8  __TI_CINIT_Base                            
00004de0  __TI_CINIT_Limit                           
00004da8  __TI_Handler_Table_Base                    
00004db4  __TI_Handler_Table_Limit                   
00004629  __TI_auto_init                             
20000414  __TI_cleanup_ptr                           
00004699  __TI_decompress_lzss                       
00004abf  __TI_decompress_none                       
20000418  __TI_dtors_ptr                             
2000041c  __TI_enable_exit_profile_output            
ffffffff  __TI_pprof_out_hndl                        
00000981  __TI_printfi                               
ffffffff  __TI_prof_data_size                        
ffffffff  __TI_prof_data_start                       
00000000  __TI_static_base__                         
00004acd  __TI_zero_init                             
000044a1  __aeabi_cdcmpeq                            
000044a1  __aeabi_cdcmple                            
00004527  __aeabi_cdrcmple                           
0000495d  __aeabi_d2iz                               
00003e5b  __aeabi_dadd                               
00004007  __aeabi_ddiv                               
0000413d  __aeabi_dmul                               
00003e51  __aeabi_dsub                               
000049e3  __aeabi_i2d                                
000045ad  __aeabi_memclr                             
000045ad  __aeabi_memclr4                            
000045ad  __aeabi_memclr8                            
00004405  __aeabi_memcpy                             
00004405  __aeabi_memcpy4                            
00004405  __aeabi_memcpy8                            
000045af  __aeabi_memset                             
000045af  __aeabi_memset4                            
000045af  __aeabi_memset8                            
00003a89  __aeabi_uldivmod                           
ffffffff  __binit__                                  
ffffffff  __c_args__                                 
0000127b  __mpu_init                                 
2000fe00  __stack                                    
00004a2d  _args_main                                 
0000481d  _c_int00                                   
00004adc  _ctypes_                                   
20000464  _lock                                      
00004a6b  _nop                                       
00004a63  _register_lock                             
00004a5d  _register_unlock                           
0000232b  _system_post_cinit                         
00004ad9  _system_pre_init                           
20000468  _unlock                                    
200003ac  aCount                                     
00004875  abort                                      
20000482  at                                         
000048c5  atoi                                       
200003b8  bat                                        
20000364  battCap                                    
20000370  battState                                  
ffffffff  binit                                      
00004911  copy_in                                    
00004a71  copysign                                   
00004a71  copysignl                                  
20000488  errno                                      
0000487d  exit                                       
00004701  frexp                                      
00004701  frexpl                                     
20000000  g_pfnRAMVectors                            
200000e4  getUrl                                     
000017b5  gprsInit                                   
0000180d  gsmInit                                    
200003c4  i                                          
00004cb4  i2cConfig                                  
200003b0  idx                                        
00000000  interruptVectors                           
200003bc  j                                          
200003b6  lat                                        
2000033c  latc                                       
00004239  ldexp                                      
00004239  ldexpl                                     
200003b7  lng                                        
20000350  lngc                                       
000047c5  ltoa                                       
0000127d  main                                       
2000048c  main_func_sp                               
00004a11  memccpy                                    
00004405  memcpy                                     
000045b5  memset                                     
200003c0  q                                          
200003c8  rootUrl                                    
00004239  scalbn                                     
00004239  scalbnl                                    
000043ab  serialTx0                                  
000043cb  serialTx1                                  
00004765  sprintf                                    
200003b9  status                                     
00004a45  strchr                                     
00004a85  strcpy                                     
00004a99  strlen                                     
200003b5  t                                          
200002d8  temp                                       
00004c30  uartConfig                                 
00004c54  uartConfigGps                              


GLOBAL SYMBOLS: SORTED BY Symbol Address 

address   name                                       
-------   ----                                       
00000000  __TI_static_base__                         
00000000  interruptVectors                           
00000200  __STACK_SIZE                               
00000981  __TI_printfi                               
0000127b  __mpu_init                                 
0000127d  main                                       
00001525  CS_init                                    
000015ad  GPIO_init                                  
000016ed  BatInitFn                                  
00001777  BleReq                                     
000017b5  gprsInit                                   
0000180d  gsmInit                                    
00001869  PowerOnGprs                                
00001897  PowerCheck                                 
000018ad  LogToServer                                
00001b71  BQ27441_initConfig                         
00001f8d  BQ27441_initOpConfig                       
00002169  BQ27441_control                            
00002191  BQ27441_controlRead                        
000021cf  BQ27441_command                            
000021f9  BQ27441_write16                            
00002229  BQ27441_read16                             
000022a1  BQ27441_readChecksum                       
0000232b  _system_post_cinit                         
0000232d  I2C_initMaster                             
0000238f  I2C_initSlave                              
000023c9  I2C_enableModule                           
000023df  I2C_disableModule                          
000023f5  I2C_setSlaveAddress                        
00002409  I2C_setMode                                
00002425  I2C_masterReceiveSingleByte                
00002459  I2C_slavePutData                           
0000246f  I2C_slaveGetData                           
00002483  I2C_isBusBusy                              
00002495  I2C_masterSendSingleByte                   
000024fb  I2C_masterSendSingleByteWithTimeout        
00002587  I2C_masterSendMultiByteStart               
000025d5  I2C_masterSendMultiByteStartWithTimeout    
00002631  I2C_masterSendMultiByteNext                
0000265d  I2C_masterSendMultiByteNextWithTimeout     
0000269b  I2C_masterSendMultiByteFinish              
000026e9  I2C_masterSendMultiByteFinishWithTimeout   
00002755  I2C_masterSendMultiByteStop                
0000277f  I2C_masterSendMultiByteStopWithTimeout     
000027bb  I2C_masterReceiveStart                     
000027d5  I2C_masterReceiveMultiByteNext             
000027ed  I2C_masterReceiveMultiByteFinish           
0000282b  I2C_masterReceiveMultiByteFinishWithTimeout
00002889  I2C_masterReceiveMultiByteStop             
0000289d  I2C_masterReceiveSingle                    
000028c7  I2C_getReceiveBufferAddressForDMA          
000028d5  I2C_getTransmitBufferAddressForDMA         
000028e3  I2C_masterIsStopSent                       
000028f5  I2C_masterIsStartSent                      
0000290d  I2C_masterSendStart                        
00002921  I2C_enableMultiMasterMode                  
00002941  I2C_disableMultiMasterMode                 
00002961  I2C_enableInterrupt                        
00002977  I2C_disableInterrupt                       
0000298d  I2C_clearInterruptFlag                     
000029a3  I2C_getInterruptStatus                     
000029bb  I2C_getEnabledInterruptStatus              
000029cb  I2C_getMode                                
000029e1  I2C_registerInterrupt                      
00002a47  I2C_unregisterInterrupt                    
00002aa3  I2C_slaveSendNAK                           
00002ad5  GPIO_setAsOutputPin                        
00002b0f  GPIO_setAsInputPin                         
00002b55  GPIO_setAsPeripheralModuleFunctionOutputPin
00002bd9  GPIO_setAsPeripheralModuleFunctionInputPin 
00002c5d  GPIO_setOutputHighOnPin                    
00002c7f  GPIO_setOutputLowOnPin                     
00002ca1  GPIO_toggleOutputOnPin                     
00002cc3  GPIO_setAsInputPinWithPullDownResistor     
00002d15  GPIO_setAsInputPinWithPullUpResistor       
00002d67  GPIO_getInputPinValue                      
00002d95  GPIO_enableInterrupt                       
00002db7  GPIO_disableInterrupt                      
00002dd9  GPIO_getInterruptStatus                    
00002df7  GPIO_clearInterruptFlag                    
00002e19  GPIO_interruptEdgeSelect                   
00002e4f  GPIO_getEnabledInterruptStatus             
00002ecb  GPIO_setDriveStrengthHigh                  
00002eed  GPIO_setDriveStrengthLow                   
00002f0f  GPIO_registerInterrupt                     
00002f2f  GPIO_unregisterInterrupt                   
00002f55  UART_initModule                            
0000303d  UART_transmitData                          
00003067  UART_receiveData                           
0000308d  UART_enableModule                          
000030a3  UART_disableModule                         
000030b9  UART_queryStatusFlags                      
000030cd  UART_setDormant                            
000030e1  UART_resetDormant                          
000030f5  UART_transmitAddress                       
00003113  UART_transmitBreak                         
00003159  UART_getReceiveBufferAddressForDMA         
00003167  UART_getTransmitBufferAddressForDMA        
00003175  UART_selectDeglitchTime                    
00003191  UART_enableInterrupt                       
000031c1  UART_disableInterrupt                      
000031f1  UART_getInterruptStatus                    
0000320d  UART_getEnabledInterruptStatus             
00003269  UART_clearInterruptFlag                    
00003289  UART_registerInterrupt                     
00003305  UART_unregisterInterrupt                   
00003373  Interrupt_enableMaster                     
00003383  Interrupt_disableMaster                    
00003393  Interrupt_registerInterrupt                
000033e5  Interrupt_unregisterInterrupt              
000033f9  Interrupt_setPriorityGrouping              
00003413  Interrupt_getPriorityGrouping              
0000344b  Interrupt_setPriority                      
0000349b  Interrupt_getPriority                      
000034c1  Interrupt_enableInterrupt                  
00003533  Interrupt_disableInterrupt                 
000035a5  Interrupt_isEnabled                        
00003631  Interrupt_pendInterrupt                    
000036a1  Interrupt_unpendInterrupt                  
000036ef  Interrupt_setPriorityMask                  
000036ff  Interrupt_getPriorityMask                  
00003709  Interrupt_setVectorTableAddress            
00003719  Interrupt_getVectorTableAddress            
0000371f  Interrupt_enableSleepOnIsrExit             
00003731  Interrupt_disableSleepOnIsrExit            
00003761  SystemCoreClockUpdate                      
000039d5  SystemInit                                 
00003a89  __aeabi_uldivmod                           
00003c7d  I2C_initGPIO                               
00003c95  I2C_init                                   
00003cad  I2C_write8                                 
00003cf1  I2C_write16                                
00003d4f  I2C_read8                                  
00003d97  I2C_read16                                 
00003e2d  I2C_setslave                               
00003e51  __aeabi_dsub                               
00003e5b  __aeabi_dadd                               
00004007  __aeabi_ddiv                               
0000413d  __aeabi_dmul                               
00004239  ldexp                                      
00004239  ldexpl                                     
00004239  scalbn                                     
00004239  scalbnl                                    
00004335  UART_initGPIO                              
00004359  UART_init                                  
00004391  UART_transmitString                        
000043ab  serialTx0                                  
000043cb  serialTx1                                  
00004405  __aeabi_memcpy                             
00004405  __aeabi_memcpy4                            
00004405  __aeabi_memcpy8                            
00004405  memcpy                                     
000044a1  __aeabi_cdcmpeq                            
000044a1  __aeabi_cdcmple                            
00004527  __aeabi_cdrcmple                           
000045ad  __aeabi_memclr                             
000045ad  __aeabi_memclr4                            
000045ad  __aeabi_memclr8                            
000045af  __aeabi_memset                             
000045af  __aeabi_memset4                            
000045af  __aeabi_memset8                            
000045b5  memset                                     
00004629  __TI_auto_init                             
00004699  __TI_decompress_lzss                       
00004701  frexp                                      
00004701  frexpl                                     
00004765  sprintf                                    
000047c5  ltoa                                       
0000481d  _c_int00                                   
00004871  C$$EXIT                                    
00004875  abort                                      
0000487d  exit                                       
000048c5  atoi                                       
00004911  copy_in                                    
0000495d  __aeabi_d2iz                               
000049a5  CPU_cpsid                                  
000049b1  CPU_primask                                
000049bb  CPU_cpsie                                  
000049c7  CPU_wfi                                    
000049cb  CPU_basepriSet                             
000049d9  CPU_basepriGet                             
000049e3  __aeabi_i2d                                
00004a11  memccpy                                    
00004a2d  _args_main                                 
00004a45  strchr                                     
00004a5d  _register_unlock                           
00004a63  _register_lock                             
00004a6b  _nop                                       
00004a71  copysign                                   
00004a71  copysignl                                  
00004a85  strcpy                                     
00004a99  strlen                                     
00004abf  __TI_decompress_none                       
00004acd  __TI_zero_init                             
00004ad9  _system_pre_init                           
00004adc  _ctypes_                                   
00004c30  uartConfig                                 
00004c54  uartConfigGps                              
00004cb4  i2cConfig                                  
00004da8  __TI_Handler_Table_Base                    
00004db4  __TI_Handler_Table_Limit                   
00004dc8  __TI_CINIT_Base                            
00004de0  __TI_CINIT_Limit                           
20000000  g_pfnRAMVectors                            
200000e4  getUrl                                     
200002d8  temp                                       
2000033c  latc                                       
20000350  lngc                                       
20000364  battCap                                    
20000370  battState                                  
200003ac  aCount                                     
200003b0  idx                                        
200003b4  Range                                      
200003b5  t                                          
200003b6  lat                                        
200003b7  lng                                        
200003b8  bat                                        
200003b9  status                                     
200003bc  j                                          
200003c0  q                                          
200003c4  i                                          
200003c8  rootUrl                                    
200003dc  QIFGCNT                                    
200003eb  QICSGP                                     
200003f9  QIREGAPP                                   
20000407  QIDEACT                                    
20000414  __TI_cleanup_ptr                           
20000418  __TI_dtors_ptr                             
2000041c  __TI_enable_exit_profile_output            
20000420  CGREG                                      
2000042c  COPS                                       
20000437  CPIN                                       
20000442  CREG                                       
2000044d  QIACT                                      
20000458  CSQ                                        
20000464  _lock                                      
20000468  _unlock                                    
2000046c  CMNET                                      
20000474  ATE1                                       
2000047b  ATV1                                       
20000482  at                                         
20000488  errno                                      
2000048c  main_func_sp                               
20000490  SystemCoreClock                            
2000fe00  __stack                                    
20010000  __STACK_END                                
4000480c  WDTCTL_SYM                                 
ffffffff  __TI_pprof_out_hndl                        
ffffffff  __TI_prof_data_size                        
ffffffff  __TI_prof_data_start                       
ffffffff  __binit__                                  
ffffffff  __c_args__                                 
ffffffff  binit                                      
UNDEFED   SHT$$INIT_ARRAY$$Base                      
UNDEFED   SHT$$INIT_ARRAY$$Limit                     

[255 symbols]
