******************************************************************************
                  TI ARM Linker PC v16.9.0                     
******************************************************************************
>> Linked Mon Feb 06 09:22:48 2017

OUTPUT FILE NAME:   <MSP432_GPS_GPRS_Fuel_Gauge.out>
ENTRY POINT SYMBOL: "_c_int00"  address: 000044a5


MEMORY CONFIGURATION

         name            origin    length      used     unused   attr    fill
----------------------  --------  ---------  --------  --------  ----  --------
  MAIN                  00000000   00040000  000049a0  0003b660  R  X
  INFO                  00200000   00004000  00000000  00004000  R  X
  SRAM_CODE             01000000   00010000  00000334  0000fccc  RW X
  SRAM_DATA             20000000   00010000  00000334  0000fccc  RW  


SEGMENT ALLOCATION MAP

run origin  load origin   length   init length attrs members
----------  ----------- ---------- ----------- ----- -------
00000000    00000000    000049a0   000049a0    r-x
  00000000    00000000    00000140   00000140    r-- .intvecs
  00000140    00000140    00004610   00004610    r-x .text
  00004750    00004750    000001e8   000001e8    r-- .const
  00004938    00004938    00000068   00000068    r-- .cinit
20000000    20000000    00000134   00000000    rw-
  20000000    20000000    000000e4   00000000    rw- .vtable
  200000e4    200000e4    00000050   00000000    rw- .data
2000fe00    2000fe00    00000200   00000000    rw-
  2000fe00    2000fe00    00000200   00000000    rw- .stack


SECTION ALLOCATION MAP

 output                                  attributes/
section   page    origin      length       input sections
--------  ----  ----------  ----------   ----------------
.intvecs   0    00000000    00000140     
                  00000000    00000140     startup_msp432p401r_ccs.obj (.intvecs:retain)

.binit     0    00000000    00000000     

.text      0    00000140    00004610     
                  00000140    0000113a     rtsv7M4_T_le_v4SPD16_eabi.lib : _printfi.obj (.text)
                  0000127a    00000002                                   : mpu_init.obj (.text)
                  0000127c    000007ba     HAL_BQ27441.obj (.text)
                  00001a36    00000002     rtsv7M4_T_le_v4SPD16_eabi.lib : startup.obj (.text)
                  00001a38    000007a8     i2c.obj (.text)
                  000021e0    0000059c     main.obj (.text)
                  0000277c    00000480     gpio.obj (.text)
                  00002bfc    0000041c     uart.obj (.text)
                  00003018    000003f0     interrupt.obj (.text)
                  00003408    00000328     system_msp432p401r.obj (.text)
                  00003730    000001f4     rtsv7M4_T_le_v4SPD16_eabi.lib : ull_div_t2.obj (.text)
                  00003924    000001d4     HAL_I2C.obj (.text)
                  00003af8    000001b6     rtsv7M4_T_le_v4SPD16_eabi.lib : fd_add_t2.obj (.text)
                  00003cae    00000136                                   : fd_div_t2.obj (.text)
                  00003de4    000000fc                                   : fd_mul_t2.obj (.text)
                  00003ee0    000000fc                                   : s_scalbn.obj (.text)
                  00003fdc    000000b0     HAL_UART.obj (.text)
                  0000408c    0000009c     rtsv7M4_T_le_v4SPD16_eabi.lib : memcpy_t2.obj (.text)
                  00004128    00000086                                   : fd_cmp_t2.obj (.text:__aeabi_cdcmple)
                  000041ae    00000086                                   : fd_cmp_t2.obj (.text:__aeabi_cdrcmple)
                  00004234    0000007a                                   : memset_t2.obj (.text)
                  000042ae    00000002     --HOLE-- [fill = 0]
                  000042b0    00000070                                   : autoinit.obj (.text)
                  00004320    00000068                                   : copy_decompress_lzss.obj (.text:decompress:lzss)
                  00004388    00000064                                   : s_frexp.obj (.text)
                  000043ec    00000060                                   : sprintf.obj (.text)
                  0000444c    00000056                                   : ltoa.obj (.text)
                  000044a2    00000002     --HOLE-- [fill = 0]
                  000044a4    00000054                                   : boot.obj (.text)
                  000044f8    00000054                                   : exit.obj (.text)
                  0000454c    0000004c                                   : atoi.obj (.text)
                  00004598    0000004c                                   : cpy_tbl.obj (.text)
                  000045e4    00000048                                   : fd_toi_t2.obj (.text)
                  0000462c    0000003e     cpu.obj (.text)
                  0000466a    0000002e     rtsv7M4_T_le_v4SPD16_eabi.lib : i_tofd_t2.obj (.text)
                  00004698    0000001c                                   : memccpy.obj (.text)
                  000046b4    00000018                                   : args_main.obj (.text)
                  000046cc    00000016                                   : strchr.obj (.text)
                  000046e2    00000002     --HOLE-- [fill = 0]
                  000046e4    00000014                                   : _lock.obj (.text)
                  000046f8    00000014                                   : s_copysign.obj (.text)
                  0000470c    00000014                                   : strlen.obj (.text)
                  00004720    00000012     startup_msp432p401r_ccs.obj (.text)
                  00004732    0000000e     rtsv7M4_T_le_v4SPD16_eabi.lib : copy_decompress_none.obj (.text:decompress:none)
                  00004740    0000000c                                   : copy_zero_init.obj (.text:decompress:ZI)
                  0000474c    00000004                                   : pre_init.obj (.text)

.const     0    00004750    000001e8     
                  00004750    00000101     rtsv7M4_T_le_v4SPD16_eabi.lib : ctype.obj (.const:.string:_ctypes_)
                  00004851    00000003     --HOLE-- [fill = 0]
                  00004854    00000050     interrupt.obj (.const:g_pulRegs)
                  000048a4    00000024     HAL_UART.obj (.const:uartConfig)
                  000048c8    00000020     interrupt.obj (.const:g_pulPriority)
                  000048e8    0000001c     gpio.obj (.const:GPIO_PORT_TO_INT)
                  00004904    00000014     HAL_I2C.obj (.const:i2cConfig)
                  00004918    00000008     interrupt.obj (.const:g_pulDisRegs)
                  00004920    00000008     interrupt.obj (.const:g_pulEnRegs)
                  00004928    00000008     interrupt.obj (.const:g_pulPendRegs)
                  00004930    00000008     interrupt.obj (.const:g_pulUnpendRegs)

.cinit     0    00004938    00000068     
                  00004938    0000003d     (.cinit..data.load) [load image, compression = lzss]
                  00004975    00000003     --HOLE-- [fill = 0]
                  00004978    0000000c     (__TI_handler_table)
                  00004984    00000004     --HOLE-- [fill = 0]
                  00004988    00000008     (.cinit..vtable.load) [load image, compression = zero_init]
                  00004990    00000010     (__TI_cinit_table)

.init_array 
*          0    00000000    00000000     UNINITIALIZED

.vtable    0    20000000    000000e4     UNINITIALIZED
                  20000000    000000e4     interrupt.obj (.vtable)

.data      0    200000e4    00000050     UNINITIALIZED
                  200000e4    00000030     gpio.obj (.data:GPIO_PORT_TO_BASE)
                  20000114    0000000c     rtsv7M4_T_le_v4SPD16_eabi.lib : exit.obj (.data:$O1$$)
                  20000120    00000008                                   : _lock.obj (.data:$O1$$)
                  20000128    00000004                                   : errno.obj (.data)
                  2000012c    00000004                                   : stkdepth_vars.obj (.data)
                  20000130    00000004     system_msp432p401r.obj (.data)

.stack     0    2000fe00    00000200     UNINITIALIZED
                  2000fe00    00000200     --HOLE--

MODULE SUMMARY

       Module                        code    ro data   rw data
       ------                        ----    -------   -------
    .\
       HAL_BQ27441.obj               1978    0         0      
       main.obj                      1436    0         0      
       system_msp432p401r.obj        808     0         8      
       HAL_I2C.obj                   468     20        0      
       startup_msp432p401r_ccs.obj   18      320       0      
       HAL_UART.obj                  176     36        0      
    +--+-----------------------------+-------+---------+---------+
       Total:                        4884    376       8      
                                                              
    .\driverlib\MSP432P4xx\
       i2c.obj                       1960    0         0      
       interrupt.obj                 1008    144       456    
       gpio.obj                      1152    28        96     
       uart.obj                      1052    0         0      
       cpu.obj                       62      0         0      
    +--+-----------------------------+-------+---------+---------+
       Total:                        5234    172       552    
                                                              
    C:\ti\ccsv7\tools\compiler\ti-cgt-arm_16.9.0.LTS\lib\rtsv7M4_T_le_v4SPD16_eabi.lib
       _printfi.obj                  4410    0         0      
       ull_div_t2.obj                500     0         0      
       fd_add_t2.obj                 438     0         0      
       fd_div_t2.obj                 310     0         0      
       fd_cmp_t2.obj                 268     0         0      
       ctype.obj                     0       257       0      
       fd_mul_t2.obj                 252     0         0      
       s_scalbn.obj                  252     0         0      
       memcpy_t2.obj                 156     0         0      
       memset_t2.obj                 122     0         0      
       autoinit.obj                  112     0         0      
       exit.obj                      84      0         24     
       copy_decompress_lzss.obj      104     0         0      
       s_frexp.obj                   100     0         0      
       sprintf.obj                   96      0         0      
       ltoa.obj                      86      0         0      
       boot.obj                      84      0         0      
       atoi.obj                      76      0         0      
       cpy_tbl.obj                   76      0         0      
       fd_toi_t2.obj                 72      0         0      
       i_tofd_t2.obj                 46      0         0      
       _lock.obj                     20      0         16     
       memccpy.obj                   28      0         0      
       args_main.obj                 24      0         0      
       strchr.obj                    22      0         0      
       s_copysign.obj                20      0         0      
       strlen.obj                    20      0         0      
       copy_decompress_none.obj      14      0         0      
       copy_zero_init.obj            12      0         0      
       errno.obj                     0       0         8      
       stkdepth_vars.obj             0       0         8      
       pre_init.obj                  4       0         0      
       mpu_init.obj                  2       0         0      
       startup.obj                   2       0         0      
    +--+-----------------------------+-------+---------+---------+
       Total:                        7812    257       56     
                                                              
       Stack:                        0       0         1024   
       Linker Generated:             0       97        0      
    +--+-----------------------------+-------+---------+---------+
       Grand Total:                  17930   902       1640   


LINKER GENERATED COPY TABLES

__TI_cinit_table @ 00004990 records: 2, size/record: 8, table size: 16
	.data: load addr=00004938, load size=0000003d bytes, run addr=200000e4, run size=00000050 bytes, compression=lzss
	.vtable: load addr=00004988, load size=00000008 bytes, run addr=20000000, run size=000000e4 bytes, compression=zero_init


LINKER GENERATED HANDLER TABLE

__TI_handler_table @ 00004978 records: 3, size/record: 4, table size: 12
	index: 0, handler: __TI_zero_init
	index: 1, handler: __TI_decompress_lzss
	index: 2, handler: __TI_decompress_none


GLOBAL SYMBOLS: SORTED ALPHABETICALLY BY Name 

address   name                                       
-------   ----                                       
000018db  BQ27441_command                            
00001875  BQ27441_control                            
0000189d  BQ27441_controlRead                        
0000127d  BQ27441_initConfig                         
00001699  BQ27441_initOpConfig                       
00001935  BQ27441_read16                             
000019ad  BQ27441_readChecksum                       
00001905  BQ27441_write16                            
000044f9  C$$EXIT                                    
00004661  CPU_basepriGet                             
00004653  CPU_basepriSet                             
0000462d  CPU_cpsid                                  
00004643  CPU_cpsie                                  
00004639  CPU_primask                                
0000464f  CPU_wfi                                    
000023dd  CS_init                                    
00002a9f  GPIO_clearInterruptFlag                    
00002a5f  GPIO_disableInterrupt                      
00002a3d  GPIO_enableInterrupt                       
00002af7  GPIO_getEnabledInterruptStatus             
00002a0f  GPIO_getInputPinValue                      
00002a81  GPIO_getInterruptStatus                    
00002457  GPIO_init                                  
00002ac1  GPIO_interruptEdgeSelect                   
00002bb7  GPIO_registerInterrupt                     
000027b7  GPIO_setAsInputPin                         
0000296b  GPIO_setAsInputPinWithPullDownResistor     
000029bd  GPIO_setAsInputPinWithPullUpResistor       
0000277d  GPIO_setAsOutputPin                        
00002881  GPIO_setAsPeripheralModuleFunctionInputPin 
000027fd  GPIO_setAsPeripheralModuleFunctionOutputPin
00002b73  GPIO_setDriveStrengthHigh                  
00002b95  GPIO_setDriveStrengthLow                   
00002905  GPIO_setOutputHighOnPin                    
00002927  GPIO_setOutputLowOnPin                     
00002949  GPIO_toggleOutputOnPin                     
00002bd7  GPIO_unregisterInterrupt                   
00002099  I2C_clearInterruptFlag                     
00002083  I2C_disableInterrupt                       
00001aeb  I2C_disableModule                          
0000204d  I2C_disableMultiMasterMode                 
0000206d  I2C_enableInterrupt                        
00001ad5  I2C_enableModule                           
0000202d  I2C_enableMultiMasterMode                  
000020c7  I2C_getEnabledInterruptStatus              
000020af  I2C_getInterruptStatus                     
000020d7  I2C_getMode                                
00001fd3  I2C_getReceiveBufferAddressForDMA          
00001fe1  I2C_getTransmitBufferAddressForDMA         
0000393d  I2C_init                                   
00003925  I2C_initGPIO                               
00001a39  I2C_initMaster                             
00001a9b  I2C_initSlave                              
00001b8f  I2C_isBusBusy                              
00002001  I2C_masterIsStartSent                      
00001fef  I2C_masterIsStopSent                       
00001ef9  I2C_masterReceiveMultiByteFinish           
00001f37  I2C_masterReceiveMultiByteFinishWithTimeout
00001ee1  I2C_masterReceiveMultiByteNext             
00001f95  I2C_masterReceiveMultiByteStop             
00001fa9  I2C_masterReceiveSingle                    
00001b31  I2C_masterReceiveSingleByte                
00001ec7  I2C_masterReceiveStart                     
00001da7  I2C_masterSendMultiByteFinish              
00001df5  I2C_masterSendMultiByteFinishWithTimeout   
00001d3d  I2C_masterSendMultiByteNext                
00001d69  I2C_masterSendMultiByteNextWithTimeout     
00001c93  I2C_masterSendMultiByteStart               
00001ce1  I2C_masterSendMultiByteStartWithTimeout    
00001e61  I2C_masterSendMultiByteStop                
00001e8b  I2C_masterSendMultiByteStopWithTimeout     
00001ba1  I2C_masterSendSingleByte                   
00001c07  I2C_masterSendSingleByteWithTimeout        
00002019  I2C_masterSendStart                        
00003a3f  I2C_read16                                 
000039f7  I2C_read8                                  
000020ed  I2C_registerInterrupt                      
00001b15  I2C_setMode                                
00001b01  I2C_setSlaveAddress                        
00003ad5  I2C_setslave                               
00001b7b  I2C_slaveGetData                           
00001b65  I2C_slavePutData                           
000021af  I2C_slaveSendNAK                           
00002153  I2C_unregisterInterrupt                    
00003999  I2C_write16                                
00003955  I2C_write8                                 
000031db  Interrupt_disableInterrupt                 
0000302b  Interrupt_disableMaster                    
000033d9  Interrupt_disableSleepOnIsrExit            
00003169  Interrupt_enableInterrupt                  
0000301b  Interrupt_enableMaster                     
000033c7  Interrupt_enableSleepOnIsrExit             
00003143  Interrupt_getPriority                      
000030bb  Interrupt_getPriorityGrouping              
000033a7  Interrupt_getPriorityMask                  
000033c1  Interrupt_getVectorTableAddress            
0000324d  Interrupt_isEnabled                        
000032d9  Interrupt_pendInterrupt                    
0000303b  Interrupt_registerInterrupt                
000030f3  Interrupt_setPriority                      
000030a1  Interrupt_setPriorityGrouping              
00003397  Interrupt_setPriorityMask                  
000033b1  Interrupt_setVectorTableAddress            
00003349  Interrupt_unpendInterrupt                  
0000308d  Interrupt_unregisterInterrupt              
UNDEFED   SHT$$INIT_ARRAY$$Base                      
UNDEFED   SHT$$INIT_ARRAY$$Limit                     
20000130  SystemCoreClock                            
00003409  SystemCoreClockUpdate                      
0000367d  SystemInit                                 
00002f11  UART_clearInterruptFlag                    
00002e69  UART_disableInterrupt                      
00002d4b  UART_disableModule                         
00002e39  UART_enableInterrupt                       
00002d35  UART_enableModule                          
00002eb5  UART_getEnabledInterruptStatus             
00002e99  UART_getInterruptStatus                    
00002e01  UART_getReceiveBufferAddressForDMA         
00002e0f  UART_getTransmitBufferAddressForDMA        
00004001  UART_init                                  
00003fdd  UART_initGPIO                              
00002bfd  UART_initModule                            
00002d61  UART_queryStatusFlags                      
00002d0f  UART_receiveData                           
00002f31  UART_registerInterrupt                     
00002d89  UART_resetDormant                          
00002e1d  UART_selectDeglitchTime                    
00002d75  UART_setDormant                            
00002d9d  UART_transmitAddress                       
00002dbb  UART_transmitBreak                         
00002ce5  UART_transmitData                          
00004039  UART_transmitString                        
00004059  UART_transmitString1                       
00002fad  UART_unregisterInterrupt                   
4000480c  WDTCTL_SYM                                 
20010000  __STACK_END                                
00000200  __STACK_SIZE                               
00004990  __TI_CINIT_Base                            
000049a0  __TI_CINIT_Limit                           
00004978  __TI_Handler_Table_Base                    
00004984  __TI_Handler_Table_Limit                   
000042b1  __TI_auto_init                             
20000114  __TI_cleanup_ptr                           
00004321  __TI_decompress_lzss                       
00004733  __TI_decompress_none                       
20000118  __TI_dtors_ptr                             
2000011c  __TI_enable_exit_profile_output            
ffffffff  __TI_pprof_out_hndl                        
00000981  __TI_printfi                               
ffffffff  __TI_prof_data_size                        
ffffffff  __TI_prof_data_start                       
00000000  __TI_static_base__                         
00004741  __TI_zero_init                             
00004129  __aeabi_cdcmpeq                            
00004129  __aeabi_cdcmple                            
000041af  __aeabi_cdrcmple                           
000045e5  __aeabi_d2iz                               
00003b03  __aeabi_dadd                               
00003caf  __aeabi_ddiv                               
00003de5  __aeabi_dmul                               
00003af9  __aeabi_dsub                               
0000466b  __aeabi_i2d                                
00004235  __aeabi_memclr                             
00004235  __aeabi_memclr4                            
00004235  __aeabi_memclr8                            
0000408d  __aeabi_memcpy                             
0000408d  __aeabi_memcpy4                            
0000408d  __aeabi_memcpy8                            
00004237  __aeabi_memset                             
00004237  __aeabi_memset4                            
00004237  __aeabi_memset8                            
00003731  __aeabi_uldivmod                           
ffffffff  __binit__                                  
ffffffff  __c_args__                                 
0000127b  __mpu_init                                 
2000fe00  __stack                                    
000046b5  _args_main                                 
000044a5  _c_int00                                   
00004750  _ctypes_                                   
20000120  _lock                                      
000046f3  _nop                                       
000046eb  _register_lock                             
000046e5  _register_unlock                           
00001a37  _system_post_cinit                         
0000474d  _system_pre_init                           
20000124  _unlock                                    
000044fd  abort                                      
0000454d  atoi                                       
ffffffff  binit                                      
00004599  copy_in                                    
000046f9  copysign                                   
000046f9  copysignl                                  
20000128  errno                                      
00004505  exit                                       
00004389  frexp                                      
00004389  frexpl                                     
20000000  g_pfnRAMVectors                            
00004904  i2cConfig                                  
00000000  interruptVectors                           
00003ee1  ldexp                                      
00003ee1  ldexpl                                     
0000444d  ltoa                                       
000021e1  main                                       
2000012c  main_func_sp                               
00004699  memccpy                                    
0000408d  memcpy                                     
0000423d  memset                                     
00003ee1  scalbn                                     
00003ee1  scalbnl                                    
000043ed  sprintf                                    
000046cd  strchr                                     
0000470d  strlen                                     
000048a4  uartConfig                                 


GLOBAL SYMBOLS: SORTED BY Symbol Address 

address   name                                       
-------   ----                                       
00000000  __TI_static_base__                         
00000000  interruptVectors                           
00000200  __STACK_SIZE                               
00000981  __TI_printfi                               
0000127b  __mpu_init                                 
0000127d  BQ27441_initConfig                         
00001699  BQ27441_initOpConfig                       
00001875  BQ27441_control                            
0000189d  BQ27441_controlRead                        
000018db  BQ27441_command                            
00001905  BQ27441_write16                            
00001935  BQ27441_read16                             
000019ad  BQ27441_readChecksum                       
00001a37  _system_post_cinit                         
00001a39  I2C_initMaster                             
00001a9b  I2C_initSlave                              
00001ad5  I2C_enableModule                           
00001aeb  I2C_disableModule                          
00001b01  I2C_setSlaveAddress                        
00001b15  I2C_setMode                                
00001b31  I2C_masterReceiveSingleByte                
00001b65  I2C_slavePutData                           
00001b7b  I2C_slaveGetData                           
00001b8f  I2C_isBusBusy                              
00001ba1  I2C_masterSendSingleByte                   
00001c07  I2C_masterSendSingleByteWithTimeout        
00001c93  I2C_masterSendMultiByteStart               
00001ce1  I2C_masterSendMultiByteStartWithTimeout    
00001d3d  I2C_masterSendMultiByteNext                
00001d69  I2C_masterSendMultiByteNextWithTimeout     
00001da7  I2C_masterSendMultiByteFinish              
00001df5  I2C_masterSendMultiByteFinishWithTimeout   
00001e61  I2C_masterSendMultiByteStop                
00001e8b  I2C_masterSendMultiByteStopWithTimeout     
00001ec7  I2C_masterReceiveStart                     
00001ee1  I2C_masterReceiveMultiByteNext             
00001ef9  I2C_masterReceiveMultiByteFinish           
00001f37  I2C_masterReceiveMultiByteFinishWithTimeout
00001f95  I2C_masterReceiveMultiByteStop             
00001fa9  I2C_masterReceiveSingle                    
00001fd3  I2C_getReceiveBufferAddressForDMA          
00001fe1  I2C_getTransmitBufferAddressForDMA         
00001fef  I2C_masterIsStopSent                       
00002001  I2C_masterIsStartSent                      
00002019  I2C_masterSendStart                        
0000202d  I2C_enableMultiMasterMode                  
0000204d  I2C_disableMultiMasterMode                 
0000206d  I2C_enableInterrupt                        
00002083  I2C_disableInterrupt                       
00002099  I2C_clearInterruptFlag                     
000020af  I2C_getInterruptStatus                     
000020c7  I2C_getEnabledInterruptStatus              
000020d7  I2C_getMode                                
000020ed  I2C_registerInterrupt                      
00002153  I2C_unregisterInterrupt                    
000021af  I2C_slaveSendNAK                           
000021e1  main                                       
000023dd  CS_init                                    
00002457  GPIO_init                                  
0000277d  GPIO_setAsOutputPin                        
000027b7  GPIO_setAsInputPin                         
000027fd  GPIO_setAsPeripheralModuleFunctionOutputPin
00002881  GPIO_setAsPeripheralModuleFunctionInputPin 
00002905  GPIO_setOutputHighOnPin                    
00002927  GPIO_setOutputLowOnPin                     
00002949  GPIO_toggleOutputOnPin                     
0000296b  GPIO_setAsInputPinWithPullDownResistor     
000029bd  GPIO_setAsInputPinWithPullUpResistor       
00002a0f  GPIO_getInputPinValue                      
00002a3d  GPIO_enableInterrupt                       
00002a5f  GPIO_disableInterrupt                      
00002a81  GPIO_getInterruptStatus                    
00002a9f  GPIO_clearInterruptFlag                    
00002ac1  GPIO_interruptEdgeSelect                   
00002af7  GPIO_getEnabledInterruptStatus             
00002b73  GPIO_setDriveStrengthHigh                  
00002b95  GPIO_setDriveStrengthLow                   
00002bb7  GPIO_registerInterrupt                     
00002bd7  GPIO_unregisterInterrupt                   
00002bfd  UART_initModule                            
00002ce5  UART_transmitData                          
00002d0f  UART_receiveData                           
00002d35  UART_enableModule                          
00002d4b  UART_disableModule                         
00002d61  UART_queryStatusFlags                      
00002d75  UART_setDormant                            
00002d89  UART_resetDormant                          
00002d9d  UART_transmitAddress                       
00002dbb  UART_transmitBreak                         
00002e01  UART_getReceiveBufferAddressForDMA         
00002e0f  UART_getTransmitBufferAddressForDMA        
00002e1d  UART_selectDeglitchTime                    
00002e39  UART_enableInterrupt                       
00002e69  UART_disableInterrupt                      
00002e99  UART_getInterruptStatus                    
00002eb5  UART_getEnabledInterruptStatus             
00002f11  UART_clearInterruptFlag                    
00002f31  UART_registerInterrupt                     
00002fad  UART_unregisterInterrupt                   
0000301b  Interrupt_enableMaster                     
0000302b  Interrupt_disableMaster                    
0000303b  Interrupt_registerInterrupt                
0000308d  Interrupt_unregisterInterrupt              
000030a1  Interrupt_setPriorityGrouping              
000030bb  Interrupt_getPriorityGrouping              
000030f3  Interrupt_setPriority                      
00003143  Interrupt_getPriority                      
00003169  Interrupt_enableInterrupt                  
000031db  Interrupt_disableInterrupt                 
0000324d  Interrupt_isEnabled                        
000032d9  Interrupt_pendInterrupt                    
00003349  Interrupt_unpendInterrupt                  
00003397  Interrupt_setPriorityMask                  
000033a7  Interrupt_getPriorityMask                  
000033b1  Interrupt_setVectorTableAddress            
000033c1  Interrupt_getVectorTableAddress            
000033c7  Interrupt_enableSleepOnIsrExit             
000033d9  Interrupt_disableSleepOnIsrExit            
00003409  SystemCoreClockUpdate                      
0000367d  SystemInit                                 
00003731  __aeabi_uldivmod                           
00003925  I2C_initGPIO                               
0000393d  I2C_init                                   
00003955  I2C_write8                                 
00003999  I2C_write16                                
000039f7  I2C_read8                                  
00003a3f  I2C_read16                                 
00003ad5  I2C_setslave                               
00003af9  __aeabi_dsub                               
00003b03  __aeabi_dadd                               
00003caf  __aeabi_ddiv                               
00003de5  __aeabi_dmul                               
00003ee1  ldexp                                      
00003ee1  ldexpl                                     
00003ee1  scalbn                                     
00003ee1  scalbnl                                    
00003fdd  UART_initGPIO                              
00004001  UART_init                                  
00004039  UART_transmitString                        
00004059  UART_transmitString1                       
0000408d  __aeabi_memcpy                             
0000408d  __aeabi_memcpy4                            
0000408d  __aeabi_memcpy8                            
0000408d  memcpy                                     
00004129  __aeabi_cdcmpeq                            
00004129  __aeabi_cdcmple                            
000041af  __aeabi_cdrcmple                           
00004235  __aeabi_memclr                             
00004235  __aeabi_memclr4                            
00004235  __aeabi_memclr8                            
00004237  __aeabi_memset                             
00004237  __aeabi_memset4                            
00004237  __aeabi_memset8                            
0000423d  memset                                     
000042b1  __TI_auto_init                             
00004321  __TI_decompress_lzss                       
00004389  frexp                                      
00004389  frexpl                                     
000043ed  sprintf                                    
0000444d  ltoa                                       
000044a5  _c_int00                                   
000044f9  C$$EXIT                                    
000044fd  abort                                      
00004505  exit                                       
0000454d  atoi                                       
00004599  copy_in                                    
000045e5  __aeabi_d2iz                               
0000462d  CPU_cpsid                                  
00004639  CPU_primask                                
00004643  CPU_cpsie                                  
0000464f  CPU_wfi                                    
00004653  CPU_basepriSet                             
00004661  CPU_basepriGet                             
0000466b  __aeabi_i2d                                
00004699  memccpy                                    
000046b5  _args_main                                 
000046cd  strchr                                     
000046e5  _register_unlock                           
000046eb  _register_lock                             
000046f3  _nop                                       
000046f9  copysign                                   
000046f9  copysignl                                  
0000470d  strlen                                     
00004733  __TI_decompress_none                       
00004741  __TI_zero_init                             
0000474d  _system_pre_init                           
00004750  _ctypes_                                   
000048a4  uartConfig                                 
00004904  i2cConfig                                  
00004978  __TI_Handler_Table_Base                    
00004984  __TI_Handler_Table_Limit                   
00004990  __TI_CINIT_Base                            
000049a0  __TI_CINIT_Limit                           
20000000  g_pfnRAMVectors                            
20000114  __TI_cleanup_ptr                           
20000118  __TI_dtors_ptr                             
2000011c  __TI_enable_exit_profile_output            
20000120  _lock                                      
20000124  _unlock                                    
20000128  errno                                      
2000012c  main_func_sp                               
20000130  SystemCoreClock                            
2000fe00  __stack                                    
20010000  __STACK_END                                
4000480c  WDTCTL_SYM                                 
ffffffff  __TI_pprof_out_hndl                        
ffffffff  __TI_prof_data_size                        
ffffffff  __TI_prof_data_start                       
ffffffff  __binit__                                  
ffffffff  __c_args__                                 
ffffffff  binit                                      
UNDEFED   SHT$$INIT_ARRAY$$Base                      
UNDEFED   SHT$$INIT_ARRAY$$Limit                     

[213 symbols]
