<?xml version="1.0"?>
<link_info>
   <banner>TI ARM Linker PC v16.9.0.LTS</banner>
   <copyright>Copyright (c) 1996-2015 Texas Instruments Incorporated</copyright>
   <link_time>0x589df015</link_time>
   <link_errors>0x0</link_errors>
   <output_file>MSP432_GPS_GPRS_Fuel_Gauge.out</output_file>
   <entry_point>
      <name>_c_int00</name>
      <address>0x4439</address>
   </entry_point>
   <input_file_list>
      <input_file id="fl-2">
         <path>.\</path>
         <kind>object</kind>
         <file>HAL_BQ27441.obj</file>
         <name>HAL_BQ27441.obj</name>
      </input_file>
      <input_file id="fl-3">
         <path>.\</path>
         <kind>object</kind>
         <file>HAL_I2C.obj</file>
         <name>HAL_I2C.obj</name>
      </input_file>
      <input_file id="fl-4">
         <path>.\</path>
         <kind>object</kind>
         <file>HAL_UART.obj</file>
         <name>HAL_UART.obj</name>
      </input_file>
      <input_file id="fl-5">
         <path>.\</path>
         <kind>object</kind>
         <file>main.obj</file>
         <name>main.obj</name>
      </input_file>
      <input_file id="fl-6">
         <path>.\</path>
         <kind>object</kind>
         <file>startup_msp432p401r_ccs.obj</file>
         <name>startup_msp432p401r_ccs.obj</name>
      </input_file>
      <input_file id="fl-7">
         <path>.\</path>
         <kind>object</kind>
         <file>system_msp432p401r.obj</file>
         <name>system_msp432p401r.obj</name>
      </input_file>
      <input_file id="fl-8">
         <path>.\driverlib\MSP432P4xx\</path>
         <kind>object</kind>
         <file>adc14.obj</file>
         <name>adc14.obj</name>
      </input_file>
      <input_file id="fl-9">
         <path>.\driverlib\MSP432P4xx\</path>
         <kind>object</kind>
         <file>aes256.obj</file>
         <name>aes256.obj</name>
      </input_file>
      <input_file id="fl-a">
         <path>.\driverlib\MSP432P4xx\</path>
         <kind>object</kind>
         <file>comp_e.obj</file>
         <name>comp_e.obj</name>
      </input_file>
      <input_file id="fl-b">
         <path>.\driverlib\MSP432P4xx\</path>
         <kind>object</kind>
         <file>cpu.obj</file>
         <name>cpu.obj</name>
      </input_file>
      <input_file id="fl-c">
         <path>.\driverlib\MSP432P4xx\</path>
         <kind>object</kind>
         <file>crc32.obj</file>
         <name>crc32.obj</name>
      </input_file>
      <input_file id="fl-d">
         <path>.\driverlib\MSP432P4xx\</path>
         <kind>object</kind>
         <file>cs.obj</file>
         <name>cs.obj</name>
      </input_file>
      <input_file id="fl-e">
         <path>.\driverlib\MSP432P4xx\</path>
         <kind>object</kind>
         <file>dma.obj</file>
         <name>dma.obj</name>
      </input_file>
      <input_file id="fl-f">
         <path>.\driverlib\MSP432P4xx\</path>
         <kind>object</kind>
         <file>flash.obj</file>
         <name>flash.obj</name>
      </input_file>
      <input_file id="fl-10">
         <path>.\driverlib\MSP432P4xx\</path>
         <kind>object</kind>
         <file>fpu.obj</file>
         <name>fpu.obj</name>
      </input_file>
      <input_file id="fl-11">
         <path>.\driverlib\MSP432P4xx\</path>
         <kind>object</kind>
         <file>gpio.obj</file>
         <name>gpio.obj</name>
      </input_file>
      <input_file id="fl-12">
         <path>.\driverlib\MSP432P4xx\</path>
         <kind>object</kind>
         <file>i2c.obj</file>
         <name>i2c.obj</name>
      </input_file>
      <input_file id="fl-13">
         <path>.\driverlib\MSP432P4xx\</path>
         <kind>object</kind>
         <file>interrupt.obj</file>
         <name>interrupt.obj</name>
      </input_file>
      <input_file id="fl-14">
         <path>.\driverlib\MSP432P4xx\</path>
         <kind>object</kind>
         <file>mpu.obj</file>
         <name>mpu.obj</name>
      </input_file>
      <input_file id="fl-15">
         <path>.\driverlib\MSP432P4xx\</path>
         <kind>object</kind>
         <file>pcm.obj</file>
         <name>pcm.obj</name>
      </input_file>
      <input_file id="fl-16">
         <path>.\driverlib\MSP432P4xx\</path>
         <kind>object</kind>
         <file>pmap.obj</file>
         <name>pmap.obj</name>
      </input_file>
      <input_file id="fl-17">
         <path>.\driverlib\MSP432P4xx\</path>
         <kind>object</kind>
         <file>pss.obj</file>
         <name>pss.obj</name>
      </input_file>
      <input_file id="fl-18">
         <path>.\driverlib\MSP432P4xx\</path>
         <kind>object</kind>
         <file>ref_a.obj</file>
         <name>ref_a.obj</name>
      </input_file>
      <input_file id="fl-19">
         <path>.\driverlib\MSP432P4xx\</path>
         <kind>object</kind>
         <file>reset.obj</file>
         <name>reset.obj</name>
      </input_file>
      <input_file id="fl-1a">
         <path>.\driverlib\MSP432P4xx\</path>
         <kind>object</kind>
         <file>rtc_c.obj</file>
         <name>rtc_c.obj</name>
      </input_file>
      <input_file id="fl-1b">
         <path>.\driverlib\MSP432P4xx\</path>
         <kind>object</kind>
         <file>spi.obj</file>
         <name>spi.obj</name>
      </input_file>
      <input_file id="fl-1c">
         <path>.\driverlib\MSP432P4xx\</path>
         <kind>object</kind>
         <file>sysctl.obj</file>
         <name>sysctl.obj</name>
      </input_file>
      <input_file id="fl-1d">
         <path>.\driverlib\MSP432P4xx\</path>
         <kind>object</kind>
         <file>systick.obj</file>
         <name>systick.obj</name>
      </input_file>
      <input_file id="fl-1e">
         <path>.\driverlib\MSP432P4xx\</path>
         <kind>object</kind>
         <file>timer32.obj</file>
         <name>timer32.obj</name>
      </input_file>
      <input_file id="fl-1f">
         <path>.\driverlib\MSP432P4xx\</path>
         <kind>object</kind>
         <file>timer_a.obj</file>
         <name>timer_a.obj</name>
      </input_file>
      <input_file id="fl-20">
         <path>.\driverlib\MSP432P4xx\</path>
         <kind>object</kind>
         <file>uart.obj</file>
         <name>uart.obj</name>
      </input_file>
      <input_file id="fl-21">
         <path>.\driverlib\MSP432P4xx\</path>
         <kind>object</kind>
         <file>wdt_a.obj</file>
         <name>wdt_a.obj</name>
      </input_file>
      <input_file id="fl-db">
         <path>C:\ti\ccsv7\tools\compiler\ti-cgt-arm_16.9.0.LTS\lib\</path>
         <kind>archive</kind>
         <file>rtsv7M4_T_le_v4SPD16_eabi.lib</file>
         <name>boot.obj</name>
      </input_file>
      <input_file id="fl-dc">
         <path>C:\ti\ccsv7\tools\compiler\ti-cgt-arm_16.9.0.LTS\lib\</path>
         <kind>archive</kind>
         <file>rtsv7M4_T_le_v4SPD16_eabi.lib</file>
         <name>copy_decompress_lzss.obj</name>
      </input_file>
      <input_file id="fl-dd">
         <path>C:\ti\ccsv7\tools\compiler\ti-cgt-arm_16.9.0.LTS\lib\</path>
         <kind>archive</kind>
         <file>rtsv7M4_T_le_v4SPD16_eabi.lib</file>
         <name>copy_decompress_none.obj</name>
      </input_file>
      <input_file id="fl-de">
         <path>C:\ti\ccsv7\tools\compiler\ti-cgt-arm_16.9.0.LTS\lib\</path>
         <kind>archive</kind>
         <file>rtsv7M4_T_le_v4SPD16_eabi.lib</file>
         <name>copy_zero_init.obj</name>
      </input_file>
      <input_file id="fl-df">
         <path>C:\ti\ccsv7\tools\compiler\ti-cgt-arm_16.9.0.LTS\lib\</path>
         <kind>archive</kind>
         <file>rtsv7M4_T_le_v4SPD16_eabi.lib</file>
         <name>exit.obj</name>
      </input_file>
      <input_file id="fl-e0">
         <path>C:\ti\ccsv7\tools\compiler\ti-cgt-arm_16.9.0.LTS\lib\</path>
         <kind>archive</kind>
         <file>rtsv7M4_T_le_v4SPD16_eabi.lib</file>
         <name>memcpy_t2.obj</name>
      </input_file>
      <input_file id="fl-e1">
         <path>C:\ti\ccsv7\tools\compiler\ti-cgt-arm_16.9.0.LTS\lib\</path>
         <kind>archive</kind>
         <file>rtsv7M4_T_le_v4SPD16_eabi.lib</file>
         <name>memset_t2.obj</name>
      </input_file>
      <input_file id="fl-e2">
         <path>C:\ti\ccsv7\tools\compiler\ti-cgt-arm_16.9.0.LTS\lib\</path>
         <kind>archive</kind>
         <file>rtsv7M4_T_le_v4SPD16_eabi.lib</file>
         <name>mpu_init.obj</name>
      </input_file>
      <input_file id="fl-e3">
         <path>C:\ti\ccsv7\tools\compiler\ti-cgt-arm_16.9.0.LTS\lib\</path>
         <kind>archive</kind>
         <file>rtsv7M4_T_le_v4SPD16_eabi.lib</file>
         <name>pre_init.obj</name>
      </input_file>
      <input_file id="fl-e4">
         <path>C:\ti\ccsv7\tools\compiler\ti-cgt-arm_16.9.0.LTS\lib\</path>
         <kind>archive</kind>
         <file>rtsv7M4_T_le_v4SPD16_eabi.lib</file>
         <name>rand.obj</name>
      </input_file>
      <input_file id="fl-e5">
         <path>C:\ti\ccsv7\tools\compiler\ti-cgt-arm_16.9.0.LTS\lib\</path>
         <kind>archive</kind>
         <file>rtsv7M4_T_le_v4SPD16_eabi.lib</file>
         <name>sprintf.obj</name>
      </input_file>
      <input_file id="fl-e6">
         <path>C:\ti\ccsv7\tools\compiler\ti-cgt-arm_16.9.0.LTS\lib\</path>
         <kind>archive</kind>
         <file>rtsv7M4_T_le_v4SPD16_eabi.lib</file>
         <name>stkdepth_vars.obj</name>
      </input_file>
      <input_file id="fl-e7">
         <path>C:\ti\ccsv7\tools\compiler\ti-cgt-arm_16.9.0.LTS\lib\</path>
         <kind>archive</kind>
         <file>rtsv7M4_T_le_v4SPD16_eabi.lib</file>
         <name>_lock.obj</name>
      </input_file>
      <input_file id="fl-e8">
         <path>C:\ti\ccsv7\tools\compiler\ti-cgt-arm_16.9.0.LTS\lib\</path>
         <kind>archive</kind>
         <file>rtsv7M4_T_le_v4SPD16_eabi.lib</file>
         <name>_printfi.obj</name>
      </input_file>
      <input_file id="fl-e9">
         <path>C:\ti\ccsv7\tools\compiler\ti-cgt-arm_16.9.0.LTS\lib\</path>
         <kind>archive</kind>
         <file>rtsv7M4_T_le_v4SPD16_eabi.lib</file>
         <name>args_main.obj</name>
      </input_file>
      <input_file id="fl-ea">
         <path>C:\ti\ccsv7\tools\compiler\ti-cgt-arm_16.9.0.LTS\lib\</path>
         <kind>archive</kind>
         <file>rtsv7M4_T_le_v4SPD16_eabi.lib</file>
         <name>atoi.obj</name>
      </input_file>
      <input_file id="fl-eb">
         <path>C:\ti\ccsv7\tools\compiler\ti-cgt-arm_16.9.0.LTS\lib\</path>
         <kind>archive</kind>
         <file>rtsv7M4_T_le_v4SPD16_eabi.lib</file>
         <name>autoinit.obj</name>
      </input_file>
      <input_file id="fl-ec">
         <path>C:\ti\ccsv7\tools\compiler\ti-cgt-arm_16.9.0.LTS\lib\</path>
         <kind>archive</kind>
         <file>rtsv7M4_T_le_v4SPD16_eabi.lib</file>
         <name>cpy_tbl.obj</name>
      </input_file>
      <input_file id="fl-ed">
         <path>C:\ti\ccsv7\tools\compiler\ti-cgt-arm_16.9.0.LTS\lib\</path>
         <kind>archive</kind>
         <file>rtsv7M4_T_le_v4SPD16_eabi.lib</file>
         <name>ctype.obj</name>
      </input_file>
      <input_file id="fl-ee">
         <path>C:\ti\ccsv7\tools\compiler\ti-cgt-arm_16.9.0.LTS\lib\</path>
         <kind>archive</kind>
         <file>rtsv7M4_T_le_v4SPD16_eabi.lib</file>
         <name>fd_add_t2.obj</name>
      </input_file>
      <input_file id="fl-ef">
         <path>C:\ti\ccsv7\tools\compiler\ti-cgt-arm_16.9.0.LTS\lib\</path>
         <kind>archive</kind>
         <file>rtsv7M4_T_le_v4SPD16_eabi.lib</file>
         <name>fd_cmp_t2.obj</name>
      </input_file>
      <input_file id="fl-f0">
         <path>C:\ti\ccsv7\tools\compiler\ti-cgt-arm_16.9.0.LTS\lib\</path>
         <kind>archive</kind>
         <file>rtsv7M4_T_le_v4SPD16_eabi.lib</file>
         <name>fd_div_t2.obj</name>
      </input_file>
      <input_file id="fl-f1">
         <path>C:\ti\ccsv7\tools\compiler\ti-cgt-arm_16.9.0.LTS\lib\</path>
         <kind>archive</kind>
         <file>rtsv7M4_T_le_v4SPD16_eabi.lib</file>
         <name>fd_mul_t2.obj</name>
      </input_file>
      <input_file id="fl-f2">
         <path>C:\ti\ccsv7\tools\compiler\ti-cgt-arm_16.9.0.LTS\lib\</path>
         <kind>archive</kind>
         <file>rtsv7M4_T_le_v4SPD16_eabi.lib</file>
         <name>fd_toi_t2.obj</name>
      </input_file>
      <input_file id="fl-f3">
         <path>C:\ti\ccsv7\tools\compiler\ti-cgt-arm_16.9.0.LTS\lib\</path>
         <kind>archive</kind>
         <file>rtsv7M4_T_le_v4SPD16_eabi.lib</file>
         <name>i_tofd_t2.obj</name>
      </input_file>
      <input_file id="fl-f4">
         <path>C:\ti\ccsv7\tools\compiler\ti-cgt-arm_16.9.0.LTS\lib\</path>
         <kind>archive</kind>
         <file>rtsv7M4_T_le_v4SPD16_eabi.lib</file>
         <name>ltoa.obj</name>
      </input_file>
      <input_file id="fl-f5">
         <path>C:\ti\ccsv7\tools\compiler\ti-cgt-arm_16.9.0.LTS\lib\</path>
         <kind>archive</kind>
         <file>rtsv7M4_T_le_v4SPD16_eabi.lib</file>
         <name>memccpy.obj</name>
      </input_file>
      <input_file id="fl-f6">
         <path>C:\ti\ccsv7\tools\compiler\ti-cgt-arm_16.9.0.LTS\lib\</path>
         <kind>archive</kind>
         <file>rtsv7M4_T_le_v4SPD16_eabi.lib</file>
         <name>s_frexp.obj</name>
      </input_file>
      <input_file id="fl-f7">
         <path>C:\ti\ccsv7\tools\compiler\ti-cgt-arm_16.9.0.LTS\lib\</path>
         <kind>archive</kind>
         <file>rtsv7M4_T_le_v4SPD16_eabi.lib</file>
         <name>s_scalbn.obj</name>
      </input_file>
      <input_file id="fl-f8">
         <path>C:\ti\ccsv7\tools\compiler\ti-cgt-arm_16.9.0.LTS\lib\</path>
         <kind>archive</kind>
         <file>rtsv7M4_T_le_v4SPD16_eabi.lib</file>
         <name>startup.obj</name>
      </input_file>
      <input_file id="fl-f9">
         <path>C:\ti\ccsv7\tools\compiler\ti-cgt-arm_16.9.0.LTS\lib\</path>
         <kind>archive</kind>
         <file>rtsv7M4_T_le_v4SPD16_eabi.lib</file>
         <name>strchr.obj</name>
      </input_file>
      <input_file id="fl-fa">
         <path>C:\ti\ccsv7\tools\compiler\ti-cgt-arm_16.9.0.LTS\lib\</path>
         <kind>archive</kind>
         <file>rtsv7M4_T_le_v4SPD16_eabi.lib</file>
         <name>strlen.obj</name>
      </input_file>
      <input_file id="fl-fb">
         <path>C:\ti\ccsv7\tools\compiler\ti-cgt-arm_16.9.0.LTS\lib\</path>
         <kind>archive</kind>
         <file>rtsv7M4_T_le_v4SPD16_eabi.lib</file>
         <name>ull_div_t2.obj</name>
      </input_file>
      <input_file id="fl-fc">
         <path>C:\ti\ccsv7\tools\compiler\ti-cgt-arm_16.9.0.LTS\lib\</path>
         <kind>archive</kind>
         <file>rtsv7M4_T_le_v4SPD16_eabi.lib</file>
         <name>errno.obj</name>
      </input_file>
      <input_file id="fl-fd">
         <path>C:\ti\ccsv7\tools\compiler\ti-cgt-arm_16.9.0.LTS\lib\</path>
         <kind>archive</kind>
         <file>rtsv7M4_T_le_v4SPD16_eabi.lib</file>
         <name>s_copysign.obj</name>
      </input_file>
   </input_file_list>
   <object_component_list>
      <object_component id="oc-2c">
         <name>.intvecs:retain</name>
         <load_address>0x0</load_address>
         <run_address>0x0</run_address>
         <size>0x140</size>
         <input_file_ref idref="fl-6"/>
      </object_component>
      <object_component id="oc-188">
         <name>.text</name>
         <load_address>0x140</load_address>
         <run_address>0x140</run_address>
         <size>0x113a</size>
         <input_file_ref idref="fl-e8"/>
      </object_component>
      <object_component id="oc-53">
         <name>.text</name>
         <load_address>0x127a</load_address>
         <run_address>0x127a</run_address>
         <size>0x2</size>
         <input_file_ref idref="fl-e2"/>
      </object_component>
      <object_component id="oc-dd">
         <name>.text</name>
         <load_address>0x127c</load_address>
         <run_address>0x127c</run_address>
         <size>0x7be</size>
         <input_file_ref idref="fl-2"/>
      </object_component>
      <object_component id="oc-9c">
         <name>.text</name>
         <load_address>0x1a3a</load_address>
         <run_address>0x1a3a</run_address>
         <size>0x2</size>
         <input_file_ref idref="fl-f8"/>
      </object_component>
      <object_component id="oc-15a">
         <name>.text</name>
         <load_address>0x1a3c</load_address>
         <run_address>0x1a3c</run_address>
         <size>0x7a8</size>
         <input_file_ref idref="fl-12"/>
      </object_component>
      <object_component id="oc-a4">
         <name>.text</name>
         <load_address>0x21e4</load_address>
         <run_address>0x21e4</run_address>
         <size>0x50c</size>
         <input_file_ref idref="fl-5"/>
      </object_component>
      <object_component id="oc-e3">
         <name>.text</name>
         <load_address>0x26f0</load_address>
         <run_address>0x26f0</run_address>
         <size>0x480</size>
         <input_file_ref idref="fl-11"/>
      </object_component>
      <object_component id="oc-165">
         <name>.text</name>
         <load_address>0x2b70</load_address>
         <run_address>0x2b70</run_address>
         <size>0x41c</size>
         <input_file_ref idref="fl-20"/>
      </object_component>
      <object_component id="oc-178">
         <name>.text</name>
         <load_address>0x2f8c</load_address>
         <run_address>0x2f8c</run_address>
         <size>0x3f0</size>
         <input_file_ref idref="fl-13"/>
      </object_component>
      <object_component id="oc-b7">
         <name>.text</name>
         <load_address>0x337c</load_address>
         <run_address>0x337c</run_address>
         <size>0x328</size>
         <input_file_ref idref="fl-7"/>
      </object_component>
      <object_component id="oc-207">
         <name>.text</name>
         <load_address>0x36a4</load_address>
         <run_address>0x36a4</run_address>
         <size>0x1f4</size>
         <input_file_ref idref="fl-fb"/>
      </object_component>
      <object_component id="oc-d1">
         <name>.text</name>
         <load_address>0x3898</load_address>
         <run_address>0x3898</run_address>
         <size>0x1d4</size>
         <input_file_ref idref="fl-3"/>
      </object_component>
      <object_component id="oc-236">
         <name>.text</name>
         <load_address>0x3a6c</load_address>
         <run_address>0x3a6c</run_address>
         <size>0x1b6</size>
         <input_file_ref idref="fl-ee"/>
      </object_component>
      <object_component id="oc-21c">
         <name>.text</name>
         <load_address>0x3c22</load_address>
         <run_address>0x3c22</run_address>
         <size>0x136</size>
         <input_file_ref idref="fl-f0"/>
      </object_component>
      <object_component id="oc-217">
         <name>.text</name>
         <load_address>0x3d58</load_address>
         <run_address>0x3d58</run_address>
         <size>0xfc</size>
         <input_file_ref idref="fl-f1"/>
      </object_component>
      <object_component id="oc-241">
         <name>.text</name>
         <load_address>0x3e54</load_address>
         <run_address>0x3e54</run_address>
         <size>0xfc</size>
         <input_file_ref idref="fl-f7"/>
      </object_component>
      <object_component id="oc-d7">
         <name>.text</name>
         <load_address>0x3f50</load_address>
         <run_address>0x3f50</run_address>
         <size>0xd0</size>
         <input_file_ref idref="fl-4"/>
      </object_component>
      <object_component id="oc-3b">
         <name>.text</name>
         <load_address>0x4020</load_address>
         <run_address>0x4020</run_address>
         <size>0x9c</size>
         <input_file_ref idref="fl-e0"/>
      </object_component>
      <object_component id="oc-212">
         <name>.text:__aeabi_cdcmple</name>
         <load_address>0x40bc</load_address>
         <run_address>0x40bc</run_address>
         <size>0x86</size>
         <input_file_ref idref="fl-ef"/>
      </object_component>
      <object_component id="oc-221">
         <name>.text:__aeabi_cdrcmple</name>
         <load_address>0x4142</load_address>
         <run_address>0x4142</run_address>
         <size>0x86</size>
         <input_file_ref idref="fl-ef"/>
      </object_component>
      <object_component id="oc-47">
         <name>.text</name>
         <load_address>0x41c8</load_address>
         <run_address>0x41c8</run_address>
         <size>0x7a</size>
         <input_file_ref idref="fl-e1"/>
      </object_component>
      <object_component id="oc-5f">
         <name>.text</name>
         <load_address>0x4244</load_address>
         <run_address>0x4244</run_address>
         <size>0x70</size>
         <input_file_ref idref="fl-eb"/>
      </object_component>
      <object_component id="oc-14">
         <name>.text:decompress:lzss</name>
         <load_address>0x42b4</load_address>
         <run_address>0x42b4</run_address>
         <size>0x68</size>
         <input_file_ref idref="fl-dc"/>
      </object_component>
      <object_component id="oc-23b">
         <name>.text</name>
         <load_address>0x431c</load_address>
         <run_address>0x431c</run_address>
         <size>0x64</size>
         <input_file_ref idref="fl-f6"/>
      </object_component>
      <object_component id="oc-ef">
         <name>.text</name>
         <load_address>0x4380</load_address>
         <run_address>0x4380</run_address>
         <size>0x60</size>
         <input_file_ref idref="fl-e5"/>
      </object_component>
      <object_component id="oc-22b">
         <name>.text</name>
         <load_address>0x43e0</load_address>
         <run_address>0x43e0</run_address>
         <size>0x56</size>
         <input_file_ref idref="fl-f4"/>
      </object_component>
      <object_component id="oc-26">
         <name>.text</name>
         <load_address>0x4438</load_address>
         <run_address>0x4438</run_address>
         <size>0x54</size>
         <input_file_ref idref="fl-db"/>
      </object_component>
      <object_component id="oc-6b">
         <name>.text</name>
         <load_address>0x448c</load_address>
         <run_address>0x448c</run_address>
         <size>0x54</size>
         <input_file_ref idref="fl-df"/>
      </object_component>
      <object_component id="oc-24d">
         <name>.text</name>
         <load_address>0x44e0</load_address>
         <run_address>0x44e0</run_address>
         <size>0x4c</size>
         <input_file_ref idref="fl-ea"/>
      </object_component>
      <object_component id="oc-96">
         <name>.text</name>
         <load_address>0x452c</load_address>
         <run_address>0x452c</run_address>
         <size>0x4c</size>
         <input_file_ref idref="fl-ec"/>
      </object_component>
      <object_component id="oc-e9">
         <name>.text</name>
         <load_address>0x4578</load_address>
         <run_address>0x4578</run_address>
         <size>0x4c</size>
         <input_file_ref idref="fl-e4"/>
      </object_component>
      <object_component id="oc-226">
         <name>.text</name>
         <load_address>0x45c4</load_address>
         <run_address>0x45c4</run_address>
         <size>0x48</size>
         <input_file_ref idref="fl-f2"/>
      </object_component>
      <object_component id="oc-1e2">
         <name>.text</name>
         <load_address>0x460c</load_address>
         <run_address>0x460c</run_address>
         <size>0x3e</size>
         <input_file_ref idref="fl-b"/>
      </object_component>
      <object_component id="oc-231">
         <name>.text</name>
         <load_address>0x464a</load_address>
         <run_address>0x464a</run_address>
         <size>0x2e</size>
         <input_file_ref idref="fl-f3"/>
      </object_component>
      <object_component id="oc-253">
         <name>.text</name>
         <load_address>0x4678</load_address>
         <run_address>0x4678</run_address>
         <size>0x1c</size>
         <input_file_ref idref="fl-f5"/>
      </object_component>
      <object_component id="oc-65">
         <name>.text</name>
         <load_address>0x4694</load_address>
         <run_address>0x4694</run_address>
         <size>0x18</size>
         <input_file_ref idref="fl-e9"/>
      </object_component>
      <object_component id="oc-247">
         <name>.text</name>
         <load_address>0x46ac</load_address>
         <run_address>0x46ac</run_address>
         <size>0x16</size>
         <input_file_ref idref="fl-f9"/>
      </object_component>
      <object_component id="oc-139">
         <name>.text</name>
         <load_address>0x46c4</load_address>
         <run_address>0x46c4</run_address>
         <size>0x14</size>
         <input_file_ref idref="fl-e7"/>
      </object_component>
      <object_component id="oc-294">
         <name>.text</name>
         <load_address>0x46d8</load_address>
         <run_address>0x46d8</run_address>
         <size>0x14</size>
         <input_file_ref idref="fl-fd"/>
      </object_component>
      <object_component id="oc-20c">
         <name>.text</name>
         <load_address>0x46ec</load_address>
         <run_address>0x46ec</run_address>
         <size>0x14</size>
         <input_file_ref idref="fl-fa"/>
      </object_component>
      <object_component id="oc-75">
         <name>.text</name>
         <load_address>0x4700</load_address>
         <run_address>0x4700</run_address>
         <size>0x12</size>
         <input_file_ref idref="fl-6"/>
      </object_component>
      <object_component id="oc-1a">
         <name>.text:decompress:none</name>
         <load_address>0x4712</load_address>
         <run_address>0x4712</run_address>
         <size>0xe</size>
         <input_file_ref idref="fl-dd"/>
      </object_component>
      <object_component id="oc-20">
         <name>.text:decompress:ZI</name>
         <load_address>0x4720</load_address>
         <run_address>0x4720</run_address>
         <size>0xc</size>
         <input_file_ref idref="fl-de"/>
      </object_component>
      <object_component id="oc-59">
         <name>.text</name>
         <load_address>0x472c</load_address>
         <run_address>0x472c</run_address>
         <size>0x4</size>
         <input_file_ref idref="fl-e3"/>
      </object_component>
      <object_component id="oc-2a1">
         <name>.const:.string:_ctypes_</name>
         <load_address>0x4730</load_address>
         <run_address>0x4730</run_address>
         <size>0x101</size>
         <input_file_ref idref="fl-ed"/>
      </object_component>
      <object_component id="oc-1ee">
         <name>.const:g_pulRegs</name>
         <load_address>0x4834</load_address>
         <run_address>0x4834</run_address>
         <size>0x50</size>
         <input_file_ref idref="fl-13"/>
      </object_component>
      <object_component id="oc-16e">
         <name>.const:uartConfig</name>
         <load_address>0x4884</load_address>
         <run_address>0x4884</run_address>
         <size>0x24</size>
         <input_file_ref idref="fl-4"/>
      </object_component>
      <object_component id="oc-16b">
         <name>.const:uartConfigGps</name>
         <load_address>0x48a8</load_address>
         <run_address>0x48a8</run_address>
         <size>0x24</size>
         <input_file_ref idref="fl-4"/>
      </object_component>
      <object_component id="oc-1eb">
         <name>.const:g_pulPriority</name>
         <load_address>0x48cc</load_address>
         <run_address>0x48cc</run_address>
         <size>0x20</size>
         <input_file_ref idref="fl-13"/>
      </object_component>
      <object_component id="oc-17e">
         <name>.const:GPIO_PORT_TO_INT</name>
         <load_address>0x48ec</load_address>
         <run_address>0x48ec</run_address>
         <size>0x1c</size>
         <input_file_ref idref="fl-11"/>
      </object_component>
      <object_component id="oc-160">
         <name>.const:i2cConfig</name>
         <load_address>0x4908</load_address>
         <run_address>0x4908</run_address>
         <size>0x14</size>
         <input_file_ref idref="fl-3"/>
      </object_component>
      <object_component id="oc-1f4">
         <name>.const:g_pulDisRegs</name>
         <load_address>0x491c</load_address>
         <run_address>0x491c</run_address>
         <size>0x8</size>
         <input_file_ref idref="fl-13"/>
      </object_component>
      <object_component id="oc-1f1">
         <name>.const:g_pulEnRegs</name>
         <load_address>0x4924</load_address>
         <run_address>0x4924</run_address>
         <size>0x8</size>
         <input_file_ref idref="fl-13"/>
      </object_component>
      <object_component id="oc-1f7">
         <name>.const:g_pulPendRegs</name>
         <load_address>0x492c</load_address>
         <run_address>0x492c</run_address>
         <size>0x8</size>
         <input_file_ref idref="fl-13"/>
      </object_component>
      <object_component id="oc-1fa">
         <name>.const:g_pulUnpendRegs</name>
         <load_address>0x4934</load_address>
         <run_address>0x4934</run_address>
         <size>0x8</size>
         <input_file_ref idref="fl-13"/>
      </object_component>
      <object_component id="oc-2ed">
         <name>.cinit..data.load</name>
         <load_address>0x4940</load_address>
         <run_address>0x4940</run_address>
         <size>0xb4</size>
      </object_component>
      <object_component id="oc-2ea">
         <name>__TI_handler_table</name>
         <load_address>0x49f4</load_address>
         <run_address>0x49f4</run_address>
         <size>0xc</size>
      </object_component>
      <object_component id="oc-2ee">
         <name>.cinit..bss.load</name>
         <load_address>0x4a00</load_address>
         <run_address>0x4a00</run_address>
         <size>0x8</size>
      </object_component>
      <object_component id="oc-2ec">
         <name>.cinit..vtable.load</name>
         <load_address>0x4a08</load_address>
         <run_address>0x4a08</run_address>
         <size>0x8</size>
      </object_component>
      <object_component id="oc-2eb">
         <name>__TI_cinit_table</name>
         <load_address>0x4a10</load_address>
         <run_address>0x4a10</run_address>
         <size>0x18</size>
      </object_component>
      <object_component id="oc-2c7">
         <name>.binit</name>
         <load_address>0x0</load_address>
         <run_address>0x0</run_address>
         <size>0x0</size>
      </object_component>
      <object_component id="oc-1e8">
         <name>.vtable</name>
         <uninitialized>true</uninitialized>
         <run_address>0x20000000</run_address>
         <size>0xe4</size>
         <input_file_ref idref="fl-13"/>
      </object_component>
      <object_component id="oc-112">
         <name>.data:at</name>
         <load_address>0x200001ce</load_address>
         <run_address>0x200001ce</run_address>
         <size>0x5</size>
         <input_file_ref idref="fl-5"/>
      </object_component>
      <object_component id="oc-115">
         <name>.data:ATV1</name>
         <load_address>0x200001c7</load_address>
         <run_address>0x200001c7</run_address>
         <size>0x7</size>
         <input_file_ref idref="fl-5"/>
      </object_component>
      <object_component id="oc-118">
         <name>.data:ATE1</name>
         <load_address>0x200001c0</load_address>
         <run_address>0x200001c0</run_address>
         <size>0x7</size>
         <input_file_ref idref="fl-5"/>
      </object_component>
      <object_component id="oc-11b">
         <name>.data:CPIN</name>
         <load_address>0x20000183</load_address>
         <run_address>0x20000183</run_address>
         <size>0xb</size>
         <input_file_ref idref="fl-5"/>
      </object_component>
      <object_component id="oc-11e">
         <name>.data:CSQ</name>
         <load_address>0x200001a4</load_address>
         <run_address>0x200001a4</run_address>
         <size>0x9</size>
         <input_file_ref idref="fl-5"/>
      </object_component>
      <object_component id="oc-121">
         <name>.data:CREG</name>
         <load_address>0x2000018e</load_address>
         <run_address>0x2000018e</run_address>
         <size>0xb</size>
         <input_file_ref idref="fl-5"/>
      </object_component>
      <object_component id="oc-124">
         <name>.data:CGREG</name>
         <load_address>0x2000016c</load_address>
         <run_address>0x2000016c</run_address>
         <size>0xc</size>
         <input_file_ref idref="fl-5"/>
      </object_component>
      <object_component id="oc-127">
         <name>.data:COPS</name>
         <load_address>0x20000178</load_address>
         <run_address>0x20000178</run_address>
         <size>0xb</size>
         <input_file_ref idref="fl-5"/>
      </object_component>
      <object_component id="oc-fb">
         <name>.data:QIFGCNT</name>
         <load_address>0x20000128</load_address>
         <run_address>0x20000128</run_address>
         <size>0xf</size>
         <input_file_ref idref="fl-5"/>
      </object_component>
      <object_component id="oc-fe">
         <name>.data:QICSGP</name>
         <load_address>0x20000137</load_address>
         <run_address>0x20000137</run_address>
         <size>0xe</size>
         <input_file_ref idref="fl-5"/>
      </object_component>
      <object_component id="oc-101">
         <name>.data:CMNET</name>
         <load_address>0x200001b8</load_address>
         <run_address>0x200001b8</run_address>
         <size>0x8</size>
         <input_file_ref idref="fl-5"/>
      </object_component>
      <object_component id="oc-104">
         <name>.data:QIREGAPP</name>
         <load_address>0x20000145</load_address>
         <run_address>0x20000145</run_address>
         <size>0xe</size>
         <input_file_ref idref="fl-5"/>
      </object_component>
      <object_component id="oc-107">
         <name>.data:QIACT</name>
         <load_address>0x20000199</load_address>
         <run_address>0x20000199</run_address>
         <size>0xb</size>
         <input_file_ref idref="fl-5"/>
      </object_component>
      <object_component id="oc-10b">
         <name>.data:QIDEACT</name>
         <load_address>0x20000153</load_address>
         <run_address>0x20000153</run_address>
         <size>0xd</size>
         <input_file_ref idref="fl-5"/>
      </object_component>
      <object_component id="oc-f8">
         <name>.data:rootUrl</name>
         <load_address>0x20000114</load_address>
         <run_address>0x20000114</run_address>
         <size>0x14</size>
         <input_file_ref idref="fl-5"/>
      </object_component>
      <object_component id="oc-10e">
         <name>.data</name>
         <load_address>0x200001d4</load_address>
         <run_address>0x200001d4</run_address>
         <size>0x5</size>
         <input_file_ref idref="fl-5"/>
      </object_component>
      <object_component id="oc-145">
         <name>.data</name>
         <load_address>0x200001e8</load_address>
         <run_address>0x200001e8</run_address>
         <size>0x4</size>
         <input_file_ref idref="fl-7"/>
      </object_component>
      <object_component id="oc-175">
         <name>.data:GPIO_PORT_TO_BASE</name>
         <load_address>0x200000e4</load_address>
         <run_address>0x200000e4</run_address>
         <size>0x30</size>
         <input_file_ref idref="fl-11"/>
      </object_component>
      <object_component id="oc-ac">
         <name>.data:$O1$$</name>
         <load_address>0x20000160</load_address>
         <run_address>0x20000160</run_address>
         <size>0xc</size>
         <input_file_ref idref="fl-df"/>
      </object_component>
      <object_component id="oc-183">
         <name>.data</name>
         <load_address>0x200001e0</load_address>
         <run_address>0x200001e0</run_address>
         <size>0x4</size>
         <input_file_ref idref="fl-e4"/>
      </object_component>
      <object_component id="oc-71">
         <name>.data</name>
         <load_address>0x200001e4</load_address>
         <run_address>0x200001e4</run_address>
         <size>0x4</size>
         <input_file_ref idref="fl-e6"/>
      </object_component>
      <object_component id="oc-af">
         <name>.data:$O1$$</name>
         <load_address>0x200001b0</load_address>
         <run_address>0x200001b0</run_address>
         <size>0x8</size>
         <input_file_ref idref="fl-e7"/>
      </object_component>
      <object_component id="oc-29a">
         <name>.data</name>
         <load_address>0x200001dc</load_address>
         <run_address>0x200001dc</run_address>
         <size>0x4</size>
         <input_file_ref idref="fl-fc"/>
      </object_component>
      <object_component id="oc-111">
         <name>.common:getUrl</name>
         <uninitialized>true</uninitialized>
         <run_address>0x20000250</run_address>
         <size>0x4</size>
      </object_component>
      <object_component id="oc-10a">
         <name>.common:temp</name>
         <uninitialized>true</uninitialized>
         <run_address>0x200001ec</run_address>
         <size>0x64</size>
      </object_component>
      <object_component id="oc-f5">
         <name>.common:temp2</name>
         <uninitialized>true</uninitialized>
         <run_address>0x20000254</run_address>
         <size>0x4</size>
      </object_component>
      <object_component id="oc-2f">
         <name>.stack</name>
         <uninitialized>true</uninitialized>
         <run_address>0x2000fe00</run_address>
         <size>0x0</size>
         <input_file_ref idref="fl-db"/>
      </object_component>
      <object_component id="oc-2ef">
         <name>.stack</name>
         <uninitialized>true</uninitialized>
         <run_address>0x2000fe00</run_address>
         <size>0x0</size>
      </object_component>
      <object_component id="oc-174">
         <name>.debug_info</name>
         <load_address>0x0</load_address>
         <run_address>0x0</run_address>
         <size>0x28d</size>
         <input_file_ref idref="fl-2"/>
      </object_component>
      <object_component id="oc-de">
         <name>.debug_info</name>
         <load_address>0x28d</load_address>
         <run_address>0x28d</run_address>
         <size>0x1126</size>
         <input_file_ref idref="fl-2"/>
      </object_component>
      <object_component id="oc-12b">
         <name>.debug_info</name>
         <load_address>0x13b3</load_address>
         <run_address>0x13b3</run_address>
         <size>0x8b</size>
         <input_file_ref idref="fl-2"/>
      </object_component>
      <object_component id="oc-149">
         <name>.debug_info</name>
         <load_address>0x143e</load_address>
         <run_address>0x143e</run_address>
         <size>0x18b</size>
         <input_file_ref idref="fl-2"/>
      </object_component>
      <object_component id="oc-190">
         <name>.debug_info</name>
         <load_address>0x15c9</load_address>
         <run_address>0x15c9</run_address>
         <size>0x4e</size>
         <input_file_ref idref="fl-2"/>
      </object_component>
      <object_component id="oc-164">
         <name>.debug_info</name>
         <load_address>0x1617</load_address>
         <run_address>0x1617</run_address>
         <size>0x8c1</size>
         <input_file_ref idref="fl-3"/>
      </object_component>
      <object_component id="oc-161">
         <name>.debug_info</name>
         <load_address>0x1ed8</load_address>
         <run_address>0x1ed8</run_address>
         <size>0xdc</size>
         <input_file_ref idref="fl-3"/>
      </object_component>
      <object_component id="oc-d2">
         <name>.debug_info</name>
         <load_address>0x1fb4</load_address>
         <run_address>0x1fb4</run_address>
         <size>0x951</size>
         <input_file_ref idref="fl-3"/>
      </object_component>
      <object_component id="oc-1cc">
         <name>.debug_info</name>
         <load_address>0x2905</load_address>
         <run_address>0x2905</run_address>
         <size>0x9a</size>
         <input_file_ref idref="fl-3"/>
      </object_component>
      <object_component id="oc-19c">
         <name>.debug_info</name>
         <load_address>0x299f</load_address>
         <run_address>0x299f</run_address>
         <size>0x103e</size>
         <input_file_ref idref="fl-3"/>
      </object_component>
      <object_component id="oc-197">
         <name>.debug_info</name>
         <load_address>0x39dd</load_address>
         <run_address>0x39dd</run_address>
         <size>0x37a3</size>
         <input_file_ref idref="fl-3"/>
      </object_component>
      <object_component id="oc-1d9">
         <name>.debug_info</name>
         <load_address>0x7180</load_address>
         <run_address>0x7180</run_address>
         <size>0xee</size>
         <input_file_ref idref="fl-3"/>
      </object_component>
      <object_component id="oc-172">
         <name>.debug_info</name>
         <load_address>0x726e</load_address>
         <run_address>0x726e</run_address>
         <size>0x3d5</size>
         <input_file_ref idref="fl-4"/>
      </object_component>
      <object_component id="oc-16f">
         <name>.debug_info</name>
         <load_address>0x7643</load_address>
         <run_address>0x7643</run_address>
         <size>0xdf</size>
         <input_file_ref idref="fl-4"/>
      </object_component>
      <object_component id="oc-16c">
         <name>.debug_info</name>
         <load_address>0x7722</load_address>
         <run_address>0x7722</run_address>
         <size>0xe5</size>
         <input_file_ref idref="fl-4"/>
      </object_component>
      <object_component id="oc-d8">
         <name>.debug_info</name>
         <load_address>0x7807</load_address>
         <run_address>0x7807</run_address>
         <size>0x322</size>
         <input_file_ref idref="fl-4"/>
      </object_component>
      <object_component id="oc-f6">
         <name>.debug_info</name>
         <load_address>0x7b29</load_address>
         <run_address>0x7b29</run_address>
         <size>0x86f</size>
         <input_file_ref idref="fl-5"/>
      </object_component>
      <object_component id="oc-113">
         <name>.debug_info</name>
         <load_address>0x8398</load_address>
         <run_address>0x8398</run_address>
         <size>0xcb</size>
         <input_file_ref idref="fl-5"/>
      </object_component>
      <object_component id="oc-116">
         <name>.debug_info</name>
         <load_address>0x8463</load_address>
         <run_address>0x8463</run_address>
         <size>0xcf</size>
         <input_file_ref idref="fl-5"/>
      </object_component>
      <object_component id="oc-119">
         <name>.debug_info</name>
         <load_address>0x8532</load_address>
         <run_address>0x8532</run_address>
         <size>0xcf</size>
         <input_file_ref idref="fl-5"/>
      </object_component>
      <object_component id="oc-11c">
         <name>.debug_info</name>
         <load_address>0x8601</load_address>
         <run_address>0x8601</run_address>
         <size>0xcf</size>
         <input_file_ref idref="fl-5"/>
      </object_component>
      <object_component id="oc-11f">
         <name>.debug_info</name>
         <load_address>0x86d0</load_address>
         <run_address>0x86d0</run_address>
         <size>0xcd</size>
         <input_file_ref idref="fl-5"/>
      </object_component>
      <object_component id="oc-122">
         <name>.debug_info</name>
         <load_address>0x879d</load_address>
         <run_address>0x879d</run_address>
         <size>0xcf</size>
         <input_file_ref idref="fl-5"/>
      </object_component>
      <object_component id="oc-125">
         <name>.debug_info</name>
         <load_address>0x886c</load_address>
         <run_address>0x886c</run_address>
         <size>0xd1</size>
         <input_file_ref idref="fl-5"/>
      </object_component>
      <object_component id="oc-128">
         <name>.debug_info</name>
         <load_address>0x893d</load_address>
         <run_address>0x893d</run_address>
         <size>0xcf</size>
         <input_file_ref idref="fl-5"/>
      </object_component>
      <object_component id="oc-fc">
         <name>.debug_info</name>
         <load_address>0x8a0c</load_address>
         <run_address>0x8a0c</run_address>
         <size>0xd5</size>
         <input_file_ref idref="fl-5"/>
      </object_component>
      <object_component id="oc-ff">
         <name>.debug_info</name>
         <load_address>0x8ae1</load_address>
         <run_address>0x8ae1</run_address>
         <size>0xd3</size>
         <input_file_ref idref="fl-5"/>
      </object_component>
      <object_component id="oc-102">
         <name>.debug_info</name>
         <load_address>0x8bb4</load_address>
         <run_address>0x8bb4</run_address>
         <size>0xd1</size>
         <input_file_ref idref="fl-5"/>
      </object_component>
      <object_component id="oc-105">
         <name>.debug_info</name>
         <load_address>0x8c85</load_address>
         <run_address>0x8c85</run_address>
         <size>0xd7</size>
         <input_file_ref idref="fl-5"/>
      </object_component>
      <object_component id="oc-108">
         <name>.debug_info</name>
         <load_address>0x8d5c</load_address>
         <run_address>0x8d5c</run_address>
         <size>0xd1</size>
         <input_file_ref idref="fl-5"/>
      </object_component>
      <object_component id="oc-10c">
         <name>.debug_info</name>
         <load_address>0x8e2d</load_address>
         <run_address>0x8e2d</run_address>
         <size>0xd5</size>
         <input_file_ref idref="fl-5"/>
      </object_component>
      <object_component id="oc-f9">
         <name>.debug_info</name>
         <load_address>0x8f02</load_address>
         <run_address>0x8f02</run_address>
         <size>0xd5</size>
         <input_file_ref idref="fl-5"/>
      </object_component>
      <object_component id="oc-10f">
         <name>.debug_info</name>
         <load_address>0x8fd7</load_address>
         <run_address>0x8fd7</run_address>
         <size>0xe8</size>
         <input_file_ref idref="fl-5"/>
      </object_component>
      <object_component id="oc-a5">
         <name>.debug_info</name>
         <load_address>0x90bf</load_address>
         <run_address>0x90bf</run_address>
         <size>0x75d</size>
         <input_file_ref idref="fl-5"/>
      </object_component>
      <object_component id="oc-7d">
         <name>.debug_info</name>
         <load_address>0x981c</load_address>
         <run_address>0x981c</run_address>
         <size>0x123</size>
         <input_file_ref idref="fl-6"/>
      </object_component>
      <object_component id="oc-2d">
         <name>.debug_info</name>
         <load_address>0x993f</load_address>
         <run_address>0x993f</run_address>
         <size>0xfa</size>
         <input_file_ref idref="fl-6"/>
      </object_component>
      <object_component id="oc-76">
         <name>.debug_info</name>
         <load_address>0x9a39</load_address>
         <run_address>0x9a39</run_address>
         <size>0x261</size>
         <input_file_ref idref="fl-6"/>
      </object_component>
      <object_component id="oc-36">
         <name>.debug_info</name>
         <load_address>0x9c9a</load_address>
         <run_address>0x9c9a</run_address>
         <size>0x84</size>
         <input_file_ref idref="fl-6"/>
      </object_component>
      <object_component id="oc-146">
         <name>.debug_info</name>
         <load_address>0x9d1e</load_address>
         <run_address>0x9d1e</run_address>
         <size>0xf3</size>
         <input_file_ref idref="fl-7"/>
      </object_component>
      <object_component id="oc-bb">
         <name>.debug_info</name>
         <load_address>0x9e11</load_address>
         <run_address>0x9e11</run_address>
         <size>0x265</size>
         <input_file_ref idref="fl-7"/>
      </object_component>
      <object_component id="oc-1e5">
         <name>.debug_info</name>
         <load_address>0xa076</load_address>
         <run_address>0xa076</run_address>
         <size>0x3c9</size>
         <input_file_ref idref="fl-b"/>
      </object_component>
      <object_component id="oc-182">
         <name>.debug_info</name>
         <load_address>0xa43f</load_address>
         <run_address>0xa43f</run_address>
         <size>0x4e5</size>
         <input_file_ref idref="fl-11"/>
      </object_component>
      <object_component id="oc-17f">
         <name>.debug_info</name>
         <load_address>0xa924</load_address>
         <run_address>0xa924</run_address>
         <size>0xfb</size>
         <input_file_ref idref="fl-11"/>
      </object_component>
      <object_component id="oc-176">
         <name>.debug_info</name>
         <load_address>0xaa1f</load_address>
         <run_address>0xaa1f</run_address>
         <size>0xfd</size>
         <input_file_ref idref="fl-11"/>
      </object_component>
      <object_component id="oc-e7">
         <name>.debug_info</name>
         <load_address>0xab1c</load_address>
         <run_address>0xab1c</run_address>
         <size>0x19fe</size>
         <input_file_ref idref="fl-11"/>
      </object_component>
      <object_component id="oc-1c7">
         <name>.debug_info</name>
         <load_address>0xc51a</load_address>
         <run_address>0xc51a</run_address>
         <size>0x4d4</size>
         <input_file_ref idref="fl-12"/>
      </object_component>
      <object_component id="oc-15e">
         <name>.debug_info</name>
         <load_address>0xc9ee</load_address>
         <run_address>0xc9ee</run_address>
         <size>0x2d1f</size>
         <input_file_ref idref="fl-12"/>
      </object_component>
      <object_component id="oc-1fe">
         <name>.debug_info</name>
         <load_address>0xf70d</load_address>
         <run_address>0xf70d</run_address>
         <size>0x473</size>
         <input_file_ref idref="fl-13"/>
      </object_component>
      <object_component id="oc-1ec">
         <name>.debug_info</name>
         <load_address>0xfb80</load_address>
         <run_address>0xfb80</run_address>
         <size>0xfa</size>
         <input_file_ref idref="fl-13"/>
      </object_component>
      <object_component id="oc-1ef">
         <name>.debug_info</name>
         <load_address>0xfc7a</load_address>
         <run_address>0xfc7a</run_address>
         <size>0xf2</size>
         <input_file_ref idref="fl-13"/>
      </object_component>
      <object_component id="oc-1f2">
         <name>.debug_info</name>
         <load_address>0xfd6c</load_address>
         <run_address>0xfd6c</run_address>
         <size>0xf6</size>
         <input_file_ref idref="fl-13"/>
      </object_component>
      <object_component id="oc-1f5">
         <name>.debug_info</name>
         <load_address>0xfe62</load_address>
         <run_address>0xfe62</run_address>
         <size>0xf8</size>
         <input_file_ref idref="fl-13"/>
      </object_component>
      <object_component id="oc-1f8">
         <name>.debug_info</name>
         <load_address>0xff5a</load_address>
         <run_address>0xff5a</run_address>
         <size>0xfa</size>
         <input_file_ref idref="fl-13"/>
      </object_component>
      <object_component id="oc-1fb">
         <name>.debug_info</name>
         <load_address>0x10054</load_address>
         <run_address>0x10054</run_address>
         <size>0xfe</size>
         <input_file_ref idref="fl-13"/>
      </object_component>
      <object_component id="oc-1e9">
         <name>.debug_info</name>
         <load_address>0x10152</load_address>
         <run_address>0x10152</run_address>
         <size>0xff</size>
         <input_file_ref idref="fl-13"/>
      </object_component>
      <object_component id="oc-179">
         <name>.debug_info</name>
         <load_address>0x10251</load_address>
         <run_address>0x10251</run_address>
         <size>0x11a2</size>
         <input_file_ref idref="fl-13"/>
      </object_component>
      <object_component id="oc-1d2">
         <name>.debug_info</name>
         <load_address>0x113f3</load_address>
         <run_address>0x113f3</run_address>
         <size>0x4cf</size>
         <input_file_ref idref="fl-20"/>
      </object_component>
      <object_component id="oc-167">
         <name>.debug_info</name>
         <load_address>0x118c2</load_address>
         <run_address>0x118c2</run_address>
         <size>0x1620</size>
         <input_file_ref idref="fl-20"/>
      </object_component>
      <object_component id="oc-27">
         <name>.debug_info</name>
         <load_address>0x12ee2</load_address>
         <run_address>0x12ee2</run_address>
         <size>0x160</size>
         <input_file_ref idref="fl-db"/>
      </object_component>
      <object_component id="oc-83">
         <name>.debug_info</name>
         <load_address>0x13042</load_address>
         <run_address>0x13042</run_address>
         <size>0xf9</size>
         <input_file_ref idref="fl-dc"/>
      </object_component>
      <object_component id="oc-15">
         <name>.debug_info</name>
         <load_address>0x1313b</load_address>
         <run_address>0x1313b</run_address>
         <size>0x245</size>
         <input_file_ref idref="fl-dc"/>
      </object_component>
      <object_component id="oc-31">
         <name>.debug_info</name>
         <load_address>0x13380</load_address>
         <run_address>0x13380</run_address>
         <size>0x60</size>
         <input_file_ref idref="fl-dc"/>
      </object_component>
      <object_component id="oc-7e">
         <name>.debug_info</name>
         <load_address>0x133e0</load_address>
         <run_address>0x133e0</run_address>
         <size>0x46</size>
         <input_file_ref idref="fl-dc"/>
      </object_component>
      <object_component id="oc-46">
         <name>.debug_info</name>
         <load_address>0x13426</load_address>
         <run_address>0x13426</run_address>
         <size>0x140</size>
         <input_file_ref idref="fl-dd"/>
      </object_component>
      <object_component id="oc-1b">
         <name>.debug_info</name>
         <load_address>0x13566</load_address>
         <run_address>0x13566</run_address>
         <size>0x1df</size>
         <input_file_ref idref="fl-dd"/>
      </object_component>
      <object_component id="oc-41">
         <name>.debug_info</name>
         <load_address>0x13745</load_address>
         <run_address>0x13745</run_address>
         <size>0x46</size>
         <input_file_ref idref="fl-dd"/>
      </object_component>
      <object_component id="oc-85">
         <name>.debug_info</name>
         <load_address>0x1378b</load_address>
         <run_address>0x1378b</run_address>
         <size>0x2c</size>
         <input_file_ref idref="fl-dd"/>
      </object_component>
      <object_component id="oc-52">
         <name>.debug_info</name>
         <load_address>0x137b7</load_address>
         <run_address>0x137b7</run_address>
         <size>0x12f</size>
         <input_file_ref idref="fl-de"/>
      </object_component>
      <object_component id="oc-21">
         <name>.debug_info</name>
         <load_address>0x138e6</load_address>
         <run_address>0x138e6</run_address>
         <size>0x1aa</size>
         <input_file_ref idref="fl-de"/>
      </object_component>
      <object_component id="oc-4d">
         <name>.debug_info</name>
         <load_address>0x13a90</load_address>
         <run_address>0x13a90</run_address>
         <size>0x46</size>
         <input_file_ref idref="fl-de"/>
      </object_component>
      <object_component id="oc-8d">
         <name>.debug_info</name>
         <load_address>0x13ad6</load_address>
         <run_address>0x13ad6</run_address>
         <size>0x2c</size>
         <input_file_ref idref="fl-de"/>
      </object_component>
      <object_component id="oc-b3">
         <name>.debug_info</name>
         <load_address>0x13b02</load_address>
         <run_address>0x13b02</run_address>
         <size>0x234</size>
         <input_file_ref idref="fl-df"/>
      </object_component>
      <object_component id="oc-ad">
         <name>.debug_info</name>
         <load_address>0x13d36</load_address>
         <run_address>0x13d36</run_address>
         <size>0x185</size>
         <input_file_ref idref="fl-df"/>
      </object_component>
      <object_component id="oc-6e">
         <name>.debug_info</name>
         <load_address>0x13ebb</load_address>
         <run_address>0x13ebb</run_address>
         <size>0x214</size>
         <input_file_ref idref="fl-df"/>
      </object_component>
      <object_component id="oc-3c">
         <name>.debug_info</name>
         <load_address>0x140cf</load_address>
         <run_address>0x140cf</run_address>
         <size>0x111</size>
         <input_file_ref idref="fl-e0"/>
      </object_component>
      <object_component id="oc-48">
         <name>.debug_info</name>
         <load_address>0x141e0</load_address>
         <run_address>0x141e0</run_address>
         <size>0x13f</size>
         <input_file_ref idref="fl-e1"/>
      </object_component>
      <object_component id="oc-57">
         <name>.debug_info</name>
         <load_address>0x1431f</load_address>
         <run_address>0x1431f</run_address>
         <size>0x138</size>
         <input_file_ref idref="fl-e2"/>
      </object_component>
      <object_component id="oc-5d">
         <name>.debug_info</name>
         <load_address>0x14457</load_address>
         <run_address>0x14457</run_address>
         <size>0x148</size>
         <input_file_ref idref="fl-e3"/>
      </object_component>
      <object_component id="oc-187">
         <name>.debug_info</name>
         <load_address>0x1459f</load_address>
         <run_address>0x1459f</run_address>
         <size>0x115</size>
         <input_file_ref idref="fl-e4"/>
      </object_component>
      <object_component id="oc-184">
         <name>.debug_info</name>
         <load_address>0x146b4</load_address>
         <run_address>0x146b4</run_address>
         <size>0xf0</size>
         <input_file_ref idref="fl-e4"/>
      </object_component>
      <object_component id="oc-ea">
         <name>.debug_info</name>
         <load_address>0x147a4</load_address>
         <run_address>0x147a4</run_address>
         <size>0x1a4</size>
         <input_file_ref idref="fl-e4"/>
      </object_component>
      <object_component id="oc-18f">
         <name>.debug_info</name>
         <load_address>0x14948</load_address>
         <run_address>0x14948</run_address>
         <size>0x1bb</size>
         <input_file_ref idref="fl-e5"/>
      </object_component>
      <object_component id="oc-f1">
         <name>.debug_info</name>
         <load_address>0x14b03</load_address>
         <run_address>0x14b03</run_address>
         <size>0x2e4</size>
         <input_file_ref idref="fl-e5"/>
      </object_component>
      <object_component id="oc-265">
         <name>.debug_info</name>
         <load_address>0x14de7</load_address>
         <run_address>0x14de7</run_address>
         <size>0x2c</size>
         <input_file_ref idref="fl-e5"/>
      </object_component>
      <object_component id="oc-72">
         <name>.debug_info</name>
         <load_address>0x14e13</load_address>
         <run_address>0x14e13</run_address>
         <size>0x109</size>
         <input_file_ref idref="fl-e6"/>
      </object_component>
      <object_component id="oc-141">
         <name>.debug_info</name>
         <load_address>0x14f1c</load_address>
         <run_address>0x14f1c</run_address>
         <size>0x124</size>
         <input_file_ref idref="fl-e7"/>
      </object_component>
      <object_component id="oc-b0">
         <name>.debug_info</name>
         <load_address>0x15040</load_address>
         <run_address>0x15040</run_address>
         <size>0x113</size>
         <input_file_ref idref="fl-e7"/>
      </object_component>
      <object_component id="oc-13a">
         <name>.debug_info</name>
         <load_address>0x15153</load_address>
         <run_address>0x15153</run_address>
         <size>0x21f</size>
         <input_file_ref idref="fl-e7"/>
      </object_component>
      <object_component id="oc-25a">
         <name>.debug_info</name>
         <load_address>0x15372</load_address>
         <run_address>0x15372</run_address>
         <size>0x385</size>
         <input_file_ref idref="fl-e8"/>
      </object_component>
      <object_component id="oc-18c">
         <name>.debug_info</name>
         <load_address>0x156f7</load_address>
         <run_address>0x156f7</run_address>
         <size>0x1543</size>
         <input_file_ref idref="fl-e8"/>
      </object_component>
      <object_component id="oc-25b">
         <name>.debug_info</name>
         <load_address>0x16c3a</load_address>
         <run_address>0x16c3a</run_address>
         <size>0x86</size>
         <input_file_ref idref="fl-e8"/>
      </object_component>
      <object_component id="oc-2aa">
         <name>.debug_info</name>
         <load_address>0x16cc0</load_address>
         <run_address>0x16cc0</run_address>
         <size>0x46</size>
         <input_file_ref idref="fl-e8"/>
      </object_component>
      <object_component id="oc-260">
         <name>.debug_info</name>
         <load_address>0x16d06</load_address>
         <run_address>0x16d06</run_address>
         <size>0x39</size>
         <input_file_ref idref="fl-e8"/>
      </object_component>
      <object_component id="oc-ab">
         <name>.debug_info</name>
         <load_address>0x16d3f</load_address>
         <run_address>0x16d3f</run_address>
         <size>0x166</size>
         <input_file_ref idref="fl-e9"/>
      </object_component>
      <object_component id="oc-66">
         <name>.debug_info</name>
         <load_address>0x16ea5</load_address>
         <run_address>0x16ea5</run_address>
         <size>0x167</size>
         <input_file_ref idref="fl-e9"/>
      </object_component>
      <object_component id="oc-132">
         <name>.debug_info</name>
         <load_address>0x1700c</load_address>
         <run_address>0x1700c</run_address>
         <size>0x5e</size>
         <input_file_ref idref="fl-e9"/>
      </object_component>
      <object_component id="oc-2a5">
         <name>.debug_info</name>
         <load_address>0x1706a</load_address>
         <run_address>0x1706a</run_address>
         <size>0x114</size>
         <input_file_ref idref="fl-ea"/>
      </object_component>
      <object_component id="oc-24e">
         <name>.debug_info</name>
         <load_address>0x1717e</load_address>
         <run_address>0x1717e</run_address>
         <size>0x171</size>
         <input_file_ref idref="fl-ea"/>
      </object_component>
      <object_component id="oc-a3">
         <name>.debug_info</name>
         <load_address>0x172ef</load_address>
         <run_address>0x172ef</run_address>
         <size>0x2e9</size>
         <input_file_ref idref="fl-eb"/>
      </object_component>
      <object_component id="oc-62">
         <name>.debug_info</name>
         <load_address>0x175d8</load_address>
         <run_address>0x175d8</run_address>
         <size>0x190</size>
         <input_file_ref idref="fl-eb"/>
      </object_component>
      <object_component id="oc-c7">
         <name>.debug_info</name>
         <load_address>0x17768</load_address>
         <run_address>0x17768</run_address>
         <size>0x39</size>
         <input_file_ref idref="fl-eb"/>
      </object_component>
      <object_component id="oc-155">
         <name>.debug_info</name>
         <load_address>0x177a1</load_address>
         <run_address>0x177a1</run_address>
         <size>0x39</size>
         <input_file_ref idref="fl-eb"/>
      </object_component>
      <object_component id="oc-cc">
         <name>.debug_info</name>
         <load_address>0x177da</load_address>
         <run_address>0x177da</run_address>
         <size>0xcd</size>
         <input_file_ref idref="fl-eb"/>
      </object_component>
      <object_component id="oc-c3">
         <name>.debug_info</name>
         <load_address>0x178a7</load_address>
         <run_address>0x178a7</run_address>
         <size>0x1e0</size>
         <input_file_ref idref="fl-ec"/>
      </object_component>
      <object_component id="oc-97">
         <name>.debug_info</name>
         <load_address>0x17a87</load_address>
         <run_address>0x17a87</run_address>
         <size>0x183</size>
         <input_file_ref idref="fl-ec"/>
      </object_component>
      <object_component id="oc-150">
         <name>.debug_info</name>
         <load_address>0x17c0a</load_address>
         <run_address>0x17c0a</run_address>
         <size>0x2c</size>
         <input_file_ref idref="fl-ec"/>
      </object_component>
      <object_component id="oc-2be">
         <name>.debug_info</name>
         <load_address>0x17c36</load_address>
         <run_address>0x17c36</run_address>
         <size>0xee</size>
         <input_file_ref idref="fl-ed"/>
      </object_component>
      <object_component id="oc-2a2">
         <name>.debug_info</name>
         <load_address>0x17d24</load_address>
         <run_address>0x17d24</run_address>
         <size>0xfa</size>
         <input_file_ref idref="fl-ed"/>
      </object_component>
      <object_component id="oc-238">
         <name>.debug_info</name>
         <load_address>0x17e1e</load_address>
         <run_address>0x17e1e</run_address>
         <size>0x144</size>
         <input_file_ref idref="fl-ee"/>
      </object_component>
      <object_component id="oc-215">
         <name>.debug_info</name>
         <load_address>0x17f62</load_address>
         <run_address>0x17f62</run_address>
         <size>0x120</size>
         <input_file_ref idref="fl-ef"/>
      </object_component>
      <object_component id="oc-224">
         <name>.debug_info</name>
         <load_address>0x18082</load_address>
         <run_address>0x18082</run_address>
         <size>0x122</size>
         <input_file_ref idref="fl-ef"/>
      </object_component>
      <object_component id="oc-21f">
         <name>.debug_info</name>
         <load_address>0x181a4</load_address>
         <run_address>0x181a4</run_address>
         <size>0x132</size>
         <input_file_ref idref="fl-f0"/>
      </object_component>
      <object_component id="oc-218">
         <name>.debug_info</name>
         <load_address>0x182d6</load_address>
         <run_address>0x182d6</run_address>
         <size>0x132</size>
         <input_file_ref idref="fl-f1"/>
      </object_component>
      <object_component id="oc-227">
         <name>.debug_info</name>
         <load_address>0x18408</load_address>
         <run_address>0x18408</run_address>
         <size>0x126</size>
         <input_file_ref idref="fl-f2"/>
      </object_component>
      <object_component id="oc-233">
         <name>.debug_info</name>
         <load_address>0x1852e</load_address>
         <run_address>0x1852e</run_address>
         <size>0x124</size>
         <input_file_ref idref="fl-f3"/>
      </object_component>
      <object_component id="oc-28a">
         <name>.debug_info</name>
         <load_address>0x18652</load_address>
         <run_address>0x18652</run_address>
         <size>0x14c</size>
         <input_file_ref idref="fl-f4"/>
      </object_component>
      <object_component id="oc-22c">
         <name>.debug_info</name>
         <load_address>0x1879e</load_address>
         <run_address>0x1879e</run_address>
         <size>0x1c2</size>
         <input_file_ref idref="fl-f4"/>
      </object_component>
      <object_component id="oc-2a7">
         <name>.debug_info</name>
         <load_address>0x18960</load_address>
         <run_address>0x18960</run_address>
         <size>0xf1</size>
         <input_file_ref idref="fl-f5"/>
      </object_component>
      <object_component id="oc-256">
         <name>.debug_info</name>
         <load_address>0x18a51</load_address>
         <run_address>0x18a51</run_address>
         <size>0x1ab</size>
         <input_file_ref idref="fl-f5"/>
      </object_component>
      <object_component id="oc-28e">
         <name>.debug_info</name>
         <load_address>0x18bfc</load_address>
         <run_address>0x18bfc</run_address>
         <size>0x13f</size>
         <input_file_ref idref="fl-f6"/>
      </object_component>
      <object_component id="oc-23f">
         <name>.debug_info</name>
         <load_address>0x18d3b</load_address>
         <run_address>0x18d3b</run_address>
         <size>0x18a</size>
         <input_file_ref idref="fl-f6"/>
      </object_component>
      <object_component id="oc-28f">
         <name>.debug_info</name>
         <load_address>0x18ec5</load_address>
         <run_address>0x18ec5</run_address>
         <size>0x2c</size>
         <input_file_ref idref="fl-f6"/>
      </object_component>
      <object_component id="oc-29e">
         <name>.debug_info</name>
         <load_address>0x18ef1</load_address>
         <run_address>0x18ef1</run_address>
         <size>0x17c</size>
         <input_file_ref idref="fl-f7"/>
      </object_component>
      <object_component id="oc-243">
         <name>.debug_info</name>
         <load_address>0x1906d</load_address>
         <run_address>0x1906d</run_address>
         <size>0x1d5</size>
         <input_file_ref idref="fl-f7"/>
      </object_component>
      <object_component id="oc-9d">
         <name>.debug_info</name>
         <load_address>0x19242</load_address>
         <run_address>0x19242</run_address>
         <size>0x145</size>
         <input_file_ref idref="fl-f8"/>
      </object_component>
      <object_component id="oc-2a0">
         <name>.debug_info</name>
         <load_address>0x19387</load_address>
         <run_address>0x19387</run_address>
         <size>0xf5</size>
         <input_file_ref idref="fl-f9"/>
      </object_component>
      <object_component id="oc-24a">
         <name>.debug_info</name>
         <load_address>0x1947c</load_address>
         <run_address>0x1947c</run_address>
         <size>0x244</size>
         <input_file_ref idref="fl-f9"/>
      </object_component>
      <object_component id="oc-283">
         <name>.debug_info</name>
         <load_address>0x196c0</load_address>
         <run_address>0x196c0</run_address>
         <size>0xea</size>
         <input_file_ref idref="fl-fa"/>
      </object_component>
      <object_component id="oc-20e">
         <name>.debug_info</name>
         <load_address>0x197aa</load_address>
         <run_address>0x197aa</run_address>
         <size>0x22a</size>
         <input_file_ref idref="fl-fa"/>
      </object_component>
      <object_component id="oc-20a">
         <name>.debug_info</name>
         <load_address>0x199d4</load_address>
         <run_address>0x199d4</run_address>
         <size>0x17d</size>
         <input_file_ref idref="fl-fb"/>
      </object_component>
      <object_component id="oc-29b">
         <name>.debug_info</name>
         <load_address>0x19b51</load_address>
         <run_address>0x19b51</run_address>
         <size>0xf3</size>
         <input_file_ref idref="fl-fc"/>
      </object_component>
      <object_component id="oc-297">
         <name>.debug_info</name>
         <load_address>0x19c44</load_address>
         <run_address>0x19c44</run_address>
         <size>0x156</size>
         <input_file_ref idref="fl-fd"/>
      </object_component>
      <object_component id="oc-2f0">
         <name>.debug_info</name>
         <load_address>0x19d9a</load_address>
         <run_address>0x19d9a</run_address>
         <size>0xa9</size>
      </object_component>
      <object_component id="oc-1df">
         <name>.debug_line</name>
         <load_address>0x0</load_address>
         <run_address>0x0</run_address>
         <size>0x85</size>
         <input_file_ref idref="fl-2"/>
      </object_component>
      <object_component id="oc-e1">
         <name>.debug_line</name>
         <load_address>0x85</load_address>
         <run_address>0x85</run_address>
         <size>0x2ce</size>
         <input_file_ref idref="fl-2"/>
      </object_component>
      <object_component id="oc-12e">
         <name>.debug_line</name>
         <load_address>0x353</load_address>
         <run_address>0x353</run_address>
         <size>0x20</size>
         <input_file_ref idref="fl-2"/>
      </object_component>
      <object_component id="oc-14c">
         <name>.debug_line</name>
         <load_address>0x373</load_address>
         <run_address>0x373</run_address>
         <size>0x65</size>
         <input_file_ref idref="fl-2"/>
      </object_component>
      <object_component id="oc-193">
         <name>.debug_line</name>
         <load_address>0x3d8</load_address>
         <run_address>0x3d8</run_address>
         <size>0x65</size>
         <input_file_ref idref="fl-2"/>
      </object_component>
      <object_component id="oc-1cb">
         <name>.debug_line</name>
         <load_address>0x43d</load_address>
         <run_address>0x43d</run_address>
         <size>0xc7</size>
         <input_file_ref idref="fl-3"/>
      </object_component>
      <object_component id="oc-1c9">
         <name>.debug_line</name>
         <load_address>0x504</load_address>
         <run_address>0x504</run_address>
         <size>0x30</size>
         <input_file_ref idref="fl-3"/>
      </object_component>
      <object_component id="oc-d5">
         <name>.debug_line</name>
         <load_address>0x534</load_address>
         <run_address>0x534</run_address>
         <size>0x14a</size>
         <input_file_ref idref="fl-3"/>
      </object_component>
      <object_component id="oc-1cf">
         <name>.debug_line</name>
         <load_address>0x67e</load_address>
         <run_address>0x67e</run_address>
         <size>0x73</size>
         <input_file_ref idref="fl-3"/>
      </object_component>
      <object_component id="oc-19f">
         <name>.debug_line</name>
         <load_address>0x6f1</load_address>
         <run_address>0x6f1</run_address>
         <size>0x55</size>
         <input_file_ref idref="fl-3"/>
      </object_component>
      <object_component id="oc-19a">
         <name>.debug_line</name>
         <load_address>0x746</load_address>
         <run_address>0x746</run_address>
         <size>0x52</size>
         <input_file_ref idref="fl-3"/>
      </object_component>
      <object_component id="oc-1dc">
         <name>.debug_line</name>
         <load_address>0x798</load_address>
         <run_address>0x798</run_address>
         <size>0x74</size>
         <input_file_ref idref="fl-3"/>
      </object_component>
      <object_component id="oc-1d8">
         <name>.debug_line</name>
         <load_address>0x80c</load_address>
         <run_address>0x80c</run_address>
         <size>0x74</size>
         <input_file_ref idref="fl-4"/>
      </object_component>
      <object_component id="oc-1d6">
         <name>.debug_line</name>
         <load_address>0x880</load_address>
         <run_address>0x880</run_address>
         <size>0x31</size>
         <input_file_ref idref="fl-4"/>
      </object_component>
      <object_component id="oc-1d4">
         <name>.debug_line</name>
         <load_address>0x8b1</load_address>
         <run_address>0x8b1</run_address>
         <size>0x31</size>
         <input_file_ref idref="fl-4"/>
      </object_component>
      <object_component id="oc-dc">
         <name>.debug_line</name>
         <load_address>0x8e2</load_address>
         <run_address>0x8e2</run_address>
         <size>0xce</size>
         <input_file_ref idref="fl-4"/>
      </object_component>
      <object_component id="oc-196">
         <name>.debug_line</name>
         <load_address>0x9b0</load_address>
         <run_address>0x9b0</run_address>
         <size>0x13f</size>
         <input_file_ref idref="fl-5"/>
      </object_component>
      <object_component id="oc-1b2">
         <name>.debug_line</name>
         <load_address>0xaef</load_address>
         <run_address>0xaef</run_address>
         <size>0x2d</size>
         <input_file_ref idref="fl-5"/>
      </object_component>
      <object_component id="oc-1b4">
         <name>.debug_line</name>
         <load_address>0xb1c</load_address>
         <run_address>0xb1c</run_address>
         <size>0x2d</size>
         <input_file_ref idref="fl-5"/>
      </object_component>
      <object_component id="oc-1b6">
         <name>.debug_line</name>
         <load_address>0xb49</load_address>
         <run_address>0xb49</run_address>
         <size>0x2d</size>
         <input_file_ref idref="fl-5"/>
      </object_component>
      <object_component id="oc-1b8">
         <name>.debug_line</name>
         <load_address>0xb76</load_address>
         <run_address>0xb76</run_address>
         <size>0x2d</size>
         <input_file_ref idref="fl-5"/>
      </object_component>
      <object_component id="oc-1ba">
         <name>.debug_line</name>
         <load_address>0xba3</load_address>
         <run_address>0xba3</run_address>
         <size>0x2d</size>
         <input_file_ref idref="fl-5"/>
      </object_component>
      <object_component id="oc-1bc">
         <name>.debug_line</name>
         <load_address>0xbd0</load_address>
         <run_address>0xbd0</run_address>
         <size>0x2d</size>
         <input_file_ref idref="fl-5"/>
      </object_component>
      <object_component id="oc-1be">
         <name>.debug_line</name>
         <load_address>0xbfd</load_address>
         <run_address>0xbfd</run_address>
         <size>0x2d</size>
         <input_file_ref idref="fl-5"/>
      </object_component>
      <object_component id="oc-1c0">
         <name>.debug_line</name>
         <load_address>0xc2a</load_address>
         <run_address>0xc2a</run_address>
         <size>0x2d</size>
         <input_file_ref idref="fl-5"/>
      </object_component>
      <object_component id="oc-1a4">
         <name>.debug_line</name>
         <load_address>0xc57</load_address>
         <run_address>0xc57</run_address>
         <size>0x2d</size>
         <input_file_ref idref="fl-5"/>
      </object_component>
      <object_component id="oc-1a6">
         <name>.debug_line</name>
         <load_address>0xc84</load_address>
         <run_address>0xc84</run_address>
         <size>0x2d</size>
         <input_file_ref idref="fl-5"/>
      </object_component>
      <object_component id="oc-1a8">
         <name>.debug_line</name>
         <load_address>0xcb1</load_address>
         <run_address>0xcb1</run_address>
         <size>0x2d</size>
         <input_file_ref idref="fl-5"/>
      </object_component>
      <object_component id="oc-1aa">
         <name>.debug_line</name>
         <load_address>0xcde</load_address>
         <run_address>0xcde</run_address>
         <size>0x2d</size>
         <input_file_ref idref="fl-5"/>
      </object_component>
      <object_component id="oc-1ac">
         <name>.debug_line</name>
         <load_address>0xd0b</load_address>
         <run_address>0xd0b</run_address>
         <size>0x2d</size>
         <input_file_ref idref="fl-5"/>
      </object_component>
      <object_component id="oc-1ae">
         <name>.debug_line</name>
         <load_address>0xd38</load_address>
         <run_address>0xd38</run_address>
         <size>0x2d</size>
         <input_file_ref idref="fl-5"/>
      </object_component>
      <object_component id="oc-1a2">
         <name>.debug_line</name>
         <load_address>0xd65</load_address>
         <run_address>0xd65</run_address>
         <size>0x2d</size>
         <input_file_ref idref="fl-5"/>
      </object_component>
      <object_component id="oc-1b0">
         <name>.debug_line</name>
         <load_address>0xd92</load_address>
         <run_address>0xd92</run_address>
         <size>0x2d</size>
         <input_file_ref idref="fl-5"/>
      </object_component>
      <object_component id="oc-a8">
         <name>.debug_line</name>
         <load_address>0xdbf</load_address>
         <run_address>0xdbf</run_address>
         <size>0x196</size>
         <input_file_ref idref="fl-5"/>
      </object_component>
      <object_component id="oc-bf">
         <name>.debug_line</name>
         <load_address>0xf55</load_address>
         <run_address>0xf55</run_address>
[...]
      <symbol id="sm-35b">
         <name>I2C_slaveSendNAK</name>
         <value>0x21b3</value>
         <object_component_ref idref="oc-15a"/>
      </symbol>
      <symbol id="sm-35c">
         <name>I2C_clearInterruptFlag</name>
         <value>0x209d</value>
         <object_component_ref idref="oc-15a"/>
      </symbol>
      <symbol id="sm-35d">
         <name>I2C_initSlave</name>
         <value>0x1a9f</value>
         <object_component_ref idref="oc-15a"/>
      </symbol>
      <symbol id="sm-35e">
         <name>I2C_masterIsStopSent</name>
         <value>0x1ff3</value>
         <object_component_ref idref="oc-15a"/>
      </symbol>
      <symbol id="sm-35f">
         <name>I2C_masterSendMultiByteFinishWithTimeout</name>
         <value>0x1df9</value>
         <object_component_ref idref="oc-15a"/>
      </symbol>
      <symbol id="sm-360">
         <name>I2C_masterReceiveSingle</name>
         <value>0x1fad</value>
         <object_component_ref idref="oc-15a"/>
      </symbol>
      <symbol id="sm-361">
         <name>I2C_setSlaveAddress</name>
         <value>0x1b05</value>
         <object_component_ref idref="oc-15a"/>
      </symbol>
      <symbol id="sm-362">
         <name>I2C_masterSendStart</name>
         <value>0x201d</value>
         <object_component_ref idref="oc-15a"/>
      </symbol>
      <symbol id="sm-363">
         <name>I2C_initMaster</name>
         <value>0x1a3d</value>
         <object_component_ref idref="oc-15a"/>
      </symbol>
      <symbol id="sm-364">
         <name>I2C_registerInterrupt</name>
         <value>0x20f1</value>
         <object_component_ref idref="oc-15a"/>
      </symbol>
      <symbol id="sm-365">
         <name>I2C_slaveGetData</name>
         <value>0x1b7f</value>
         <object_component_ref idref="oc-15a"/>
      </symbol>
      <symbol id="sm-366">
         <name>I2C_masterSendMultiByteStopWithTimeout</name>
         <value>0x1e8f</value>
         <object_component_ref idref="oc-15a"/>
      </symbol>
      <symbol id="sm-367">
         <name>I2C_disableMultiMasterMode</name>
         <value>0x2051</value>
         <object_component_ref idref="oc-15a"/>
      </symbol>
      <symbol id="sm-368">
         <name>I2C_masterSendMultiByteNextWithTimeout</name>
         <value>0x1d6d</value>
         <object_component_ref idref="oc-15a"/>
      </symbol>
      <symbol id="sm-369">
         <name>I2C_enableInterrupt</name>
         <value>0x2071</value>
         <object_component_ref idref="oc-15a"/>
      </symbol>
      <symbol id="sm-36a">
         <name>I2C_masterReceiveSingleByte</name>
         <value>0x1b35</value>
         <object_component_ref idref="oc-15a"/>
      </symbol>
      <symbol id="sm-36b">
         <name>I2C_disableModule</name>
         <value>0x1aef</value>
         <object_component_ref idref="oc-15a"/>
      </symbol>
      <symbol id="sm-36c">
         <name>I2C_getTransmitBufferAddressForDMA</name>
         <value>0x1fe5</value>
         <object_component_ref idref="oc-15a"/>
      </symbol>
      <symbol id="sm-3ef">
         <name>Interrupt_disableMaster</name>
         <value>0x2f9f</value>
         <object_component_ref idref="oc-178"/>
      </symbol>
      <symbol id="sm-3f0">
         <name>Interrupt_disableInterrupt</name>
         <value>0x314f</value>
         <object_component_ref idref="oc-178"/>
      </symbol>
      <symbol id="sm-3f1">
         <name>Interrupt_getPriorityMask</name>
         <value>0x331b</value>
         <object_component_ref idref="oc-178"/>
      </symbol>
      <symbol id="sm-3f2">
         <name>Interrupt_unpendInterrupt</name>
         <value>0x32bd</value>
         <object_component_ref idref="oc-178"/>
      </symbol>
      <symbol id="sm-3f3">
         <name>Interrupt_setPriorityMask</name>
         <value>0x330b</value>
         <object_component_ref idref="oc-178"/>
      </symbol>
      <symbol id="sm-3f4">
         <name>Interrupt_unregisterInterrupt</name>
         <value>0x3001</value>
         <object_component_ref idref="oc-178"/>
      </symbol>
      <symbol id="sm-3f5">
         <name>Interrupt_setVectorTableAddress</name>
         <value>0x3325</value>
         <object_component_ref idref="oc-178"/>
      </symbol>
      <symbol id="sm-3f6">
         <name>Interrupt_setPriority</name>
         <value>0x3067</value>
         <object_component_ref idref="oc-178"/>
      </symbol>
      <symbol id="sm-3f7">
         <name>Interrupt_enableSleepOnIsrExit</name>
         <value>0x333b</value>
         <object_component_ref idref="oc-178"/>
      </symbol>
      <symbol id="sm-3f8">
         <name>Interrupt_enableMaster</name>
         <value>0x2f8f</value>
         <object_component_ref idref="oc-178"/>
      </symbol>
      <symbol id="sm-3f9">
         <name>Interrupt_enableInterrupt</name>
         <value>0x30dd</value>
         <object_component_ref idref="oc-178"/>
      </symbol>
      <symbol id="sm-3fa">
         <name>Interrupt_getPriority</name>
         <value>0x30b7</value>
         <object_component_ref idref="oc-178"/>
      </symbol>
      <symbol id="sm-3fb">
         <name>Interrupt_registerInterrupt</name>
         <value>0x2faf</value>
         <object_component_ref idref="oc-178"/>
      </symbol>
      <symbol id="sm-3fc">
         <name>g_pfnRAMVectors</name>
         <value>0x20000000</value>
         <object_component_ref idref="oc-1e8"/>
      </symbol>
      <symbol id="sm-3fd">
         <name>Interrupt_disableSleepOnIsrExit</name>
         <value>0x334d</value>
         <object_component_ref idref="oc-178"/>
      </symbol>
      <symbol id="sm-3fe">
         <name>Interrupt_setPriorityGrouping</name>
         <value>0x3015</value>
         <object_component_ref idref="oc-178"/>
      </symbol>
      <symbol id="sm-3ff">
         <name>Interrupt_getPriorityGrouping</name>
         <value>0x302f</value>
         <object_component_ref idref="oc-178"/>
      </symbol>
      <symbol id="sm-400">
         <name>Interrupt_getVectorTableAddress</name>
         <value>0x3335</value>
         <object_component_ref idref="oc-178"/>
      </symbol>
      <symbol id="sm-401">
         <name>Interrupt_isEnabled</name>
         <value>0x31c1</value>
         <object_component_ref idref="oc-178"/>
      </symbol>
      <symbol id="sm-402">
         <name>Interrupt_pendInterrupt</name>
         <value>0x324d</value>
         <object_component_ref idref="oc-178"/>
      </symbol>
      <symbol id="sm-460">
         <name>UART_unregisterInterrupt</name>
         <value>0x2f21</value>
         <object_component_ref idref="oc-165"/>
      </symbol>
      <symbol id="sm-461">
         <name>UART_enableInterrupt</name>
         <value>0x2dad</value>
         <object_component_ref idref="oc-165"/>
      </symbol>
      <symbol id="sm-462">
         <name>UART_receiveData</name>
         <value>0x2c83</value>
         <object_component_ref idref="oc-165"/>
      </symbol>
      <symbol id="sm-463">
         <name>UART_enableModule</name>
         <value>0x2ca9</value>
         <object_component_ref idref="oc-165"/>
      </symbol>
      <symbol id="sm-464">
         <name>UART_disableModule</name>
         <value>0x2cbf</value>
         <object_component_ref idref="oc-165"/>
      </symbol>
      <symbol id="sm-465">
         <name>UART_getEnabledInterruptStatus</name>
         <value>0x2e29</value>
         <object_component_ref idref="oc-165"/>
      </symbol>
      <symbol id="sm-466">
         <name>UART_transmitData</name>
         <value>0x2c59</value>
         <object_component_ref idref="oc-165"/>
      </symbol>
      <symbol id="sm-467">
         <name>UART_transmitBreak</name>
         <value>0x2d2f</value>
         <object_component_ref idref="oc-165"/>
      </symbol>
      <symbol id="sm-468">
         <name>UART_registerInterrupt</name>
         <value>0x2ea5</value>
         <object_component_ref idref="oc-165"/>
      </symbol>
      <symbol id="sm-469">
         <name>UART_selectDeglitchTime</name>
         <value>0x2d91</value>
         <object_component_ref idref="oc-165"/>
      </symbol>
      <symbol id="sm-46a">
         <name>UART_getInterruptStatus</name>
         <value>0x2e0d</value>
         <object_component_ref idref="oc-165"/>
      </symbol>
      <symbol id="sm-46b">
         <name>UART_getReceiveBufferAddressForDMA</name>
         <value>0x2d75</value>
         <object_component_ref idref="oc-165"/>
      </symbol>
      <symbol id="sm-46c">
         <name>UART_getTransmitBufferAddressForDMA</name>
         <value>0x2d83</value>
         <object_component_ref idref="oc-165"/>
      </symbol>
      <symbol id="sm-46d">
         <name>UART_initModule</name>
         <value>0x2b71</value>
         <object_component_ref idref="oc-165"/>
      </symbol>
      <symbol id="sm-46e">
         <name>UART_transmitAddress</name>
         <value>0x2d11</value>
         <object_component_ref idref="oc-165"/>
      </symbol>
      <symbol id="sm-46f">
         <name>UART_clearInterruptFlag</name>
         <value>0x2e85</value>
         <object_component_ref idref="oc-165"/>
      </symbol>
      <symbol id="sm-470">
         <name>UART_queryStatusFlags</name>
         <value>0x2cd5</value>
         <object_component_ref idref="oc-165"/>
      </symbol>
      <symbol id="sm-471">
         <name>UART_disableInterrupt</name>
         <value>0x2ddd</value>
         <object_component_ref idref="oc-165"/>
      </symbol>
      <symbol id="sm-472">
         <name>UART_setDormant</name>
         <value>0x2ce9</value>
         <object_component_ref idref="oc-165"/>
      </symbol>
      <symbol id="sm-473">
         <name>UART_resetDormant</name>
         <value>0x2cfd</value>
         <object_component_ref idref="oc-165"/>
      </symbol>
      <symbol id="sm-485">
         <name>_c_int00</name>
         <value>0x4439</value>
         <object_component_ref idref="oc-26"/>
      </symbol>
      <symbol id="sm-486">
         <name>__stack</name>
         <value>0x2000fe00</value>
         <object_component_ref idref="oc-2f"/>
      </symbol>
      <symbol id="sm-4a4">
         <name>__TI_decompress_lzss</name>
         <value>0x42b5</value>
         <object_component_ref idref="oc-14"/>
      </symbol>
      <symbol id="sm-4bb">
         <name>__TI_decompress_none</name>
         <value>0x4713</value>
         <object_component_ref idref="oc-1a"/>
      </symbol>
      <symbol id="sm-4d2">
         <name>__TI_zero_init</name>
         <value>0x4721</value>
         <object_component_ref idref="oc-20"/>
      </symbol>
      <symbol id="sm-4f3">
         <name>C$$EXIT</name>
         <value>0x448d</value>
         <object_component_ref idref="oc-6b"/>
      </symbol>
      <symbol id="sm-4f4">
         <name>abort</name>
         <value>0x4491</value>
         <object_component_ref idref="oc-6b"/>
      </symbol>
      <symbol id="sm-4f5">
         <name>exit</name>
         <value>0x4499</value>
         <object_component_ref idref="oc-6b"/>
      </symbol>
      <symbol id="sm-4f6">
         <name>__TI_dtors_ptr</name>
         <value>0x20000164</value>
         <object_component_ref idref="oc-ac"/>
      </symbol>
      <symbol id="sm-4f7">
         <name>__TI_cleanup_ptr</name>
         <value>0x20000160</value>
         <object_component_ref idref="oc-ac"/>
      </symbol>
      <symbol id="sm-4f8">
         <name>__TI_enable_exit_profile_output</name>
         <value>0x20000168</value>
         <object_component_ref idref="oc-ac"/>
      </symbol>
      <symbol id="sm-513">
         <name>memcpy</name>
         <value>0x4021</value>
         <object_component_ref idref="oc-3b"/>
      </symbol>
      <symbol id="sm-514">
         <name>__aeabi_memcpy</name>
         <value>0x4021</value>
         <object_component_ref idref="oc-3b"/>
      </symbol>
      <symbol id="sm-515">
         <name>__aeabi_memcpy8</name>
         <value>0x4021</value>
         <object_component_ref idref="oc-3b"/>
      </symbol>
      <symbol id="sm-516">
         <name>__aeabi_memcpy4</name>
         <value>0x4021</value>
         <object_component_ref idref="oc-3b"/>
      </symbol>
      <symbol id="sm-525">
         <name>__aeabi_memset</name>
         <value>0x41cb</value>
         <object_component_ref idref="oc-47"/>
      </symbol>
      <symbol id="sm-526">
         <name>memset</name>
         <value>0x41d1</value>
         <object_component_ref idref="oc-47"/>
      </symbol>
      <symbol id="sm-527">
         <name>__aeabi_memset8</name>
         <value>0x41cb</value>
         <object_component_ref idref="oc-47"/>
      </symbol>
      <symbol id="sm-528">
         <name>__aeabi_memset4</name>
         <value>0x41cb</value>
         <object_component_ref idref="oc-47"/>
      </symbol>
      <symbol id="sm-529">
         <name>__aeabi_memclr8</name>
         <value>0x41c9</value>
         <object_component_ref idref="oc-47"/>
      </symbol>
      <symbol id="sm-52a">
         <name>__aeabi_memclr4</name>
         <value>0x41c9</value>
         <object_component_ref idref="oc-47"/>
      </symbol>
      <symbol id="sm-52b">
         <name>__aeabi_memclr</name>
         <value>0x41c9</value>
         <object_component_ref idref="oc-47"/>
      </symbol>
      <symbol id="sm-535">
         <name>__mpu_init</name>
         <value>0x127b</value>
         <object_component_ref idref="oc-53"/>
      </symbol>
      <symbol id="sm-53f">
         <name>_system_pre_init</name>
         <value>0x472d</value>
         <object_component_ref idref="oc-59"/>
      </symbol>
      <symbol id="sm-559">
         <name>rand</name>
         <value>0x458f</value>
         <object_component_ref idref="oc-e9"/>
      </symbol>
      <symbol id="sm-55a">
         <name>srand</name>
         <value>0x4579</value>
         <object_component_ref idref="oc-e9"/>
      </symbol>
      <symbol id="sm-573">
         <name>sprintf</name>
         <value>0x4381</value>
         <object_component_ref idref="oc-ef"/>
      </symbol>
      <symbol id="sm-57b">
         <name>main_func_sp</name>
         <value>0x200001e4</value>
         <object_component_ref idref="oc-71"/>
      </symbol>
      <symbol id="sm-594">
         <name>_nop</name>
         <value>0x46d3</value>
         <object_component_ref idref="oc-139"/>
      </symbol>
      <symbol id="sm-595">
         <name>_lock</name>
         <value>0x200001b0</value>
         <object_component_ref idref="oc-af"/>
      </symbol>
      <symbol id="sm-596">
         <name>_unlock</name>
         <value>0x200001b4</value>
         <object_component_ref idref="oc-af"/>
      </symbol>
      <symbol id="sm-597">
         <name>_register_lock</name>
         <value>0x46cb</value>
         <object_component_ref idref="oc-139"/>
      </symbol>
      <symbol id="sm-598">
         <name>_register_unlock</name>
         <value>0x46c5</value>
         <object_component_ref idref="oc-139"/>
      </symbol>
      <symbol id="sm-699">
         <name>__TI_printfi</name>
         <value>0x981</value>
         <object_component_ref idref="oc-188"/>
      </symbol>
      <symbol id="sm-6ad">
         <name>_args_main</name>
         <value>0x4695</value>
         <object_component_ref idref="oc-65"/>
      </symbol>
      <symbol id="sm-6c3">
         <name>atoi</name>
         <value>0x44e1</value>
         <object_component_ref idref="oc-24d"/>
      </symbol>
      <symbol id="sm-6ed">
         <name>__TI_auto_init</name>
         <value>0x4245</value>
         <object_component_ref idref="oc-5f"/>
      </symbol>
      <symbol id="sm-707">
         <name>copy_in</name>
         <value>0x452d</value>
         <object_component_ref idref="oc-96"/>
      </symbol>
      <symbol id="sm-712">
         <name>_ctypes_</name>
         <value>0x4730</value>
         <object_component_ref idref="oc-2a1"/>
      </symbol>
      <symbol id="sm-729">
         <name>__aeabi_dsub</name>
         <value>0x3a6d</value>
         <object_component_ref idref="oc-236"/>
      </symbol>
      <symbol id="sm-72a">
         <name>__aeabi_dadd</name>
         <value>0x3a77</value>
         <object_component_ref idref="oc-236"/>
      </symbol>
      <symbol id="sm-74c">
         <name>__aeabi_cdcmpeq</name>
         <value>0x40bd</value>
         <object_component_ref idref="oc-212"/>
      </symbol>
      <symbol id="sm-74d">
         <name>__aeabi_cdcmple</name>
         <value>0x40bd</value>
         <object_component_ref idref="oc-212"/>
      </symbol>
      <symbol id="sm-74e">
         <name>__aeabi_cdrcmple</name>
         <value>0x4143</value>
         <object_component_ref idref="oc-221"/>
      </symbol>
      <symbol id="sm-762">
         <name>__aeabi_ddiv</name>
         <value>0x3c23</value>
         <object_component_ref idref="oc-21c"/>
      </symbol>
      <symbol id="sm-76d">
         <name>__aeabi_dmul</name>
         <value>0x3d59</value>
         <object_component_ref idref="oc-217"/>
      </symbol>
      <symbol id="sm-777">
         <name>__aeabi_d2iz</name>
         <value>0x45c5</value>
         <object_component_ref idref="oc-226"/>
      </symbol>
      <symbol id="sm-781">
         <name>__aeabi_i2d</name>
         <value>0x464b</value>
         <object_component_ref idref="oc-231"/>
      </symbol>
      <symbol id="sm-790">
         <name>ltoa</name>
         <value>0x43e1</value>
         <object_component_ref idref="oc-22b"/>
      </symbol>
      <symbol id="sm-7a0">
         <name>memccpy</name>
         <value>0x4679</value>
         <object_component_ref idref="oc-253"/>
      </symbol>
      <symbol id="sm-7bb">
         <name>frexpl</name>
         <value>0x431d</value>
         <object_component_ref idref="oc-23b"/>
      </symbol>
      <symbol id="sm-7bc">
         <name>frexp</name>
         <value>0x431d</value>
         <object_component_ref idref="oc-23b"/>
      </symbol>
      <symbol id="sm-7d9">
         <name>scalbn</name>
         <value>0x3e55</value>
         <object_component_ref idref="oc-241"/>
      </symbol>
      <symbol id="sm-7da">
         <name>scalbnl</name>
         <value>0x3e55</value>
         <object_component_ref idref="oc-241"/>
      </symbol>
      <symbol id="sm-7db">
         <name>ldexpl</name>
         <value>0x3e55</value>
         <object_component_ref idref="oc-241"/>
      </symbol>
      <symbol id="sm-7dc">
         <name>ldexp</name>
         <value>0x3e55</value>
         <object_component_ref idref="oc-241"/>
      </symbol>
      <symbol id="sm-7e6">
         <name>_system_post_cinit</name>
         <value>0x1a3b</value>
         <object_component_ref idref="oc-9c"/>
      </symbol>
      <symbol id="sm-7f6">
         <name>strchr</name>
         <value>0x46ad</value>
         <object_component_ref idref="oc-247"/>
      </symbol>
      <symbol id="sm-804">
         <name>strlen</name>
         <value>0x46ed</value>
         <object_component_ref idref="oc-20c"/>
      </symbol>
      <symbol id="sm-820">
         <name>__aeabi_uldivmod</name>
         <value>0x36a5</value>
         <object_component_ref idref="oc-207"/>
      </symbol>
      <symbol id="sm-828">
         <name>errno</name>
         <value>0x200001dc</value>
         <object_component_ref idref="oc-29a"/>
      </symbol>
      <symbol id="sm-832">
         <name>copysign</name>
         <value>0x46d9</value>
         <object_component_ref idref="oc-294"/>
      </symbol>
      <symbol id="sm-833">
         <name>copysignl</name>
         <value>0x46d9</value>
         <object_component_ref idref="oc-294"/>
      </symbol>
      <symbol id="sm-834">
         <name>__TI_static_base__</name>
         <value>0x0</value>
      </symbol>
      <symbol id="sm-837">
         <name>SHT$$INIT_ARRAY$$Limit</name>
         <value>0x0</value>
      </symbol>
      <symbol id="sm-838">
         <name>SHT$$INIT_ARRAY$$Base</name>
         <value>0x0</value>
      </symbol>
   </symbol_table>
   <title>Link successful</title>
</link_info>
