******************************************************************************
                  TI ARM Linker PC v16.9.0                     
******************************************************************************
>> Linked Fri Feb 10 23:35:44 2017

OUTPUT FILE NAME:   <MSP432_GPS_GPRS_Fuel_Gauge.out>
ENTRY POINT SYMBOL: "_c_int00"  address: 00004525


MEMORY CONFIGURATION

         name            origin    length      used     unused   attr    fill
----------------------  --------  ---------  --------  --------  ----  --------
  MAIN                  00000000   00040000  00004ac4  0003b53c  R  X
  INFO                  00200000   00004000  00000000  00004000  R  X
  SRAM_CODE             01000000   00010000  00000454  0000fbac  RW X
  SRAM_DATA             20000000   00010000  00000454  0000fbac  RW  


SEGMENT ALLOCATION MAP

run origin  load origin   length   init length attrs members
----------  ----------- ---------- ----------- ----- -------
00000000    00000000    00004ac8   00004ac8    r-x
  00000000    00000000    00000140   00000140    r-- .intvecs
  00000140    00000140    00004690   00004690    r-x .text
  000047d0    000047d0    0000020c   0000020c    r-- .const
  000049e0    000049e0    000000e8   000000e8    r-- .cinit
20000000    20000000    00000254   00000000    rw-
  20000000    20000000    000000e4   00000000    rw- .vtable
  200000e4    200000e4    00000104   00000000    rw- .data
  200001e8    200001e8    0000006c   00000000    rw- .bss
2000fe00    2000fe00    00000200   00000000    rw-
  2000fe00    2000fe00    00000200   00000000    rw- .stack


SECTION ALLOCATION MAP

 output                                  attributes/
section   page    origin      length       input sections
--------  ----  ----------  ----------   ----------------
.intvecs   0    00000000    00000140     
                  00000000    00000140     startup_msp432p401r_ccs.obj (.intvecs:retain)

.binit     0    00000000    00000000     

.text      0    00000140    00004690     
                  00000140    0000113a     rtsv7M4_T_le_v4SPD16_eabi.lib : _printfi.obj (.text)
                  0000127a    00000002                                   : mpu_init.obj (.text)
                  0000127c    000007be     HAL_BQ27441.obj (.text)
                  00001a3a    00000002     rtsv7M4_T_le_v4SPD16_eabi.lib : startup.obj (.text)
                  00001a3c    000007a8     i2c.obj (.text)
                  000021e4    000005f8     main.obj (.text)
                  000027dc    00000480     gpio.obj (.text)
                  00002c5c    0000041c     uart.obj (.text)
                  00003078    000003f0     interrupt.obj (.text)
                  00003468    00000328     system_msp432p401r.obj (.text)
                  00003790    000001f4     rtsv7M4_T_le_v4SPD16_eabi.lib : ull_div_t2.obj (.text)
                  00003984    000001d4     HAL_I2C.obj (.text)
                  00003b58    000001b6     rtsv7M4_T_le_v4SPD16_eabi.lib : fd_add_t2.obj (.text)
                  00003d0e    00000136                                   : fd_div_t2.obj (.text)
                  00003e44    000000fc                                   : fd_mul_t2.obj (.text)
                  00003f40    000000fc                                   : s_scalbn.obj (.text)
                  0000403c    000000d0     HAL_UART.obj (.text)
                  0000410c    0000009c     rtsv7M4_T_le_v4SPD16_eabi.lib : memcpy_t2.obj (.text)
                  000041a8    00000086                                   : fd_cmp_t2.obj (.text:__aeabi_cdcmple)
                  0000422e    00000086                                   : fd_cmp_t2.obj (.text:__aeabi_cdrcmple)
                  000042b4    0000007a                                   : memset_t2.obj (.text)
                  0000432e    00000002     --HOLE-- [fill = 0]
                  00004330    00000070                                   : autoinit.obj (.text)
                  000043a0    00000068                                   : copy_decompress_lzss.obj (.text:decompress:lzss)
                  00004408    00000064                                   : s_frexp.obj (.text)
                  0000446c    00000060                                   : sprintf.obj (.text)
                  000044cc    00000056                                   : ltoa.obj (.text)
                  00004522    00000002     --HOLE-- [fill = 0]
                  00004524    00000054                                   : boot.obj (.text)
                  00004578    00000054                                   : exit.obj (.text)
                  000045cc    0000004c                                   : atoi.obj (.text)
                  00004618    0000004c                                   : cpy_tbl.obj (.text)
                  00004664    00000048                                   : fd_toi_t2.obj (.text)
                  000046ac    0000003e     cpu.obj (.text)
                  000046ea    0000002e     rtsv7M4_T_le_v4SPD16_eabi.lib : i_tofd_t2.obj (.text)
                  00004718    0000001c                                   : memccpy.obj (.text)
                  00004734    00000018                                   : args_main.obj (.text)
                  0000474c    00000016                                   : strchr.obj (.text)
                  00004762    00000002     --HOLE-- [fill = 0]
                  00004764    00000014                                   : _lock.obj (.text)
                  00004778    00000014                                   : s_copysign.obj (.text)
                  0000478c    00000014                                   : strlen.obj (.text)
                  000047a0    00000012     startup_msp432p401r_ccs.obj (.text)
                  000047b2    0000000e     rtsv7M4_T_le_v4SPD16_eabi.lib : copy_decompress_none.obj (.text:decompress:none)
                  000047c0    0000000c                                   : copy_zero_init.obj (.text:decompress:ZI)
                  000047cc    00000004                                   : pre_init.obj (.text)

.const     0    000047d0    0000020c     
                  000047d0    00000101     rtsv7M4_T_le_v4SPD16_eabi.lib : ctype.obj (.const:.string:_ctypes_)
                  000048d1    00000003     --HOLE-- [fill = 0]
                  000048d4    00000050     interrupt.obj (.const:g_pulRegs)
                  00004924    00000024     HAL_UART.obj (.const:uartConfig)
                  00004948    00000024     HAL_UART.obj (.const:uartConfigGps)
                  0000496c    00000020     interrupt.obj (.const:g_pulPriority)
                  0000498c    0000001c     gpio.obj (.const:GPIO_PORT_TO_INT)
                  000049a8    00000014     HAL_I2C.obj (.const:i2cConfig)
                  000049bc    00000008     interrupt.obj (.const:g_pulDisRegs)
                  000049c4    00000008     interrupt.obj (.const:g_pulEnRegs)
                  000049cc    00000008     interrupt.obj (.const:g_pulPendRegs)
                  000049d4    00000008     interrupt.obj (.const:g_pulUnpendRegs)

.cinit     0    000049e0    000000e8     
                  000049e0    000000b1     (.cinit..data.load) [load image, compression = lzss]
                  00004a91    00000003     --HOLE-- [fill = 0]
                  00004a94    0000000c     (__TI_handler_table)
                  00004aa0    00000008     (.cinit..bss.load) [load image, compression = zero_init]
                  00004aa8    00000008     (.cinit..vtable.load) [load image, compression = zero_init]
                  00004ab0    00000018     (__TI_cinit_table)

.init_array 
*          0    00000000    00000000     UNINITIALIZED

.vtable    0    20000000    000000e4     UNINITIALIZED
                  20000000    000000e4     interrupt.obj (.vtable)

.data      0    200000e4    00000104     UNINITIALIZED
                  200000e4    00000030     gpio.obj (.data:GPIO_PORT_TO_BASE)
                  20000114    00000014     main.obj (.data:rootUrl)
                  20000128    0000000f     main.obj (.data:QIFGCNT)
                  20000137    0000000e     main.obj (.data:QICSGP)
                  20000145    0000000e     main.obj (.data:QIREGAPP)
                  20000153    0000000d     main.obj (.data:QIDEACT)
                  20000160    0000000c     rtsv7M4_T_le_v4SPD16_eabi.lib : exit.obj (.data:$O1$$)
                  2000016c    0000000c     main.obj (.data:CGREG)
                  20000178    0000000b     main.obj (.data:COPS)
                  20000183    0000000b     main.obj (.data:CPIN)
                  2000018e    0000000b     main.obj (.data:CREG)
                  20000199    0000000b     main.obj (.data:QIACT)
                  200001a4    00000009     main.obj (.data:CSQ)
                  200001ad    00000003     --HOLE--
                  200001b0    00000008     rtsv7M4_T_le_v4SPD16_eabi.lib : _lock.obj (.data:$O1$$)
                  200001b8    00000008     main.obj (.data:CMNET)
                  200001c0    00000007     main.obj (.data:ATE1)
                  200001c7    00000007     main.obj (.data:ATV1)
                  200001ce    00000005     main.obj (.data:at)
                  200001d3    00000001     --HOLE--
                  200001d4    00000005     main.obj (.data)
                  200001d9    00000003     --HOLE--
                  200001dc    00000004     rtsv7M4_T_le_v4SPD16_eabi.lib : errno.obj (.data)
                  200001e0    00000004                                   : stkdepth_vars.obj (.data)
                  200001e4    00000004     system_msp432p401r.obj (.data)

.bss       0    200001e8    0000006c     UNINITIALIZED
                  200001e8    00000064     (.common:temp)
                  2000024c    00000004     (.common:getUrl)
                  20000250    00000004     (.common:temp2)

.stack     0    2000fe00    00000200     UNINITIALIZED
                  2000fe00    00000200     --HOLE--

MODULE SUMMARY

       Module                        code    ro data   rw data
       ------                        ----    -------   -------
    .\
       main.obj                      1528    0         562    
       HAL_BQ27441.obj               1982    0         0      
       system_msp432p401r.obj        808     0         8      
       HAL_I2C.obj                   468     20        0      
       startup_msp432p401r_ccs.obj   18      320       0      
       HAL_UART.obj                  208     72        0      
    +--+-----------------------------+-------+---------+---------+
       Total:                        5012    412       570    
                                                              
    .\driverlib\MSP432P4xx\
       i2c.obj                       1960    0         0      
       interrupt.obj                 1008    144       456    
       gpio.obj                      1152    28        96     
       uart.obj                      1052    0         0      
       cpu.obj                       62      0         0      
    +--+-----------------------------+-------+---------+---------+
       Total:                        5234    172       552    
                                                              
    C:\ti\ccsv7\tools\compiler\ti-cgt-arm_16.9.0.LTS\lib\rtsv7M4_T_le_v4SPD16_eabi.lib
       _printfi.obj                  4410    0         0      
       ull_div_t2.obj                500     0         0      
       fd_add_t2.obj                 438     0         0      
       fd_div_t2.obj                 310     0         0      
       fd_cmp_t2.obj                 268     0         0      
       ctype.obj                     0       257       0      
       fd_mul_t2.obj                 252     0         0      
       s_scalbn.obj                  252     0         0      
       memcpy_t2.obj                 156     0         0      
       memset_t2.obj                 122     0         0      
       autoinit.obj                  112     0         0      
       exit.obj                      84      0         24     
       copy_decompress_lzss.obj      104     0         0      
       s_frexp.obj                   100     0         0      
       sprintf.obj                   96      0         0      
       ltoa.obj                      86      0         0      
       boot.obj                      84      0         0      
       atoi.obj                      76      0         0      
       cpy_tbl.obj                   76      0         0      
       fd_toi_t2.obj                 72      0         0      
       i_tofd_t2.obj                 46      0         0      
       _lock.obj                     20      0         16     
       memccpy.obj                   28      0         0      
       args_main.obj                 24      0         0      
       strchr.obj                    22      0         0      
       s_copysign.obj                20      0         0      
       strlen.obj                    20      0         0      
       copy_decompress_none.obj      14      0         0      
       copy_zero_init.obj            12      0         0      
       errno.obj                     0       0         8      
       stkdepth_vars.obj             0       0         8      
       pre_init.obj                  4       0         0      
       mpu_init.obj                  2       0         0      
       startup.obj                   2       0         0      
    +--+-----------------------------+-------+---------+---------+
       Total:                        7812    257       56     
                                                              
       Stack:                        0       0         1024   
       Linker Generated:             0       229       0      
    +--+-----------------------------+-------+---------+---------+
       Grand Total:                  18058   1070      2202   


LINKER GENERATED COPY TABLES

__TI_cinit_table @ 00004ab0 records: 3, size/record: 8, table size: 24
	.data: load addr=000049e0, load size=000000b1 bytes, run addr=200000e4, run size=00000104 bytes, compression=lzss
	.bss: load addr=00004aa0, load size=00000008 bytes, run addr=200001e8, run size=0000006c bytes, compression=zero_init
	.vtable: load addr=00004aa8, load size=00000008 bytes, run addr=20000000, run size=000000e4 bytes, compression=zero_init


LINKER GENERATED HANDLER TABLE

__TI_handler_table @ 00004a94 records: 3, size/record: 4, table size: 12
	index: 0, handler: __TI_zero_init
	index: 1, handler: __TI_decompress_lzss
	index: 2, handler: __TI_decompress_none


GLOBAL SYMBOLS: SORTED ALPHABETICALLY BY Name 

address   name                                       
-------   ----                                       
200001c0  ATE1                                       
200001c7  ATV1                                       
000018df  BQ27441_command                            
00001879  BQ27441_control                            
000018a1  BQ27441_controlRead                        
0000127d  BQ27441_initConfig                         
0000169d  BQ27441_initOpConfig                       
00001939  BQ27441_read16                             
000019b1  BQ27441_readChecksum                       
00001909  BQ27441_write16                            
00004579  C$$EXIT                                    
2000016c  CGREG                                      
200001b8  CMNET                                      
20000178  COPS                                       
20000183  CPIN                                       
000046e1  CPU_basepriGet                             
000046d3  CPU_basepriSet                             
000046ad  CPU_cpsid                                  
000046c3  CPU_cpsie                                  
000046b9  CPU_primask                                
000046cf  CPU_wfi                                    
2000018e  CREG                                       
200001a4  CSQ                                        
00002491  CS_init                                    
00002aff  GPIO_clearInterruptFlag                    
00002abf  GPIO_disableInterrupt                      
00002a9d  GPIO_enableInterrupt                       
00002b57  GPIO_getEnabledInterruptStatus             
00002a6f  GPIO_getInputPinValue                      
00002ae1  GPIO_getInterruptStatus                    
000025b9  GPIO_init                                  
00002b21  GPIO_interruptEdgeSelect                   
00002c17  GPIO_registerInterrupt                     
00002817  GPIO_setAsInputPin                         
000029cb  GPIO_setAsInputPinWithPullDownResistor     
00002a1d  GPIO_setAsInputPinWithPullUpResistor       
000027dd  GPIO_setAsOutputPin                        
000028e1  GPIO_setAsPeripheralModuleFunctionInputPin 
0000285d  GPIO_setAsPeripheralModuleFunctionOutputPin
00002bd3  GPIO_setDriveStrengthHigh                  
00002bf5  GPIO_setDriveStrengthLow                   
00002965  GPIO_setOutputHighOnPin                    
00002987  GPIO_setOutputLowOnPin                     
000029a9  GPIO_toggleOutputOnPin                     
00002c37  GPIO_unregisterInterrupt                   
0000209d  I2C_clearInterruptFlag                     
00002087  I2C_disableInterrupt                       
00001aef  I2C_disableModule                          
00002051  I2C_disableMultiMasterMode                 
00002071  I2C_enableInterrupt                        
00001ad9  I2C_enableModule                           
00002031  I2C_enableMultiMasterMode                  
000020cb  I2C_getEnabledInterruptStatus              
000020b3  I2C_getInterruptStatus                     
000020db  I2C_getMode                                
00001fd7  I2C_getReceiveBufferAddressForDMA          
00001fe5  I2C_getTransmitBufferAddressForDMA         
0000399d  I2C_init                                   
00003985  I2C_initGPIO                               
00001a3d  I2C_initMaster                             
00001a9f  I2C_initSlave                              
00001b93  I2C_isBusBusy                              
00002005  I2C_masterIsStartSent                      
00001ff3  I2C_masterIsStopSent                       
00001efd  I2C_masterReceiveMultiByteFinish           
00001f3b  I2C_masterReceiveMultiByteFinishWithTimeout
00001ee5  I2C_masterReceiveMultiByteNext             
00001f99  I2C_masterReceiveMultiByteStop             
00001fad  I2C_masterReceiveSingle                    
00001b35  I2C_masterReceiveSingleByte                
00001ecb  I2C_masterReceiveStart                     
00001dab  I2C_masterSendMultiByteFinish              
00001df9  I2C_masterSendMultiByteFinishWithTimeout   
00001d41  I2C_masterSendMultiByteNext                
00001d6d  I2C_masterSendMultiByteNextWithTimeout     
00001c97  I2C_masterSendMultiByteStart               
00001ce5  I2C_masterSendMultiByteStartWithTimeout    
00001e65  I2C_masterSendMultiByteStop                
00001e8f  I2C_masterSendMultiByteStopWithTimeout     
00001ba5  I2C_masterSendSingleByte                   
00001c0b  I2C_masterSendSingleByteWithTimeout        
0000201d  I2C_masterSendStart                        
00003a9f  I2C_read16                                 
00003a57  I2C_read8                                  
000020f1  I2C_registerInterrupt                      
00001b19  I2C_setMode                                
00001b05  I2C_setSlaveAddress                        
00003b35  I2C_setslave                               
00001b7f  I2C_slaveGetData                           
00001b69  I2C_slavePutData                           
000021b3  I2C_slaveSendNAK                           
00002157  I2C_unregisterInterrupt                    
000039f9  I2C_write16                                
000039b5  I2C_write8                                 
0000323b  Interrupt_disableInterrupt                 
0000308b  Interrupt_disableMaster                    
00003439  Interrupt_disableSleepOnIsrExit            
000031c9  Interrupt_enableInterrupt                  
0000307b  Interrupt_enableMaster                     
00003427  Interrupt_enableSleepOnIsrExit             
000031a3  Interrupt_getPriority                      
0000311b  Interrupt_getPriorityGrouping              
00003407  Interrupt_getPriorityMask                  
00003421  Interrupt_getVectorTableAddress            
000032ad  Interrupt_isEnabled                        
00003339  Interrupt_pendInterrupt                    
0000309b  Interrupt_registerInterrupt                
00003153  Interrupt_setPriority                      
00003101  Interrupt_setPriorityGrouping              
000033f7  Interrupt_setPriorityMask                  
00003411  Interrupt_setVectorTableAddress            
000033a9  Interrupt_unpendInterrupt                  
000030ed  Interrupt_unregisterInterrupt              
20000199  QIACT                                      
20000137  QICSGP                                     
20000153  QIDEACT                                    
20000128  QIFGCNT                                    
20000145  QIREGAPP                                   
200001d8  Range                                      
UNDEFED   SHT$$INIT_ARRAY$$Base                      
UNDEFED   SHT$$INIT_ARRAY$$Limit                     
200001e4  SystemCoreClock                            
00003469  SystemCoreClockUpdate                      
000036dd  SystemInit                                 
00002f71  UART_clearInterruptFlag                    
00002ec9  UART_disableInterrupt                      
00002dab  UART_disableModule                         
00002e99  UART_enableInterrupt                       
00002d95  UART_enableModule                          
00002f15  UART_getEnabledInterruptStatus             
00002ef9  UART_getInterruptStatus                    
00002e61  UART_getReceiveBufferAddressForDMA         
00002e6f  UART_getTransmitBufferAddressForDMA        
00004061  UART_init                                  
0000403d  UART_initGPIO                              
00002c5d  UART_initModule                            
00002dc1  UART_queryStatusFlags                      
00002d6f  UART_receiveData                           
00002f91  UART_registerInterrupt                     
00002de9  UART_resetDormant                          
00002e7d  UART_selectDeglitchTime                    
00002dd5  UART_setDormant                            
00002dfd  UART_transmitAddress                       
00002e1b  UART_transmitBreak                         
00002d45  UART_transmitData                          
00004099  UART_transmitString                        
0000300d  UART_unregisterInterrupt                   
4000480c  WDTCTL_SYM                                 
20010000  __STACK_END                                
00000200  __STACK_SIZE                               
00004ab0  __TI_CINIT_Base                            
00004ac8  __TI_CINIT_Limit                           
00004a94  __TI_Handler_Table_Base                    
00004aa0  __TI_Handler_Table_Limit                   
00004331  __TI_auto_init                             
20000160  __TI_cleanup_ptr                           
000043a1  __TI_decompress_lzss                       
000047b3  __TI_decompress_none                       
20000164  __TI_dtors_ptr                             
20000168  __TI_enable_exit_profile_output            
ffffffff  __TI_pprof_out_hndl                        
00000981  __TI_printfi                               
ffffffff  __TI_prof_data_size                        
ffffffff  __TI_prof_data_start                       
00000000  __TI_static_base__                         
000047c1  __TI_zero_init                             
000041a9  __aeabi_cdcmpeq                            
000041a9  __aeabi_cdcmple                            
0000422f  __aeabi_cdrcmple                           
00004665  __aeabi_d2iz                               
00003b63  __aeabi_dadd                               
00003d0f  __aeabi_ddiv                               
00003e45  __aeabi_dmul                               
00003b59  __aeabi_dsub                               
000046eb  __aeabi_i2d                                
000042b5  __aeabi_memclr                             
000042b5  __aeabi_memclr4                            
000042b5  __aeabi_memclr8                            
0000410d  __aeabi_memcpy                             
0000410d  __aeabi_memcpy4                            
0000410d  __aeabi_memcpy8                            
000042b7  __aeabi_memset                             
000042b7  __aeabi_memset4                            
000042b7  __aeabi_memset8                            
00003791  __aeabi_uldivmod                           
ffffffff  __binit__                                  
ffffffff  __c_args__                                 
0000127b  __mpu_init                                 
2000fe00  __stack                                    
00004735  _args_main                                 
00004525  _c_int00                                   
000047d0  _ctypes_                                   
200001b0  _lock                                      
00004773  _nop                                       
0000476b  _register_lock                             
00004765  _register_unlock                           
00001a3b  _system_post_cinit                         
000047cd  _system_pre_init                           
200001b4  _unlock                                    
0000457d  abort                                      
200001ce  at                                         
000045cd  atoi                                       
ffffffff  binit                                      
00004619  copy_in                                    
00004779  copysign                                   
00004779  copysignl                                  
200001dc  errno                                      
00004585  exit                                       
00004409  frexp                                      
00004409  frexpl                                     
20000000  g_pfnRAMVectors                            
2000024c  getUrl                                     
000026bb  gprsInit                                   
0000270d  gsmInit                                    
000049a8  i2cConfig                                  
200001d4  idx                                        
00000000  interruptVectors                           
00003f41  ldexp                                      
00003f41  ldexpl                                     
000044cd  ltoa                                       
000021e5  main                                       
200001e0  main_func_sp                               
00004719  memccpy                                    
0000410d  memcpy                                     
000042bd  memset                                     
20000114  rootUrl                                    
00003f41  scalbn                                     
00003f41  scalbnl                                    
000040b3  serialTx0                                  
000040d3  serialTx1                                  
0000446d  sprintf                                    
0000474d  strchr                                     
0000478d  strlen                                     
200001e8  temp                                       
20000250  temp2                                      
00004924  uartConfig                                 
00004948  uartConfigGps                              


GLOBAL SYMBOLS: SORTED BY Symbol Address 

address   name                                       
-------   ----                                       
00000000  __TI_static_base__                         
00000000  interruptVectors                           
00000200  __STACK_SIZE                               
00000981  __TI_printfi                               
0000127b  __mpu_init                                 
0000127d  BQ27441_initConfig                         
0000169d  BQ27441_initOpConfig                       
00001879  BQ27441_control                            
000018a1  BQ27441_controlRead                        
000018df  BQ27441_command                            
00001909  BQ27441_write16                            
00001939  BQ27441_read16                             
000019b1  BQ27441_readChecksum                       
00001a3b  _system_post_cinit                         
00001a3d  I2C_initMaster                             
00001a9f  I2C_initSlave                              
00001ad9  I2C_enableModule                           
00001aef  I2C_disableModule                          
00001b05  I2C_setSlaveAddress                        
00001b19  I2C_setMode                                
00001b35  I2C_masterReceiveSingleByte                
00001b69  I2C_slavePutData                           
00001b7f  I2C_slaveGetData                           
00001b93  I2C_isBusBusy                              
00001ba5  I2C_masterSendSingleByte                   
00001c0b  I2C_masterSendSingleByteWithTimeout        
00001c97  I2C_masterSendMultiByteStart               
00001ce5  I2C_masterSendMultiByteStartWithTimeout    
00001d41  I2C_masterSendMultiByteNext                
00001d6d  I2C_masterSendMultiByteNextWithTimeout     
00001dab  I2C_masterSendMultiByteFinish              
00001df9  I2C_masterSendMultiByteFinishWithTimeout   
00001e65  I2C_masterSendMultiByteStop                
00001e8f  I2C_masterSendMultiByteStopWithTimeout     
00001ecb  I2C_masterReceiveStart                     
00001ee5  I2C_masterReceiveMultiByteNext             
00001efd  I2C_masterReceiveMultiByteFinish           
00001f3b  I2C_masterReceiveMultiByteFinishWithTimeout
00001f99  I2C_masterReceiveMultiByteStop             
00001fad  I2C_masterReceiveSingle                    
00001fd7  I2C_getReceiveBufferAddressForDMA          
00001fe5  I2C_getTransmitBufferAddressForDMA         
00001ff3  I2C_masterIsStopSent                       
00002005  I2C_masterIsStartSent                      
0000201d  I2C_masterSendStart                        
00002031  I2C_enableMultiMasterMode                  
00002051  I2C_disableMultiMasterMode                 
00002071  I2C_enableInterrupt                        
00002087  I2C_disableInterrupt                       
0000209d  I2C_clearInterruptFlag                     
000020b3  I2C_getInterruptStatus                     
000020cb  I2C_getEnabledInterruptStatus              
000020db  I2C_getMode                                
000020f1  I2C_registerInterrupt                      
00002157  I2C_unregisterInterrupt                    
000021b3  I2C_slaveSendNAK                           
000021e5  main                                       
00002491  CS_init                                    
000025b9  GPIO_init                                  
000026bb  gprsInit                                   
0000270d  gsmInit                                    
000027dd  GPIO_setAsOutputPin                        
00002817  GPIO_setAsInputPin                         
0000285d  GPIO_setAsPeripheralModuleFunctionOutputPin
000028e1  GPIO_setAsPeripheralModuleFunctionInputPin 
00002965  GPIO_setOutputHighOnPin                    
00002987  GPIO_setOutputLowOnPin                     
000029a9  GPIO_toggleOutputOnPin                     
000029cb  GPIO_setAsInputPinWithPullDownResistor     
00002a1d  GPIO_setAsInputPinWithPullUpResistor       
00002a6f  GPIO_getInputPinValue                      
00002a9d  GPIO_enableInterrupt                       
00002abf  GPIO_disableInterrupt                      
00002ae1  GPIO_getInterruptStatus                    
00002aff  GPIO_clearInterruptFlag                    
00002b21  GPIO_interruptEdgeSelect                   
00002b57  GPIO_getEnabledInterruptStatus             
00002bd3  GPIO_setDriveStrengthHigh                  
00002bf5  GPIO_setDriveStrengthLow                   
00002c17  GPIO_registerInterrupt                     
00002c37  GPIO_unregisterInterrupt                   
00002c5d  UART_initModule                            
00002d45  UART_transmitData                          
00002d6f  UART_receiveData                           
00002d95  UART_enableModule                          
00002dab  UART_disableModule                         
00002dc1  UART_queryStatusFlags                      
00002dd5  UART_setDormant                            
00002de9  UART_resetDormant                          
00002dfd  UART_transmitAddress                       
00002e1b  UART_transmitBreak                         
00002e61  UART_getReceiveBufferAddressForDMA         
00002e6f  UART_getTransmitBufferAddressForDMA        
00002e7d  UART_selectDeglitchTime                    
00002e99  UART_enableInterrupt                       
00002ec9  UART_disableInterrupt                      
00002ef9  UART_getInterruptStatus                    
00002f15  UART_getEnabledInterruptStatus             
00002f71  UART_clearInterruptFlag                    
00002f91  UART_registerInterrupt                     
0000300d  UART_unregisterInterrupt                   
0000307b  Interrupt_enableMaster                     
0000308b  Interrupt_disableMaster                    
0000309b  Interrupt_registerInterrupt                
000030ed  Interrupt_unregisterInterrupt              
00003101  Interrupt_setPriorityGrouping              
0000311b  Interrupt_getPriorityGrouping              
00003153  Interrupt_setPriority                      
000031a3  Interrupt_getPriority                      
000031c9  Interrupt_enableInterrupt                  
0000323b  Interrupt_disableInterrupt                 
000032ad  Interrupt_isEnabled                        
00003339  Interrupt_pendInterrupt                    
000033a9  Interrupt_unpendInterrupt                  
000033f7  Interrupt_setPriorityMask                  
00003407  Interrupt_getPriorityMask                  
00003411  Interrupt_setVectorTableAddress            
00003421  Interrupt_getVectorTableAddress            
00003427  Interrupt_enableSleepOnIsrExit             
00003439  Interrupt_disableSleepOnIsrExit            
00003469  SystemCoreClockUpdate                      
000036dd  SystemInit                                 
00003791  __aeabi_uldivmod                           
00003985  I2C_initGPIO                               
0000399d  I2C_init                                   
000039b5  I2C_write8                                 
000039f9  I2C_write16                                
00003a57  I2C_read8                                  
00003a9f  I2C_read16                                 
00003b35  I2C_setslave                               
00003b59  __aeabi_dsub                               
00003b63  __aeabi_dadd                               
00003d0f  __aeabi_ddiv                               
00003e45  __aeabi_dmul                               
00003f41  ldexp                                      
00003f41  ldexpl                                     
00003f41  scalbn                                     
00003f41  scalbnl                                    
0000403d  UART_initGPIO                              
00004061  UART_init                                  
00004099  UART_transmitString                        
000040b3  serialTx0                                  
000040d3  serialTx1                                  
0000410d  __aeabi_memcpy                             
0000410d  __aeabi_memcpy4                            
0000410d  __aeabi_memcpy8                            
0000410d  memcpy                                     
000041a9  __aeabi_cdcmpeq                            
000041a9  __aeabi_cdcmple                            
0000422f  __aeabi_cdrcmple                           
000042b5  __aeabi_memclr                             
000042b5  __aeabi_memclr4                            
000042b5  __aeabi_memclr8                            
000042b7  __aeabi_memset                             
000042b7  __aeabi_memset4                            
000042b7  __aeabi_memset8                            
000042bd  memset                                     
00004331  __TI_auto_init                             
000043a1  __TI_decompress_lzss                       
00004409  frexp                                      
00004409  frexpl                                     
0000446d  sprintf                                    
000044cd  ltoa                                       
00004525  _c_int00                                   
00004579  C$$EXIT                                    
0000457d  abort                                      
00004585  exit                                       
000045cd  atoi                                       
00004619  copy_in                                    
00004665  __aeabi_d2iz                               
000046ad  CPU_cpsid                                  
000046b9  CPU_primask                                
000046c3  CPU_cpsie                                  
000046cf  CPU_wfi                                    
000046d3  CPU_basepriSet                             
000046e1  CPU_basepriGet                             
000046eb  __aeabi_i2d                                
00004719  memccpy                                    
00004735  _args_main                                 
0000474d  strchr                                     
00004765  _register_unlock                           
0000476b  _register_lock                             
00004773  _nop                                       
00004779  copysign                                   
00004779  copysignl                                  
0000478d  strlen                                     
000047b3  __TI_decompress_none                       
000047c1  __TI_zero_init                             
000047cd  _system_pre_init                           
000047d0  _ctypes_                                   
00004924  uartConfig                                 
00004948  uartConfigGps                              
000049a8  i2cConfig                                  
00004a94  __TI_Handler_Table_Base                    
00004aa0  __TI_Handler_Table_Limit                   
00004ab0  __TI_CINIT_Base                            
00004ac8  __TI_CINIT_Limit                           
20000000  g_pfnRAMVectors                            
20000114  rootUrl                                    
20000128  QIFGCNT                                    
20000137  QICSGP                                     
20000145  QIREGAPP                                   
20000153  QIDEACT                                    
20000160  __TI_cleanup_ptr                           
20000164  __TI_dtors_ptr                             
20000168  __TI_enable_exit_profile_output            
2000016c  CGREG                                      
20000178  COPS                                       
20000183  CPIN                                       
2000018e  CREG                                       
20000199  QIACT                                      
200001a4  CSQ                                        
200001b0  _lock                                      
200001b4  _unlock                                    
200001b8  CMNET                                      
200001c0  ATE1                                       
200001c7  ATV1                                       
200001ce  at                                         
200001d4  idx                                        
200001d8  Range                                      
200001dc  errno                                      
200001e0  main_func_sp                               
200001e4  SystemCoreClock                            
200001e8  temp                                       
2000024c  getUrl                                     
20000250  temp2                                      
2000fe00  __stack                                    
20010000  __STACK_END                                
4000480c  WDTCTL_SYM                                 
ffffffff  __TI_pprof_out_hndl                        
ffffffff  __TI_prof_data_size                        
ffffffff  __TI_prof_data_start                       
ffffffff  __binit__                                  
ffffffff  __c_args__                                 
ffffffff  binit                                      
UNDEFED   SHT$$INIT_ARRAY$$Base                      
UNDEFED   SHT$$INIT_ARRAY$$Limit                     

[237 symbols]
