******************************************************************************
                  TI ARM Linker PC v16.9.0                     
******************************************************************************
>> Linked Sat Feb 04 18:18:54 2017

OUTPUT FILE NAME:   <MSP432_GPS_GPRS_Fuel_Gauge.out>
ENTRY POINT SYMBOL: "_c_int00"  address: 000043e5


MEMORY CONFIGURATION

         name            origin    length      used     unused   attr    fill
----------------------  --------  ---------  --------  --------  ----  --------
  MAIN                  00000000   00040000  000048f0  0003b710  R  X
  INFO                  00200000   00004000  00000000  00004000  R  X
  SRAM_CODE             01000000   00010000  00000382  0000fc7e  RW X
  SRAM_DATA             20000000   00010000  00000382  0000fc7e  RW  


SEGMENT ALLOCATION MAP

run origin  load origin   length   init length attrs members
----------  ----------- ---------- ----------- ----- -------
00000000    00000000    000048f0   000048f0    r-x
  00000000    00000000    00000140   00000140    r-- .intvecs
  00000140    00000140    00004550   00004550    r-x .text
  00004690    00004690    000001e8   000001e8    r-- .const
  00004878    00004878    00000078   00000078    r-- .cinit
20000000    20000000    00000184   00000000    rw-
  20000000    20000000    000000e4   00000000    rw- .vtable
  200000e4    200000e4    00000052   00000000    rw- .data
  20000138    20000138    0000004c   00000000    rw- .bss
2000fe00    2000fe00    00000200   00000000    rw-
  2000fe00    2000fe00    00000200   00000000    rw- .stack


SECTION ALLOCATION MAP

 output                                  attributes/
section   page    origin      length       input sections
--------  ----  ----------  ----------   ----------------
.intvecs   0    00000000    00000140     
                  00000000    00000140     startup_msp432p401r_ccs.obj (.intvecs:retain)

.binit     0    00000000    00000000     

.text      0    00000140    00004550     
                  00000140    0000113a     rtsv7M4_T_le_v4SPD16_eabi.lib : _printfi.obj (.text)
                  0000127a    00000002                                   : mpu_init.obj (.text)
                  0000127c    000007ba     HAL_BQ27441.obj (.text)
                  00001a36    00000002     rtsv7M4_T_le_v4SPD16_eabi.lib : startup.obj (.text)
                  00001a38    000007a8     i2c.obj (.text)
                  000021e0    00000480     gpio.obj (.text)
                  00002660    0000045c     main.obj (.text)
                  00002abc    0000041c     uart.obj (.text)
                  00002ed8    000003f0     interrupt.obj (.text)
                  000032c8    00000328     system_msp432p401r.obj (.text)
                  000035f0    000001f4     rtsv7M4_T_le_v4SPD16_eabi.lib : ull_div_t2.obj (.text)
                  000037e4    000001d4     HAL_I2C.obj (.text)
                  000039b8    000001b6     rtsv7M4_T_le_v4SPD16_eabi.lib : fd_add_t2.obj (.text)
                  00003b6e    00000136                                   : fd_div_t2.obj (.text)
                  00003ca4    00000130     HAL_UART.obj (.text)
                  00003dd4    000000fc     rtsv7M4_T_le_v4SPD16_eabi.lib : fd_mul_t2.obj (.text)
                  00003ed0    000000fc                                   : s_scalbn.obj (.text)
                  00003fcc    0000009c                                   : memcpy_t2.obj (.text)
                  00004068    00000086                                   : fd_cmp_t2.obj (.text:__aeabi_cdcmple)
                  000040ee    00000086                                   : fd_cmp_t2.obj (.text:__aeabi_cdrcmple)
                  00004174    0000007a                                   : memset_t2.obj (.text)
                  000041ee    00000002     --HOLE-- [fill = 0]
                  000041f0    00000070                                   : autoinit.obj (.text)
                  00004260    00000068                                   : copy_decompress_lzss.obj (.text:decompress:lzss)
                  000042c8    00000064                                   : s_frexp.obj (.text)
                  0000432c    00000060                                   : sprintf.obj (.text)
                  0000438c    00000056                                   : ltoa.obj (.text)
                  000043e2    00000002     --HOLE-- [fill = 0]
                  000043e4    00000054                                   : boot.obj (.text)
                  00004438    00000054                                   : exit.obj (.text)
                  0000448c    0000004c                                   : atoi.obj (.text)
                  000044d8    0000004c                                   : cpy_tbl.obj (.text)
                  00004524    00000048                                   : fd_toi_t2.obj (.text)
                  0000456c    0000003e     cpu.obj (.text)
                  000045aa    0000002e     rtsv7M4_T_le_v4SPD16_eabi.lib : i_tofd_t2.obj (.text)
                  000045d8    0000001c                                   : memccpy.obj (.text)
                  000045f4    00000018                                   : args_main.obj (.text)
                  0000460c    00000016                                   : strchr.obj (.text)
                  00004622    00000002     --HOLE-- [fill = 0]
                  00004624    00000014                                   : _lock.obj (.text)
                  00004638    00000014                                   : s_copysign.obj (.text)
                  0000464c    00000014                                   : strlen.obj (.text)
                  00004660    00000012     startup_msp432p401r_ccs.obj (.text)
                  00004672    0000000e     rtsv7M4_T_le_v4SPD16_eabi.lib : copy_decompress_none.obj (.text:decompress:none)
                  00004680    0000000c                                   : copy_zero_init.obj (.text:decompress:ZI)
                  0000468c    00000004                                   : pre_init.obj (.text)

.const     0    00004690    000001e8     
                  00004690    00000101     rtsv7M4_T_le_v4SPD16_eabi.lib : ctype.obj (.const:.string:_ctypes_)
                  00004791    00000003     --HOLE-- [fill = 0]
                  00004794    00000050     interrupt.obj (.const:g_pulRegs)
                  000047e4    00000024     HAL_UART.obj (.const:uartConfig)
                  00004808    00000020     interrupt.obj (.const:g_pulPriority)
                  00004828    0000001c     gpio.obj (.const:GPIO_PORT_TO_INT)
                  00004844    00000014     HAL_I2C.obj (.const:i2cConfig)
                  00004858    00000008     interrupt.obj (.const:g_pulDisRegs)
                  00004860    00000008     interrupt.obj (.const:g_pulEnRegs)
                  00004868    00000008     interrupt.obj (.const:g_pulPendRegs)
                  00004870    00000008     interrupt.obj (.const:g_pulUnpendRegs)

.cinit     0    00004878    00000078     
                  00004878    0000003e     (.cinit..data.load) [load image, compression = lzss]
                  000048b6    00000002     --HOLE-- [fill = 0]
                  000048b8    0000000c     (__TI_handler_table)
                  000048c4    00000004     --HOLE-- [fill = 0]
                  000048c8    00000008     (.cinit..bss.load) [load image, compression = zero_init]
                  000048d0    00000008     (.cinit..vtable.load) [load image, compression = zero_init]
                  000048d8    00000018     (__TI_cinit_table)

.init_array 
*          0    00000000    00000000     UNINITIALIZED

.vtable    0    20000000    000000e4     UNINITIALIZED
                  20000000    000000e4     interrupt.obj (.vtable)

.data      0    200000e4    00000052     UNINITIALIZED
                  200000e4    00000030     gpio.obj (.data:GPIO_PORT_TO_BASE)
                  20000114    0000000c     rtsv7M4_T_le_v4SPD16_eabi.lib : exit.obj (.data:$O1$$)
                  20000120    00000008                                   : _lock.obj (.data:$O1$$)
                  20000128    00000004                                   : errno.obj (.data)
                  2000012c    00000004                                   : stkdepth_vars.obj (.data)
                  20000130    00000004     system_msp432p401r.obj (.data)
                  20000134    00000002     main.obj (.data)

.bss       0    20000138    0000004c     UNINITIALIZED
                  20000138    00000040     (.common:str)
                  20000178    00000004     (.common:batt_percent)
                  2000017c    00000004     (.common:batt_remining)
                  20000180    00000004     (.common:batt_voltage)

.stack     0    2000fe00    00000200     UNINITIALIZED
                  2000fe00    00000200     --HOLE--

MODULE SUMMARY

       Module                        code    ro data   rw data
       ------                        ----    -------   -------
    .\
       HAL_BQ27441.obj               1978    0         0      
       main.obj                      1116    0         156    
       system_msp432p401r.obj        808     0         8      
       HAL_I2C.obj                   468     20        0      
       HAL_UART.obj                  304     36        0      
       startup_msp432p401r_ccs.obj   18      320       0      
    +--+-----------------------------+-------+---------+---------+
       Total:                        4692    376       164    
                                                              
    .\driverlib\MSP432P4xx\
       i2c.obj                       1960    0         0      
       interrupt.obj                 1008    144       456    
       gpio.obj                      1152    28        96     
       uart.obj                      1052    0         0      
       cpu.obj                       62      0         0      
    +--+-----------------------------+-------+---------+---------+
       Total:                        5234    172       552    
                                                              
    C:\ti\ccsv7\tools\compiler\ti-cgt-arm_16.9.0.LTS\lib\rtsv7M4_T_le_v4SPD16_eabi.lib
       _printfi.obj                  4410    0         0      
       ull_div_t2.obj                500     0         0      
       fd_add_t2.obj                 438     0         0      
       fd_div_t2.obj                 310     0         0      
       fd_cmp_t2.obj                 268     0         0      
       ctype.obj                     0       257       0      
       fd_mul_t2.obj                 252     0         0      
       s_scalbn.obj                  252     0         0      
       memcpy_t2.obj                 156     0         0      
       memset_t2.obj                 122     0         0      
       autoinit.obj                  112     0         0      
       exit.obj                      84      0         24     
       copy_decompress_lzss.obj      104     0         0      
       s_frexp.obj                   100     0         0      
       sprintf.obj                   96      0         0      
       ltoa.obj                      86      0         0      
       boot.obj                      84      0         0      
       atoi.obj                      76      0         0      
       cpy_tbl.obj                   76      0         0      
       fd_toi_t2.obj                 72      0         0      
       i_tofd_t2.obj                 46      0         0      
       _lock.obj                     20      0         16     
       memccpy.obj                   28      0         0      
       args_main.obj                 24      0         0      
       strchr.obj                    22      0         0      
       s_copysign.obj                20      0         0      
       strlen.obj                    20      0         0      
       copy_decompress_none.obj      14      0         0      
       copy_zero_init.obj            12      0         0      
       errno.obj                     0       0         8      
       stkdepth_vars.obj             0       0         8      
       pre_init.obj                  4       0         0      
       mpu_init.obj                  2       0         0      
       startup.obj                   2       0         0      
    +--+-----------------------------+-------+---------+---------+
       Total:                        7812    257       56     
                                                              
       Stack:                        0       0         1024   
       Linker Generated:             0       114       0      
    +--+-----------------------------+-------+---------+---------+
       Grand Total:                  17738   919       1796   


LINKER GENERATED COPY TABLES

__TI_cinit_table @ 000048d8 records: 3, size/record: 8, table size: 24
	.data: load addr=00004878, load size=0000003e bytes, run addr=200000e4, run size=00000052 bytes, compression=lzss
	.bss: load addr=000048c8, load size=00000008 bytes, run addr=20000138, run size=0000004c bytes, compression=zero_init
	.vtable: load addr=000048d0, load size=00000008 bytes, run addr=20000000, run size=000000e4 bytes, compression=zero_init


LINKER GENERATED HANDLER TABLE

__TI_handler_table @ 000048b8 records: 3, size/record: 4, table size: 12
	index: 0, handler: __TI_zero_init
	index: 1, handler: __TI_decompress_lzss
	index: 2, handler: __TI_decompress_none


GLOBAL SYMBOLS: SORTED ALPHABETICALLY BY Name 

address   name                                       
-------   ----                                       
000018db  BQ27441_command                            
00001875  BQ27441_control                            
0000189d  BQ27441_controlRead                        
0000127d  BQ27441_initConfig                         
00001699  BQ27441_initOpConfig                       
00001935  BQ27441_read16                             
000019ad  BQ27441_readChecksum                       
00001905  BQ27441_write16                            
00004439  C$$EXIT                                    
000045a1  CPU_basepriGet                             
00004593  CPU_basepriSet                             
0000456d  CPU_cpsid                                  
00004583  CPU_cpsie                                  
00004579  CPU_primask                                
0000458f  CPU_wfi                                    
000026d1  CS_init                                    
00002503  GPIO_clearInterruptFlag                    
000024c3  GPIO_disableInterrupt                      
000024a1  GPIO_enableInterrupt                       
0000255b  GPIO_getEnabledInterruptStatus             
00002473  GPIO_getInputPinValue                      
000024e5  GPIO_getInterruptStatus                    
0000274b  GPIO_init                                  
00002525  GPIO_interruptEdgeSelect                   
0000261b  GPIO_registerInterrupt                     
0000221b  GPIO_setAsInputPin                         
000023cf  GPIO_setAsInputPinWithPullDownResistor     
00002421  GPIO_setAsInputPinWithPullUpResistor       
000021e1  GPIO_setAsOutputPin                        
000022e5  GPIO_setAsPeripheralModuleFunctionInputPin 
00002261  GPIO_setAsPeripheralModuleFunctionOutputPin
000025d7  GPIO_setDriveStrengthHigh                  
000025f9  GPIO_setDriveStrengthLow                   
00002369  GPIO_setOutputHighOnPin                    
0000238b  GPIO_setOutputLowOnPin                     
000023ad  GPIO_toggleOutputOnPin                     
0000263b  GPIO_unregisterInterrupt                   
00003d1d  GPRSUART_init                              
00003ccd  GPRSUART_initGPIO                          
00003cff  GPSUART_init                               
00003cb9  GPSUART_initGPIO                           
00002099  I2C_clearInterruptFlag                     
00002083  I2C_disableInterrupt                       
00001aeb  I2C_disableModule                          
0000204d  I2C_disableMultiMasterMode                 
0000206d  I2C_enableInterrupt                        
00001ad5  I2C_enableModule                           
0000202d  I2C_enableMultiMasterMode                  
000020c7  I2C_getEnabledInterruptStatus              
000020af  I2C_getInterruptStatus                     
000020d7  I2C_getMode                                
00001fd3  I2C_getReceiveBufferAddressForDMA          
00001fe1  I2C_getTransmitBufferAddressForDMA         
000037fd  I2C_init                                   
000037e5  I2C_initGPIO                               
00001a39  I2C_initMaster                             
00001a9b  I2C_initSlave                              
00001b8f  I2C_isBusBusy                              
00002001  I2C_masterIsStartSent                      
00001fef  I2C_masterIsStopSent                       
00001ef9  I2C_masterReceiveMultiByteFinish           
00001f37  I2C_masterReceiveMultiByteFinishWithTimeout
00001ee1  I2C_masterReceiveMultiByteNext             
00001f95  I2C_masterReceiveMultiByteStop             
00001fa9  I2C_masterReceiveSingle                    
00001b31  I2C_masterReceiveSingleByte                
00001ec7  I2C_masterReceiveStart                     
00001da7  I2C_masterSendMultiByteFinish              
00001df5  I2C_masterSendMultiByteFinishWithTimeout   
00001d3d  I2C_masterSendMultiByteNext                
00001d69  I2C_masterSendMultiByteNextWithTimeout     
00001c93  I2C_masterSendMultiByteStart               
00001ce1  I2C_masterSendMultiByteStartWithTimeout    
00001e61  I2C_masterSendMultiByteStop                
00001e8b  I2C_masterSendMultiByteStopWithTimeout     
00001ba1  I2C_masterSendSingleByte                   
00001c07  I2C_masterSendSingleByteWithTimeout        
00002019  I2C_masterSendStart                        
000038ff  I2C_read16                                 
000038b7  I2C_read8                                  
000020ed  I2C_registerInterrupt                      
00001b15  I2C_setMode                                
00001b01  I2C_setSlaveAddress                        
00003995  I2C_setslave                               
00001b7b  I2C_slaveGetData                           
00001b65  I2C_slavePutData                           
000021af  I2C_slaveSendNAK                           
00002153  I2C_unregisterInterrupt                    
00003859  I2C_write16                                
00003815  I2C_write8                                 
0000309b  Interrupt_disableInterrupt                 
00002eeb  Interrupt_disableMaster                    
00003299  Interrupt_disableSleepOnIsrExit            
00003029  Interrupt_enableInterrupt                  
00002edb  Interrupt_enableMaster                     
00003287  Interrupt_enableSleepOnIsrExit             
00003003  Interrupt_getPriority                      
00002f7b  Interrupt_getPriorityGrouping              
00003267  Interrupt_getPriorityMask                  
00003281  Interrupt_getVectorTableAddress            
0000310d  Interrupt_isEnabled                        
00003199  Interrupt_pendInterrupt                    
00002efb  Interrupt_registerInterrupt                
00002fb3  Interrupt_setPriority                      
00002f61  Interrupt_setPriorityGrouping              
00003257  Interrupt_setPriorityMask                  
00003271  Interrupt_setVectorTableAddress            
00003209  Interrupt_unpendInterrupt                  
00002f4d  Interrupt_unregisterInterrupt              
UNDEFED   SHT$$INIT_ARRAY$$Base                      
UNDEFED   SHT$$INIT_ARRAY$$Limit                     
20000130  SystemCoreClock                            
000032c9  SystemCoreClockUpdate                      
0000353d  SystemInit                                 
00002dd1  UART_clearInterruptFlag                    
00002d29  UART_disableInterrupt                      
00002c0b  UART_disableModule                         
00002cf9  UART_enableInterrupt                       
00002bf5  UART_enableModule                          
00002d75  UART_getEnabledInterruptStatus             
00002d59  UART_getInterruptStatus                    
00002cc1  UART_getReceiveBufferAddressForDMA         
00002ccf  UART_getTransmitBufferAddressForDMA        
00003ce1  UART_init                                  
00003ca5  UART_initGPIO                              
00002abd  UART_initModule                            
00002c21  UART_queryStatusFlags                      
00002bcf  UART_receiveData                           
00002df1  UART_registerInterrupt                     
00002c49  UART_resetDormant                          
00002cdd  UART_selectDeglitchTime                    
00002c35  UART_setDormant                            
00002c5d  UART_transmitAddress                       
00002c7b  UART_transmitBreak                         
00002ba5  UART_transmitData                          
00003d3b  UART_transmitString                        
00003d5b  UART_transmitString1                       
00003d9b  UART_transmitStringGPRS                    
00003d7b  UART_transmitStringGPS                     
00002e6d  UART_unregisterInterrupt                   
4000480c  WDTCTL_SYM                                 
20010000  __STACK_END                                
00000200  __STACK_SIZE                               
000048d8  __TI_CINIT_Base                            
000048f0  __TI_CINIT_Limit                           
000048b8  __TI_Handler_Table_Base                    
000048c4  __TI_Handler_Table_Limit                   
000041f1  __TI_auto_init                             
20000114  __TI_cleanup_ptr                           
00004261  __TI_decompress_lzss                       
00004673  __TI_decompress_none                       
20000118  __TI_dtors_ptr                             
2000011c  __TI_enable_exit_profile_output            
ffffffff  __TI_pprof_out_hndl                        
00000981  __TI_printfi                               
ffffffff  __TI_prof_data_size                        
ffffffff  __TI_prof_data_start                       
00000000  __TI_static_base__                         
00004681  __TI_zero_init                             
00004069  __aeabi_cdcmpeq                            
00004069  __aeabi_cdcmple                            
000040ef  __aeabi_cdrcmple                           
00004525  __aeabi_d2iz                               
000039c3  __aeabi_dadd                               
00003b6f  __aeabi_ddiv                               
00003dd5  __aeabi_dmul                               
000039b9  __aeabi_dsub                               
000045ab  __aeabi_i2d                                
00004175  __aeabi_memclr                             
00004175  __aeabi_memclr4                            
00004175  __aeabi_memclr8                            
00003fcd  __aeabi_memcpy                             
00003fcd  __aeabi_memcpy4                            
00003fcd  __aeabi_memcpy8                            
00004177  __aeabi_memset                             
00004177  __aeabi_memset4                            
00004177  __aeabi_memset8                            
000035f1  __aeabi_uldivmod                           
ffffffff  __binit__                                  
ffffffff  __c_args__                                 
0000127b  __mpu_init                                 
2000fe00  __stack                                    
000045f5  _args_main                                 
000043e5  _c_int00                                   
00004690  _ctypes_                                   
20000120  _lock                                      
00004633  _nop                                       
0000462b  _register_lock                             
00004625  _register_unlock                           
00001a37  _system_post_cinit                         
0000468d  _system_pre_init                           
20000124  _unlock                                    
0000443d  abort                                      
0000448d  atoi                                       
20000178  batt_percent                               
2000017c  batt_remining                              
20000180  batt_voltage                               
ffffffff  binit                                      
000044d9  copy_in                                    
00004639  copysign                                   
00004639  copysignl                                  
20000128  errno                                      
00004445  exit                                       
000042c9  frexp                                      
000042c9  frexpl                                     
20000000  g_pfnRAMVectors                            
00004844  i2cConfig                                  
000028ad  initBattGauge                              
00000000  interruptVectors                           
00003ed1  ldexp                                      
00003ed1  ldexpl                                     
0000438d  ltoa                                       
00002661  main                                       
2000012c  main_func_sp                               
000045d9  memccpy                                    
00003fcd  memcpy                                     
0000417d  memset                                     
000027ef  readBattery                                
20000134  result16                                   
00003ed1  scalbn                                     
00003ed1  scalbnl                                    
0000432d  sprintf                                    
20000138  str                                        
0000460d  strchr                                     
0000464d  strlen                                     
000047e4  uartConfig                                 


GLOBAL SYMBOLS: SORTED BY Symbol Address 

address   name                                       
-------   ----                                       
00000000  __TI_static_base__                         
00000000  interruptVectors                           
00000200  __STACK_SIZE                               
00000981  __TI_printfi                               
0000127b  __mpu_init                                 
0000127d  BQ27441_initConfig                         
00001699  BQ27441_initOpConfig                       
00001875  BQ27441_control                            
0000189d  BQ27441_controlRead                        
000018db  BQ27441_command                            
00001905  BQ27441_write16                            
00001935  BQ27441_read16                             
000019ad  BQ27441_readChecksum                       
00001a37  _system_post_cinit                         
00001a39  I2C_initMaster                             
00001a9b  I2C_initSlave                              
00001ad5  I2C_enableModule                           
00001aeb  I2C_disableModule                          
00001b01  I2C_setSlaveAddress                        
00001b15  I2C_setMode                                
00001b31  I2C_masterReceiveSingleByte                
00001b65  I2C_slavePutData                           
00001b7b  I2C_slaveGetData                           
00001b8f  I2C_isBusBusy                              
00001ba1  I2C_masterSendSingleByte                   
00001c07  I2C_masterSendSingleByteWithTimeout        
00001c93  I2C_masterSendMultiByteStart               
00001ce1  I2C_masterSendMultiByteStartWithTimeout    
00001d3d  I2C_masterSendMultiByteNext                
00001d69  I2C_masterSendMultiByteNextWithTimeout     
00001da7  I2C_masterSendMultiByteFinish              
00001df5  I2C_masterSendMultiByteFinishWithTimeout   
00001e61  I2C_masterSendMultiByteStop                
00001e8b  I2C_masterSendMultiByteStopWithTimeout     
00001ec7  I2C_masterReceiveStart                     
00001ee1  I2C_masterReceiveMultiByteNext             
00001ef9  I2C_masterReceiveMultiByteFinish           
00001f37  I2C_masterReceiveMultiByteFinishWithTimeout
00001f95  I2C_masterReceiveMultiByteStop             
00001fa9  I2C_masterReceiveSingle                    
00001fd3  I2C_getReceiveBufferAddressForDMA          
00001fe1  I2C_getTransmitBufferAddressForDMA         
00001fef  I2C_masterIsStopSent                       
00002001  I2C_masterIsStartSent                      
00002019  I2C_masterSendStart                        
0000202d  I2C_enableMultiMasterMode                  
0000204d  I2C_disableMultiMasterMode                 
0000206d  I2C_enableInterrupt                        
00002083  I2C_disableInterrupt                       
00002099  I2C_clearInterruptFlag                     
000020af  I2C_getInterruptStatus                     
000020c7  I2C_getEnabledInterruptStatus              
000020d7  I2C_getMode                                
000020ed  I2C_registerInterrupt                      
00002153  I2C_unregisterInterrupt                    
000021af  I2C_slaveSendNAK                           
000021e1  GPIO_setAsOutputPin                        
0000221b  GPIO_setAsInputPin                         
00002261  GPIO_setAsPeripheralModuleFunctionOutputPin
000022e5  GPIO_setAsPeripheralModuleFunctionInputPin 
00002369  GPIO_setOutputHighOnPin                    
0000238b  GPIO_setOutputLowOnPin                     
000023ad  GPIO_toggleOutputOnPin                     
000023cf  GPIO_setAsInputPinWithPullDownResistor     
00002421  GPIO_setAsInputPinWithPullUpResistor       
00002473  GPIO_getInputPinValue                      
000024a1  GPIO_enableInterrupt                       
000024c3  GPIO_disableInterrupt                      
000024e5  GPIO_getInterruptStatus                    
00002503  GPIO_clearInterruptFlag                    
00002525  GPIO_interruptEdgeSelect                   
0000255b  GPIO_getEnabledInterruptStatus             
000025d7  GPIO_setDriveStrengthHigh                  
000025f9  GPIO_setDriveStrengthLow                   
0000261b  GPIO_registerInterrupt                     
0000263b  GPIO_unregisterInterrupt                   
00002661  main                                       
000026d1  CS_init                                    
0000274b  GPIO_init                                  
000027ef  readBattery                                
000028ad  initBattGauge                              
00002abd  UART_initModule                            
00002ba5  UART_transmitData                          
00002bcf  UART_receiveData                           
00002bf5  UART_enableModule                          
00002c0b  UART_disableModule                         
00002c21  UART_queryStatusFlags                      
00002c35  UART_setDormant                            
00002c49  UART_resetDormant                          
00002c5d  UART_transmitAddress                       
00002c7b  UART_transmitBreak                         
00002cc1  UART_getReceiveBufferAddressForDMA         
00002ccf  UART_getTransmitBufferAddressForDMA        
00002cdd  UART_selectDeglitchTime                    
00002cf9  UART_enableInterrupt                       
00002d29  UART_disableInterrupt                      
00002d59  UART_getInterruptStatus                    
00002d75  UART_getEnabledInterruptStatus             
00002dd1  UART_clearInterruptFlag                    
00002df1  UART_registerInterrupt                     
00002e6d  UART_unregisterInterrupt                   
00002edb  Interrupt_enableMaster                     
00002eeb  Interrupt_disableMaster                    
00002efb  Interrupt_registerInterrupt                
00002f4d  Interrupt_unregisterInterrupt              
00002f61  Interrupt_setPriorityGrouping              
00002f7b  Interrupt_getPriorityGrouping              
00002fb3  Interrupt_setPriority                      
00003003  Interrupt_getPriority                      
00003029  Interrupt_enableInterrupt                  
0000309b  Interrupt_disableInterrupt                 
0000310d  Interrupt_isEnabled                        
00003199  Interrupt_pendInterrupt                    
00003209  Interrupt_unpendInterrupt                  
00003257  Interrupt_setPriorityMask                  
00003267  Interrupt_getPriorityMask                  
00003271  Interrupt_setVectorTableAddress            
00003281  Interrupt_getVectorTableAddress            
00003287  Interrupt_enableSleepOnIsrExit             
00003299  Interrupt_disableSleepOnIsrExit            
000032c9  SystemCoreClockUpdate                      
0000353d  SystemInit                                 
000035f1  __aeabi_uldivmod                           
000037e5  I2C_initGPIO                               
000037fd  I2C_init                                   
00003815  I2C_write8                                 
00003859  I2C_write16                                
000038b7  I2C_read8                                  
000038ff  I2C_read16                                 
00003995  I2C_setslave                               
000039b9  __aeabi_dsub                               
000039c3  __aeabi_dadd                               
00003b6f  __aeabi_ddiv                               
00003ca5  UART_initGPIO                              
00003cb9  GPSUART_initGPIO                           
00003ccd  GPRSUART_initGPIO                          
00003ce1  UART_init                                  
00003cff  GPSUART_init                               
00003d1d  GPRSUART_init                              
00003d3b  UART_transmitString                        
00003d5b  UART_transmitString1                       
00003d7b  UART_transmitStringGPS                     
00003d9b  UART_transmitStringGPRS                    
00003dd5  __aeabi_dmul                               
00003ed1  ldexp                                      
00003ed1  ldexpl                                     
00003ed1  scalbn                                     
00003ed1  scalbnl                                    
00003fcd  __aeabi_memcpy                             
00003fcd  __aeabi_memcpy4                            
00003fcd  __aeabi_memcpy8                            
00003fcd  memcpy                                     
00004069  __aeabi_cdcmpeq                            
00004069  __aeabi_cdcmple                            
000040ef  __aeabi_cdrcmple                           
00004175  __aeabi_memclr                             
00004175  __aeabi_memclr4                            
00004175  __aeabi_memclr8                            
00004177  __aeabi_memset                             
00004177  __aeabi_memset4                            
00004177  __aeabi_memset8                            
0000417d  memset                                     
000041f1  __TI_auto_init                             
00004261  __TI_decompress_lzss                       
000042c9  frexp                                      
000042c9  frexpl                                     
0000432d  sprintf                                    
0000438d  ltoa                                       
000043e5  _c_int00                                   
00004439  C$$EXIT                                    
0000443d  abort                                      
00004445  exit                                       
0000448d  atoi                                       
000044d9  copy_in                                    
00004525  __aeabi_d2iz                               
0000456d  CPU_cpsid                                  
00004579  CPU_primask                                
00004583  CPU_cpsie                                  
0000458f  CPU_wfi                                    
00004593  CPU_basepriSet                             
000045a1  CPU_basepriGet                             
000045ab  __aeabi_i2d                                
000045d9  memccpy                                    
000045f5  _args_main                                 
0000460d  strchr                                     
00004625  _register_unlock                           
0000462b  _register_lock                             
00004633  _nop                                       
00004639  copysign                                   
00004639  copysignl                                  
0000464d  strlen                                     
00004673  __TI_decompress_none                       
00004681  __TI_zero_init                             
0000468d  _system_pre_init                           
00004690  _ctypes_                                   
000047e4  uartConfig                                 
00004844  i2cConfig                                  
000048b8  __TI_Handler_Table_Base                    
000048c4  __TI_Handler_Table_Limit                   
000048d8  __TI_CINIT_Base                            
000048f0  __TI_CINIT_Limit                           
20000000  g_pfnRAMVectors                            
20000114  __TI_cleanup_ptr                           
20000118  __TI_dtors_ptr                             
2000011c  __TI_enable_exit_profile_output            
20000120  _lock                                      
20000124  _unlock                                    
20000128  errno                                      
2000012c  main_func_sp                               
20000130  SystemCoreClock                            
20000134  result16                                   
20000138  str                                        
20000178  batt_percent                               
2000017c  batt_remining                              
20000180  batt_voltage                               
2000fe00  __stack                                    
20010000  __STACK_END                                
4000480c  WDTCTL_SYM                                 
ffffffff  __TI_pprof_out_hndl                        
ffffffff  __TI_prof_data_size                        
ffffffff  __TI_prof_data_start                       
ffffffff  __binit__                                  
ffffffff  __c_args__                                 
ffffffff  binit                                      
UNDEFED   SHT$$INIT_ARRAY$$Base                      
UNDEFED   SHT$$INIT_ARRAY$$Limit                     

[226 symbols]
