******************************************************************************
                  TI ARM Linker PC v16.9.0                     
******************************************************************************
>> Linked Mon Feb 13 00:03:27 2017

OUTPUT FILE NAME:   <MSP432_GPS_GPRS_Fuel_Gauge.out>
ENTRY POINT SYMBOL: "_c_int00"  address: 000047fd


MEMORY CONFIGURATION

         name            origin    length      used     unused   attr    fill
----------------------  --------  ---------  --------  --------  ----  --------
  MAIN                  00000000   00040000  00004dc8  0003b238  R  X
  INFO                  00200000   00004000  00000000  00004000  R  X
  SRAM_CODE             01000000   00010000  00000698  0000f968  RW X
  SRAM_DATA             20000000   00010000  00000698  0000f968  RW  


SEGMENT ALLOCATION MAP

run origin  load origin   length   init length attrs members
----------  ----------- ---------- ----------- ----- -------
00000000    00000000    00004dc8   00004dc8    r-x
  00000000    00000000    00000140   00000140    r-- .intvecs
  00000140    00000140    0000497c   0000497c    r-x .text
  00004abc    00004abc    0000020c   0000020c    r-- .const
  00004cc8    00004cc8    00000100   00000100    r-- .cinit
20000000    20000000    00000498   00000000    rw-
  20000000    20000000    000000e4   00000000    rw- .vtable
  200000e4    200000e4    00000298   00000000    rw- .bss
  2000037c    2000037c    0000011c   00000000    rw- .data
2000fe00    2000fe00    00000200   00000000    rw-
  2000fe00    2000fe00    00000200   00000000    rw- .stack


SECTION ALLOCATION MAP

 output                                  attributes/
section   page    origin      length       input sections
--------  ----  ----------  ----------   ----------------
.intvecs   0    00000000    00000140     
                  00000000    00000140     startup_msp432p401r_ccs.obj (.intvecs:retain)

.binit     0    00000000    00000000     

.text      0    00000140    0000497c     
                  00000140    0000113a     rtsv7M4_T_le_v4SPD16_eabi.lib : _printfi.obj (.text)
                  0000127a    00000002                                   : mpu_init.obj (.text)
                  0000127c    000008d4     main.obj (.text)
                  00001b50    000007ba     HAL_BQ27441.obj (.text)
                  0000230a    00000002     rtsv7M4_T_le_v4SPD16_eabi.lib : startup.obj (.text)
                  0000230c    000007a8     i2c.obj (.text)
                  00002ab4    00000480     gpio.obj (.text)
                  00002f34    0000041c     uart.obj (.text)
                  00003350    000003f0     interrupt.obj (.text)
                  00003740    00000328     system_msp432p401r.obj (.text)
                  00003a68    000001f4     rtsv7M4_T_le_v4SPD16_eabi.lib : ull_div_t2.obj (.text)
                  00003c5c    000001d4     HAL_I2C.obj (.text)
                  00003e30    000001b6     rtsv7M4_T_le_v4SPD16_eabi.lib : fd_add_t2.obj (.text)
                  00003fe6    00000136                                   : fd_div_t2.obj (.text)
                  0000411c    000000fc                                   : fd_mul_t2.obj (.text)
                  00004218    000000fc                                   : s_scalbn.obj (.text)
                  00004314    000000d0     HAL_UART.obj (.text)
                  000043e4    0000009c     rtsv7M4_T_le_v4SPD16_eabi.lib : memcpy_t2.obj (.text)
                  00004480    00000086                                   : fd_cmp_t2.obj (.text:__aeabi_cdcmple)
                  00004506    00000086                                   : fd_cmp_t2.obj (.text:__aeabi_cdrcmple)
                  0000458c    0000007a                                   : memset_t2.obj (.text)
                  00004606    00000002     --HOLE-- [fill = 0]
                  00004608    00000070                                   : autoinit.obj (.text)
                  00004678    00000068                                   : copy_decompress_lzss.obj (.text:decompress:lzss)
                  000046e0    00000064                                   : s_frexp.obj (.text)
                  00004744    00000060                                   : sprintf.obj (.text)
                  000047a4    00000056                                   : ltoa.obj (.text)
                  000047fa    00000002     --HOLE-- [fill = 0]
                  000047fc    00000054                                   : boot.obj (.text)
                  00004850    00000054                                   : exit.obj (.text)
                  000048a4    0000004c                                   : atoi.obj (.text)
                  000048f0    0000004c                                   : cpy_tbl.obj (.text)
                  0000493c    00000048                                   : fd_toi_t2.obj (.text)
                  00004984    0000003e     cpu.obj (.text)
                  000049c2    0000002e     rtsv7M4_T_le_v4SPD16_eabi.lib : i_tofd_t2.obj (.text)
                  000049f0    0000001c                                   : memccpy.obj (.text)
                  00004a0c    00000018                                   : args_main.obj (.text)
                  00004a24    00000016                                   : strchr.obj (.text)
                  00004a3a    00000002     --HOLE-- [fill = 0]
                  00004a3c    00000014                                   : _lock.obj (.text)
                  00004a50    00000014                                   : s_copysign.obj (.text)
                  00004a64    00000014                                   : strcpy.obj (.text)
                  00004a78    00000014                                   : strlen.obj (.text)
                  00004a8c    00000012     startup_msp432p401r_ccs.obj (.text)
                  00004a9e    0000000e     rtsv7M4_T_le_v4SPD16_eabi.lib : copy_decompress_none.obj (.text:decompress:none)
                  00004aac    0000000c                                   : copy_zero_init.obj (.text:decompress:ZI)
                  00004ab8    00000004                                   : pre_init.obj (.text)

.const     0    00004abc    0000020c     
                  00004abc    00000101     rtsv7M4_T_le_v4SPD16_eabi.lib : ctype.obj (.const:.string:_ctypes_)
                  00004bbd    00000003     --HOLE-- [fill = 0]
                  00004bc0    00000050     interrupt.obj (.const:g_pulRegs)
                  00004c10    00000024     HAL_UART.obj (.const:uartConfig)
                  00004c34    00000024     HAL_UART.obj (.const:uartConfigGps)
                  00004c58    00000020     interrupt.obj (.const:g_pulPriority)
                  00004c78    0000001c     gpio.obj (.const:GPIO_PORT_TO_INT)
                  00004c94    00000014     HAL_I2C.obj (.const:i2cConfig)
                  00004ca8    00000008     interrupt.obj (.const:g_pulDisRegs)
                  00004cb0    00000008     interrupt.obj (.const:g_pulEnRegs)
                  00004cb8    00000008     interrupt.obj (.const:g_pulPendRegs)
                  00004cc0    00000008     interrupt.obj (.const:g_pulUnpendRegs)

.cinit     0    00004cc8    00000100     
                  00004cc8    000000c6     (.cinit..data.load) [load image, compression = lzss]
                  00004d8e    00000002     --HOLE-- [fill = 0]
                  00004d90    0000000c     (__TI_handler_table)
                  00004d9c    00000004     --HOLE-- [fill = 0]
                  00004da0    00000008     (.cinit..bss.load) [load image, compression = zero_init]
                  00004da8    00000008     (.cinit..vtable.load) [load image, compression = zero_init]
                  00004db0    00000018     (__TI_cinit_table)

.init_array 
*          0    00000000    00000000     UNINITIALIZED

.vtable    0    20000000    000000e4     UNINITIALIZED
                  20000000    000000e4     interrupt.obj (.vtable)

.bss       0    200000e4    00000298     UNINITIALIZED
                  200000e4    000001f4     (.common:getUrl)
                  200002d8    00000064     (.common:temp)
                  2000033c    00000014     (.common:latc)
                  20000350    00000014     (.common:lngc)
                  20000364    0000000c     (.common:battCap)
                  20000370    0000000c     (.common:battState)

.data      0    2000037c    0000011c     UNINITIALIZED
                  2000037c    00000030     gpio.obj (.data:GPIO_PORT_TO_BASE)
                  200003ac    0000001c     main.obj (.data)
                  200003c8    00000018     main.obj (.data:QICSGP)
                  200003e0    00000014     main.obj (.data:rootUrl)
                  200003f4    0000000f     main.obj (.data:QIFGCNT)
                  20000403    0000000e     main.obj (.data:QIREGAPP)
                  20000411    0000000d     main.obj (.data:QIDEACT)
                  2000041e    00000002     --HOLE--
                  20000420    0000000c     rtsv7M4_T_le_v4SPD16_eabi.lib : exit.obj (.data:$O1$$)
                  2000042c    0000000c     main.obj (.data:CGREG)
                  20000438    0000000b     main.obj (.data:COPS)
                  20000443    0000000b     main.obj (.data:CPIN)
                  2000044e    0000000b     main.obj (.data:CREG)
                  20000459    0000000b     main.obj (.data:QIACT)
                  20000464    00000009     main.obj (.data:CSQ)
                  2000046d    00000003     --HOLE--
                  20000470    00000008     rtsv7M4_T_le_v4SPD16_eabi.lib : _lock.obj (.data:$O1$$)
                  20000478    00000007     main.obj (.data:ATE1)
                  2000047f    00000007     main.obj (.data:ATV1)
                  20000486    00000005     main.obj (.data:at)
                  2000048b    00000001     --HOLE--
                  2000048c    00000004     rtsv7M4_T_le_v4SPD16_eabi.lib : errno.obj (.data)
                  20000490    00000004                                   : stkdepth_vars.obj (.data)
                  20000494    00000004     system_msp432p401r.obj (.data)

.stack     0    2000fe00    00000200     UNINITIALIZED
                  2000fe00    00000200     --HOLE--

MODULE SUMMARY

       Module                        code    ro data   rw data
       ------                        ----    -------   -------
    .\
       main.obj                      2260    0         1724   
       HAL_BQ27441.obj               1978    0         0      
       system_msp432p401r.obj        808     0         8      
       HAL_I2C.obj                   468     20        0      
       startup_msp432p401r_ccs.obj   18      320       0      
       HAL_UART.obj                  208     72        0      
    +--+-----------------------------+-------+---------+---------+
       Total:                        5740    412       1732   
                                                              
    .\driverlib\MSP432P4xx\
       i2c.obj                       1960    0         0      
       interrupt.obj                 1008    144       456    
       gpio.obj                      1152    28        96     
       uart.obj                      1052    0         0      
       cpu.obj                       62      0         0      
    +--+-----------------------------+-------+---------+---------+
       Total:                        5234    172       552    
                                                              
    C:\ti\ccsv7\tools\compiler\ti-cgt-arm_16.9.0.LTS\lib\rtsv7M4_T_le_v4SPD16_eabi.lib
       _printfi.obj                  4410    0         0      
       ull_div_t2.obj                500     0         0      
       fd_add_t2.obj                 438     0         0      
       fd_div_t2.obj                 310     0         0      
       fd_cmp_t2.obj                 268     0         0      
       ctype.obj                     0       257       0      
       fd_mul_t2.obj                 252     0         0      
       s_scalbn.obj                  252     0         0      
       memcpy_t2.obj                 156     0         0      
       memset_t2.obj                 122     0         0      
       autoinit.obj                  112     0         0      
       exit.obj                      84      0         24     
       copy_decompress_lzss.obj      104     0         0      
       s_frexp.obj                   100     0         0      
       sprintf.obj                   96      0         0      
       ltoa.obj                      86      0         0      
       boot.obj                      84      0         0      
       atoi.obj                      76      0         0      
       cpy_tbl.obj                   76      0         0      
       fd_toi_t2.obj                 72      0         0      
       i_tofd_t2.obj                 46      0         0      
       _lock.obj                     20      0         16     
       memccpy.obj                   28      0         0      
       args_main.obj                 24      0         0      
       strchr.obj                    22      0         0      
       s_copysign.obj                20      0         0      
       strcpy.obj                    20      0         0      
       strlen.obj                    20      0         0      
       copy_decompress_none.obj      14      0         0      
       copy_zero_init.obj            12      0         0      
       errno.obj                     0       0         8      
       stkdepth_vars.obj             0       0         8      
       pre_init.obj                  4       0         0      
       mpu_init.obj                  2       0         0      
       startup.obj                   2       0         0      
    +--+-----------------------------+-------+---------+---------+
       Total:                        7832    257       56     
                                                              
       Stack:                        0       0         1024   
       Linker Generated:             0       250       0      
    +--+-----------------------------+-------+---------+---------+
       Grand Total:                  18806   1091      3364   


LINKER GENERATED COPY TABLES

__TI_cinit_table @ 00004db0 records: 3, size/record: 8, table size: 24
	.data: load addr=00004cc8, load size=000000c6 bytes, run addr=2000037c, run size=0000011c bytes, compression=lzss
	.bss: load addr=00004da0, load size=00000008 bytes, run addr=200000e4, run size=00000298 bytes, compression=zero_init
	.vtable: load addr=00004da8, load size=00000008 bytes, run addr=20000000, run size=000000e4 bytes, compression=zero_init


LINKER GENERATED HANDLER TABLE

__TI_handler_table @ 00004d90 records: 3, size/record: 4, table size: 12
	index: 0, handler: __TI_zero_init
	index: 1, handler: __TI_decompress_lzss
	index: 2, handler: __TI_decompress_none


GLOBAL SYMBOLS: SORTED ALPHABETICALLY BY Name 

address   name                                       
-------   ----                                       
20000478  ATE1                                       
2000047f  ATV1                                       
000021af  BQ27441_command                            
00002149  BQ27441_control                            
00002171  BQ27441_controlRead                        
00001b51  BQ27441_initConfig                         
00001f6d  BQ27441_initOpConfig                       
00002209  BQ27441_read16                             
00002281  BQ27441_readChecksum                       
000021d9  BQ27441_write16                            
000016e5  BatInitFn                                  
0000173f  BleReq                                     
00004851  C$$EXIT                                    
2000042c  CGREG                                      
20000438  COPS                                       
20000443  CPIN                                       
000049b9  CPU_basepriGet                             
000049ab  CPU_basepriSet                             
00004985  CPU_cpsid                                  
0000499b  CPU_cpsie                                  
00004991  CPU_primask                                
000049a7  CPU_wfi                                    
2000044e  CREG                                       
20000464  CSQ                                        
00001521  CS_init                                    
00002dd7  GPIO_clearInterruptFlag                    
00002d97  GPIO_disableInterrupt                      
00002d75  GPIO_enableInterrupt                       
00002e2f  GPIO_getEnabledInterruptStatus             
00002d47  GPIO_getInputPinValue                      
00002db9  GPIO_getInterruptStatus                    
000015a9  GPIO_init                                  
00002df9  GPIO_interruptEdgeSelect                   
00002eef  GPIO_registerInterrupt                     
00002aef  GPIO_setAsInputPin                         
00002ca3  GPIO_setAsInputPinWithPullDownResistor     
00002cf5  GPIO_setAsInputPinWithPullUpResistor       
00002ab5  GPIO_setAsOutputPin                        
00002bb9  GPIO_setAsPeripheralModuleFunctionInputPin 
00002b35  GPIO_setAsPeripheralModuleFunctionOutputPin
00002eab  GPIO_setDriveStrengthHigh                  
00002ecd  GPIO_setDriveStrengthLow                   
00002c3d  GPIO_setOutputHighOnPin                    
00002c5f  GPIO_setOutputLowOnPin                     
00002c81  GPIO_toggleOutputOnPin                     
00002f0f  GPIO_unregisterInterrupt                   
0000296d  I2C_clearInterruptFlag                     
00002957  I2C_disableInterrupt                       
000023bf  I2C_disableModule                          
00002921  I2C_disableMultiMasterMode                 
00002941  I2C_enableInterrupt                        
000023a9  I2C_enableModule                           
00002901  I2C_enableMultiMasterMode                  
0000299b  I2C_getEnabledInterruptStatus              
00002983  I2C_getInterruptStatus                     
000029ab  I2C_getMode                                
000028a7  I2C_getReceiveBufferAddressForDMA          
000028b5  I2C_getTransmitBufferAddressForDMA         
00003c75  I2C_init                                   
00003c5d  I2C_initGPIO                               
0000230d  I2C_initMaster                             
0000236f  I2C_initSlave                              
00002463  I2C_isBusBusy                              
000028d5  I2C_masterIsStartSent                      
000028c3  I2C_masterIsStopSent                       
000027cd  I2C_masterReceiveMultiByteFinish           
0000280b  I2C_masterReceiveMultiByteFinishWithTimeout
000027b5  I2C_masterReceiveMultiByteNext             
00002869  I2C_masterReceiveMultiByteStop             
0000287d  I2C_masterReceiveSingle                    
00002405  I2C_masterReceiveSingleByte                
0000279b  I2C_masterReceiveStart                     
0000267b  I2C_masterSendMultiByteFinish              
000026c9  I2C_masterSendMultiByteFinishWithTimeout   
00002611  I2C_masterSendMultiByteNext                
0000263d  I2C_masterSendMultiByteNextWithTimeout     
00002567  I2C_masterSendMultiByteStart               
000025b5  I2C_masterSendMultiByteStartWithTimeout    
00002735  I2C_masterSendMultiByteStop                
0000275f  I2C_masterSendMultiByteStopWithTimeout     
00002475  I2C_masterSendSingleByte                   
000024db  I2C_masterSendSingleByteWithTimeout        
000028ed  I2C_masterSendStart                        
00003d77  I2C_read16                                 
00003d2f  I2C_read8                                  
000029c1  I2C_registerInterrupt                      
000023e9  I2C_setMode                                
000023d5  I2C_setSlaveAddress                        
00003e0d  I2C_setslave                               
0000244f  I2C_slaveGetData                           
00002439  I2C_slavePutData                           
00002a83  I2C_slaveSendNAK                           
00002a27  I2C_unregisterInterrupt                    
00003cd1  I2C_write16                                
00003c8d  I2C_write8                                 
00003513  Interrupt_disableInterrupt                 
00003363  Interrupt_disableMaster                    
00003711  Interrupt_disableSleepOnIsrExit            
000034a1  Interrupt_enableInterrupt                  
00003353  Interrupt_enableMaster                     
000036ff  Interrupt_enableSleepOnIsrExit             
0000347b  Interrupt_getPriority                      
000033f3  Interrupt_getPriorityGrouping              
000036df  Interrupt_getPriorityMask                  
000036f9  Interrupt_getVectorTableAddress            
00003585  Interrupt_isEnabled                        
00003611  Interrupt_pendInterrupt                    
00003373  Interrupt_registerInterrupt                
0000342b  Interrupt_setPriority                      
000033d9  Interrupt_setPriorityGrouping              
000036cf  Interrupt_setPriorityMask                  
000036e9  Interrupt_setVectorTableAddress            
00003681  Interrupt_unpendInterrupt                  
000033c5  Interrupt_unregisterInterrupt              
00001897  LogToServer                                
00001881  PowerCheck                                 
0000184f  PowerOnGprs                                
20000459  QIACT                                      
200003c8  QICSGP                                     
20000411  QIDEACT                                    
200003f4  QIFGCNT                                    
20000403  QIREGAPP                                   
200003b4  Range                                      
UNDEFED   SHT$$INIT_ARRAY$$Base                      
UNDEFED   SHT$$INIT_ARRAY$$Limit                     
20000494  SystemCoreClock                            
00003741  SystemCoreClockUpdate                      
000039b5  SystemInit                                 
00003249  UART_clearInterruptFlag                    
000031a1  UART_disableInterrupt                      
00003083  UART_disableModule                         
00003171  UART_enableInterrupt                       
0000306d  UART_enableModule                          
000031ed  UART_getEnabledInterruptStatus             
000031d1  UART_getInterruptStatus                    
00003139  UART_getReceiveBufferAddressForDMA         
00003147  UART_getTransmitBufferAddressForDMA        
00004339  UART_init                                  
00004315  UART_initGPIO                              
00002f35  UART_initModule                            
00003099  UART_queryStatusFlags                      
00003047  UART_receiveData                           
00003269  UART_registerInterrupt                     
000030c1  UART_resetDormant                          
00003155  UART_selectDeglitchTime                    
000030ad  UART_setDormant                            
000030d5  UART_transmitAddress                       
000030f3  UART_transmitBreak                         
0000301d  UART_transmitData                          
00004371  UART_transmitString                        
000032e5  UART_unregisterInterrupt                   
4000480c  WDTCTL_SYM                                 
20010000  __STACK_END                                
00000200  __STACK_SIZE                               
00004db0  __TI_CINIT_Base                            
00004dc8  __TI_CINIT_Limit                           
00004d90  __TI_Handler_Table_Base                    
00004d9c  __TI_Handler_Table_Limit                   
00004609  __TI_auto_init                             
20000420  __TI_cleanup_ptr                           
00004679  __TI_decompress_lzss                       
00004a9f  __TI_decompress_none                       
20000424  __TI_dtors_ptr                             
20000428  __TI_enable_exit_profile_output            
ffffffff  __TI_pprof_out_hndl                        
00000981  __TI_printfi                               
ffffffff  __TI_prof_data_size                        
ffffffff  __TI_prof_data_start                       
00000000  __TI_static_base__                         
00004aad  __TI_zero_init                             
00004481  __aeabi_cdcmpeq                            
00004481  __aeabi_cdcmple                            
00004507  __aeabi_cdrcmple                           
0000493d  __aeabi_d2iz                               
00003e3b  __aeabi_dadd                               
00003fe7  __aeabi_ddiv                               
0000411d  __aeabi_dmul                               
00003e31  __aeabi_dsub                               
000049c3  __aeabi_i2d                                
0000458d  __aeabi_memclr                             
0000458d  __aeabi_memclr4                            
0000458d  __aeabi_memclr8                            
000043e5  __aeabi_memcpy                             
000043e5  __aeabi_memcpy4                            
000043e5  __aeabi_memcpy8                            
0000458f  __aeabi_memset                             
0000458f  __aeabi_memset4                            
0000458f  __aeabi_memset8                            
00003a69  __aeabi_uldivmod                           
ffffffff  __binit__                                  
ffffffff  __c_args__                                 
0000127b  __mpu_init                                 
2000fe00  __stack                                    
00004a0d  _args_main                                 
000047fd  _c_int00                                   
00004abc  _ctypes_                                   
20000470  _lock                                      
00004a4b  _nop                                       
00004a43  _register_lock                             
00004a3d  _register_unlock                           
0000230b  _system_post_cinit                         
00004ab9  _system_pre_init                           
20000474  _unlock                                    
200003ac  aCount                                     
00004855  abort                                      
20000486  at                                         
000048a5  atoi                                       
200003b8  bat                                        
20000364  battCap                                    
20000370  battState                                  
ffffffff  binit                                      
000048f1  copy_in                                    
00004a51  copysign                                   
00004a51  copysignl                                  
2000048c  errno                                      
0000485d  exit                                       
000046e1  frexp                                      
000046e1  frexpl                                     
20000000  g_pfnRAMVectors                            
200000e4  getUrl                                     
0000179f  gprsInit                                   
000017f9  gsmInit                                    
200003c4  i                                          
00004c94  i2cConfig                                  
200003b0  idx                                        
00000000  interruptVectors                           
200003bc  j                                          
200003b6  lat                                        
2000033c  latc                                       
00004219  ldexp                                      
00004219  ldexpl                                     
200003b7  lng                                        
20000350  lngc                                       
000047a5  ltoa                                       
0000127d  main                                       
20000490  main_func_sp                               
000049f1  memccpy                                    
000043e5  memcpy                                     
00004595  memset                                     
200003c0  q                                          
200003e0  rootUrl                                    
00004219  scalbn                                     
00004219  scalbnl                                    
0000438b  serialTx0                                  
000043ab  serialTx1                                  
00004745  sprintf                                    
200003b9  status                                     
00004a25  strchr                                     
00004a65  strcpy                                     
00004a79  strlen                                     
200003b5  t                                          
200002d8  temp                                       
00004c10  uartConfig                                 
00004c34  uartConfigGps                              


GLOBAL SYMBOLS: SORTED BY Symbol Address 

address   name                                       
-------   ----                                       
00000000  __TI_static_base__                         
00000000  interruptVectors                           
00000200  __STACK_SIZE                               
00000981  __TI_printfi                               
0000127b  __mpu_init                                 
0000127d  main                                       
00001521  CS_init                                    
000015a9  GPIO_init                                  
000016e5  BatInitFn                                  
0000173f  BleReq                                     
0000179f  gprsInit                                   
000017f9  gsmInit                                    
0000184f  PowerOnGprs                                
00001881  PowerCheck                                 
00001897  LogToServer                                
00001b51  BQ27441_initConfig                         
00001f6d  BQ27441_initOpConfig                       
00002149  BQ27441_control                            
00002171  BQ27441_controlRead                        
000021af  BQ27441_command                            
000021d9  BQ27441_write16                            
00002209  BQ27441_read16                             
00002281  BQ27441_readChecksum                       
0000230b  _system_post_cinit                         
0000230d  I2C_initMaster                             
0000236f  I2C_initSlave                              
000023a9  I2C_enableModule                           
000023bf  I2C_disableModule                          
000023d5  I2C_setSlaveAddress                        
000023e9  I2C_setMode                                
00002405  I2C_masterReceiveSingleByte                
00002439  I2C_slavePutData                           
0000244f  I2C_slaveGetData                           
00002463  I2C_isBusBusy                              
00002475  I2C_masterSendSingleByte                   
000024db  I2C_masterSendSingleByteWithTimeout        
00002567  I2C_masterSendMultiByteStart               
000025b5  I2C_masterSendMultiByteStartWithTimeout    
00002611  I2C_masterSendMultiByteNext                
0000263d  I2C_masterSendMultiByteNextWithTimeout     
0000267b  I2C_masterSendMultiByteFinish              
000026c9  I2C_masterSendMultiByteFinishWithTimeout   
00002735  I2C_masterSendMultiByteStop                
0000275f  I2C_masterSendMultiByteStopWithTimeout     
0000279b  I2C_masterReceiveStart                     
000027b5  I2C_masterReceiveMultiByteNext             
000027cd  I2C_masterReceiveMultiByteFinish           
0000280b  I2C_masterReceiveMultiByteFinishWithTimeout
00002869  I2C_masterReceiveMultiByteStop             
0000287d  I2C_masterReceiveSingle                    
000028a7  I2C_getReceiveBufferAddressForDMA          
000028b5  I2C_getTransmitBufferAddressForDMA         
000028c3  I2C_masterIsStopSent                       
000028d5  I2C_masterIsStartSent                      
000028ed  I2C_masterSendStart                        
00002901  I2C_enableMultiMasterMode                  
00002921  I2C_disableMultiMasterMode                 
00002941  I2C_enableInterrupt                        
00002957  I2C_disableInterrupt                       
0000296d  I2C_clearInterruptFlag                     
00002983  I2C_getInterruptStatus                     
0000299b  I2C_getEnabledInterruptStatus              
000029ab  I2C_getMode                                
000029c1  I2C_registerInterrupt                      
00002a27  I2C_unregisterInterrupt                    
00002a83  I2C_slaveSendNAK                           
00002ab5  GPIO_setAsOutputPin                        
00002aef  GPIO_setAsInputPin                         
00002b35  GPIO_setAsPeripheralModuleFunctionOutputPin
00002bb9  GPIO_setAsPeripheralModuleFunctionInputPin 
00002c3d  GPIO_setOutputHighOnPin                    
00002c5f  GPIO_setOutputLowOnPin                     
00002c81  GPIO_toggleOutputOnPin                     
00002ca3  GPIO_setAsInputPinWithPullDownResistor     
00002cf5  GPIO_setAsInputPinWithPullUpResistor       
00002d47  GPIO_getInputPinValue                      
00002d75  GPIO_enableInterrupt                       
00002d97  GPIO_disableInterrupt                      
00002db9  GPIO_getInterruptStatus                    
00002dd7  GPIO_clearInterruptFlag                    
00002df9  GPIO_interruptEdgeSelect                   
00002e2f  GPIO_getEnabledInterruptStatus             
00002eab  GPIO_setDriveStrengthHigh                  
00002ecd  GPIO_setDriveStrengthLow                   
00002eef  GPIO_registerInterrupt                     
00002f0f  GPIO_unregisterInterrupt                   
00002f35  UART_initModule                            
0000301d  UART_transmitData                          
00003047  UART_receiveData                           
0000306d  UART_enableModule                          
00003083  UART_disableModule                         
00003099  UART_queryStatusFlags                      
000030ad  UART_setDormant                            
000030c1  UART_resetDormant                          
000030d5  UART_transmitAddress                       
000030f3  UART_transmitBreak                         
00003139  UART_getReceiveBufferAddressForDMA         
00003147  UART_getTransmitBufferAddressForDMA        
00003155  UART_selectDeglitchTime                    
00003171  UART_enableInterrupt                       
000031a1  UART_disableInterrupt                      
000031d1  UART_getInterruptStatus                    
000031ed  UART_getEnabledInterruptStatus             
00003249  UART_clearInterruptFlag                    
00003269  UART_registerInterrupt                     
000032e5  UART_unregisterInterrupt                   
00003353  Interrupt_enableMaster                     
00003363  Interrupt_disableMaster                    
00003373  Interrupt_registerInterrupt                
000033c5  Interrupt_unregisterInterrupt              
000033d9  Interrupt_setPriorityGrouping              
000033f3  Interrupt_getPriorityGrouping              
0000342b  Interrupt_setPriority                      
0000347b  Interrupt_getPriority                      
000034a1  Interrupt_enableInterrupt                  
00003513  Interrupt_disableInterrupt                 
00003585  Interrupt_isEnabled                        
00003611  Interrupt_pendInterrupt                    
00003681  Interrupt_unpendInterrupt                  
000036cf  Interrupt_setPriorityMask                  
000036df  Interrupt_getPriorityMask                  
000036e9  Interrupt_setVectorTableAddress            
000036f9  Interrupt_getVectorTableAddress            
000036ff  Interrupt_enableSleepOnIsrExit             
00003711  Interrupt_disableSleepOnIsrExit            
00003741  SystemCoreClockUpdate                      
000039b5  SystemInit                                 
00003a69  __aeabi_uldivmod                           
00003c5d  I2C_initGPIO                               
00003c75  I2C_init                                   
00003c8d  I2C_write8                                 
00003cd1  I2C_write16                                
00003d2f  I2C_read8                                  
00003d77  I2C_read16                                 
00003e0d  I2C_setslave                               
00003e31  __aeabi_dsub                               
00003e3b  __aeabi_dadd                               
00003fe7  __aeabi_ddiv                               
0000411d  __aeabi_dmul                               
00004219  ldexp                                      
00004219  ldexpl                                     
00004219  scalbn                                     
00004219  scalbnl                                    
00004315  UART_initGPIO                              
00004339  UART_init                                  
00004371  UART_transmitString                        
0000438b  serialTx0                                  
000043ab  serialTx1                                  
000043e5  __aeabi_memcpy                             
000043e5  __aeabi_memcpy4                            
000043e5  __aeabi_memcpy8                            
000043e5  memcpy                                     
00004481  __aeabi_cdcmpeq                            
00004481  __aeabi_cdcmple                            
00004507  __aeabi_cdrcmple                           
0000458d  __aeabi_memclr                             
0000458d  __aeabi_memclr4                            
0000458d  __aeabi_memclr8                            
0000458f  __aeabi_memset                             
0000458f  __aeabi_memset4                            
0000458f  __aeabi_memset8                            
00004595  memset                                     
00004609  __TI_auto_init                             
00004679  __TI_decompress_lzss                       
000046e1  frexp                                      
000046e1  frexpl                                     
00004745  sprintf                                    
000047a5  ltoa                                       
000047fd  _c_int00                                   
00004851  C$$EXIT                                    
00004855  abort                                      
0000485d  exit                                       
000048a5  atoi                                       
000048f1  copy_in                                    
0000493d  __aeabi_d2iz                               
00004985  CPU_cpsid                                  
00004991  CPU_primask                                
0000499b  CPU_cpsie                                  
000049a7  CPU_wfi                                    
000049ab  CPU_basepriSet                             
000049b9  CPU_basepriGet                             
000049c3  __aeabi_i2d                                
000049f1  memccpy                                    
00004a0d  _args_main                                 
00004a25  strchr                                     
00004a3d  _register_unlock                           
00004a43  _register_lock                             
00004a4b  _nop                                       
00004a51  copysign                                   
00004a51  copysignl                                  
00004a65  strcpy                                     
00004a79  strlen                                     
00004a9f  __TI_decompress_none                       
00004aad  __TI_zero_init                             
00004ab9  _system_pre_init                           
00004abc  _ctypes_                                   
00004c10  uartConfig                                 
00004c34  uartConfigGps                              
00004c94  i2cConfig                                  
00004d90  __TI_Handler_Table_Base                    
00004d9c  __TI_Handler_Table_Limit                   
00004db0  __TI_CINIT_Base                            
00004dc8  __TI_CINIT_Limit                           
20000000  g_pfnRAMVectors                            
200000e4  getUrl                                     
200002d8  temp                                       
2000033c  latc                                       
20000350  lngc                                       
20000364  battCap                                    
20000370  battState                                  
200003ac  aCount                                     
200003b0  idx                                        
200003b4  Range                                      
200003b5  t                                          
200003b6  lat                                        
200003b7  lng                                        
200003b8  bat                                        
200003b9  status                                     
200003bc  j                                          
200003c0  q                                          
200003c4  i                                          
200003c8  QICSGP                                     
200003e0  rootUrl                                    
200003f4  QIFGCNT                                    
20000403  QIREGAPP                                   
20000411  QIDEACT                                    
20000420  __TI_cleanup_ptr                           
20000424  __TI_dtors_ptr                             
20000428  __TI_enable_exit_profile_output            
2000042c  CGREG                                      
20000438  COPS                                       
20000443  CPIN                                       
2000044e  CREG                                       
20000459  QIACT                                      
20000464  CSQ                                        
20000470  _lock                                      
20000474  _unlock                                    
20000478  ATE1                                       
2000047f  ATV1                                       
20000486  at                                         
2000048c  errno                                      
20000490  main_func_sp                               
20000494  SystemCoreClock                            
2000fe00  __stack                                    
20010000  __STACK_END                                
4000480c  WDTCTL_SYM                                 
ffffffff  __TI_pprof_out_hndl                        
ffffffff  __TI_prof_data_size                        
ffffffff  __TI_prof_data_start                       
ffffffff  __binit__                                  
ffffffff  __c_args__                                 
ffffffff  binit                                      
UNDEFED   SHT$$INIT_ARRAY$$Base                      
UNDEFED   SHT$$INIT_ARRAY$$Limit                     

[254 symbols]
