******************************************************************************
                  TI ARM Linker PC v16.9.0                     
******************************************************************************
>> Linked Mon Feb 06 13:43:40 2017

OUTPUT FILE NAME:   <MSP432_GPS_GPRS_Fuel_Gauge.out>
ENTRY POINT SYMBOL: "_c_int00"  address: 000045a9


MEMORY CONFIGURATION

         name            origin    length      used     unused   attr    fill
----------------------  --------  ---------  --------  --------  ----  --------
  MAIN                  00000000   00040000  00004c74  0003b38c  R  X
  INFO                  00200000   00004000  00000000  00004000  R  X
  SRAM_CODE             01000000   00010000  00000645  0000f9bb  RW X
  SRAM_DATA             20000000   00010000  00000645  0000f9bb  RW  


SEGMENT ALLOCATION MAP

run origin  load origin   length   init length attrs members
----------  ----------- ---------- ----------- ----- -------
00000000    00000000    00004c78   00004c78    r-x
  00000000    00000000    00000140   00000140    r-- .intvecs
  00000140    00000140    00004714   00004714    r-x .text
  00004854    00004854    00000210   00000210    r-- .const
  00004a68    00004a68    00000210   00000210    r-- .cinit
20000000    20000000    00000445   00000000    rw-
  20000000    20000000    000000e4   00000000    rw- .vtable
  200000e4    200000e4    00000298   00000000    rw- .data
  2000037c    2000037c    000000c9   00000000    rw- .bss
2000fe00    2000fe00    00000200   00000000    rw-
  2000fe00    2000fe00    00000200   00000000    rw- .stack


SECTION ALLOCATION MAP

 output                                  attributes/
section   page    origin      length       input sections
--------  ----  ----------  ----------   ----------------
.intvecs   0    00000000    00000140     
                  00000000    00000140     startup_msp432p401r_ccs.obj (.intvecs:retain)

.binit     0    00000000    00000000     

.text      0    00000140    00004714     
                  00000140    0000113a     rtsv7M4_T_le_v4SPD16_eabi.lib : _printfi.obj (.text)
                  0000127a    00000002                                   : mpu_init.obj (.text)
                  0000127c    000007ba     HAL_BQ27441.obj (.text)
                  00001a36    00000002     rtsv7M4_T_le_v4SPD16_eabi.lib : startup.obj (.text)
                  00001a38    000007a8     i2c.obj (.text)
                  000021e0    00000674     main.obj (.text)
                  00002854    00000480     gpio.obj (.text)
                  00002cd4    0000041c     uart.obj (.text)
                  000030f0    000003f0     interrupt.obj (.text)
                  000034e0    00000328     system_msp432p401r.obj (.text)
                  00003808    000001f4     rtsv7M4_T_le_v4SPD16_eabi.lib : ull_div_t2.obj (.text)
                  000039fc    000001d4     HAL_I2C.obj (.text)
                  00003bd0    000001b6     rtsv7M4_T_le_v4SPD16_eabi.lib : fd_add_t2.obj (.text)
                  00003d86    00000136                                   : fd_div_t2.obj (.text)
                  00003ebc    000000fc                                   : fd_mul_t2.obj (.text)
                  00003fb8    000000fc                                   : s_scalbn.obj (.text)
                  000040b4    000000dc     HAL_UART.obj (.text)
                  00004190    0000009c     rtsv7M4_T_le_v4SPD16_eabi.lib : memcpy_t2.obj (.text)
                  0000422c    00000086                                   : fd_cmp_t2.obj (.text:__aeabi_cdcmple)
                  000042b2    00000086                                   : fd_cmp_t2.obj (.text:__aeabi_cdrcmple)
                  00004338    0000007a                                   : memset_t2.obj (.text)
                  000043b2    00000002     --HOLE-- [fill = 0]
                  000043b4    00000070                                   : autoinit.obj (.text)
                  00004424    00000068                                   : copy_decompress_lzss.obj (.text:decompress:lzss)
                  0000448c    00000064                                   : s_frexp.obj (.text)
                  000044f0    00000060                                   : sprintf.obj (.text)
                  00004550    00000056                                   : ltoa.obj (.text)
                  000045a6    00000002     --HOLE-- [fill = 0]
                  000045a8    00000054                                   : boot.obj (.text)
                  000045fc    00000054                                   : exit.obj (.text)
                  00004650    0000004c                                   : atoi.obj (.text)
                  0000469c    0000004c                                   : cpy_tbl.obj (.text)
                  000046e8    00000048                                   : fd_toi_t2.obj (.text)
                  00004730    0000003e     cpu.obj (.text)
                  0000476e    0000002e     rtsv7M4_T_le_v4SPD16_eabi.lib : i_tofd_t2.obj (.text)
                  0000479c    0000001c                                   : memccpy.obj (.text)
                  000047b8    00000018                                   : args_main.obj (.text)
                  000047d0    00000016                                   : strchr.obj (.text)
                  000047e6    00000002     --HOLE-- [fill = 0]
                  000047e8    00000014                                   : _lock.obj (.text)
                  000047fc    00000014                                   : s_copysign.obj (.text)
                  00004810    00000014                                   : strlen.obj (.text)
                  00004824    00000012     startup_msp432p401r_ccs.obj (.text)
                  00004836    0000000e     rtsv7M4_T_le_v4SPD16_eabi.lib : copy_decompress_none.obj (.text:decompress:none)
                  00004844    0000000c                                   : copy_zero_init.obj (.text:decompress:ZI)
                  00004850    00000004                                   : pre_init.obj (.text)

.const     0    00004854    00000210     
                  00004854    00000101     rtsv7M4_T_le_v4SPD16_eabi.lib : ctype.obj (.const:.string:_ctypes_)
                  00004955    00000003     --HOLE-- [fill = 0]
                  00004958    00000050     interrupt.obj (.const:g_pulRegs)
                  000049a8    00000025     main.obj (.const:.string:$P$T0$1)
                  000049cd    00000003     --HOLE-- [fill = 0]
                  000049d0    00000024     HAL_UART.obj (.const:uartConfig)
                  000049f4    00000020     interrupt.obj (.const:g_pulPriority)
                  00004a14    0000001c     gpio.obj (.const:GPIO_PORT_TO_INT)
                  00004a30    00000014     HAL_I2C.obj (.const:i2cConfig)
                  00004a44    00000008     interrupt.obj (.const:g_pulDisRegs)
                  00004a4c    00000008     interrupt.obj (.const:g_pulEnRegs)
                  00004a54    00000008     interrupt.obj (.const:g_pulPendRegs)
                  00004a5c    00000008     interrupt.obj (.const:g_pulUnpendRegs)

.cinit     0    00004a68    00000210     
                  00004a68    000001dc     (.cinit..data.load) [load image, compression = lzss]
                  00004c44    0000000c     (__TI_handler_table)
                  00004c50    00000008     (.cinit..bss.load) [load image, compression = zero_init]
                  00004c58    00000008     (.cinit..vtable.load) [load image, compression = zero_init]
                  00004c60    00000018     (__TI_cinit_table)

.init_array 
*          0    00000000    00000000     UNINITIALIZED

.vtable    0    20000000    000000e4     UNINITIALIZED
                  20000000    000000e4     interrupt.obj (.vtable)

.data      0    200000e4    00000298     UNINITIALIZED
                  200000e4    000001a7     main.obj (.data:gpsValid)
                  2000028b    00000001     --HOLE--
                  2000028c    00000030     gpio.obj (.data:GPIO_PORT_TO_BASE)
                  200002bc    0000000f     main.obj (.data:QIFGCNT)
                  200002cb    0000000e     main.obj (.data:QICSGP)
                  200002d9    0000000e     main.obj (.data:QIREGAPP)
                  200002e7    0000000d     main.obj (.data:QIDEACT)
                  200002f4    0000000c     rtsv7M4_T_le_v4SPD16_eabi.lib : exit.obj (.data:$O1$$)
                  20000300    0000000c     main.obj (.data:CGREG)
                  2000030c    0000000b     main.obj (.data:COPS)
                  20000317    0000000b     main.obj (.data:CPIN)
                  20000322    0000000b     main.obj (.data:CREG)
                  2000032d    0000000b     main.obj (.data:QIACT)
                  20000338    00000009     main.obj (.data:CSQ)
                  20000341    00000003     --HOLE--
                  20000344    00000008     rtsv7M4_T_le_v4SPD16_eabi.lib : _lock.obj (.data:$O1$$)
                  2000034c    00000008     main.obj (.data:CMNET)
                  20000354    00000007     main.obj (.data:ATE1)
                  2000035b    00000007     main.obj (.data:ATV1)
                  20000362    00000002     --HOLE--
                  20000364    00000006     main.obj (.data)
                  2000036a    00000005     main.obj (.data:at)
                  2000036f    00000001     --HOLE--
                  20000370    00000004     rtsv7M4_T_le_v4SPD16_eabi.lib : errno.obj (.data)
                  20000374    00000004                                   : stkdepth_vars.obj (.data)
                  20000378    00000004     system_msp432p401r.obj (.data)

.bss       0    2000037c    000000c9     UNINITIALIZED
                  2000037c    000000c8     (.common:gps_string)
                  20000444    00000001     (.common:c)

.stack     0    2000fe00    00000200     UNINITIALIZED
                  2000fe00    00000200     --HOLE--

MODULE SUMMARY

       Module                        code    ro data   rw data
       ------                        ----    -------   -------
    .\
       main.obj                      1652    37        1556   
       HAL_BQ27441.obj               1978    0         0      
       system_msp432p401r.obj        808     0         8      
       HAL_I2C.obj                   468     20        0      
       startup_msp432p401r_ccs.obj   18      320       0      
       HAL_UART.obj                  220     36        0      
    +--+-----------------------------+-------+---------+---------+
       Total:                        5144    413       1564   
                                                              
    .\driverlib\MSP432P4xx\
       i2c.obj                       1960    0         0      
       interrupt.obj                 1008    144       456    
       gpio.obj                      1152    28        96     
       uart.obj                      1052    0         0      
       cpu.obj                       62      0         0      
    +--+-----------------------------+-------+---------+---------+
       Total:                        5234    172       552    
                                                              
    C:\ti\ccsv7\tools\compiler\ti-cgt-arm_16.9.0.LTS\lib\rtsv7M4_T_le_v4SPD16_eabi.lib
       _printfi.obj                  4410    0         0      
       ull_div_t2.obj                500     0         0      
       fd_add_t2.obj                 438     0         0      
       fd_div_t2.obj                 310     0         0      
       fd_cmp_t2.obj                 268     0         0      
       ctype.obj                     0       257       0      
       fd_mul_t2.obj                 252     0         0      
       s_scalbn.obj                  252     0         0      
       memcpy_t2.obj                 156     0         0      
       memset_t2.obj                 122     0         0      
       autoinit.obj                  112     0         0      
       exit.obj                      84      0         24     
       copy_decompress_lzss.obj      104     0         0      
       s_frexp.obj                   100     0         0      
       sprintf.obj                   96      0         0      
       ltoa.obj                      86      0         0      
       boot.obj                      84      0         0      
       atoi.obj                      76      0         0      
       cpy_tbl.obj                   76      0         0      
       fd_toi_t2.obj                 72      0         0      
       i_tofd_t2.obj                 46      0         0      
       _lock.obj                     20      0         16     
       memccpy.obj                   28      0         0      
       args_main.obj                 24      0         0      
       strchr.obj                    22      0         0      
       s_copysign.obj                20      0         0      
       strlen.obj                    20      0         0      
       copy_decompress_none.obj      14      0         0      
       copy_zero_init.obj            12      0         0      
       errno.obj                     0       0         8      
       stkdepth_vars.obj             0       0         8      
       pre_init.obj                  4       0         0      
       mpu_init.obj                  2       0         0      
       startup.obj                   2       0         0      
    +--+-----------------------------+-------+---------+---------+
       Total:                        7812    257       56     
                                                              
       Stack:                        0       0         1024   
       Linker Generated:             0       528       0      
    +--+-----------------------------+-------+---------+---------+
       Grand Total:                  18190   1370      3196   


LINKER GENERATED COPY TABLES

__TI_cinit_table @ 00004c60 records: 3, size/record: 8, table size: 24
	.data: load addr=00004a68, load size=000001dc bytes, run addr=200000e4, run size=00000298 bytes, compression=lzss
	.bss: load addr=00004c50, load size=00000008 bytes, run addr=2000037c, run size=000000c9 bytes, compression=zero_init
	.vtable: load addr=00004c58, load size=00000008 bytes, run addr=20000000, run size=000000e4 bytes, compression=zero_init


LINKER GENERATED HANDLER TABLE

__TI_handler_table @ 00004c44 records: 3, size/record: 4, table size: 12
	index: 0, handler: __TI_zero_init
	index: 1, handler: __TI_decompress_lzss
	index: 2, handler: __TI_decompress_none


GLOBAL SYMBOLS: SORTED ALPHABETICALLY BY Name 

address   name                                       
-------   ----                                       
20000354  ATE1                                       
2000035b  ATV1                                       
000018db  BQ27441_command                            
00001875  BQ27441_control                            
0000189d  BQ27441_controlRead                        
0000127d  BQ27441_initConfig                         
00001699  BQ27441_initOpConfig                       
00001935  BQ27441_read16                             
000019ad  BQ27441_readChecksum                       
00001905  BQ27441_write16                            
000045fd  C$$EXIT                                    
20000300  CGREG                                      
2000034c  CMNET                                      
2000030c  COPS                                       
20000317  CPIN                                       
00004765  CPU_basepriGet                             
00004757  CPU_basepriSet                             
00004731  CPU_cpsid                                  
00004747  CPU_cpsie                                  
0000473d  CPU_primask                                
00004753  CPU_wfi                                    
20000322  CREG                                       
20000338  CSQ                                        
00002441  CS_init                                    
00002b77  GPIO_clearInterruptFlag                    
00002b37  GPIO_disableInterrupt                      
00002b15  GPIO_enableInterrupt                       
00002bcf  GPIO_getEnabledInterruptStatus             
00002ae7  GPIO_getInputPinValue                      
00002b59  GPIO_getInterruptStatus                    
000024bb  GPIO_init                                  
00002b99  GPIO_interruptEdgeSelect                   
00002c8f  GPIO_registerInterrupt                     
0000288f  GPIO_setAsInputPin                         
00002a43  GPIO_setAsInputPinWithPullDownResistor     
00002a95  GPIO_setAsInputPinWithPullUpResistor       
00002855  GPIO_setAsOutputPin                        
00002959  GPIO_setAsPeripheralModuleFunctionInputPin 
000028d5  GPIO_setAsPeripheralModuleFunctionOutputPin
00002c4b  GPIO_setDriveStrengthHigh                  
00002c6d  GPIO_setDriveStrengthLow                   
000029dd  GPIO_setOutputHighOnPin                    
000029ff  GPIO_setOutputLowOnPin                     
00002a21  GPIO_toggleOutputOnPin                     
00002caf  GPIO_unregisterInterrupt                   
00002099  I2C_clearInterruptFlag                     
00002083  I2C_disableInterrupt                       
00001aeb  I2C_disableModule                          
0000204d  I2C_disableMultiMasterMode                 
0000206d  I2C_enableInterrupt                        
00001ad5  I2C_enableModule                           
0000202d  I2C_enableMultiMasterMode                  
000020c7  I2C_getEnabledInterruptStatus              
000020af  I2C_getInterruptStatus                     
000020d7  I2C_getMode                                
00001fd3  I2C_getReceiveBufferAddressForDMA          
00001fe1  I2C_getTransmitBufferAddressForDMA         
00003a15  I2C_init                                   
000039fd  I2C_initGPIO                               
00001a39  I2C_initMaster                             
00001a9b  I2C_initSlave                              
00001b8f  I2C_isBusBusy                              
00002001  I2C_masterIsStartSent                      
00001fef  I2C_masterIsStopSent                       
00001ef9  I2C_masterReceiveMultiByteFinish           
00001f37  I2C_masterReceiveMultiByteFinishWithTimeout
00001ee1  I2C_masterReceiveMultiByteNext             
00001f95  I2C_masterReceiveMultiByteStop             
00001fa9  I2C_masterReceiveSingle                    
00001b31  I2C_masterReceiveSingleByte                
00001ec7  I2C_masterReceiveStart                     
00001da7  I2C_masterSendMultiByteFinish              
00001df5  I2C_masterSendMultiByteFinishWithTimeout   
00001d3d  I2C_masterSendMultiByteNext                
00001d69  I2C_masterSendMultiByteNextWithTimeout     
00001c93  I2C_masterSendMultiByteStart               
00001ce1  I2C_masterSendMultiByteStartWithTimeout    
00001e61  I2C_masterSendMultiByteStop                
00001e8b  I2C_masterSendMultiByteStopWithTimeout     
00001ba1  I2C_masterSendSingleByte                   
00001c07  I2C_masterSendSingleByteWithTimeout        
00002019  I2C_masterSendStart                        
00003b17  I2C_read16                                 
00003acf  I2C_read8                                  
000020ed  I2C_registerInterrupt                      
00001b15  I2C_setMode                                
00001b01  I2C_setSlaveAddress                        
00003bad  I2C_setslave                               
00001b7b  I2C_slaveGetData                           
00001b65  I2C_slavePutData                           
000021af  I2C_slaveSendNAK                           
00002153  I2C_unregisterInterrupt                    
00003a71  I2C_write16                                
00003a2d  I2C_write8                                 
000032b3  Interrupt_disableInterrupt                 
00003103  Interrupt_disableMaster                    
000034b1  Interrupt_disableSleepOnIsrExit            
00003241  Interrupt_enableInterrupt                  
000030f3  Interrupt_enableMaster                     
0000349f  Interrupt_enableSleepOnIsrExit             
0000321b  Interrupt_getPriority                      
00003193  Interrupt_getPriorityGrouping              
0000347f  Interrupt_getPriorityMask                  
00003499  Interrupt_getVectorTableAddress            
00003325  Interrupt_isEnabled                        
000033b1  Interrupt_pendInterrupt                    
00003113  Interrupt_registerInterrupt                
000031cb  Interrupt_setPriority                      
00003179  Interrupt_setPriorityGrouping              
0000346f  Interrupt_setPriorityMask                  
00003489  Interrupt_setVectorTableAddress            
00003421  Interrupt_unpendInterrupt                  
00003165  Interrupt_unregisterInterrupt              
2000032d  QIACT                                      
200002cb  QICSGP                                     
200002e7  QIDEACT                                    
200002bc  QIFGCNT                                    
200002d9  QIREGAPP                                   
UNDEFED   SHT$$INIT_ARRAY$$Base                      
UNDEFED   SHT$$INIT_ARRAY$$Limit                     
20000378  SystemCoreClock                            
000034e1  SystemCoreClockUpdate                      
00003755  SystemInit                                 
00002fe9  UART_clearInterruptFlag                    
00002f41  UART_disableInterrupt                      
00002e23  UART_disableModule                         
00002f11  UART_enableInterrupt                       
00002e0d  UART_enableModule                          
00002f8d  UART_getEnabledInterruptStatus             
00002f71  UART_getInterruptStatus                    
00002ed9  UART_getReceiveBufferAddressForDMA         
00002ee7  UART_getTransmitBufferAddressForDMA        
000040e9  UART_init                                  
000040b5  UART_initGPIO                              
00002cd5  UART_initModule                            
00002e39  UART_queryStatusFlags                      
00002de7  UART_receiveData                           
00003009  UART_registerInterrupt                     
00002e61  UART_resetDormant                          
00002ef5  UART_selectDeglitchTime                    
00002e4d  UART_setDormant                            
00002e75  UART_transmitAddress                       
00002e93  UART_transmitBreak                         
00002dbd  UART_transmitData                          
00004121  UART_transmitString                        
00003085  UART_unregisterInterrupt                   
4000480c  WDTCTL_SYM                                 
20010000  __STACK_END                                
00000200  __STACK_SIZE                               
00004c60  __TI_CINIT_Base                            
00004c78  __TI_CINIT_Limit                           
00004c44  __TI_Handler_Table_Base                    
00004c50  __TI_Handler_Table_Limit                   
000043b5  __TI_auto_init                             
200002f4  __TI_cleanup_ptr                           
00004425  __TI_decompress_lzss                       
00004837  __TI_decompress_none                       
200002f8  __TI_dtors_ptr                             
200002fc  __TI_enable_exit_profile_output            
ffffffff  __TI_pprof_out_hndl                        
00000981  __TI_printfi                               
ffffffff  __TI_prof_data_size                        
ffffffff  __TI_prof_data_start                       
00000000  __TI_static_base__                         
00004845  __TI_zero_init                             
0000422d  __aeabi_cdcmpeq                            
0000422d  __aeabi_cdcmple                            
000042b3  __aeabi_cdrcmple                           
000046e9  __aeabi_d2iz                               
00003bdb  __aeabi_dadd                               
00003d87  __aeabi_ddiv                               
00003ebd  __aeabi_dmul                               
00003bd1  __aeabi_dsub                               
0000476f  __aeabi_i2d                                
00004339  __aeabi_memclr                             
00004339  __aeabi_memclr4                            
00004339  __aeabi_memclr8                            
00004191  __aeabi_memcpy                             
00004191  __aeabi_memcpy4                            
00004191  __aeabi_memcpy8                            
0000433b  __aeabi_memset                             
0000433b  __aeabi_memset4                            
0000433b  __aeabi_memset8                            
00003809  __aeabi_uldivmod                           
ffffffff  __binit__                                  
ffffffff  __c_args__                                 
0000127b  __mpu_init                                 
2000fe00  __stack                                    
000047b9  _args_main                                 
000045a9  _c_int00                                   
00004854  _ctypes_                                   
20000344  _lock                                      
000047f7  _nop                                       
000047ef  _register_lock                             
000047e9  _register_unlock                           
00001a37  _system_post_cinit                         
00004851  _system_pre_init                           
20000348  _unlock                                    
00004601  abort                                      
2000036a  at                                         
00004651  atoi                                       
ffffffff  binit                                      
20000444  c                                          
0000469d  copy_in                                    
000047fd  copysign                                   
000047fd  copysignl                                  
20000370  errno                                      
00004609  exit                                       
0000448d  frexp                                      
0000448d  frexpl                                     
20000000  g_pfnRAMVectors                            
00002751  gprsInit                                   
200000e4  gpsValid                                   
2000037c  gps_string                                 
000027ad  gsmInit                                    
00004a30  i2cConfig                                  
20000364  idx                                        
20000368  inRange                                    
00000000  interruptVectors                           
00003fb9  ldexp                                      
00003fb9  ldexpl                                     
00004551  ltoa                                       
000021e1  main                                       
20000374  main_func_sp                               
0000479d  memccpy                                    
00004191  memcpy                                     
00004341  memset                                     
20000369  outRange                                   
00003fb9  scalbn                                     
00003fb9  scalbnl                                    
0000413b  serialTx0                                  
0000415b  serialTx1                                  
000044f1  sprintf                                    
000047d1  strchr                                     
00004811  strlen                                     
000049d0  uartConfig                                 


GLOBAL SYMBOLS: SORTED BY Symbol Address 

address   name                                       
-------   ----                                       
00000000  __TI_static_base__                         
00000000  interruptVectors                           
00000200  __STACK_SIZE                               
00000981  __TI_printfi                               
0000127b  __mpu_init                                 
0000127d  BQ27441_initConfig                         
00001699  BQ27441_initOpConfig                       
00001875  BQ27441_control                            
0000189d  BQ27441_controlRead                        
000018db  BQ27441_command                            
00001905  BQ27441_write16                            
00001935  BQ27441_read16                             
000019ad  BQ27441_readChecksum                       
00001a37  _system_post_cinit                         
00001a39  I2C_initMaster                             
00001a9b  I2C_initSlave                              
00001ad5  I2C_enableModule                           
00001aeb  I2C_disableModule                          
00001b01  I2C_setSlaveAddress                        
00001b15  I2C_setMode                                
00001b31  I2C_masterReceiveSingleByte                
00001b65  I2C_slavePutData                           
00001b7b  I2C_slaveGetData                           
00001b8f  I2C_isBusBusy                              
00001ba1  I2C_masterSendSingleByte                   
00001c07  I2C_masterSendSingleByteWithTimeout        
00001c93  I2C_masterSendMultiByteStart               
00001ce1  I2C_masterSendMultiByteStartWithTimeout    
00001d3d  I2C_masterSendMultiByteNext                
00001d69  I2C_masterSendMultiByteNextWithTimeout     
00001da7  I2C_masterSendMultiByteFinish              
00001df5  I2C_masterSendMultiByteFinishWithTimeout   
00001e61  I2C_masterSendMultiByteStop                
00001e8b  I2C_masterSendMultiByteStopWithTimeout     
00001ec7  I2C_masterReceiveStart                     
00001ee1  I2C_masterReceiveMultiByteNext             
00001ef9  I2C_masterReceiveMultiByteFinish           
00001f37  I2C_masterReceiveMultiByteFinishWithTimeout
00001f95  I2C_masterReceiveMultiByteStop             
00001fa9  I2C_masterReceiveSingle                    
00001fd3  I2C_getReceiveBufferAddressForDMA          
00001fe1  I2C_getTransmitBufferAddressForDMA         
00001fef  I2C_masterIsStopSent                       
00002001  I2C_masterIsStartSent                      
00002019  I2C_masterSendStart                        
0000202d  I2C_enableMultiMasterMode                  
0000204d  I2C_disableMultiMasterMode                 
0000206d  I2C_enableInterrupt                        
00002083  I2C_disableInterrupt                       
00002099  I2C_clearInterruptFlag                     
000020af  I2C_getInterruptStatus                     
000020c7  I2C_getEnabledInterruptStatus              
000020d7  I2C_getMode                                
000020ed  I2C_registerInterrupt                      
00002153  I2C_unregisterInterrupt                    
000021af  I2C_slaveSendNAK                           
000021e1  main                                       
00002441  CS_init                                    
000024bb  GPIO_init                                  
00002751  gprsInit                                   
000027ad  gsmInit                                    
00002855  GPIO_setAsOutputPin                        
0000288f  GPIO_setAsInputPin                         
000028d5  GPIO_setAsPeripheralModuleFunctionOutputPin
00002959  GPIO_setAsPeripheralModuleFunctionInputPin 
000029dd  GPIO_setOutputHighOnPin                    
000029ff  GPIO_setOutputLowOnPin                     
00002a21  GPIO_toggleOutputOnPin                     
00002a43  GPIO_setAsInputPinWithPullDownResistor     
00002a95  GPIO_setAsInputPinWithPullUpResistor       
00002ae7  GPIO_getInputPinValue                      
00002b15  GPIO_enableInterrupt                       
00002b37  GPIO_disableInterrupt                      
00002b59  GPIO_getInterruptStatus                    
00002b77  GPIO_clearInterruptFlag                    
00002b99  GPIO_interruptEdgeSelect                   
00002bcf  GPIO_getEnabledInterruptStatus             
00002c4b  GPIO_setDriveStrengthHigh                  
00002c6d  GPIO_setDriveStrengthLow                   
00002c8f  GPIO_registerInterrupt                     
00002caf  GPIO_unregisterInterrupt                   
00002cd5  UART_initModule                            
00002dbd  UART_transmitData                          
00002de7  UART_receiveData                           
00002e0d  UART_enableModule                          
00002e23  UART_disableModule                         
00002e39  UART_queryStatusFlags                      
00002e4d  UART_setDormant                            
00002e61  UART_resetDormant                          
00002e75  UART_transmitAddress                       
00002e93  UART_transmitBreak                         
00002ed9  UART_getReceiveBufferAddressForDMA         
00002ee7  UART_getTransmitBufferAddressForDMA        
00002ef5  UART_selectDeglitchTime                    
00002f11  UART_enableInterrupt                       
00002f41  UART_disableInterrupt                      
00002f71  UART_getInterruptStatus                    
00002f8d  UART_getEnabledInterruptStatus             
00002fe9  UART_clearInterruptFlag                    
00003009  UART_registerInterrupt                     
00003085  UART_unregisterInterrupt                   
000030f3  Interrupt_enableMaster                     
00003103  Interrupt_disableMaster                    
00003113  Interrupt_registerInterrupt                
00003165  Interrupt_unregisterInterrupt              
00003179  Interrupt_setPriorityGrouping              
00003193  Interrupt_getPriorityGrouping              
000031cb  Interrupt_setPriority                      
0000321b  Interrupt_getPriority                      
00003241  Interrupt_enableInterrupt                  
000032b3  Interrupt_disableInterrupt                 
00003325  Interrupt_isEnabled                        
000033b1  Interrupt_pendInterrupt                    
00003421  Interrupt_unpendInterrupt                  
0000346f  Interrupt_setPriorityMask                  
0000347f  Interrupt_getPriorityMask                  
00003489  Interrupt_setVectorTableAddress            
00003499  Interrupt_getVectorTableAddress            
0000349f  Interrupt_enableSleepOnIsrExit             
000034b1  Interrupt_disableSleepOnIsrExit            
000034e1  SystemCoreClockUpdate                      
00003755  SystemInit                                 
00003809  __aeabi_uldivmod                           
000039fd  I2C_initGPIO                               
00003a15  I2C_init                                   
00003a2d  I2C_write8                                 
00003a71  I2C_write16                                
00003acf  I2C_read8                                  
00003b17  I2C_read16                                 
00003bad  I2C_setslave                               
00003bd1  __aeabi_dsub                               
00003bdb  __aeabi_dadd                               
00003d87  __aeabi_ddiv                               
00003ebd  __aeabi_dmul                               
00003fb9  ldexp                                      
00003fb9  ldexpl                                     
00003fb9  scalbn                                     
00003fb9  scalbnl                                    
000040b5  UART_initGPIO                              
000040e9  UART_init                                  
00004121  UART_transmitString                        
0000413b  serialTx0                                  
0000415b  serialTx1                                  
00004191  __aeabi_memcpy                             
00004191  __aeabi_memcpy4                            
00004191  __aeabi_memcpy8                            
00004191  memcpy                                     
0000422d  __aeabi_cdcmpeq                            
0000422d  __aeabi_cdcmple                            
000042b3  __aeabi_cdrcmple                           
00004339  __aeabi_memclr                             
00004339  __aeabi_memclr4                            
00004339  __aeabi_memclr8                            
0000433b  __aeabi_memset                             
0000433b  __aeabi_memset4                            
0000433b  __aeabi_memset8                            
00004341  memset                                     
000043b5  __TI_auto_init                             
00004425  __TI_decompress_lzss                       
0000448d  frexp                                      
0000448d  frexpl                                     
000044f1  sprintf                                    
00004551  ltoa                                       
000045a9  _c_int00                                   
000045fd  C$$EXIT                                    
00004601  abort                                      
00004609  exit                                       
00004651  atoi                                       
0000469d  copy_in                                    
000046e9  __aeabi_d2iz                               
00004731  CPU_cpsid                                  
0000473d  CPU_primask                                
00004747  CPU_cpsie                                  
00004753  CPU_wfi                                    
00004757  CPU_basepriSet                             
00004765  CPU_basepriGet                             
0000476f  __aeabi_i2d                                
0000479d  memccpy                                    
000047b9  _args_main                                 
000047d1  strchr                                     
000047e9  _register_unlock                           
000047ef  _register_lock                             
000047f7  _nop                                       
000047fd  copysign                                   
000047fd  copysignl                                  
00004811  strlen                                     
00004837  __TI_decompress_none                       
00004845  __TI_zero_init                             
00004851  _system_pre_init                           
00004854  _ctypes_                                   
000049d0  uartConfig                                 
00004a30  i2cConfig                                  
00004c44  __TI_Handler_Table_Base                    
00004c50  __TI_Handler_Table_Limit                   
00004c60  __TI_CINIT_Base                            
00004c78  __TI_CINIT_Limit                           
20000000  g_pfnRAMVectors                            
200000e4  gpsValid                                   
200002bc  QIFGCNT                                    
200002cb  QICSGP                                     
200002d9  QIREGAPP                                   
200002e7  QIDEACT                                    
200002f4  __TI_cleanup_ptr                           
200002f8  __TI_dtors_ptr                             
200002fc  __TI_enable_exit_profile_output            
20000300  CGREG                                      
2000030c  COPS                                       
20000317  CPIN                                       
20000322  CREG                                       
2000032d  QIACT                                      
20000338  CSQ                                        
20000344  _lock                                      
20000348  _unlock                                    
2000034c  CMNET                                      
20000354  ATE1                                       
2000035b  ATV1                                       
20000364  idx                                        
20000368  inRange                                    
20000369  outRange                                   
2000036a  at                                         
20000370  errno                                      
20000374  main_func_sp                               
20000378  SystemCoreClock                            
2000037c  gps_string                                 
20000444  c                                          
2000fe00  __stack                                    
20010000  __STACK_END                                
4000480c  WDTCTL_SYM                                 
ffffffff  __TI_pprof_out_hndl                        
ffffffff  __TI_prof_data_size                        
ffffffff  __TI_prof_data_start                       
ffffffff  __binit__                                  
ffffffff  __c_args__                                 
ffffffff  binit                                      
UNDEFED   SHT$$INIT_ARRAY$$Base                      
UNDEFED   SHT$$INIT_ARRAY$$Limit                     

[236 symbols]
