******************************************************************************
                  TI ARM Linker PC v16.9.0                     
******************************************************************************
>> Linked Mon Feb 06 20:05:43 2017

OUTPUT FILE NAME:   <MSP432_GPS_GPRS_Fuel_Gauge.out>
ENTRY POINT SYMBOL: "_c_int00"  address: 00004229


MEMORY CONFIGURATION

         name            origin    length      used     unused   attr    fill
----------------------  --------  ---------  --------  --------  ----  --------
  MAIN                  00000000   00040000  000047cc  0003b834  R  X
  INFO                  00200000   00004000  00000000  00004000  R  X
  SRAM_CODE             01000000   00010000  00000408  0000fbf8  RW X
  SRAM_DATA             20000000   00010000  00000408  0000fbf8  RW  


SEGMENT ALLOCATION MAP

run origin  load origin   length   init length attrs members
----------  ----------- ---------- ----------- ----- -------
00000000    00000000    000047d0   000047d0    r-x
  00000000    00000000    00000140   00000140    r-- .intvecs
  00000140    00000140    00004394   00004394    r-x .text
  000044d4    000044d4    000001e8   000001e8    r-- .const
  000046c0    000046c0    00000110   00000110    r-- .cinit
20000000    20000000    00000208   00000000    rw-
  20000000    20000000    000000e4   00000000    rw- .vtable
  200000e4    200000e4    00000120   00000000    rw- .data
  20000204    20000204    00000004   00000000    rw- .bss
2000fe00    2000fe00    00000200   00000000    rw-
  2000fe00    2000fe00    00000200   00000000    rw- .stack


SECTION ALLOCATION MAP

 output                                  attributes/
section   page    origin      length       input sections
--------  ----  ----------  ----------   ----------------
.intvecs   0    00000000    00000140     
                  00000000    00000140     startup_msp432p401r_ccs.obj (.intvecs:retain)

.binit     0    00000000    00000000     

.text      0    00000140    00004394     
                  00000140    0000113a     rtsv7M4_T_le_v4SPD16_eabi.lib : _printfi.obj (.text)
                  0000127a    00000002                                   : mpu_init.obj (.text)
                  0000127c    000007ba     HAL_BQ27441.obj (.text)
                  00001a36    00000002     rtsv7M4_T_le_v4SPD16_eabi.lib : startup.obj (.text)
                  00001a38    000007a8     i2c.obj (.text)
                  000021e0    00000480     gpio.obj (.text)
                  00002660    0000041c     uart.obj (.text)
                  00002a7c    000003f0     interrupt.obj (.text)
                  00002e6c    00000328     system_msp432p401r.obj (.text)
                  00003194    000002e4     main.obj (.text)
                  00003478    000001f4     rtsv7M4_T_le_v4SPD16_eabi.lib : ull_div_t2.obj (.text)
                  0000366c    000001d4     HAL_I2C.obj (.text)
                  00003840    000001b6     rtsv7M4_T_le_v4SPD16_eabi.lib : fd_add_t2.obj (.text)
                  000039f6    00000136                                   : fd_div_t2.obj (.text)
                  00003b2c    000000fc                                   : fd_mul_t2.obj (.text)
                  00003c28    000000fc                                   : s_scalbn.obj (.text)
                  00003d24    000000ec     HAL_UART.obj (.text)
                  00003e10    0000009c     rtsv7M4_T_le_v4SPD16_eabi.lib : memcpy_t2.obj (.text)
                  00003eac    00000086                                   : fd_cmp_t2.obj (.text:__aeabi_cdcmple)
                  00003f32    00000086                                   : fd_cmp_t2.obj (.text:__aeabi_cdrcmple)
                  00003fb8    0000007a                                   : memset_t2.obj (.text)
                  00004032    00000002     --HOLE-- [fill = 0]
                  00004034    00000070                                   : autoinit.obj (.text)
                  000040a4    00000068                                   : copy_decompress_lzss.obj (.text:decompress:lzss)
                  0000410c    00000064                                   : s_frexp.obj (.text)
                  00004170    00000060                                   : sprintf.obj (.text)
                  000041d0    00000056                                   : ltoa.obj (.text)
                  00004226    00000002     --HOLE-- [fill = 0]
                  00004228    00000054                                   : boot.obj (.text)
                  0000427c    00000054                                   : exit.obj (.text)
                  000042d0    0000004c                                   : atoi.obj (.text)
                  0000431c    0000004c                                   : cpy_tbl.obj (.text)
                  00004368    00000048                                   : fd_toi_t2.obj (.text)
                  000043b0    0000003e     cpu.obj (.text)
                  000043ee    0000002e     rtsv7M4_T_le_v4SPD16_eabi.lib : i_tofd_t2.obj (.text)
                  0000441c    0000001c                                   : memccpy.obj (.text)
                  00004438    00000018                                   : args_main.obj (.text)
                  00004450    00000016                                   : strchr.obj (.text)
                  00004466    00000002     --HOLE-- [fill = 0]
                  00004468    00000014                                   : _lock.obj (.text)
                  0000447c    00000014                                   : s_copysign.obj (.text)
                  00004490    00000014                                   : strlen.obj (.text)
                  000044a4    00000012     startup_msp432p401r_ccs.obj (.text)
                  000044b6    0000000e     rtsv7M4_T_le_v4SPD16_eabi.lib : copy_decompress_none.obj (.text:decompress:none)
                  000044c4    0000000c                                   : copy_zero_init.obj (.text:decompress:ZI)
                  000044d0    00000004                                   : pre_init.obj (.text)

.const     0    000044d4    000001e8     
                  000044d4    00000101     rtsv7M4_T_le_v4SPD16_eabi.lib : ctype.obj (.const:.string:_ctypes_)
                  000045d5    00000003     --HOLE-- [fill = 0]
                  000045d8    00000050     interrupt.obj (.const:g_pulRegs)
                  00004628    00000024     HAL_UART.obj (.const:uartConfigGps)
                  0000464c    00000020     interrupt.obj (.const:g_pulPriority)
                  0000466c    0000001c     gpio.obj (.const:GPIO_PORT_TO_INT)
                  00004688    00000014     HAL_I2C.obj (.const:i2cConfig)
                  0000469c    00000008     interrupt.obj (.const:g_pulDisRegs)
                  000046a4    00000008     interrupt.obj (.const:g_pulEnRegs)
                  000046ac    00000008     interrupt.obj (.const:g_pulPendRegs)
                  000046b4    00000008     interrupt.obj (.const:g_pulUnpendRegs)

.cinit     0    000046c0    00000110     
                  000046c0    000000d5     (.cinit..data.load) [load image, compression = lzss]
                  00004795    00000003     --HOLE-- [fill = 0]
                  00004798    0000000c     (__TI_handler_table)
                  000047a4    00000004     --HOLE-- [fill = 0]
                  000047a8    00000008     (.cinit..bss.load) [load image, compression = zero_init]
                  000047b0    00000008     (.cinit..vtable.load) [load image, compression = zero_init]
                  000047b8    00000018     (__TI_cinit_table)

.init_array 
*          0    00000000    00000000     UNINITIALIZED

.vtable    0    20000000    000000e4     UNINITIALIZED
                  20000000    000000e4     interrupt.obj (.vtable)

.data      0    200000e4    00000120     UNINITIALIZED
                  200000e4    00000030     gpio.obj (.data:GPIO_PORT_TO_BASE)
                  20000114    00000023     main.obj (.data:test)
                  20000137    00000014     main.obj (.data:rootUrl)
                  2000014b    0000000f     main.obj (.data:QIFGCNT)
                  2000015a    0000000e     main.obj (.data:QICSGP)
                  20000168    0000000e     main.obj (.data:QIREGAPP)
                  20000176    0000000d     main.obj (.data:QIDEACT)
                  20000183    00000001     --HOLE--
                  20000184    0000000c     rtsv7M4_T_le_v4SPD16_eabi.lib : exit.obj (.data:$O1$$)
                  20000190    0000000c     main.obj (.data:CGREG)
                  2000019c    0000000b     main.obj (.data:COPS)
                  200001a7    0000000b     main.obj (.data:CPIN)
                  200001b2    0000000b     main.obj (.data:CREG)
                  200001bd    0000000b     main.obj (.data:QIACT)
                  200001c8    00000009     main.obj (.data:CSQ)
                  200001d1    00000003     --HOLE--
                  200001d4    00000008     rtsv7M4_T_le_v4SPD16_eabi.lib : _lock.obj (.data:$O1$$)
                  200001dc    00000008     main.obj (.data:CMNET)
                  200001e4    00000007     main.obj (.data:ATE1)
                  200001eb    00000007     main.obj (.data:ATV1)
                  200001f2    00000005     main.obj (.data:at)
                  200001f7    00000001     --HOLE--
                  200001f8    00000004     rtsv7M4_T_le_v4SPD16_eabi.lib : errno.obj (.data)
                  200001fc    00000004                                   : stkdepth_vars.obj (.data)
                  20000200    00000004     system_msp432p401r.obj (.data)

.bss       0    20000204    00000004     UNINITIALIZED
                  20000204    00000004     (.common:getUrl)

.stack     0    2000fe00    00000200     UNINITIALIZED
                  2000fe00    00000200     --HOLE--

MODULE SUMMARY

       Module                        code    ro data   rw data
       ------                        ----    -------   -------
    .\
       HAL_BQ27441.obj               1978    0         0      
       main.obj                      740     0         414    
       system_msp432p401r.obj        808     0         8      
       HAL_I2C.obj                   468     20        0      
       startup_msp432p401r_ccs.obj   18      320       0      
       HAL_UART.obj                  236     36        0      
    +--+-----------------------------+-------+---------+---------+
       Total:                        4248    376       422    
                                                              
    .\driverlib\MSP432P4xx\
       i2c.obj                       1960    0         0      
       interrupt.obj                 1008    144       456    
       gpio.obj                      1152    28        96     
       uart.obj                      1052    0         0      
       cpu.obj                       62      0         0      
    +--+-----------------------------+-------+---------+---------+
       Total:                        5234    172       552    
                                                              
    C:\ti\ccsv7\tools\compiler\ti-cgt-arm_16.9.0.LTS\lib\rtsv7M4_T_le_v4SPD16_eabi.lib
       _printfi.obj                  4410    0         0      
       ull_div_t2.obj                500     0         0      
       fd_add_t2.obj                 438     0         0      
       fd_div_t2.obj                 310     0         0      
       fd_cmp_t2.obj                 268     0         0      
       ctype.obj                     0       257       0      
       fd_mul_t2.obj                 252     0         0      
       s_scalbn.obj                  252     0         0      
       memcpy_t2.obj                 156     0         0      
       memset_t2.obj                 122     0         0      
       autoinit.obj                  112     0         0      
       exit.obj                      84      0         24     
       copy_decompress_lzss.obj      104     0         0      
       s_frexp.obj                   100     0         0      
       sprintf.obj                   96      0         0      
       ltoa.obj                      86      0         0      
       boot.obj                      84      0         0      
       atoi.obj                      76      0         0      
       cpy_tbl.obj                   76      0         0      
       fd_toi_t2.obj                 72      0         0      
       i_tofd_t2.obj                 46      0         0      
       _lock.obj                     20      0         16     
       memccpy.obj                   28      0         0      
       args_main.obj                 24      0         0      
       strchr.obj                    22      0         0      
       s_copysign.obj                20      0         0      
       strlen.obj                    20      0         0      
       copy_decompress_none.obj      14      0         0      
       copy_zero_init.obj            12      0         0      
       errno.obj                     0       0         8      
       stkdepth_vars.obj             0       0         8      
       pre_init.obj                  4       0         0      
       mpu_init.obj                  2       0         0      
       startup.obj                   2       0         0      
    +--+-----------------------------+-------+---------+---------+
       Total:                        7812    257       56     
                                                              
       Stack:                        0       0         1024   
       Linker Generated:             0       265       0      
    +--+-----------------------------+-------+---------+---------+
       Grand Total:                  17294   1070      2054   


LINKER GENERATED COPY TABLES

__TI_cinit_table @ 000047b8 records: 3, size/record: 8, table size: 24
	.data: load addr=000046c0, load size=000000d5 bytes, run addr=200000e4, run size=00000120 bytes, compression=lzss
	.bss: load addr=000047a8, load size=00000008 bytes, run addr=20000204, run size=00000004 bytes, compression=zero_init
	.vtable: load addr=000047b0, load size=00000008 bytes, run addr=20000000, run size=000000e4 bytes, compression=zero_init


LINKER GENERATED HANDLER TABLE

__TI_handler_table @ 00004798 records: 3, size/record: 4, table size: 12
	index: 0, handler: __TI_zero_init
	index: 1, handler: __TI_decompress_lzss
	index: 2, handler: __TI_decompress_none


GLOBAL SYMBOLS: SORTED ALPHABETICALLY BY Name 

address   name                                       
-------   ----                                       
200001e4  ATE1                                       
200001eb  ATV1                                       
000018db  BQ27441_command                            
00001875  BQ27441_control                            
0000189d  BQ27441_controlRead                        
0000127d  BQ27441_initConfig                         
00001699  BQ27441_initOpConfig                       
00001935  BQ27441_read16                             
000019ad  BQ27441_readChecksum                       
00001905  BQ27441_write16                            
0000427d  C$$EXIT                                    
20000190  CGREG                                      
200001dc  CMNET                                      
2000019c  COPS                                       
200001a7  CPIN                                       
000043e5  CPU_basepriGet                             
000043d7  CPU_basepriSet                             
000043b1  CPU_cpsid                                  
000043c7  CPU_cpsie                                  
000043bd  CPU_primask                                
000043d3  CPU_wfi                                    
200001b2  CREG                                       
200001c8  CSQ                                        
00003231  CS_init                                    
00002503  GPIO_clearInterruptFlag                    
000024c3  GPIO_disableInterrupt                      
000024a1  GPIO_enableInterrupt                       
0000255b  GPIO_getEnabledInterruptStatus             
00002473  GPIO_getInputPinValue                      
000024e5  GPIO_getInterruptStatus                    
000032ab  GPIO_init                                  
00002525  GPIO_interruptEdgeSelect                   
0000261b  GPIO_registerInterrupt                     
0000221b  GPIO_setAsInputPin                         
000023cf  GPIO_setAsInputPinWithPullDownResistor     
00002421  GPIO_setAsInputPinWithPullUpResistor       
000021e1  GPIO_setAsOutputPin                        
000022e5  GPIO_setAsPeripheralModuleFunctionInputPin 
00002261  GPIO_setAsPeripheralModuleFunctionOutputPin
000025d7  GPIO_setDriveStrengthHigh                  
000025f9  GPIO_setDriveStrengthLow                   
00002369  GPIO_setOutputHighOnPin                    
0000238b  GPIO_setOutputLowOnPin                     
000023ad  GPIO_toggleOutputOnPin                     
0000263b  GPIO_unregisterInterrupt                   
00002099  I2C_clearInterruptFlag                     
00002083  I2C_disableInterrupt                       
00001aeb  I2C_disableModule                          
0000204d  I2C_disableMultiMasterMode                 
0000206d  I2C_enableInterrupt                        
00001ad5  I2C_enableModule                           
0000202d  I2C_enableMultiMasterMode                  
000020c7  I2C_getEnabledInterruptStatus              
000020af  I2C_getInterruptStatus                     
000020d7  I2C_getMode                                
00001fd3  I2C_getReceiveBufferAddressForDMA          
00001fe1  I2C_getTransmitBufferAddressForDMA         
00003685  I2C_init                                   
0000366d  I2C_initGPIO                               
00001a39  I2C_initMaster                             
00001a9b  I2C_initSlave                              
00001b8f  I2C_isBusBusy                              
00002001  I2C_masterIsStartSent                      
00001fef  I2C_masterIsStopSent                       
00001ef9  I2C_masterReceiveMultiByteFinish           
00001f37  I2C_masterReceiveMultiByteFinishWithTimeout
00001ee1  I2C_masterReceiveMultiByteNext             
00001f95  I2C_masterReceiveMultiByteStop             
00001fa9  I2C_masterReceiveSingle                    
00001b31  I2C_masterReceiveSingleByte                
00001ec7  I2C_masterReceiveStart                     
00001da7  I2C_masterSendMultiByteFinish              
00001df5  I2C_masterSendMultiByteFinishWithTimeout   
00001d3d  I2C_masterSendMultiByteNext                
00001d69  I2C_masterSendMultiByteNextWithTimeout     
00001c93  I2C_masterSendMultiByteStart               
00001ce1  I2C_masterSendMultiByteStartWithTimeout    
00001e61  I2C_masterSendMultiByteStop                
00001e8b  I2C_masterSendMultiByteStopWithTimeout     
00001ba1  I2C_masterSendSingleByte                   
00001c07  I2C_masterSendSingleByteWithTimeout        
00002019  I2C_masterSendStart                        
00003787  I2C_read16                                 
0000373f  I2C_read8                                  
000020ed  I2C_registerInterrupt                      
00001b15  I2C_setMode                                
00001b01  I2C_setSlaveAddress                        
0000381d  I2C_setslave                               
00001b7b  I2C_slaveGetData                           
00001b65  I2C_slavePutData                           
000021af  I2C_slaveSendNAK                           
00002153  I2C_unregisterInterrupt                    
000036e1  I2C_write16                                
0000369d  I2C_write8                                 
00002c3f  Interrupt_disableInterrupt                 
00002a8f  Interrupt_disableMaster                    
00002e3d  Interrupt_disableSleepOnIsrExit            
00002bcd  Interrupt_enableInterrupt                  
00002a7f  Interrupt_enableMaster                     
00002e2b  Interrupt_enableSleepOnIsrExit             
00002ba7  Interrupt_getPriority                      
00002b1f  Interrupt_getPriorityGrouping              
00002e0b  Interrupt_getPriorityMask                  
00002e25  Interrupt_getVectorTableAddress            
00002cb1  Interrupt_isEnabled                        
00002d3d  Interrupt_pendInterrupt                    
00002a9f  Interrupt_registerInterrupt                
00002b57  Interrupt_setPriority                      
00002b05  Interrupt_setPriorityGrouping              
00002dfb  Interrupt_setPriorityMask                  
00002e15  Interrupt_setVectorTableAddress            
00002dad  Interrupt_unpendInterrupt                  
00002af1  Interrupt_unregisterInterrupt              
200001bd  QIACT                                      
2000015a  QICSGP                                     
20000176  QIDEACT                                    
2000014b  QIFGCNT                                    
20000168  QIREGAPP                                   
UNDEFED   SHT$$INIT_ARRAY$$Base                      
UNDEFED   SHT$$INIT_ARRAY$$Limit                     
20000200  SystemCoreClock                            
00002e6d  SystemCoreClockUpdate                      
000030e1  SystemInit                                 
00002975  UART_clearInterruptFlag                    
000028cd  UART_disableInterrupt                      
000027af  UART_disableModule                         
0000289d  UART_enableInterrupt                       
00002799  UART_enableModule                          
00002919  UART_getEnabledInterruptStatus             
000028fd  UART_getInterruptStatus                    
00002865  UART_getReceiveBufferAddressForDMA         
00002873  UART_getTransmitBufferAddressForDMA        
00003d69  UART_init                                  
00003d25  UART_initGPIO                              
00002661  UART_initModule                            
000027c5  UART_queryStatusFlags                      
00002773  UART_receiveData                           
00002995  UART_registerInterrupt                     
000027ed  UART_resetDormant                          
00002881  UART_selectDeglitchTime                    
000027d9  UART_setDormant                            
00002801  UART_transmitAddress                       
0000281f  UART_transmitBreak                         
00002749  UART_transmitData                          
00003da1  UART_transmitString                        
00002a11  UART_unregisterInterrupt                   
4000480c  WDTCTL_SYM                                 
20010000  __STACK_END                                
00000200  __STACK_SIZE                               
000047b8  __TI_CINIT_Base                            
000047d0  __TI_CINIT_Limit                           
00004798  __TI_Handler_Table_Base                    
000047a4  __TI_Handler_Table_Limit                   
00004035  __TI_auto_init                             
20000184  __TI_cleanup_ptr                           
000040a5  __TI_decompress_lzss                       
000044b7  __TI_decompress_none                       
20000188  __TI_dtors_ptr                             
2000018c  __TI_enable_exit_profile_output            
ffffffff  __TI_pprof_out_hndl                        
00000981  __TI_printfi                               
ffffffff  __TI_prof_data_size                        
ffffffff  __TI_prof_data_start                       
00000000  __TI_static_base__                         
000044c5  __TI_zero_init                             
00003ead  __aeabi_cdcmpeq                            
00003ead  __aeabi_cdcmple                            
00003f33  __aeabi_cdrcmple                           
00004369  __aeabi_d2iz                               
0000384b  __aeabi_dadd                               
000039f7  __aeabi_ddiv                               
00003b2d  __aeabi_dmul                               
00003841  __aeabi_dsub                               
000043ef  __aeabi_i2d                                
00003fb9  __aeabi_memclr                             
00003fb9  __aeabi_memclr4                            
00003fb9  __aeabi_memclr8                            
00003e11  __aeabi_memcpy                             
00003e11  __aeabi_memcpy4                            
00003e11  __aeabi_memcpy8                            
00003fbb  __aeabi_memset                             
00003fbb  __aeabi_memset4                            
00003fbb  __aeabi_memset8                            
00003479  __aeabi_uldivmod                           
ffffffff  __binit__                                  
ffffffff  __c_args__                                 
0000127b  __mpu_init                                 
2000fe00  __stack                                    
00004439  _args_main                                 
00004229  _c_int00                                   
000044d4  _ctypes_                                   
200001d4  _lock                                      
00004477  _nop                                       
0000446f  _register_lock                             
00004469  _register_unlock                           
00001a37  _system_post_cinit                         
000044d1  _system_pre_init                           
200001d8  _unlock                                    
00004281  abort                                      
200001f2  at                                         
000042d1  atoi                                       
ffffffff  binit                                      
0000431d  copy_in                                    
0000447d  copysign                                   
0000447d  copysignl                                  
200001f8  errno                                      
00004289  exit                                       
0000410d  frexp                                      
0000410d  frexpl                                     
20000000  g_pfnRAMVectors                            
20000204  getUrl                                     
00003367  gprsInit                                   
000033b7  gsmInit                                    
00004688  i2cConfig                                  
00000000  interruptVectors                           
00003c29  ldexp                                      
00003c29  ldexpl                                     
000041d1  ltoa                                       
00003195  main                                       
200001fc  main_func_sp                               
0000441d  memccpy                                    
00003e11  memcpy                                     
00003fc1  memset                                     
20000137  rootUrl                                    
00003c29  scalbn                                     
00003c29  scalbnl                                    
00003dbb  serialTx0                                  
00003ddb  serialTx1                                  
00004171  sprintf                                    
00004451  strchr                                     
00004491  strlen                                     
20000114  test                                       
00004628  uartConfigGps                              


GLOBAL SYMBOLS: SORTED BY Symbol Address 

address   name                                       
-------   ----                                       
00000000  __TI_static_base__                         
00000000  interruptVectors                           
00000200  __STACK_SIZE                               
00000981  __TI_printfi                               
0000127b  __mpu_init                                 
0000127d  BQ27441_initConfig                         
00001699  BQ27441_initOpConfig                       
00001875  BQ27441_control                            
0000189d  BQ27441_controlRead                        
000018db  BQ27441_command                            
00001905  BQ27441_write16                            
00001935  BQ27441_read16                             
000019ad  BQ27441_readChecksum                       
00001a37  _system_post_cinit                         
00001a39  I2C_initMaster                             
00001a9b  I2C_initSlave                              
00001ad5  I2C_enableModule                           
00001aeb  I2C_disableModule                          
00001b01  I2C_setSlaveAddress                        
00001b15  I2C_setMode                                
00001b31  I2C_masterReceiveSingleByte                
00001b65  I2C_slavePutData                           
00001b7b  I2C_slaveGetData                           
00001b8f  I2C_isBusBusy                              
00001ba1  I2C_masterSendSingleByte                   
00001c07  I2C_masterSendSingleByteWithTimeout        
00001c93  I2C_masterSendMultiByteStart               
00001ce1  I2C_masterSendMultiByteStartWithTimeout    
00001d3d  I2C_masterSendMultiByteNext                
00001d69  I2C_masterSendMultiByteNextWithTimeout     
00001da7  I2C_masterSendMultiByteFinish              
00001df5  I2C_masterSendMultiByteFinishWithTimeout   
00001e61  I2C_masterSendMultiByteStop                
00001e8b  I2C_masterSendMultiByteStopWithTimeout     
00001ec7  I2C_masterReceiveStart                     
00001ee1  I2C_masterReceiveMultiByteNext             
00001ef9  I2C_masterReceiveMultiByteFinish           
00001f37  I2C_masterReceiveMultiByteFinishWithTimeout
00001f95  I2C_masterReceiveMultiByteStop             
00001fa9  I2C_masterReceiveSingle                    
00001fd3  I2C_getReceiveBufferAddressForDMA          
00001fe1  I2C_getTransmitBufferAddressForDMA         
00001fef  I2C_masterIsStopSent                       
00002001  I2C_masterIsStartSent                      
00002019  I2C_masterSendStart                        
0000202d  I2C_enableMultiMasterMode                  
0000204d  I2C_disableMultiMasterMode                 
0000206d  I2C_enableInterrupt                        
00002083  I2C_disableInterrupt                       
00002099  I2C_clearInterruptFlag                     
000020af  I2C_getInterruptStatus                     
000020c7  I2C_getEnabledInterruptStatus              
000020d7  I2C_getMode                                
000020ed  I2C_registerInterrupt                      
00002153  I2C_unregisterInterrupt                    
000021af  I2C_slaveSendNAK                           
000021e1  GPIO_setAsOutputPin                        
0000221b  GPIO_setAsInputPin                         
00002261  GPIO_setAsPeripheralModuleFunctionOutputPin
000022e5  GPIO_setAsPeripheralModuleFunctionInputPin 
00002369  GPIO_setOutputHighOnPin                    
0000238b  GPIO_setOutputLowOnPin                     
000023ad  GPIO_toggleOutputOnPin                     
000023cf  GPIO_setAsInputPinWithPullDownResistor     
00002421  GPIO_setAsInputPinWithPullUpResistor       
00002473  GPIO_getInputPinValue                      
000024a1  GPIO_enableInterrupt                       
000024c3  GPIO_disableInterrupt                      
000024e5  GPIO_getInterruptStatus                    
00002503  GPIO_clearInterruptFlag                    
00002525  GPIO_interruptEdgeSelect                   
0000255b  GPIO_getEnabledInterruptStatus             
000025d7  GPIO_setDriveStrengthHigh                  
000025f9  GPIO_setDriveStrengthLow                   
0000261b  GPIO_registerInterrupt                     
0000263b  GPIO_unregisterInterrupt                   
00002661  UART_initModule                            
00002749  UART_transmitData                          
00002773  UART_receiveData                           
00002799  UART_enableModule                          
000027af  UART_disableModule                         
000027c5  UART_queryStatusFlags                      
000027d9  UART_setDormant                            
000027ed  UART_resetDormant                          
00002801  UART_transmitAddress                       
0000281f  UART_transmitBreak                         
00002865  UART_getReceiveBufferAddressForDMA         
00002873  UART_getTransmitBufferAddressForDMA        
00002881  UART_selectDeglitchTime                    
0000289d  UART_enableInterrupt                       
000028cd  UART_disableInterrupt                      
000028fd  UART_getInterruptStatus                    
00002919  UART_getEnabledInterruptStatus             
00002975  UART_clearInterruptFlag                    
00002995  UART_registerInterrupt                     
00002a11  UART_unregisterInterrupt                   
00002a7f  Interrupt_enableMaster                     
00002a8f  Interrupt_disableMaster                    
00002a9f  Interrupt_registerInterrupt                
00002af1  Interrupt_unregisterInterrupt              
00002b05  Interrupt_setPriorityGrouping              
00002b1f  Interrupt_getPriorityGrouping              
00002b57  Interrupt_setPriority                      
00002ba7  Interrupt_getPriority                      
00002bcd  Interrupt_enableInterrupt                  
00002c3f  Interrupt_disableInterrupt                 
00002cb1  Interrupt_isEnabled                        
00002d3d  Interrupt_pendInterrupt                    
00002dad  Interrupt_unpendInterrupt                  
00002dfb  Interrupt_setPriorityMask                  
00002e0b  Interrupt_getPriorityMask                  
00002e15  Interrupt_setVectorTableAddress            
00002e25  Interrupt_getVectorTableAddress            
00002e2b  Interrupt_enableSleepOnIsrExit             
00002e3d  Interrupt_disableSleepOnIsrExit            
00002e6d  SystemCoreClockUpdate                      
000030e1  SystemInit                                 
00003195  main                                       
00003231  CS_init                                    
000032ab  GPIO_init                                  
00003367  gprsInit                                   
000033b7  gsmInit                                    
00003479  __aeabi_uldivmod                           
0000366d  I2C_initGPIO                               
00003685  I2C_init                                   
0000369d  I2C_write8                                 
000036e1  I2C_write16                                
0000373f  I2C_read8                                  
00003787  I2C_read16                                 
0000381d  I2C_setslave                               
00003841  __aeabi_dsub                               
0000384b  __aeabi_dadd                               
000039f7  __aeabi_ddiv                               
00003b2d  __aeabi_dmul                               
00003c29  ldexp                                      
00003c29  ldexpl                                     
00003c29  scalbn                                     
00003c29  scalbnl                                    
00003d25  UART_initGPIO                              
00003d69  UART_init                                  
00003da1  UART_transmitString                        
00003dbb  serialTx0                                  
00003ddb  serialTx1                                  
00003e11  __aeabi_memcpy                             
00003e11  __aeabi_memcpy4                            
00003e11  __aeabi_memcpy8                            
00003e11  memcpy                                     
00003ead  __aeabi_cdcmpeq                            
00003ead  __aeabi_cdcmple                            
00003f33  __aeabi_cdrcmple                           
00003fb9  __aeabi_memclr                             
00003fb9  __aeabi_memclr4                            
00003fb9  __aeabi_memclr8                            
00003fbb  __aeabi_memset                             
00003fbb  __aeabi_memset4                            
00003fbb  __aeabi_memset8                            
00003fc1  memset                                     
00004035  __TI_auto_init                             
000040a5  __TI_decompress_lzss                       
0000410d  frexp                                      
0000410d  frexpl                                     
00004171  sprintf                                    
000041d1  ltoa                                       
00004229  _c_int00                                   
0000427d  C$$EXIT                                    
00004281  abort                                      
00004289  exit                                       
000042d1  atoi                                       
0000431d  copy_in                                    
00004369  __aeabi_d2iz                               
000043b1  CPU_cpsid                                  
000043bd  CPU_primask                                
000043c7  CPU_cpsie                                  
000043d3  CPU_wfi                                    
000043d7  CPU_basepriSet                             
000043e5  CPU_basepriGet                             
000043ef  __aeabi_i2d                                
0000441d  memccpy                                    
00004439  _args_main                                 
00004451  strchr                                     
00004469  _register_unlock                           
0000446f  _register_lock                             
00004477  _nop                                       
0000447d  copysign                                   
0000447d  copysignl                                  
00004491  strlen                                     
000044b7  __TI_decompress_none                       
000044c5  __TI_zero_init                             
000044d1  _system_pre_init                           
000044d4  _ctypes_                                   
00004628  uartConfigGps                              
00004688  i2cConfig                                  
00004798  __TI_Handler_Table_Base                    
000047a4  __TI_Handler_Table_Limit                   
000047b8  __TI_CINIT_Base                            
000047d0  __TI_CINIT_Limit                           
20000000  g_pfnRAMVectors                            
20000114  test                                       
20000137  rootUrl                                    
2000014b  QIFGCNT                                    
2000015a  QICSGP                                     
20000168  QIREGAPP                                   
20000176  QIDEACT                                    
20000184  __TI_cleanup_ptr                           
20000188  __TI_dtors_ptr                             
2000018c  __TI_enable_exit_profile_output            
20000190  CGREG                                      
2000019c  COPS                                       
200001a7  CPIN                                       
200001b2  CREG                                       
200001bd  QIACT                                      
200001c8  CSQ                                        
200001d4  _lock                                      
200001d8  _unlock                                    
200001dc  CMNET                                      
200001e4  ATE1                                       
200001eb  ATV1                                       
200001f2  at                                         
200001f8  errno                                      
200001fc  main_func_sp                               
20000200  SystemCoreClock                            
20000204  getUrl                                     
2000fe00  __stack                                    
20010000  __STACK_END                                
4000480c  WDTCTL_SYM                                 
ffffffff  __TI_pprof_out_hndl                        
ffffffff  __TI_prof_data_size                        
ffffffff  __TI_prof_data_start                       
ffffffff  __binit__                                  
ffffffff  __c_args__                                 
ffffffff  binit                                      
UNDEFED   SHT$$INIT_ARRAY$$Base                      
UNDEFED   SHT$$INIT_ARRAY$$Limit                     

[233 symbols]
