******************************************************************************
                  TI ARM Linker PC v16.9.0                     
******************************************************************************
>> Linked Sat Feb 11 19:30:50 2017

OUTPUT FILE NAME:   <MSP432_GPS_GPRS_Fuel_Gauge.out>
ENTRY POINT SYMBOL: "_c_int00"  address: 00004501


MEMORY CONFIGURATION

         name            origin    length      used     unused   attr    fill
----------------------  --------  ---------  --------  --------  ----  --------
  MAIN                  00000000   00040000  00004ac0  0003b540  R  X
  INFO                  00200000   00004000  00000000  00004000  R  X
  SRAM_CODE             01000000   00010000  00000654  0000f9ac  RW X
  SRAM_DATA             20000000   00010000  00000654  0000f9ac  RW  


SEGMENT ALLOCATION MAP

run origin  load origin   length   init length attrs members
----------  ----------- ---------- ----------- ----- -------
00000000    00000000    00004ac0   00004ac0    r-x
  00000000    00000000    00000140   00000140    r-- .intvecs
  00000140    00000140    0000466c   0000466c    r-x .text
  000047ac    000047ac    0000021c   0000021c    r-- .const
  000049c8    000049c8    000000f8   000000f8    r-- .cinit
20000000    20000000    00000454   00000000    rw-
  20000000    20000000    000000e4   00000000    rw- .vtable
  200000e4    200000e4    0000025c   00000000    rw- .bss
  20000340    20000340    00000114   00000000    rw- .data
2000fe00    2000fe00    00000200   00000000    rw-
  2000fe00    2000fe00    00000200   00000000    rw- .stack


SECTION ALLOCATION MAP

 output                                  attributes/
section   page    origin      length       input sections
--------  ----  ----------  ----------   ----------------
.intvecs   0    00000000    00000140     
                  00000000    00000140     startup_msp432p401r_ccs.obj (.intvecs:retain)

.binit     0    00000000    00000000     

.text      0    00000140    0000466c     
                  00000140    0000113a     rtsv7M4_T_le_v4SPD16_eabi.lib : _printfi.obj (.text)
                  0000127a    00000002                                   : mpu_init.obj (.text)
                  0000127c    000007be     HAL_BQ27441.obj (.text)
                  00001a3a    00000002     rtsv7M4_T_le_v4SPD16_eabi.lib : startup.obj (.text)
                  00001a3c    000007a8     i2c.obj (.text)
                  000021e4    000005d4     main.obj (.text)
                  000027b8    00000480     gpio.obj (.text)
                  00002c38    0000041c     uart.obj (.text)
                  00003054    000003f0     interrupt.obj (.text)
                  00003444    00000328     system_msp432p401r.obj (.text)
                  0000376c    000001f4     rtsv7M4_T_le_v4SPD16_eabi.lib : ull_div_t2.obj (.text)
                  00003960    000001d4     HAL_I2C.obj (.text)
                  00003b34    000001b6     rtsv7M4_T_le_v4SPD16_eabi.lib : fd_add_t2.obj (.text)
                  00003cea    00000136                                   : fd_div_t2.obj (.text)
                  00003e20    000000fc                                   : fd_mul_t2.obj (.text)
                  00003f1c    000000fc                                   : s_scalbn.obj (.text)
                  00004018    000000d0     HAL_UART.obj (.text)
                  000040e8    0000009c     rtsv7M4_T_le_v4SPD16_eabi.lib : memcpy_t2.obj (.text)
                  00004184    00000086                                   : fd_cmp_t2.obj (.text:__aeabi_cdcmple)
                  0000420a    00000086                                   : fd_cmp_t2.obj (.text:__aeabi_cdrcmple)
                  00004290    0000007a                                   : memset_t2.obj (.text)
                  0000430a    00000002     --HOLE-- [fill = 0]
                  0000430c    00000070                                   : autoinit.obj (.text)
                  0000437c    00000068                                   : copy_decompress_lzss.obj (.text:decompress:lzss)
                  000043e4    00000064                                   : s_frexp.obj (.text)
                  00004448    00000060                                   : sprintf.obj (.text)
                  000044a8    00000056                                   : ltoa.obj (.text)
                  000044fe    00000002     --HOLE-- [fill = 0]
                  00004500    00000054                                   : boot.obj (.text)
                  00004554    00000054                                   : exit.obj (.text)
                  000045a8    0000004c                                   : atoi.obj (.text)
                  000045f4    0000004c                                   : cpy_tbl.obj (.text)
                  00004640    00000048                                   : fd_toi_t2.obj (.text)
                  00004688    0000003e     cpu.obj (.text)
                  000046c6    0000002e     rtsv7M4_T_le_v4SPD16_eabi.lib : i_tofd_t2.obj (.text)
                  000046f4    0000001c                                   : memccpy.obj (.text)
                  00004710    00000018                                   : args_main.obj (.text)
                  00004728    00000016                                   : strchr.obj (.text)
                  0000473e    00000002     --HOLE-- [fill = 0]
                  00004740    00000014                                   : _lock.obj (.text)
                  00004754    00000014                                   : s_copysign.obj (.text)
                  00004768    00000014                                   : strlen.obj (.text)
                  0000477c    00000012     startup_msp432p401r_ccs.obj (.text)
                  0000478e    0000000e     rtsv7M4_T_le_v4SPD16_eabi.lib : copy_decompress_none.obj (.text:decompress:none)
                  0000479c    0000000c                                   : copy_zero_init.obj (.text:decompress:ZI)
                  000047a8    00000004                                   : pre_init.obj (.text)

.const     0    000047ac    0000021c     
                  000047ac    00000101     rtsv7M4_T_le_v4SPD16_eabi.lib : ctype.obj (.const:.string:_ctypes_)
                  000048ad    00000003     --HOLE-- [fill = 0]
                  000048b0    00000050     interrupt.obj (.const:g_pulRegs)
                  00004900    00000024     HAL_UART.obj (.const:uartConfig)
                  00004924    00000024     HAL_UART.obj (.const:uartConfigGps)
                  00004948    00000020     interrupt.obj (.const:g_pulPriority)
                  00004968    0000001c     gpio.obj (.const:GPIO_PORT_TO_INT)
                  00004984    00000014     HAL_I2C.obj (.const:i2cConfig)
                  00004998    00000010     main.obj (.const:continuousModeConfig)
                  000049a8    00000008     interrupt.obj (.const:g_pulDisRegs)
                  000049b0    00000008     interrupt.obj (.const:g_pulEnRegs)
                  000049b8    00000008     interrupt.obj (.const:g_pulPendRegs)
                  000049c0    00000008     interrupt.obj (.const:g_pulUnpendRegs)

.cinit     0    000049c8    000000f8     
                  000049c8    000000bf     (.cinit..data.load) [load image, compression = lzss]
                  00004a87    00000001     --HOLE-- [fill = 0]
                  00004a88    0000000c     (__TI_handler_table)
                  00004a94    00000004     --HOLE-- [fill = 0]
                  00004a98    00000008     (.cinit..bss.load) [load image, compression = zero_init]
                  00004aa0    00000008     (.cinit..vtable.load) [load image, compression = zero_init]
                  00004aa8    00000018     (__TI_cinit_table)

.init_array 
*          0    00000000    00000000     UNINITIALIZED

.vtable    0    20000000    000000e4     UNINITIALIZED
                  20000000    000000e4     interrupt.obj (.vtable)

.bss       0    200000e4    0000025c     UNINITIALIZED
                  200000e4    000001f4     (.common:temp2)
                  200002d8    00000064     (.common:temp)
                  2000033c    00000004     (.common:getUrl)

.data      0    20000340    00000114     UNINITIALIZED
                  20000340    00000030     gpio.obj (.data:GPIO_PORT_TO_BASE)
                  20000370    00000018     main.obj (.data)
                  20000388    00000014     main.obj (.data:rootUrl)
                  2000039c    0000000f     main.obj (.data:QIFGCNT)
                  200003ab    0000000e     main.obj (.data:QICSGP)
                  200003b9    0000000e     main.obj (.data:QIREGAPP)
                  200003c7    0000000d     main.obj (.data:QIDEACT)
                  200003d4    0000000c     rtsv7M4_T_le_v4SPD16_eabi.lib : exit.obj (.data:$O1$$)
                  200003e0    0000000c     main.obj (.data:CGREG)
                  200003ec    0000000b     main.obj (.data:COPS)
                  200003f7    0000000b     main.obj (.data:CPIN)
                  20000402    0000000b     main.obj (.data:CREG)
                  2000040d    0000000b     main.obj (.data:QIACT)
                  20000418    00000009     main.obj (.data:CSQ)
                  20000421    00000003     --HOLE--
                  20000424    00000008     rtsv7M4_T_le_v4SPD16_eabi.lib : _lock.obj (.data:$O1$$)
                  2000042c    00000008     main.obj (.data:CMNET)
                  20000434    00000007     main.obj (.data:ATE1)
                  2000043b    00000007     main.obj (.data:ATV1)
                  20000442    00000005     main.obj (.data:at)
                  20000447    00000001     --HOLE--
                  20000448    00000004     rtsv7M4_T_le_v4SPD16_eabi.lib : errno.obj (.data)
                  2000044c    00000004                                   : stkdepth_vars.obj (.data)
                  20000450    00000004     system_msp432p401r.obj (.data)

.stack     0    2000fe00    00000200     UNINITIALIZED
                  2000fe00    00000200     --HOLE--

MODULE SUMMARY

       Module                        code    ro data   rw data
       ------                        ----    -------   -------
    .\
       main.obj                      1492    16        1592   
       HAL_BQ27441.obj               1982    0         0      
       system_msp432p401r.obj        808     0         8      
       HAL_I2C.obj                   468     20        0      
       startup_msp432p401r_ccs.obj   18      320       0      
       HAL_UART.obj                  208     72        0      
    +--+-----------------------------+-------+---------+---------+
       Total:                        4976    428       1600   
                                                              
    .\driverlib\MSP432P4xx\
       i2c.obj                       1960    0         0      
       interrupt.obj                 1008    144       456    
       gpio.obj                      1152    28        96     
       uart.obj                      1052    0         0      
       cpu.obj                       62      0         0      
    +--+-----------------------------+-------+---------+---------+
       Total:                        5234    172       552    
                                                              
    C:\ti\ccsv7\tools\compiler\ti-cgt-arm_16.9.0.LTS\lib\rtsv7M4_T_le_v4SPD16_eabi.lib
       _printfi.obj                  4410    0         0      
       ull_div_t2.obj                500     0         0      
       fd_add_t2.obj                 438     0         0      
       fd_div_t2.obj                 310     0         0      
       fd_cmp_t2.obj                 268     0         0      
       ctype.obj                     0       257       0      
       fd_mul_t2.obj                 252     0         0      
       s_scalbn.obj                  252     0         0      
       memcpy_t2.obj                 156     0         0      
       memset_t2.obj                 122     0         0      
       autoinit.obj                  112     0         0      
       exit.obj                      84      0         24     
       copy_decompress_lzss.obj      104     0         0      
       s_frexp.obj                   100     0         0      
       sprintf.obj                   96      0         0      
       ltoa.obj                      86      0         0      
       boot.obj                      84      0         0      
       atoi.obj                      76      0         0      
       cpy_tbl.obj                   76      0         0      
       fd_toi_t2.obj                 72      0         0      
       i_tofd_t2.obj                 46      0         0      
       _lock.obj                     20      0         16     
       memccpy.obj                   28      0         0      
       args_main.obj                 24      0         0      
       strchr.obj                    22      0         0      
       s_copysign.obj                20      0         0      
       strlen.obj                    20      0         0      
       copy_decompress_none.obj      14      0         0      
       copy_zero_init.obj            12      0         0      
       errno.obj                     0       0         8      
       stkdepth_vars.obj             0       0         8      
       pre_init.obj                  4       0         0      
       mpu_init.obj                  2       0         0      
       startup.obj                   2       0         0      
    +--+-----------------------------+-------+---------+---------+
       Total:                        7812    257       56     
                                                              
       Stack:                        0       0         1024   
       Linker Generated:             0       243       0      
    +--+-----------------------------+-------+---------+---------+
       Grand Total:                  18022   1100      3232   


LINKER GENERATED COPY TABLES

__TI_cinit_table @ 00004aa8 records: 3, size/record: 8, table size: 24
	.data: load addr=000049c8, load size=000000bf bytes, run addr=20000340, run size=00000114 bytes, compression=lzss
	.bss: load addr=00004a98, load size=00000008 bytes, run addr=200000e4, run size=0000025c bytes, compression=zero_init
	.vtable: load addr=00004aa0, load size=00000008 bytes, run addr=20000000, run size=000000e4 bytes, compression=zero_init


LINKER GENERATED HANDLER TABLE

__TI_handler_table @ 00004a88 records: 3, size/record: 4, table size: 12
	index: 0, handler: __TI_zero_init
	index: 1, handler: __TI_decompress_lzss
	index: 2, handler: __TI_decompress_none


GLOBAL SYMBOLS: SORTED ALPHABETICALLY BY Name 

address   name                                       
-------   ----                                       
20000434  ATE1                                       
2000043b  ATV1                                       
000018df  BQ27441_command                            
00001879  BQ27441_control                            
000018a1  BQ27441_controlRead                        
0000127d  BQ27441_initConfig                         
0000169d  BQ27441_initOpConfig                       
00001939  BQ27441_read16                             
000019b1  BQ27441_readChecksum                       
00001909  BQ27441_write16                            
00004555  C$$EXIT                                    
200003e0  CGREG                                      
2000042c  CMNET                                      
200003ec  COPS                                       
200003f7  CPIN                                       
000046bd  CPU_basepriGet                             
000046af  CPU_basepriSet                             
00004689  CPU_cpsid                                  
0000469f  CPU_cpsie                                  
00004695  CPU_primask                                
000046ab  CPU_wfi                                    
20000402  CREG                                       
20000418  CSQ                                        
00002449  CS_init                                    
00002adb  GPIO_clearInterruptFlag                    
00002a9b  GPIO_disableInterrupt                      
00002a79  GPIO_enableInterrupt                       
00002b33  GPIO_getEnabledInterruptStatus             
00002a4b  GPIO_getInputPinValue                      
00002abd  GPIO_getInterruptStatus                    
000024e1  GPIO_init                                  
00002afd  GPIO_interruptEdgeSelect                   
00002bf3  GPIO_registerInterrupt                     
000027f3  GPIO_setAsInputPin                         
000029a7  GPIO_setAsInputPinWithPullDownResistor     
000029f9  GPIO_setAsInputPinWithPullUpResistor       
000027b9  GPIO_setAsOutputPin                        
000028bd  GPIO_setAsPeripheralModuleFunctionInputPin 
00002839  GPIO_setAsPeripheralModuleFunctionOutputPin
00002baf  GPIO_setDriveStrengthHigh                  
00002bd1  GPIO_setDriveStrengthLow                   
00002941  GPIO_setOutputHighOnPin                    
00002963  GPIO_setOutputLowOnPin                     
00002985  GPIO_toggleOutputOnPin                     
00002c13  GPIO_unregisterInterrupt                   
0000209d  I2C_clearInterruptFlag                     
00002087  I2C_disableInterrupt                       
00001aef  I2C_disableModule                          
00002051  I2C_disableMultiMasterMode                 
00002071  I2C_enableInterrupt                        
00001ad9  I2C_enableModule                           
00002031  I2C_enableMultiMasterMode                  
000020cb  I2C_getEnabledInterruptStatus              
000020b3  I2C_getInterruptStatus                     
000020db  I2C_getMode                                
00001fd7  I2C_getReceiveBufferAddressForDMA          
00001fe5  I2C_getTransmitBufferAddressForDMA         
00003979  I2C_init                                   
00003961  I2C_initGPIO                               
00001a3d  I2C_initMaster                             
00001a9f  I2C_initSlave                              
00001b93  I2C_isBusBusy                              
00002005  I2C_masterIsStartSent                      
00001ff3  I2C_masterIsStopSent                       
00001efd  I2C_masterReceiveMultiByteFinish           
00001f3b  I2C_masterReceiveMultiByteFinishWithTimeout
00001ee5  I2C_masterReceiveMultiByteNext             
00001f99  I2C_masterReceiveMultiByteStop             
00001fad  I2C_masterReceiveSingle                    
00001b35  I2C_masterReceiveSingleByte                
00001ecb  I2C_masterReceiveStart                     
00001dab  I2C_masterSendMultiByteFinish              
00001df9  I2C_masterSendMultiByteFinishWithTimeout   
00001d41  I2C_masterSendMultiByteNext                
00001d6d  I2C_masterSendMultiByteNextWithTimeout     
00001c97  I2C_masterSendMultiByteStart               
00001ce5  I2C_masterSendMultiByteStartWithTimeout    
00001e65  I2C_masterSendMultiByteStop                
00001e8f  I2C_masterSendMultiByteStopWithTimeout     
00001ba5  I2C_masterSendSingleByte                   
00001c0b  I2C_masterSendSingleByteWithTimeout        
0000201d  I2C_masterSendStart                        
00003a7b  I2C_read16                                 
00003a33  I2C_read8                                  
000020f1  I2C_registerInterrupt                      
00001b19  I2C_setMode                                
00001b05  I2C_setSlaveAddress                        
00003b11  I2C_setslave                               
00001b7f  I2C_slaveGetData                           
00001b69  I2C_slavePutData                           
000021b3  I2C_slaveSendNAK                           
00002157  I2C_unregisterInterrupt                    
000039d5  I2C_write16                                
00003991  I2C_write8                                 
00003217  Interrupt_disableInterrupt                 
00003067  Interrupt_disableMaster                    
00003415  Interrupt_disableSleepOnIsrExit            
000031a5  Interrupt_enableInterrupt                  
00003057  Interrupt_enableMaster                     
00003403  Interrupt_enableSleepOnIsrExit             
0000317f  Interrupt_getPriority                      
000030f7  Interrupt_getPriorityGrouping              
000033e3  Interrupt_getPriorityMask                  
000033fd  Interrupt_getVectorTableAddress            
00003289  Interrupt_isEnabled                        
00003315  Interrupt_pendInterrupt                    
00003077  Interrupt_registerInterrupt                
0000312f  Interrupt_setPriority                      
000030dd  Interrupt_setPriorityGrouping              
000033d3  Interrupt_setPriorityMask                  
000033ed  Interrupt_setVectorTableAddress            
00003385  Interrupt_unpendInterrupt                  
000030c9  Interrupt_unregisterInterrupt              
2000040d  QIACT                                      
200003ab  QICSGP                                     
200003c7  QIDEACT                                    
2000039c  QIFGCNT                                    
200003b9  QIREGAPP                                   
20000374  Range                                      
UNDEFED   SHT$$INIT_ARRAY$$Base                      
UNDEFED   SHT$$INIT_ARRAY$$Limit                     
20000450  SystemCoreClock                            
00003445  SystemCoreClockUpdate                      
000036b9  SystemInit                                 
000026fd  TA0_N_IRQHandler                           
00002f4d  UART_clearInterruptFlag                    
00002ea5  UART_disableInterrupt                      
00002d87  UART_disableModule                         
00002e75  UART_enableInterrupt                       
00002d71  UART_enableModule                          
00002ef1  UART_getEnabledInterruptStatus             
00002ed5  UART_getInterruptStatus                    
00002e3d  UART_getReceiveBufferAddressForDMA         
00002e4b  UART_getTransmitBufferAddressForDMA        
0000403d  UART_init                                  
00004019  UART_initGPIO                              
00002c39  UART_initModule                            
00002d9d  UART_queryStatusFlags                      
00002d4b  UART_receiveData                           
00002f6d  UART_registerInterrupt                     
00002dc5  UART_resetDormant                          
00002e59  UART_selectDeglitchTime                    
00002db1  UART_setDormant                            
00002dd9  UART_transmitAddress                       
00002df7  UART_transmitBreak                         
00002d21  UART_transmitData                          
00004075  UART_transmitString                        
00002fe9  UART_unregisterInterrupt                   
4000480c  WDTCTL_SYM                                 
20010000  __STACK_END                                
00000200  __STACK_SIZE                               
00004aa8  __TI_CINIT_Base                            
00004ac0  __TI_CINIT_Limit                           
00004a88  __TI_Handler_Table_Base                    
00004a94  __TI_Handler_Table_Limit                   
0000430d  __TI_auto_init                             
200003d4  __TI_cleanup_ptr                           
0000437d  __TI_decompress_lzss                       
0000478f  __TI_decompress_none                       
200003d8  __TI_dtors_ptr                             
200003dc  __TI_enable_exit_profile_output            
ffffffff  __TI_pprof_out_hndl                        
00000981  __TI_printfi                               
ffffffff  __TI_prof_data_size                        
ffffffff  __TI_prof_data_start                       
00000000  __TI_static_base__                         
0000479d  __TI_zero_init                             
00004185  __aeabi_cdcmpeq                            
00004185  __aeabi_cdcmple                            
0000420b  __aeabi_cdrcmple                           
00004641  __aeabi_d2iz                               
00003b3f  __aeabi_dadd                               
00003ceb  __aeabi_ddiv                               
00003e21  __aeabi_dmul                               
00003b35  __aeabi_dsub                               
000046c7  __aeabi_i2d                                
00004291  __aeabi_memclr                             
00004291  __aeabi_memclr4                            
00004291  __aeabi_memclr8                            
000040e9  __aeabi_memcpy                             
000040e9  __aeabi_memcpy4                            
000040e9  __aeabi_memcpy8                            
00004293  __aeabi_memset                             
00004293  __aeabi_memset4                            
00004293  __aeabi_memset8                            
0000376d  __aeabi_uldivmod                           
ffffffff  __binit__                                  
ffffffff  __c_args__                                 
0000127b  __mpu_init                                 
2000fe00  __stack                                    
00004711  _args_main                                 
00004501  _c_int00                                   
000047ac  _ctypes_                                   
20000424  _lock                                      
0000474f  _nop                                       
00004747  _register_lock                             
00004741  _register_unlock                           
00001a3b  _system_post_cinit                         
000047a9  _system_pre_init                           
20000428  _unlock                                    
00004559  abort                                      
20000442  at                                         
000045a9  atoi                                       
20000378  bat                                        
ffffffff  binit                                      
00004998  continuousModeConfig                       
000045f5  copy_in                                    
00004755  copysign                                   
00004755  copysignl                                  
20000448  errno                                      
00004561  exit                                       
000043e5  frexp                                      
000043e5  frexpl                                     
20000000  g_pfnRAMVectors                            
2000033c  getUrl                                     
00002645  gprsInit                                   
000026c5  gsmInit                                    
20000384  i                                          
00004984  i2cConfig                                  
20000370  idx                                        
00000000  interruptVectors                           
2000037c  j                                          
20000376  lat                                        
00003f1d  ldexp                                      
00003f1d  ldexpl                                     
20000377  lng                                        
000044a9  ltoa                                       
000021e5  main                                       
2000044c  main_func_sp                               
000046f5  memccpy                                    
000040e9  memcpy                                     
00004299  memset                                     
20000380  q                                          
20000388  rootUrl                                    
00003f1d  scalbn                                     
00003f1d  scalbnl                                    
0000408f  serialTx0                                  
000040af  serialTx1                                  
00004449  sprintf                                    
20000379  status                                     
00004729  strchr                                     
00004769  strlen                                     
20000375  t                                          
200002d8  temp                                       
200000e4  temp2                                      
00004900  uartConfig                                 
00004924  uartConfigGps                              


GLOBAL SYMBOLS: SORTED BY Symbol Address 

address   name                                       
-------   ----                                       
00000000  __TI_static_base__                         
00000000  interruptVectors                           
00000200  __STACK_SIZE                               
00000981  __TI_printfi                               
0000127b  __mpu_init                                 
0000127d  BQ27441_initConfig                         
0000169d  BQ27441_initOpConfig                       
00001879  BQ27441_control                            
000018a1  BQ27441_controlRead                        
000018df  BQ27441_command                            
00001909  BQ27441_write16                            
00001939  BQ27441_read16                             
000019b1  BQ27441_readChecksum                       
00001a3b  _system_post_cinit                         
00001a3d  I2C_initMaster                             
00001a9f  I2C_initSlave                              
00001ad9  I2C_enableModule                           
00001aef  I2C_disableModule                          
00001b05  I2C_setSlaveAddress                        
00001b19  I2C_setMode                                
00001b35  I2C_masterReceiveSingleByte                
00001b69  I2C_slavePutData                           
00001b7f  I2C_slaveGetData                           
00001b93  I2C_isBusBusy                              
00001ba5  I2C_masterSendSingleByte                   
00001c0b  I2C_masterSendSingleByteWithTimeout        
00001c97  I2C_masterSendMultiByteStart               
00001ce5  I2C_masterSendMultiByteStartWithTimeout    
00001d41  I2C_masterSendMultiByteNext                
00001d6d  I2C_masterSendMultiByteNextWithTimeout     
00001dab  I2C_masterSendMultiByteFinish              
00001df9  I2C_masterSendMultiByteFinishWithTimeout   
00001e65  I2C_masterSendMultiByteStop                
00001e8f  I2C_masterSendMultiByteStopWithTimeout     
00001ecb  I2C_masterReceiveStart                     
00001ee5  I2C_masterReceiveMultiByteNext             
00001efd  I2C_masterReceiveMultiByteFinish           
00001f3b  I2C_masterReceiveMultiByteFinishWithTimeout
00001f99  I2C_masterReceiveMultiByteStop             
00001fad  I2C_masterReceiveSingle                    
00001fd7  I2C_getReceiveBufferAddressForDMA          
00001fe5  I2C_getTransmitBufferAddressForDMA         
00001ff3  I2C_masterIsStopSent                       
00002005  I2C_masterIsStartSent                      
0000201d  I2C_masterSendStart                        
00002031  I2C_enableMultiMasterMode                  
00002051  I2C_disableMultiMasterMode                 
00002071  I2C_enableInterrupt                        
00002087  I2C_disableInterrupt                       
0000209d  I2C_clearInterruptFlag                     
000020b3  I2C_getInterruptStatus                     
000020cb  I2C_getEnabledInterruptStatus              
000020db  I2C_getMode                                
000020f1  I2C_registerInterrupt                      
00002157  I2C_unregisterInterrupt                    
000021b3  I2C_slaveSendNAK                           
000021e5  main                                       
00002449  CS_init                                    
000024e1  GPIO_init                                  
00002645  gprsInit                                   
000026c5  gsmInit                                    
000026fd  TA0_N_IRQHandler                           
000027b9  GPIO_setAsOutputPin                        
000027f3  GPIO_setAsInputPin                         
00002839  GPIO_setAsPeripheralModuleFunctionOutputPin
000028bd  GPIO_setAsPeripheralModuleFunctionInputPin 
00002941  GPIO_setOutputHighOnPin                    
00002963  GPIO_setOutputLowOnPin                     
00002985  GPIO_toggleOutputOnPin                     
000029a7  GPIO_setAsInputPinWithPullDownResistor     
000029f9  GPIO_setAsInputPinWithPullUpResistor       
00002a4b  GPIO_getInputPinValue                      
00002a79  GPIO_enableInterrupt                       
00002a9b  GPIO_disableInterrupt                      
00002abd  GPIO_getInterruptStatus                    
00002adb  GPIO_clearInterruptFlag                    
00002afd  GPIO_interruptEdgeSelect                   
00002b33  GPIO_getEnabledInterruptStatus             
00002baf  GPIO_setDriveStrengthHigh                  
00002bd1  GPIO_setDriveStrengthLow                   
00002bf3  GPIO_registerInterrupt                     
00002c13  GPIO_unregisterInterrupt                   
00002c39  UART_initModule                            
00002d21  UART_transmitData                          
00002d4b  UART_receiveData                           
00002d71  UART_enableModule                          
00002d87  UART_disableModule                         
00002d9d  UART_queryStatusFlags                      
00002db1  UART_setDormant                            
00002dc5  UART_resetDormant                          
00002dd9  UART_transmitAddress                       
00002df7  UART_transmitBreak                         
00002e3d  UART_getReceiveBufferAddressForDMA         
00002e4b  UART_getTransmitBufferAddressForDMA        
00002e59  UART_selectDeglitchTime                    
00002e75  UART_enableInterrupt                       
00002ea5  UART_disableInterrupt                      
00002ed5  UART_getInterruptStatus                    
00002ef1  UART_getEnabledInterruptStatus             
00002f4d  UART_clearInterruptFlag                    
00002f6d  UART_registerInterrupt                     
00002fe9  UART_unregisterInterrupt                   
00003057  Interrupt_enableMaster                     
00003067  Interrupt_disableMaster                    
00003077  Interrupt_registerInterrupt                
000030c9  Interrupt_unregisterInterrupt              
000030dd  Interrupt_setPriorityGrouping              
000030f7  Interrupt_getPriorityGrouping              
0000312f  Interrupt_setPriority                      
0000317f  Interrupt_getPriority                      
000031a5  Interrupt_enableInterrupt                  
00003217  Interrupt_disableInterrupt                 
00003289  Interrupt_isEnabled                        
00003315  Interrupt_pendInterrupt                    
00003385  Interrupt_unpendInterrupt                  
000033d3  Interrupt_setPriorityMask                  
000033e3  Interrupt_getPriorityMask                  
000033ed  Interrupt_setVectorTableAddress            
000033fd  Interrupt_getVectorTableAddress            
00003403  Interrupt_enableSleepOnIsrExit             
00003415  Interrupt_disableSleepOnIsrExit            
00003445  SystemCoreClockUpdate                      
000036b9  SystemInit                                 
0000376d  __aeabi_uldivmod                           
00003961  I2C_initGPIO                               
00003979  I2C_init                                   
00003991  I2C_write8                                 
000039d5  I2C_write16                                
00003a33  I2C_read8                                  
00003a7b  I2C_read16                                 
00003b11  I2C_setslave                               
00003b35  __aeabi_dsub                               
00003b3f  __aeabi_dadd                               
00003ceb  __aeabi_ddiv                               
00003e21  __aeabi_dmul                               
00003f1d  ldexp                                      
00003f1d  ldexpl                                     
00003f1d  scalbn                                     
00003f1d  scalbnl                                    
00004019  UART_initGPIO                              
0000403d  UART_init                                  
00004075  UART_transmitString                        
0000408f  serialTx0                                  
000040af  serialTx1                                  
000040e9  __aeabi_memcpy                             
000040e9  __aeabi_memcpy4                            
000040e9  __aeabi_memcpy8                            
000040e9  memcpy                                     
00004185  __aeabi_cdcmpeq                            
00004185  __aeabi_cdcmple                            
0000420b  __aeabi_cdrcmple                           
00004291  __aeabi_memclr                             
00004291  __aeabi_memclr4                            
00004291  __aeabi_memclr8                            
00004293  __aeabi_memset                             
00004293  __aeabi_memset4                            
00004293  __aeabi_memset8                            
00004299  memset                                     
0000430d  __TI_auto_init                             
0000437d  __TI_decompress_lzss                       
000043e5  frexp                                      
000043e5  frexpl                                     
00004449  sprintf                                    
000044a9  ltoa                                       
00004501  _c_int00                                   
00004555  C$$EXIT                                    
00004559  abort                                      
00004561  exit                                       
000045a9  atoi                                       
000045f5  copy_in                                    
00004641  __aeabi_d2iz                               
00004689  CPU_cpsid                                  
00004695  CPU_primask                                
0000469f  CPU_cpsie                                  
000046ab  CPU_wfi                                    
000046af  CPU_basepriSet                             
000046bd  CPU_basepriGet                             
000046c7  __aeabi_i2d                                
000046f5  memccpy                                    
00004711  _args_main                                 
00004729  strchr                                     
00004741  _register_unlock                           
00004747  _register_lock                             
0000474f  _nop                                       
00004755  copysign                                   
00004755  copysignl                                  
00004769  strlen                                     
0000478f  __TI_decompress_none                       
0000479d  __TI_zero_init                             
000047a9  _system_pre_init                           
000047ac  _ctypes_                                   
00004900  uartConfig                                 
00004924  uartConfigGps                              
00004984  i2cConfig                                  
00004998  continuousModeConfig                       
00004a88  __TI_Handler_Table_Base                    
00004a94  __TI_Handler_Table_Limit                   
00004aa8  __TI_CINIT_Base                            
00004ac0  __TI_CINIT_Limit                           
20000000  g_pfnRAMVectors                            
200000e4  temp2                                      
200002d8  temp                                       
2000033c  getUrl                                     
20000370  idx                                        
20000374  Range                                      
20000375  t                                          
20000376  lat                                        
20000377  lng                                        
20000378  bat                                        
20000379  status                                     
2000037c  j                                          
20000380  q                                          
20000384  i                                          
20000388  rootUrl                                    
2000039c  QIFGCNT                                    
200003ab  QICSGP                                     
200003b9  QIREGAPP                                   
200003c7  QIDEACT                                    
200003d4  __TI_cleanup_ptr                           
200003d8  __TI_dtors_ptr                             
200003dc  __TI_enable_exit_profile_output            
200003e0  CGREG                                      
200003ec  COPS                                       
200003f7  CPIN                                       
20000402  CREG                                       
2000040d  QIACT                                      
20000418  CSQ                                        
20000424  _lock                                      
20000428  _unlock                                    
2000042c  CMNET                                      
20000434  ATE1                                       
2000043b  ATV1                                       
20000442  at                                         
20000448  errno                                      
2000044c  main_func_sp                               
20000450  SystemCoreClock                            
2000fe00  __stack                                    
20010000  __STACK_END                                
4000480c  WDTCTL_SYM                                 
ffffffff  __TI_pprof_out_hndl                        
ffffffff  __TI_prof_data_size                        
ffffffff  __TI_prof_data_start                       
ffffffff  __binit__                                  
ffffffff  __c_args__                                 
ffffffff  binit                                      
UNDEFED   SHT$$INIT_ARRAY$$Base                      
UNDEFED   SHT$$INIT_ARRAY$$Limit                     

[247 symbols]
