******************************************************************************
                  TI ARM Linker PC v16.9.0                     
******************************************************************************
>> Linked Sat Feb 04 16:19:13 2017

OUTPUT FILE NAME:   <MSP432_GPS_GPRS_Fuel_Gauge.out>
ENTRY POINT SYMBOL: "_c_int00"  address: 000043b5


MEMORY CONFIGURATION

         name            origin    length      used     unused   attr    fill
----------------------  --------  ---------  --------  --------  ----  --------
  MAIN                  00000000   00040000  000048b0  0003b750  R  X
  INFO                  00200000   00004000  00000000  00004000  R  X
  SRAM_CODE             01000000   00010000  00000334  0000fccc  RW X
  SRAM_DATA             20000000   00010000  00000334  0000fccc  RW  


SEGMENT ALLOCATION MAP

run origin  load origin   length   init length attrs members
----------  ----------- ---------- ----------- ----- -------
00000000    00000000    000048b0   000048b0    r-x
  00000000    00000000    00000140   00000140    r-- .intvecs
  00000140    00000140    00004520   00004520    r-x .text
  00004660    00004660    000001e8   000001e8    r-- .const
  00004848    00004848    00000068   00000068    r-- .cinit
20000000    20000000    00000134   00000000    rw-
  20000000    20000000    000000e4   00000000    rw- .vtable
  200000e4    200000e4    00000050   00000000    rw- .data
2000fe00    2000fe00    00000200   00000000    rw-
  2000fe00    2000fe00    00000200   00000000    rw- .stack


SECTION ALLOCATION MAP

 output                                  attributes/
section   page    origin      length       input sections
--------  ----  ----------  ----------   ----------------
.intvecs   0    00000000    00000140     
                  00000000    00000140     startup_msp432p401r_ccs.obj (.intvecs:retain)

.binit     0    00000000    00000000     

.text      0    00000140    00004520     
                  00000140    0000113a     rtsv7M4_T_le_v4SPD16_eabi.lib : _printfi.obj (.text)
                  0000127a    00000002                                   : mpu_init.obj (.text)
                  0000127c    000007ba     HAL_BQ27441.obj (.text)
                  00001a36    00000002     rtsv7M4_T_le_v4SPD16_eabi.lib : startup.obj (.text)
                  00001a38    000007a8     i2c.obj (.text)
                  000021e0    00000480     gpio.obj (.text)
                  00002660    0000042c     main.obj (.text)
                  00002a8c    0000041c     uart.obj (.text)
                  00002ea8    000003f0     interrupt.obj (.text)
                  00003298    00000328     system_msp432p401r.obj (.text)
                  000035c0    000001f4     rtsv7M4_T_le_v4SPD16_eabi.lib : ull_div_t2.obj (.text)
                  000037b4    000001d4     HAL_I2C.obj (.text)
                  00003988    000001b6     rtsv7M4_T_le_v4SPD16_eabi.lib : fd_add_t2.obj (.text)
                  00003b3e    00000136                                   : fd_div_t2.obj (.text)
                  00003c74    00000130     HAL_UART.obj (.text)
                  00003da4    000000fc     rtsv7M4_T_le_v4SPD16_eabi.lib : fd_mul_t2.obj (.text)
                  00003ea0    000000fc                                   : s_scalbn.obj (.text)
                  00003f9c    0000009c                                   : memcpy_t2.obj (.text)
                  00004038    00000086                                   : fd_cmp_t2.obj (.text:__aeabi_cdcmple)
                  000040be    00000086                                   : fd_cmp_t2.obj (.text:__aeabi_cdrcmple)
                  00004144    0000007a                                   : memset_t2.obj (.text)
                  000041be    00000002     --HOLE-- [fill = 0]
                  000041c0    00000070                                   : autoinit.obj (.text)
                  00004230    00000068                                   : copy_decompress_lzss.obj (.text:decompress:lzss)
                  00004298    00000064                                   : s_frexp.obj (.text)
                  000042fc    00000060                                   : sprintf.obj (.text)
                  0000435c    00000056                                   : ltoa.obj (.text)
                  000043b2    00000002     --HOLE-- [fill = 0]
                  000043b4    00000054                                   : boot.obj (.text)
                  00004408    00000054                                   : exit.obj (.text)
                  0000445c    0000004c                                   : atoi.obj (.text)
                  000044a8    0000004c                                   : cpy_tbl.obj (.text)
                  000044f4    00000048                                   : fd_toi_t2.obj (.text)
                  0000453c    0000003e     cpu.obj (.text)
                  0000457a    0000002e     rtsv7M4_T_le_v4SPD16_eabi.lib : i_tofd_t2.obj (.text)
                  000045a8    0000001c                                   : memccpy.obj (.text)
                  000045c4    00000018                                   : args_main.obj (.text)
                  000045dc    00000016                                   : strchr.obj (.text)
                  000045f2    00000002     --HOLE-- [fill = 0]
                  000045f4    00000014                                   : _lock.obj (.text)
                  00004608    00000014                                   : s_copysign.obj (.text)
                  0000461c    00000014                                   : strlen.obj (.text)
                  00004630    00000012     startup_msp432p401r_ccs.obj (.text)
                  00004642    0000000e     rtsv7M4_T_le_v4SPD16_eabi.lib : copy_decompress_none.obj (.text:decompress:none)
                  00004650    0000000c                                   : copy_zero_init.obj (.text:decompress:ZI)
                  0000465c    00000004                                   : pre_init.obj (.text)

.const     0    00004660    000001e8     
                  00004660    00000101     rtsv7M4_T_le_v4SPD16_eabi.lib : ctype.obj (.const:.string:_ctypes_)
                  00004761    00000003     --HOLE-- [fill = 0]
                  00004764    00000050     interrupt.obj (.const:g_pulRegs)
                  000047b4    00000024     HAL_UART.obj (.const:uartConfig)
                  000047d8    00000020     interrupt.obj (.const:g_pulPriority)
                  000047f8    0000001c     gpio.obj (.const:GPIO_PORT_TO_INT)
                  00004814    00000014     HAL_I2C.obj (.const:i2cConfig)
                  00004828    00000008     interrupt.obj (.const:g_pulDisRegs)
                  00004830    00000008     interrupt.obj (.const:g_pulEnRegs)
                  00004838    00000008     interrupt.obj (.const:g_pulPendRegs)
                  00004840    00000008     interrupt.obj (.const:g_pulUnpendRegs)

.cinit     0    00004848    00000068     
                  00004848    0000003d     (.cinit..data.load) [load image, compression = lzss]
                  00004885    00000003     --HOLE-- [fill = 0]
                  00004888    0000000c     (__TI_handler_table)
                  00004894    00000004     --HOLE-- [fill = 0]
                  00004898    00000008     (.cinit..vtable.load) [load image, compression = zero_init]
                  000048a0    00000010     (__TI_cinit_table)

.init_array 
*          0    00000000    00000000     UNINITIALIZED

.vtable    0    20000000    000000e4     UNINITIALIZED
                  20000000    000000e4     interrupt.obj (.vtable)

.data      0    200000e4    00000050     UNINITIALIZED
                  200000e4    00000030     gpio.obj (.data:GPIO_PORT_TO_BASE)
                  20000114    0000000c     rtsv7M4_T_le_v4SPD16_eabi.lib : exit.obj (.data:$O1$$)
                  20000120    00000008                                   : _lock.obj (.data:$O1$$)
                  20000128    00000004                                   : errno.obj (.data)
                  2000012c    00000004                                   : stkdepth_vars.obj (.data)
                  20000130    00000004     system_msp432p401r.obj (.data)

.stack     0    2000fe00    00000200     UNINITIALIZED
                  2000fe00    00000200     --HOLE--

MODULE SUMMARY

       Module                        code    ro data   rw data
       ------                        ----    -------   -------
    .\
       HAL_BQ27441.obj               1978    0         0      
       main.obj                      1068    0         0      
       system_msp432p401r.obj        808     0         8      
       HAL_I2C.obj                   468     20        0      
       HAL_UART.obj                  304     36        0      
       startup_msp432p401r_ccs.obj   18      320       0      
    +--+-----------------------------+-------+---------+---------+
       Total:                        4644    376       8      
                                                              
    .\driverlib\MSP432P4xx\
       i2c.obj                       1960    0         0      
       interrupt.obj                 1008    144       456    
       gpio.obj                      1152    28        96     
       uart.obj                      1052    0         0      
       cpu.obj                       62      0         0      
    +--+-----------------------------+-------+---------+---------+
       Total:                        5234    172       552    
                                                              
    C:\ti\ccsv7\tools\compiler\ti-cgt-arm_16.9.0.LTS\lib\rtsv7M4_T_le_v4SPD16_eabi.lib
       _printfi.obj                  4410    0         0      
       ull_div_t2.obj                500     0         0      
       fd_add_t2.obj                 438     0         0      
       fd_div_t2.obj                 310     0         0      
       fd_cmp_t2.obj                 268     0         0      
       ctype.obj                     0       257       0      
       fd_mul_t2.obj                 252     0         0      
       s_scalbn.obj                  252     0         0      
       memcpy_t2.obj                 156     0         0      
       memset_t2.obj                 122     0         0      
       autoinit.obj                  112     0         0      
       exit.obj                      84      0         24     
       copy_decompress_lzss.obj      104     0         0      
       s_frexp.obj                   100     0         0      
       sprintf.obj                   96      0         0      
       ltoa.obj                      86      0         0      
       boot.obj                      84      0         0      
       atoi.obj                      76      0         0      
       cpy_tbl.obj                   76      0         0      
       fd_toi_t2.obj                 72      0         0      
       i_tofd_t2.obj                 46      0         0      
       _lock.obj                     20      0         16     
       memccpy.obj                   28      0         0      
       args_main.obj                 24      0         0      
       strchr.obj                    22      0         0      
       s_copysign.obj                20      0         0      
       strlen.obj                    20      0         0      
       copy_decompress_none.obj      14      0         0      
       copy_zero_init.obj            12      0         0      
       errno.obj                     0       0         8      
       stkdepth_vars.obj             0       0         8      
       pre_init.obj                  4       0         0      
       mpu_init.obj                  2       0         0      
       startup.obj                   2       0         0      
    +--+-----------------------------+-------+---------+---------+
       Total:                        7812    257       56     
                                                              
       Stack:                        0       0         1024   
       Linker Generated:             0       97        0      
    +--+-----------------------------+-------+---------+---------+
       Grand Total:                  17690   902       1640   


LINKER GENERATED COPY TABLES

__TI_cinit_table @ 000048a0 records: 2, size/record: 8, table size: 16
	.data: load addr=00004848, load size=0000003d bytes, run addr=200000e4, run size=00000050 bytes, compression=lzss
	.vtable: load addr=00004898, load size=00000008 bytes, run addr=20000000, run size=000000e4 bytes, compression=zero_init


LINKER GENERATED HANDLER TABLE

__TI_handler_table @ 00004888 records: 3, size/record: 4, table size: 12
	index: 0, handler: __TI_zero_init
	index: 1, handler: __TI_decompress_lzss
	index: 2, handler: __TI_decompress_none


GLOBAL SYMBOLS: SORTED ALPHABETICALLY BY Name 

address   name                                       
-------   ----                                       
000018db  BQ27441_command                            
00001875  BQ27441_control                            
0000189d  BQ27441_controlRead                        
0000127d  BQ27441_initConfig                         
00001699  BQ27441_initOpConfig                       
00001935  BQ27441_read16                             
000019ad  BQ27441_readChecksum                       
00001905  BQ27441_write16                            
00004409  C$$EXIT                                    
00004571  CPU_basepriGet                             
00004563  CPU_basepriSet                             
0000453d  CPU_cpsid                                  
00004553  CPU_cpsie                                  
00004549  CPU_primask                                
0000455f  CPU_wfi                                    
000027af  CS_init                                    
00002503  GPIO_clearInterruptFlag                    
000024c3  GPIO_disableInterrupt                      
000024a1  GPIO_enableInterrupt                       
0000255b  GPIO_getEnabledInterruptStatus             
00002473  GPIO_getInputPinValue                      
000024e5  GPIO_getInterruptStatus                    
00002831  GPIO_init                                  
00002525  GPIO_interruptEdgeSelect                   
0000261b  GPIO_registerInterrupt                     
0000221b  GPIO_setAsInputPin                         
000023cf  GPIO_setAsInputPinWithPullDownResistor     
00002421  GPIO_setAsInputPinWithPullUpResistor       
000021e1  GPIO_setAsOutputPin                        
000022e5  GPIO_setAsPeripheralModuleFunctionInputPin 
00002261  GPIO_setAsPeripheralModuleFunctionOutputPin
000025d7  GPIO_setDriveStrengthHigh                  
000025f9  GPIO_setDriveStrengthLow                   
00002369  GPIO_setOutputHighOnPin                    
0000238b  GPIO_setOutputLowOnPin                     
000023ad  GPIO_toggleOutputOnPin                     
0000263b  GPIO_unregisterInterrupt                   
00003ced  GPRSUART_init                              
00003c9d  GPRSUART_initGPIO                          
00003ccf  GPSUART_init                               
00003c89  GPSUART_initGPIO                           
00002099  I2C_clearInterruptFlag                     
00002083  I2C_disableInterrupt                       
00001aeb  I2C_disableModule                          
0000204d  I2C_disableMultiMasterMode                 
0000206d  I2C_enableInterrupt                        
00001ad5  I2C_enableModule                           
0000202d  I2C_enableMultiMasterMode                  
000020c7  I2C_getEnabledInterruptStatus              
000020af  I2C_getInterruptStatus                     
000020d7  I2C_getMode                                
00001fd3  I2C_getReceiveBufferAddressForDMA          
00001fe1  I2C_getTransmitBufferAddressForDMA         
000037cd  I2C_init                                   
000037b5  I2C_initGPIO                               
00001a39  I2C_initMaster                             
00001a9b  I2C_initSlave                              
00001b8f  I2C_isBusBusy                              
00002001  I2C_masterIsStartSent                      
00001fef  I2C_masterIsStopSent                       
00001ef9  I2C_masterReceiveMultiByteFinish           
00001f37  I2C_masterReceiveMultiByteFinishWithTimeout
00001ee1  I2C_masterReceiveMultiByteNext             
00001f95  I2C_masterReceiveMultiByteStop             
00001fa9  I2C_masterReceiveSingle                    
00001b31  I2C_masterReceiveSingleByte                
00001ec7  I2C_masterReceiveStart                     
00001da7  I2C_masterSendMultiByteFinish              
00001df5  I2C_masterSendMultiByteFinishWithTimeout   
00001d3d  I2C_masterSendMultiByteNext                
00001d69  I2C_masterSendMultiByteNextWithTimeout     
00001c93  I2C_masterSendMultiByteStart               
00001ce1  I2C_masterSendMultiByteStartWithTimeout    
00001e61  I2C_masterSendMultiByteStop                
00001e8b  I2C_masterSendMultiByteStopWithTimeout     
00001ba1  I2C_masterSendSingleByte                   
00001c07  I2C_masterSendSingleByteWithTimeout        
00002019  I2C_masterSendStart                        
000038cf  I2C_read16                                 
00003887  I2C_read8                                  
000020ed  I2C_registerInterrupt                      
00001b15  I2C_setMode                                
00001b01  I2C_setSlaveAddress                        
00003965  I2C_setslave                               
00001b7b  I2C_slaveGetData                           
00001b65  I2C_slavePutData                           
000021af  I2C_slaveSendNAK                           
00002153  I2C_unregisterInterrupt                    
00003829  I2C_write16                                
000037e5  I2C_write8                                 
0000306b  Interrupt_disableInterrupt                 
00002ebb  Interrupt_disableMaster                    
00003269  Interrupt_disableSleepOnIsrExit            
00002ff9  Interrupt_enableInterrupt                  
00002eab  Interrupt_enableMaster                     
00003257  Interrupt_enableSleepOnIsrExit             
00002fd3  Interrupt_getPriority                      
00002f4b  Interrupt_getPriorityGrouping              
00003237  Interrupt_getPriorityMask                  
00003251  Interrupt_getVectorTableAddress            
000030dd  Interrupt_isEnabled                        
00003169  Interrupt_pendInterrupt                    
00002ecb  Interrupt_registerInterrupt                
00002f83  Interrupt_setPriority                      
00002f31  Interrupt_setPriorityGrouping              
00003227  Interrupt_setPriorityMask                  
00003241  Interrupt_setVectorTableAddress            
000031d9  Interrupt_unpendInterrupt                  
00002f1d  Interrupt_unregisterInterrupt              
UNDEFED   SHT$$INIT_ARRAY$$Base                      
UNDEFED   SHT$$INIT_ARRAY$$Limit                     
20000130  SystemCoreClock                            
00003299  SystemCoreClockUpdate                      
0000350d  SystemInit                                 
00002da1  UART_clearInterruptFlag                    
00002cf9  UART_disableInterrupt                      
00002bdb  UART_disableModule                         
00002cc9  UART_enableInterrupt                       
00002bc5  UART_enableModule                          
00002d45  UART_getEnabledInterruptStatus             
00002d29  UART_getInterruptStatus                    
00002c91  UART_getReceiveBufferAddressForDMA         
00002c9f  UART_getTransmitBufferAddressForDMA        
00003cb1  UART_init                                  
00003c75  UART_initGPIO                              
00002a8d  UART_initModule                            
00002bf1  UART_queryStatusFlags                      
00002b9f  UART_receiveData                           
00002dc1  UART_registerInterrupt                     
00002c19  UART_resetDormant                          
00002cad  UART_selectDeglitchTime                    
00002c05  UART_setDormant                            
00002c2d  UART_transmitAddress                       
00002c4b  UART_transmitBreak                         
00002b75  UART_transmitData                          
00003d0b  UART_transmitString                        
00003d2b  UART_transmitString1                       
00003d6b  UART_transmitStringGPRS                    
00003d4b  UART_transmitStringGPS                     
00002e3d  UART_unregisterInterrupt                   
4000480c  WDTCTL_SYM                                 
20010000  __STACK_END                                
00000200  __STACK_SIZE                               
000048a0  __TI_CINIT_Base                            
000048b0  __TI_CINIT_Limit                           
00004888  __TI_Handler_Table_Base                    
00004894  __TI_Handler_Table_Limit                   
000041c1  __TI_auto_init                             
20000114  __TI_cleanup_ptr                           
00004231  __TI_decompress_lzss                       
00004643  __TI_decompress_none                       
20000118  __TI_dtors_ptr                             
2000011c  __TI_enable_exit_profile_output            
ffffffff  __TI_pprof_out_hndl                        
00000981  __TI_printfi                               
ffffffff  __TI_prof_data_size                        
ffffffff  __TI_prof_data_start                       
00000000  __TI_static_base__                         
00004651  __TI_zero_init                             
00004039  __aeabi_cdcmpeq                            
00004039  __aeabi_cdcmple                            
000040bf  __aeabi_cdrcmple                           
000044f5  __aeabi_d2iz                               
00003993  __aeabi_dadd                               
00003b3f  __aeabi_ddiv                               
00003da5  __aeabi_dmul                               
00003989  __aeabi_dsub                               
0000457b  __aeabi_i2d                                
00004145  __aeabi_memclr                             
00004145  __aeabi_memclr4                            
00004145  __aeabi_memclr8                            
00003f9d  __aeabi_memcpy                             
00003f9d  __aeabi_memcpy4                            
00003f9d  __aeabi_memcpy8                            
00004147  __aeabi_memset                             
00004147  __aeabi_memset4                            
00004147  __aeabi_memset8                            
000035c1  __aeabi_uldivmod                           
ffffffff  __binit__                                  
ffffffff  __c_args__                                 
0000127b  __mpu_init                                 
2000fe00  __stack                                    
000045c5  _args_main                                 
000043b5  _c_int00                                   
00004660  _ctypes_                                   
20000120  _lock                                      
00004603  _nop                                       
000045fb  _register_lock                             
000045f5  _register_unlock                           
00001a37  _system_post_cinit                         
0000465d  _system_pre_init                           
20000124  _unlock                                    
0000440d  abort                                      
0000445d  atoi                                       
ffffffff  binit                                      
000044a9  copy_in                                    
00004609  copysign                                   
00004609  copysignl                                  
20000128  errno                                      
00004415  exit                                       
00004299  frexp                                      
00004299  frexpl                                     
20000000  g_pfnRAMVectors                            
00004814  i2cConfig                                  
00000000  interruptVectors                           
00003ea1  ldexp                                      
00003ea1  ldexpl                                     
0000435d  ltoa                                       
00002661  main                                       
2000012c  main_func_sp                               
000045a9  memccpy                                    
00003f9d  memcpy                                     
0000414d  memset                                     
00003ea1  scalbn                                     
00003ea1  scalbnl                                    
000042fd  sprintf                                    
000045dd  strchr                                     
0000461d  strlen                                     
000047b4  uartConfig                                 


GLOBAL SYMBOLS: SORTED BY Symbol Address 

address   name                                       
-------   ----                                       
00000000  __TI_static_base__                         
00000000  interruptVectors                           
00000200  __STACK_SIZE                               
00000981  __TI_printfi                               
0000127b  __mpu_init                                 
0000127d  BQ27441_initConfig                         
00001699  BQ27441_initOpConfig                       
00001875  BQ27441_control                            
0000189d  BQ27441_controlRead                        
000018db  BQ27441_command                            
00001905  BQ27441_write16                            
00001935  BQ27441_read16                             
000019ad  BQ27441_readChecksum                       
00001a37  _system_post_cinit                         
00001a39  I2C_initMaster                             
00001a9b  I2C_initSlave                              
00001ad5  I2C_enableModule                           
00001aeb  I2C_disableModule                          
00001b01  I2C_setSlaveAddress                        
00001b15  I2C_setMode                                
00001b31  I2C_masterReceiveSingleByte                
00001b65  I2C_slavePutData                           
00001b7b  I2C_slaveGetData                           
00001b8f  I2C_isBusBusy                              
00001ba1  I2C_masterSendSingleByte                   
00001c07  I2C_masterSendSingleByteWithTimeout        
00001c93  I2C_masterSendMultiByteStart               
00001ce1  I2C_masterSendMultiByteStartWithTimeout    
00001d3d  I2C_masterSendMultiByteNext                
00001d69  I2C_masterSendMultiByteNextWithTimeout     
00001da7  I2C_masterSendMultiByteFinish              
00001df5  I2C_masterSendMultiByteFinishWithTimeout   
00001e61  I2C_masterSendMultiByteStop                
00001e8b  I2C_masterSendMultiByteStopWithTimeout     
00001ec7  I2C_masterReceiveStart                     
00001ee1  I2C_masterReceiveMultiByteNext             
00001ef9  I2C_masterReceiveMultiByteFinish           
00001f37  I2C_masterReceiveMultiByteFinishWithTimeout
00001f95  I2C_masterReceiveMultiByteStop             
00001fa9  I2C_masterReceiveSingle                    
00001fd3  I2C_getReceiveBufferAddressForDMA          
00001fe1  I2C_getTransmitBufferAddressForDMA         
00001fef  I2C_masterIsStopSent                       
00002001  I2C_masterIsStartSent                      
00002019  I2C_masterSendStart                        
0000202d  I2C_enableMultiMasterMode                  
0000204d  I2C_disableMultiMasterMode                 
0000206d  I2C_enableInterrupt                        
00002083  I2C_disableInterrupt                       
00002099  I2C_clearInterruptFlag                     
000020af  I2C_getInterruptStatus                     
000020c7  I2C_getEnabledInterruptStatus              
000020d7  I2C_getMode                                
000020ed  I2C_registerInterrupt                      
00002153  I2C_unregisterInterrupt                    
000021af  I2C_slaveSendNAK                           
000021e1  GPIO_setAsOutputPin                        
0000221b  GPIO_setAsInputPin                         
00002261  GPIO_setAsPeripheralModuleFunctionOutputPin
000022e5  GPIO_setAsPeripheralModuleFunctionInputPin 
00002369  GPIO_setOutputHighOnPin                    
0000238b  GPIO_setOutputLowOnPin                     
000023ad  GPIO_toggleOutputOnPin                     
000023cf  GPIO_setAsInputPinWithPullDownResistor     
00002421  GPIO_setAsInputPinWithPullUpResistor       
00002473  GPIO_getInputPinValue                      
000024a1  GPIO_enableInterrupt                       
000024c3  GPIO_disableInterrupt                      
000024e5  GPIO_getInterruptStatus                    
00002503  GPIO_clearInterruptFlag                    
00002525  GPIO_interruptEdgeSelect                   
0000255b  GPIO_getEnabledInterruptStatus             
000025d7  GPIO_setDriveStrengthHigh                  
000025f9  GPIO_setDriveStrengthLow                   
0000261b  GPIO_registerInterrupt                     
0000263b  GPIO_unregisterInterrupt                   
00002661  main                                       
000027af  CS_init                                    
00002831  GPIO_init                                  
00002a8d  UART_initModule                            
00002b75  UART_transmitData                          
00002b9f  UART_receiveData                           
00002bc5  UART_enableModule                          
00002bdb  UART_disableModule                         
00002bf1  UART_queryStatusFlags                      
00002c05  UART_setDormant                            
00002c19  UART_resetDormant                          
00002c2d  UART_transmitAddress                       
00002c4b  UART_transmitBreak                         
00002c91  UART_getReceiveBufferAddressForDMA         
00002c9f  UART_getTransmitBufferAddressForDMA        
00002cad  UART_selectDeglitchTime                    
00002cc9  UART_enableInterrupt                       
00002cf9  UART_disableInterrupt                      
00002d29  UART_getInterruptStatus                    
00002d45  UART_getEnabledInterruptStatus             
00002da1  UART_clearInterruptFlag                    
00002dc1  UART_registerInterrupt                     
00002e3d  UART_unregisterInterrupt                   
00002eab  Interrupt_enableMaster                     
00002ebb  Interrupt_disableMaster                    
00002ecb  Interrupt_registerInterrupt                
00002f1d  Interrupt_unregisterInterrupt              
00002f31  Interrupt_setPriorityGrouping              
00002f4b  Interrupt_getPriorityGrouping              
00002f83  Interrupt_setPriority                      
00002fd3  Interrupt_getPriority                      
00002ff9  Interrupt_enableInterrupt                  
0000306b  Interrupt_disableInterrupt                 
000030dd  Interrupt_isEnabled                        
00003169  Interrupt_pendInterrupt                    
000031d9  Interrupt_unpendInterrupt                  
00003227  Interrupt_setPriorityMask                  
00003237  Interrupt_getPriorityMask                  
00003241  Interrupt_setVectorTableAddress            
00003251  Interrupt_getVectorTableAddress            
00003257  Interrupt_enableSleepOnIsrExit             
00003269  Interrupt_disableSleepOnIsrExit            
00003299  SystemCoreClockUpdate                      
0000350d  SystemInit                                 
000035c1  __aeabi_uldivmod                           
000037b5  I2C_initGPIO                               
000037cd  I2C_init                                   
000037e5  I2C_write8                                 
00003829  I2C_write16                                
00003887  I2C_read8                                  
000038cf  I2C_read16                                 
00003965  I2C_setslave                               
00003989  __aeabi_dsub                               
00003993  __aeabi_dadd                               
00003b3f  __aeabi_ddiv                               
00003c75  UART_initGPIO                              
00003c89  GPSUART_initGPIO                           
00003c9d  GPRSUART_initGPIO                          
00003cb1  UART_init                                  
00003ccf  GPSUART_init                               
00003ced  GPRSUART_init                              
00003d0b  UART_transmitString                        
00003d2b  UART_transmitString1                       
00003d4b  UART_transmitStringGPS                     
00003d6b  UART_transmitStringGPRS                    
00003da5  __aeabi_dmul                               
00003ea1  ldexp                                      
00003ea1  ldexpl                                     
00003ea1  scalbn                                     
00003ea1  scalbnl                                    
00003f9d  __aeabi_memcpy                             
00003f9d  __aeabi_memcpy4                            
00003f9d  __aeabi_memcpy8                            
00003f9d  memcpy                                     
00004039  __aeabi_cdcmpeq                            
00004039  __aeabi_cdcmple                            
000040bf  __aeabi_cdrcmple                           
00004145  __aeabi_memclr                             
00004145  __aeabi_memclr4                            
00004145  __aeabi_memclr8                            
00004147  __aeabi_memset                             
00004147  __aeabi_memset4                            
00004147  __aeabi_memset8                            
0000414d  memset                                     
000041c1  __TI_auto_init                             
00004231  __TI_decompress_lzss                       
00004299  frexp                                      
00004299  frexpl                                     
000042fd  sprintf                                    
0000435d  ltoa                                       
000043b5  _c_int00                                   
00004409  C$$EXIT                                    
0000440d  abort                                      
00004415  exit                                       
0000445d  atoi                                       
000044a9  copy_in                                    
000044f5  __aeabi_d2iz                               
0000453d  CPU_cpsid                                  
00004549  CPU_primask                                
00004553  CPU_cpsie                                  
0000455f  CPU_wfi                                    
00004563  CPU_basepriSet                             
00004571  CPU_basepriGet                             
0000457b  __aeabi_i2d                                
000045a9  memccpy                                    
000045c5  _args_main                                 
000045dd  strchr                                     
000045f5  _register_unlock                           
000045fb  _register_lock                             
00004603  _nop                                       
00004609  copysign                                   
00004609  copysignl                                  
0000461d  strlen                                     
00004643  __TI_decompress_none                       
00004651  __TI_zero_init                             
0000465d  _system_pre_init                           
00004660  _ctypes_                                   
000047b4  uartConfig                                 
00004814  i2cConfig                                  
00004888  __TI_Handler_Table_Base                    
00004894  __TI_Handler_Table_Limit                   
000048a0  __TI_CINIT_Base                            
000048b0  __TI_CINIT_Limit                           
20000000  g_pfnRAMVectors                            
20000114  __TI_cleanup_ptr                           
20000118  __TI_dtors_ptr                             
2000011c  __TI_enable_exit_profile_output            
20000120  _lock                                      
20000124  _unlock                                    
20000128  errno                                      
2000012c  main_func_sp                               
20000130  SystemCoreClock                            
2000fe00  __stack                                    
20010000  __STACK_END                                
4000480c  WDTCTL_SYM                                 
ffffffff  __TI_pprof_out_hndl                        
ffffffff  __TI_prof_data_size                        
ffffffff  __TI_prof_data_start                       
ffffffff  __binit__                                  
ffffffff  __c_args__                                 
ffffffff  binit                                      
UNDEFED   SHT$$INIT_ARRAY$$Base                      
UNDEFED   SHT$$INIT_ARRAY$$Limit                     

[219 symbols]
