******************************************************************************
                  TI ARM Linker PC v16.9.0                     
******************************************************************************
>> Linked Sun Feb 12 19:20:15 2017

OUTPUT FILE NAME:   <MSP432_GPS_GPRS_Fuel_Gauge.out>
ENTRY POINT SYMBOL: "_c_int00"  address: 00004809


MEMORY CONFIGURATION

         name            origin    length      used     unused   attr    fill
----------------------  --------  ---------  --------  --------  ----  --------
  MAIN                  00000000   00040000  00004dd4  0003b22c  R  X
  INFO                  00200000   00004000  00000000  00004000  R  X
  SRAM_CODE             01000000   00010000  00000698  0000f968  RW X
  SRAM_DATA             20000000   00010000  00000698  0000f968  RW  


SEGMENT ALLOCATION MAP

run origin  load origin   length   init length attrs members
----------  ----------- ---------- ----------- ----- -------
00000000    00000000    00004dd8   00004dd8    r-x
  00000000    00000000    00000140   00000140    r-- .intvecs
  00000140    00000140    00004988   00004988    r-x .text
  00004ac8    00004ac8    0000020c   0000020c    r-- .const
  00004cd8    00004cd8    00000100   00000100    r-- .cinit
20000000    20000000    00000498   00000000    rw-
  20000000    20000000    000000e4   00000000    rw- .vtable
  200000e4    200000e4    00000298   00000000    rw- .bss
  2000037c    2000037c    0000011c   00000000    rw- .data
2000fe00    2000fe00    00000200   00000000    rw-
  2000fe00    2000fe00    00000200   00000000    rw- .stack


SECTION ALLOCATION MAP

 output                                  attributes/
section   page    origin      length       input sections
--------  ----  ----------  ----------   ----------------
.intvecs   0    00000000    00000140     
                  00000000    00000140     startup_msp432p401r_ccs.obj (.intvecs:retain)

.binit     0    00000000    00000000     

.text      0    00000140    00004988     
                  00000140    0000113a     rtsv7M4_T_le_v4SPD16_eabi.lib : _printfi.obj (.text)
                  0000127a    00000002                                   : mpu_init.obj (.text)
                  0000127c    000008e0     main.obj (.text)
                  00001b5c    000007ba     HAL_BQ27441.obj (.text)
                  00002316    00000002     rtsv7M4_T_le_v4SPD16_eabi.lib : startup.obj (.text)
                  00002318    000007a8     i2c.obj (.text)
                  00002ac0    00000480     gpio.obj (.text)
                  00002f40    0000041c     uart.obj (.text)
                  0000335c    000003f0     interrupt.obj (.text)
                  0000374c    00000328     system_msp432p401r.obj (.text)
                  00003a74    000001f4     rtsv7M4_T_le_v4SPD16_eabi.lib : ull_div_t2.obj (.text)
                  00003c68    000001d4     HAL_I2C.obj (.text)
                  00003e3c    000001b6     rtsv7M4_T_le_v4SPD16_eabi.lib : fd_add_t2.obj (.text)
                  00003ff2    00000136                                   : fd_div_t2.obj (.text)
                  00004128    000000fc                                   : fd_mul_t2.obj (.text)
                  00004224    000000fc                                   : s_scalbn.obj (.text)
                  00004320    000000d0     HAL_UART.obj (.text)
                  000043f0    0000009c     rtsv7M4_T_le_v4SPD16_eabi.lib : memcpy_t2.obj (.text)
                  0000448c    00000086                                   : fd_cmp_t2.obj (.text:__aeabi_cdcmple)
                  00004512    00000086                                   : fd_cmp_t2.obj (.text:__aeabi_cdrcmple)
                  00004598    0000007a                                   : memset_t2.obj (.text)
                  00004612    00000002     --HOLE-- [fill = 0]
                  00004614    00000070                                   : autoinit.obj (.text)
                  00004684    00000068                                   : copy_decompress_lzss.obj (.text:decompress:lzss)
                  000046ec    00000064                                   : s_frexp.obj (.text)
                  00004750    00000060                                   : sprintf.obj (.text)
                  000047b0    00000056                                   : ltoa.obj (.text)
                  00004806    00000002     --HOLE-- [fill = 0]
                  00004808    00000054                                   : boot.obj (.text)
                  0000485c    00000054                                   : exit.obj (.text)
                  000048b0    0000004c                                   : atoi.obj (.text)
                  000048fc    0000004c                                   : cpy_tbl.obj (.text)
                  00004948    00000048                                   : fd_toi_t2.obj (.text)
                  00004990    0000003e     cpu.obj (.text)
                  000049ce    0000002e     rtsv7M4_T_le_v4SPD16_eabi.lib : i_tofd_t2.obj (.text)
                  000049fc    0000001c                                   : memccpy.obj (.text)
                  00004a18    00000018                                   : args_main.obj (.text)
                  00004a30    00000016                                   : strchr.obj (.text)
                  00004a46    00000002     --HOLE-- [fill = 0]
                  00004a48    00000014                                   : _lock.obj (.text)
                  00004a5c    00000014                                   : s_copysign.obj (.text)
                  00004a70    00000014                                   : strcpy.obj (.text)
                  00004a84    00000014                                   : strlen.obj (.text)
                  00004a98    00000012     startup_msp432p401r_ccs.obj (.text)
                  00004aaa    0000000e     rtsv7M4_T_le_v4SPD16_eabi.lib : copy_decompress_none.obj (.text:decompress:none)
                  00004ab8    0000000c                                   : copy_zero_init.obj (.text:decompress:ZI)
                  00004ac4    00000004                                   : pre_init.obj (.text)

.const     0    00004ac8    0000020c     
                  00004ac8    00000101     rtsv7M4_T_le_v4SPD16_eabi.lib : ctype.obj (.const:.string:_ctypes_)
                  00004bc9    00000003     --HOLE-- [fill = 0]
                  00004bcc    00000050     interrupt.obj (.const:g_pulRegs)
                  00004c1c    00000024     HAL_UART.obj (.const:uartConfig)
                  00004c40    00000024     HAL_UART.obj (.const:uartConfigGps)
                  00004c64    00000020     interrupt.obj (.const:g_pulPriority)
                  00004c84    0000001c     gpio.obj (.const:GPIO_PORT_TO_INT)
                  00004ca0    00000014     HAL_I2C.obj (.const:i2cConfig)
                  00004cb4    00000008     interrupt.obj (.const:g_pulDisRegs)
                  00004cbc    00000008     interrupt.obj (.const:g_pulEnRegs)
                  00004cc4    00000008     interrupt.obj (.const:g_pulPendRegs)
                  00004ccc    00000008     interrupt.obj (.const:g_pulUnpendRegs)

.cinit     0    00004cd8    00000100     
                  00004cd8    000000c6     (.cinit..data.load) [load image, compression = lzss]
                  00004d9e    00000002     --HOLE-- [fill = 0]
                  00004da0    0000000c     (__TI_handler_table)
                  00004dac    00000004     --HOLE-- [fill = 0]
                  00004db0    00000008     (.cinit..bss.load) [load image, compression = zero_init]
                  00004db8    00000008     (.cinit..vtable.load) [load image, compression = zero_init]
                  00004dc0    00000018     (__TI_cinit_table)

.init_array 
*          0    00000000    00000000     UNINITIALIZED

.vtable    0    20000000    000000e4     UNINITIALIZED
                  20000000    000000e4     interrupt.obj (.vtable)

.bss       0    200000e4    00000298     UNINITIALIZED
                  200000e4    000001f4     (.common:getUrl)
                  200002d8    00000064     (.common:temp)
                  2000033c    00000014     (.common:latc)
                  20000350    00000014     (.common:lngc)
                  20000364    0000000c     (.common:battCap)
                  20000370    0000000c     (.common:battState)

.data      0    2000037c    0000011c     UNINITIALIZED
                  2000037c    00000030     gpio.obj (.data:GPIO_PORT_TO_BASE)
                  200003ac    0000001c     main.obj (.data)
                  200003c8    00000018     main.obj (.data:QICSGP)
                  200003e0    00000014     main.obj (.data:rootUrl)
                  200003f4    0000000f     main.obj (.data:QIFGCNT)
                  20000403    0000000e     main.obj (.data:QIREGAPP)
                  20000411    0000000d     main.obj (.data:QIDEACT)
                  2000041e    00000002     --HOLE--
                  20000420    0000000c     rtsv7M4_T_le_v4SPD16_eabi.lib : exit.obj (.data:$O1$$)
                  2000042c    0000000c     main.obj (.data:CGREG)
                  20000438    0000000b     main.obj (.data:COPS)
                  20000443    0000000b     main.obj (.data:CPIN)
                  2000044e    0000000b     main.obj (.data:CREG)
                  20000459    0000000b     main.obj (.data:QIACT)
                  20000464    00000009     main.obj (.data:CSQ)
                  2000046d    00000003     --HOLE--
                  20000470    00000008     rtsv7M4_T_le_v4SPD16_eabi.lib : _lock.obj (.data:$O1$$)
                  20000478    00000007     main.obj (.data:ATE1)
                  2000047f    00000007     main.obj (.data:ATV1)
                  20000486    00000005     main.obj (.data:at)
                  2000048b    00000001     --HOLE--
                  2000048c    00000004     rtsv7M4_T_le_v4SPD16_eabi.lib : errno.obj (.data)
                  20000490    00000004                                   : stkdepth_vars.obj (.data)
                  20000494    00000004     system_msp432p401r.obj (.data)

.stack     0    2000fe00    00000200     UNINITIALIZED
                  2000fe00    00000200     --HOLE--

MODULE SUMMARY

       Module                        code    ro data   rw data
       ------                        ----    -------   -------
    .\
       main.obj                      2272    0         1724   
       HAL_BQ27441.obj               1978    0         0      
       system_msp432p401r.obj        808     0         8      
       HAL_I2C.obj                   468     20        0      
       startup_msp432p401r_ccs.obj   18      320       0      
       HAL_UART.obj                  208     72        0      
    +--+-----------------------------+-------+---------+---------+
       Total:                        5752    412       1732   
                                                              
    .\driverlib\MSP432P4xx\
       i2c.obj                       1960    0         0      
       interrupt.obj                 1008    144       456    
       gpio.obj                      1152    28        96     
       uart.obj                      1052    0         0      
       cpu.obj                       62      0         0      
    +--+-----------------------------+-------+---------+---------+
       Total:                        5234    172       552    
                                                              
    C:\ti\ccsv7\tools\compiler\ti-cgt-arm_16.9.0.LTS\lib\rtsv7M4_T_le_v4SPD16_eabi.lib
       _printfi.obj                  4410    0         0      
       ull_div_t2.obj                500     0         0      
       fd_add_t2.obj                 438     0         0      
       fd_div_t2.obj                 310     0         0      
       fd_cmp_t2.obj                 268     0         0      
       ctype.obj                     0       257       0      
       fd_mul_t2.obj                 252     0         0      
       s_scalbn.obj                  252     0         0      
       memcpy_t2.obj                 156     0         0      
       memset_t2.obj                 122     0         0      
       autoinit.obj                  112     0         0      
       exit.obj                      84      0         24     
       copy_decompress_lzss.obj      104     0         0      
       s_frexp.obj                   100     0         0      
       sprintf.obj                   96      0         0      
       ltoa.obj                      86      0         0      
       boot.obj                      84      0         0      
       atoi.obj                      76      0         0      
       cpy_tbl.obj                   76      0         0      
       fd_toi_t2.obj                 72      0         0      
       i_tofd_t2.obj                 46      0         0      
       _lock.obj                     20      0         16     
       memccpy.obj                   28      0         0      
       args_main.obj                 24      0         0      
       strchr.obj                    22      0         0      
       s_copysign.obj                20      0         0      
       strcpy.obj                    20      0         0      
       strlen.obj                    20      0         0      
       copy_decompress_none.obj      14      0         0      
       copy_zero_init.obj            12      0         0      
       errno.obj                     0       0         8      
       stkdepth_vars.obj             0       0         8      
       pre_init.obj                  4       0         0      
       mpu_init.obj                  2       0         0      
       startup.obj                   2       0         0      
    +--+-----------------------------+-------+---------+---------+
       Total:                        7832    257       56     
                                                              
       Stack:                        0       0         1024   
       Linker Generated:             0       250       0      
    +--+-----------------------------+-------+---------+---------+
       Grand Total:                  18818   1091      3364   


LINKER GENERATED COPY TABLES

__TI_cinit_table @ 00004dc0 records: 3, size/record: 8, table size: 24
	.data: load addr=00004cd8, load size=000000c6 bytes, run addr=2000037c, run size=0000011c bytes, compression=lzss
	.bss: load addr=00004db0, load size=00000008 bytes, run addr=200000e4, run size=00000298 bytes, compression=zero_init
	.vtable: load addr=00004db8, load size=00000008 bytes, run addr=20000000, run size=000000e4 bytes, compression=zero_init


LINKER GENERATED HANDLER TABLE

__TI_handler_table @ 00004da0 records: 3, size/record: 4, table size: 12
	index: 0, handler: __TI_zero_init
	index: 1, handler: __TI_decompress_lzss
	index: 2, handler: __TI_decompress_none


GLOBAL SYMBOLS: SORTED ALPHABETICALLY BY Name 

address   name                                       
-------   ----                                       
20000478  ATE1                                       
2000047f  ATV1                                       
000021bb  BQ27441_command                            
00002155  BQ27441_control                            
0000217d  BQ27441_controlRead                        
00001b5d  BQ27441_initConfig                         
00001f79  BQ27441_initOpConfig                       
00002215  BQ27441_read16                             
0000228d  BQ27441_readChecksum                       
000021e5  BQ27441_write16                            
000016e5  BatInitFn                                  
0000176f  BleReq                                     
0000485d  C$$EXIT                                    
2000042c  CGREG                                      
20000438  COPS                                       
20000443  CPIN                                       
000049c5  CPU_basepriGet                             
000049b7  CPU_basepriSet                             
00004991  CPU_cpsid                                  
000049a7  CPU_cpsie                                  
0000499d  CPU_primask                                
000049b3  CPU_wfi                                    
2000044e  CREG                                       
20000464  CSQ                                        
00001521  CS_init                                    
00002de3  GPIO_clearInterruptFlag                    
00002da3  GPIO_disableInterrupt                      
00002d81  GPIO_enableInterrupt                       
00002e3b  GPIO_getEnabledInterruptStatus             
00002d53  GPIO_getInputPinValue                      
00002dc5  GPIO_getInterruptStatus                    
000015a9  GPIO_init                                  
00002e05  GPIO_interruptEdgeSelect                   
00002efb  GPIO_registerInterrupt                     
00002afb  GPIO_setAsInputPin                         
00002caf  GPIO_setAsInputPinWithPullDownResistor     
00002d01  GPIO_setAsInputPinWithPullUpResistor       
00002ac1  GPIO_setAsOutputPin                        
00002bc5  GPIO_setAsPeripheralModuleFunctionInputPin 
00002b41  GPIO_setAsPeripheralModuleFunctionOutputPin
00002eb7  GPIO_setDriveStrengthHigh                  
00002ed9  GPIO_setDriveStrengthLow                   
00002c49  GPIO_setOutputHighOnPin                    
00002c6b  GPIO_setOutputLowOnPin                     
00002c8d  GPIO_toggleOutputOnPin                     
00002f1b  GPIO_unregisterInterrupt                   
00002979  I2C_clearInterruptFlag                     
00002963  I2C_disableInterrupt                       
000023cb  I2C_disableModule                          
0000292d  I2C_disableMultiMasterMode                 
0000294d  I2C_enableInterrupt                        
000023b5  I2C_enableModule                           
0000290d  I2C_enableMultiMasterMode                  
000029a7  I2C_getEnabledInterruptStatus              
0000298f  I2C_getInterruptStatus                     
000029b7  I2C_getMode                                
000028b3  I2C_getReceiveBufferAddressForDMA          
000028c1  I2C_getTransmitBufferAddressForDMA         
00003c81  I2C_init                                   
00003c69  I2C_initGPIO                               
00002319  I2C_initMaster                             
0000237b  I2C_initSlave                              
0000246f  I2C_isBusBusy                              
000028e1  I2C_masterIsStartSent                      
000028cf  I2C_masterIsStopSent                       
000027d9  I2C_masterReceiveMultiByteFinish           
00002817  I2C_masterReceiveMultiByteFinishWithTimeout
000027c1  I2C_masterReceiveMultiByteNext             
00002875  I2C_masterReceiveMultiByteStop             
00002889  I2C_masterReceiveSingle                    
00002411  I2C_masterReceiveSingleByte                
000027a7  I2C_masterReceiveStart                     
00002687  I2C_masterSendMultiByteFinish              
000026d5  I2C_masterSendMultiByteFinishWithTimeout   
0000261d  I2C_masterSendMultiByteNext                
00002649  I2C_masterSendMultiByteNextWithTimeout     
00002573  I2C_masterSendMultiByteStart               
000025c1  I2C_masterSendMultiByteStartWithTimeout    
00002741  I2C_masterSendMultiByteStop                
0000276b  I2C_masterSendMultiByteStopWithTimeout     
00002481  I2C_masterSendSingleByte                   
000024e7  I2C_masterSendSingleByteWithTimeout        
000028f9  I2C_masterSendStart                        
00003d83  I2C_read16                                 
00003d3b  I2C_read8                                  
000029cd  I2C_registerInterrupt                      
000023f5  I2C_setMode                                
000023e1  I2C_setSlaveAddress                        
00003e19  I2C_setslave                               
0000245b  I2C_slaveGetData                           
00002445  I2C_slavePutData                           
00002a8f  I2C_slaveSendNAK                           
00002a33  I2C_unregisterInterrupt                    
00003cdd  I2C_write16                                
00003c99  I2C_write8                                 
0000351f  Interrupt_disableInterrupt                 
0000336f  Interrupt_disableMaster                    
0000371d  Interrupt_disableSleepOnIsrExit            
000034ad  Interrupt_enableInterrupt                  
0000335f  Interrupt_enableMaster                     
0000370b  Interrupt_enableSleepOnIsrExit             
00003487  Interrupt_getPriority                      
000033ff  Interrupt_getPriorityGrouping              
000036eb  Interrupt_getPriorityMask                  
00003705  Interrupt_getVectorTableAddress            
00003591  Interrupt_isEnabled                        
0000361d  Interrupt_pendInterrupt                    
0000337f  Interrupt_registerInterrupt                
00003437  Interrupt_setPriority                      
000033e5  Interrupt_setPriorityGrouping              
000036db  Interrupt_setPriorityMask                  
000036f5  Interrupt_setVectorTableAddress            
0000368d  Interrupt_unpendInterrupt                  
000033d1  Interrupt_unregisterInterrupt              
000018a1  LogToServer                                
0000188b  PowerCheck                                 
0000185d  PowerOnGprs                                
20000459  QIACT                                      
200003c8  QICSGP                                     
20000411  QIDEACT                                    
200003f4  QIFGCNT                                    
20000403  QIREGAPP                                   
200003b4  Range                                      
UNDEFED   SHT$$INIT_ARRAY$$Base                      
UNDEFED   SHT$$INIT_ARRAY$$Limit                     
20000494  SystemCoreClock                            
0000374d  SystemCoreClockUpdate                      
000039c1  SystemInit                                 
00003255  UART_clearInterruptFlag                    
000031ad  UART_disableInterrupt                      
0000308f  UART_disableModule                         
0000317d  UART_enableInterrupt                       
00003079  UART_enableModule                          
000031f9  UART_getEnabledInterruptStatus             
000031dd  UART_getInterruptStatus                    
00003145  UART_getReceiveBufferAddressForDMA         
00003153  UART_getTransmitBufferAddressForDMA        
00004345  UART_init                                  
00004321  UART_initGPIO                              
00002f41  UART_initModule                            
000030a5  UART_queryStatusFlags                      
00003053  UART_receiveData                           
00003275  UART_registerInterrupt                     
000030cd  UART_resetDormant                          
00003161  UART_selectDeglitchTime                    
000030b9  UART_setDormant                            
000030e1  UART_transmitAddress                       
000030ff  UART_transmitBreak                         
00003029  UART_transmitData                          
0000437d  UART_transmitString                        
000032f1  UART_unregisterInterrupt                   
4000480c  WDTCTL_SYM                                 
20010000  __STACK_END                                
00000200  __STACK_SIZE                               
00004dc0  __TI_CINIT_Base                            
00004dd8  __TI_CINIT_Limit                           
00004da0  __TI_Handler_Table_Base                    
00004dac  __TI_Handler_Table_Limit                   
00004615  __TI_auto_init                             
20000420  __TI_cleanup_ptr                           
00004685  __TI_decompress_lzss                       
00004aab  __TI_decompress_none                       
20000424  __TI_dtors_ptr                             
20000428  __TI_enable_exit_profile_output            
ffffffff  __TI_pprof_out_hndl                        
00000981  __TI_printfi                               
ffffffff  __TI_prof_data_size                        
ffffffff  __TI_prof_data_start                       
00000000  __TI_static_base__                         
00004ab9  __TI_zero_init                             
0000448d  __aeabi_cdcmpeq                            
0000448d  __aeabi_cdcmple                            
00004513  __aeabi_cdrcmple                           
00004949  __aeabi_d2iz                               
00003e47  __aeabi_dadd                               
00003ff3  __aeabi_ddiv                               
00004129  __aeabi_dmul                               
00003e3d  __aeabi_dsub                               
000049cf  __aeabi_i2d                                
00004599  __aeabi_memclr                             
00004599  __aeabi_memclr4                            
00004599  __aeabi_memclr8                            
000043f1  __aeabi_memcpy                             
000043f1  __aeabi_memcpy4                            
000043f1  __aeabi_memcpy8                            
0000459b  __aeabi_memset                             
0000459b  __aeabi_memset4                            
0000459b  __aeabi_memset8                            
00003a75  __aeabi_uldivmod                           
ffffffff  __binit__                                  
ffffffff  __c_args__                                 
0000127b  __mpu_init                                 
2000fe00  __stack                                    
00004a19  _args_main                                 
00004809  _c_int00                                   
00004ac8  _ctypes_                                   
20000470  _lock                                      
00004a57  _nop                                       
00004a4f  _register_lock                             
00004a49  _register_unlock                           
00002317  _system_post_cinit                         
00004ac5  _system_pre_init                           
20000474  _unlock                                    
200003ac  aCount                                     
00004861  abort                                      
20000486  at                                         
000048b1  atoi                                       
200003b8  bat                                        
20000364  battCap                                    
20000370  battState                                  
ffffffff  binit                                      
000048fd  copy_in                                    
00004a5d  copysign                                   
00004a5d  copysignl                                  
2000048c  errno                                      
00004869  exit                                       
000046ed  frexp                                      
000046ed  frexpl                                     
20000000  g_pfnRAMVectors                            
200000e4  getUrl                                     
000017a9  gprsInit                                   
00001811  gsmInit                                    
200003c4  i                                          
00004ca0  i2cConfig                                  
200003b0  idx                                        
00000000  interruptVectors                           
200003bc  j                                          
200003b6  lat                                        
2000033c  latc                                       
00004225  ldexp                                      
00004225  ldexpl                                     
200003b7  lng                                        
20000350  lngc                                       
000047b1  ltoa                                       
0000127d  main                                       
20000490  main_func_sp                               
000049fd  memccpy                                    
000043f1  memcpy                                     
000045a1  memset                                     
200003c0  q                                          
200003e0  rootUrl                                    
00004225  scalbn                                     
00004225  scalbnl                                    
00004397  serialTx0                                  
000043b7  serialTx1                                  
00004751  sprintf                                    
200003b9  status                                     
00004a31  strchr                                     
00004a71  strcpy                                     
00004a85  strlen                                     
200003b5  t                                          
200002d8  temp                                       
00004c1c  uartConfig                                 
00004c40  uartConfigGps                              


GLOBAL SYMBOLS: SORTED BY Symbol Address 

address   name                                       
-------   ----                                       
00000000  __TI_static_base__                         
00000000  interruptVectors                           
00000200  __STACK_SIZE                               
00000981  __TI_printfi                               
0000127b  __mpu_init                                 
0000127d  main                                       
00001521  CS_init                                    
000015a9  GPIO_init                                  
000016e5  BatInitFn                                  
0000176f  BleReq                                     
000017a9  gprsInit                                   
00001811  gsmInit                                    
0000185d  PowerOnGprs                                
0000188b  PowerCheck                                 
000018a1  LogToServer                                
00001b5d  BQ27441_initConfig                         
00001f79  BQ27441_initOpConfig                       
00002155  BQ27441_control                            
0000217d  BQ27441_controlRead                        
000021bb  BQ27441_command                            
000021e5  BQ27441_write16                            
00002215  BQ27441_read16                             
0000228d  BQ27441_readChecksum                       
00002317  _system_post_cinit                         
00002319  I2C_initMaster                             
0000237b  I2C_initSlave                              
000023b5  I2C_enableModule                           
000023cb  I2C_disableModule                          
000023e1  I2C_setSlaveAddress                        
000023f5  I2C_setMode                                
00002411  I2C_masterReceiveSingleByte                
00002445  I2C_slavePutData                           
0000245b  I2C_slaveGetData                           
0000246f  I2C_isBusBusy                              
00002481  I2C_masterSendSingleByte                   
000024e7  I2C_masterSendSingleByteWithTimeout        
00002573  I2C_masterSendMultiByteStart               
000025c1  I2C_masterSendMultiByteStartWithTimeout    
0000261d  I2C_masterSendMultiByteNext                
00002649  I2C_masterSendMultiByteNextWithTimeout     
00002687  I2C_masterSendMultiByteFinish              
000026d5  I2C_masterSendMultiByteFinishWithTimeout   
00002741  I2C_masterSendMultiByteStop                
0000276b  I2C_masterSendMultiByteStopWithTimeout     
000027a7  I2C_masterReceiveStart                     
000027c1  I2C_masterReceiveMultiByteNext             
000027d9  I2C_masterReceiveMultiByteFinish           
00002817  I2C_masterReceiveMultiByteFinishWithTimeout
00002875  I2C_masterReceiveMultiByteStop             
00002889  I2C_masterReceiveSingle                    
000028b3  I2C_getReceiveBufferAddressForDMA          
000028c1  I2C_getTransmitBufferAddressForDMA         
000028cf  I2C_masterIsStopSent                       
000028e1  I2C_masterIsStartSent                      
000028f9  I2C_masterSendStart                        
0000290d  I2C_enableMultiMasterMode                  
0000292d  I2C_disableMultiMasterMode                 
0000294d  I2C_enableInterrupt                        
00002963  I2C_disableInterrupt                       
00002979  I2C_clearInterruptFlag                     
0000298f  I2C_getInterruptStatus                     
000029a7  I2C_getEnabledInterruptStatus              
000029b7  I2C_getMode                                
000029cd  I2C_registerInterrupt                      
00002a33  I2C_unregisterInterrupt                    
00002a8f  I2C_slaveSendNAK                           
00002ac1  GPIO_setAsOutputPin                        
00002afb  GPIO_setAsInputPin                         
00002b41  GPIO_setAsPeripheralModuleFunctionOutputPin
00002bc5  GPIO_setAsPeripheralModuleFunctionInputPin 
00002c49  GPIO_setOutputHighOnPin                    
00002c6b  GPIO_setOutputLowOnPin                     
00002c8d  GPIO_toggleOutputOnPin                     
00002caf  GPIO_setAsInputPinWithPullDownResistor     
00002d01  GPIO_setAsInputPinWithPullUpResistor       
00002d53  GPIO_getInputPinValue                      
00002d81  GPIO_enableInterrupt                       
00002da3  GPIO_disableInterrupt                      
00002dc5  GPIO_getInterruptStatus                    
00002de3  GPIO_clearInterruptFlag                    
00002e05  GPIO_interruptEdgeSelect                   
00002e3b  GPIO_getEnabledInterruptStatus             
00002eb7  GPIO_setDriveStrengthHigh                  
00002ed9  GPIO_setDriveStrengthLow                   
00002efb  GPIO_registerInterrupt                     
00002f1b  GPIO_unregisterInterrupt                   
00002f41  UART_initModule                            
00003029  UART_transmitData                          
00003053  UART_receiveData                           
00003079  UART_enableModule                          
0000308f  UART_disableModule                         
000030a5  UART_queryStatusFlags                      
000030b9  UART_setDormant                            
000030cd  UART_resetDormant                          
000030e1  UART_transmitAddress                       
000030ff  UART_transmitBreak                         
00003145  UART_getReceiveBufferAddressForDMA         
00003153  UART_getTransmitBufferAddressForDMA        
00003161  UART_selectDeglitchTime                    
0000317d  UART_enableInterrupt                       
000031ad  UART_disableInterrupt                      
000031dd  UART_getInterruptStatus                    
000031f9  UART_getEnabledInterruptStatus             
00003255  UART_clearInterruptFlag                    
00003275  UART_registerInterrupt                     
000032f1  UART_unregisterInterrupt                   
0000335f  Interrupt_enableMaster                     
0000336f  Interrupt_disableMaster                    
0000337f  Interrupt_registerInterrupt                
000033d1  Interrupt_unregisterInterrupt              
000033e5  Interrupt_setPriorityGrouping              
000033ff  Interrupt_getPriorityGrouping              
00003437  Interrupt_setPriority                      
00003487  Interrupt_getPriority                      
000034ad  Interrupt_enableInterrupt                  
0000351f  Interrupt_disableInterrupt                 
00003591  Interrupt_isEnabled                        
0000361d  Interrupt_pendInterrupt                    
0000368d  Interrupt_unpendInterrupt                  
000036db  Interrupt_setPriorityMask                  
000036eb  Interrupt_getPriorityMask                  
000036f5  Interrupt_setVectorTableAddress            
00003705  Interrupt_getVectorTableAddress            
0000370b  Interrupt_enableSleepOnIsrExit             
0000371d  Interrupt_disableSleepOnIsrExit            
0000374d  SystemCoreClockUpdate                      
000039c1  SystemInit                                 
00003a75  __aeabi_uldivmod                           
00003c69  I2C_initGPIO                               
00003c81  I2C_init                                   
00003c99  I2C_write8                                 
00003cdd  I2C_write16                                
00003d3b  I2C_read8                                  
00003d83  I2C_read16                                 
00003e19  I2C_setslave                               
00003e3d  __aeabi_dsub                               
00003e47  __aeabi_dadd                               
00003ff3  __aeabi_ddiv                               
00004129  __aeabi_dmul                               
00004225  ldexp                                      
00004225  ldexpl                                     
00004225  scalbn                                     
00004225  scalbnl                                    
00004321  UART_initGPIO                              
00004345  UART_init                                  
0000437d  UART_transmitString                        
00004397  serialTx0                                  
000043b7  serialTx1                                  
000043f1  __aeabi_memcpy                             
000043f1  __aeabi_memcpy4                            
000043f1  __aeabi_memcpy8                            
000043f1  memcpy                                     
0000448d  __aeabi_cdcmpeq                            
0000448d  __aeabi_cdcmple                            
00004513  __aeabi_cdrcmple                           
00004599  __aeabi_memclr                             
00004599  __aeabi_memclr4                            
00004599  __aeabi_memclr8                            
0000459b  __aeabi_memset                             
0000459b  __aeabi_memset4                            
0000459b  __aeabi_memset8                            
000045a1  memset                                     
00004615  __TI_auto_init                             
00004685  __TI_decompress_lzss                       
000046ed  frexp                                      
000046ed  frexpl                                     
00004751  sprintf                                    
000047b1  ltoa                                       
00004809  _c_int00                                   
0000485d  C$$EXIT                                    
00004861  abort                                      
00004869  exit                                       
000048b1  atoi                                       
000048fd  copy_in                                    
00004949  __aeabi_d2iz                               
00004991  CPU_cpsid                                  
0000499d  CPU_primask                                
000049a7  CPU_cpsie                                  
000049b3  CPU_wfi                                    
000049b7  CPU_basepriSet                             
000049c5  CPU_basepriGet                             
000049cf  __aeabi_i2d                                
000049fd  memccpy                                    
00004a19  _args_main                                 
00004a31  strchr                                     
00004a49  _register_unlock                           
00004a4f  _register_lock                             
00004a57  _nop                                       
00004a5d  copysign                                   
00004a5d  copysignl                                  
00004a71  strcpy                                     
00004a85  strlen                                     
00004aab  __TI_decompress_none                       
00004ab9  __TI_zero_init                             
00004ac5  _system_pre_init                           
00004ac8  _ctypes_                                   
00004c1c  uartConfig                                 
00004c40  uartConfigGps                              
00004ca0  i2cConfig                                  
00004da0  __TI_Handler_Table_Base                    
00004dac  __TI_Handler_Table_Limit                   
00004dc0  __TI_CINIT_Base                            
00004dd8  __TI_CINIT_Limit                           
20000000  g_pfnRAMVectors                            
200000e4  getUrl                                     
200002d8  temp                                       
2000033c  latc                                       
20000350  lngc                                       
20000364  battCap                                    
20000370  battState                                  
200003ac  aCount                                     
200003b0  idx                                        
200003b4  Range                                      
200003b5  t                                          
200003b6  lat                                        
200003b7  lng                                        
200003b8  bat                                        
200003b9  status                                     
200003bc  j                                          
200003c0  q                                          
200003c4  i                                          
200003c8  QICSGP                                     
200003e0  rootUrl                                    
200003f4  QIFGCNT                                    
20000403  QIREGAPP                                   
20000411  QIDEACT                                    
20000420  __TI_cleanup_ptr                           
20000424  __TI_dtors_ptr                             
20000428  __TI_enable_exit_profile_output            
2000042c  CGREG                                      
20000438  COPS                                       
20000443  CPIN                                       
2000044e  CREG                                       
20000459  QIACT                                      
20000464  CSQ                                        
20000470  _lock                                      
20000474  _unlock                                    
20000478  ATE1                                       
2000047f  ATV1                                       
20000486  at                                         
2000048c  errno                                      
20000490  main_func_sp                               
20000494  SystemCoreClock                            
2000fe00  __stack                                    
20010000  __STACK_END                                
4000480c  WDTCTL_SYM                                 
ffffffff  __TI_pprof_out_hndl                        
ffffffff  __TI_prof_data_size                        
ffffffff  __TI_prof_data_start                       
ffffffff  __binit__                                  
ffffffff  __c_args__                                 
ffffffff  binit                                      
UNDEFED   SHT$$INIT_ARRAY$$Base                      
UNDEFED   SHT$$INIT_ARRAY$$Limit                     

[254 symbols]
