******************************************************************************
                  TI ARM Linker PC v16.9.0                     
******************************************************************************
>> Linked Mon Feb 13 01:22:05 2017

OUTPUT FILE NAME:   <MSP432_GPS_GPRS_Fuel_Gauge.out>
ENTRY POINT SYMBOL: "_c_int00"  address: 000048f1


MEMORY CONFIGURATION

         name            origin    length      used     unused   attr    fill
----------------------  --------  ---------  --------  --------  ----  --------
  MAIN                  00000000   00040000  00004eca  0003b136  R  X
  INFO                  00200000   00004000  00000000  00004000  R  X
  SRAM_CODE             01000000   00010000  00000694  0000f96c  RW X
  SRAM_DATA             20000000   00010000  00000694  0000f96c  RW  


SEGMENT ALLOCATION MAP

run origin  load origin   length   init length attrs members
----------  ----------- ---------- ----------- ----- -------
00000000    00000000    00004ed0   00004ed0    r-x
  00000000    00000000    00000140   00000140    r-- .intvecs
  00000140    00000140    00004a70   00004a70    r-x .text
  00004bb0    00004bb0    00000212   00000212    r-- .const
  00004dc8    00004dc8    00000108   00000108    r-- .cinit
20000000    20000000    00000494   00000000    rw-
  20000000    20000000    000000e4   00000000    rw- .vtable
  200000e4    200000e4    00000288   00000000    rw- .bss
  2000036c    2000036c    00000128   00000000    rw- .data
2000fe00    2000fe00    00000200   00000000    rw-
  2000fe00    2000fe00    00000200   00000000    rw- .stack


SECTION ALLOCATION MAP

 output                                  attributes/
section   page    origin      length       input sections
--------  ----  ----------  ----------   ----------------
.intvecs   0    00000000    00000140     
                  00000000    00000140     startup_msp432p401r_ccs.obj (.intvecs:retain)

.binit     0    00000000    00000000     

.text      0    00000140    00004a70     
                  00000140    0000113a     rtsv7M4_T_le_v4SPD16_eabi.lib : _printfi.obj (.text)
                  0000127a    00000002                                   : mpu_init.obj (.text)
                  0000127c    000009c8     main.obj (.text)
                  00001c44    000007ba     HAL_BQ27441.obj (.text)
                  000023fe    00000002     rtsv7M4_T_le_v4SPD16_eabi.lib : startup.obj (.text)
                  00002400    000007a8     i2c.obj (.text)
                  00002ba8    00000480     gpio.obj (.text)
                  00003028    0000041c     uart.obj (.text)
                  00003444    000003f0     interrupt.obj (.text)
                  00003834    00000328     system_msp432p401r.obj (.text)
                  00003b5c    000001f4     rtsv7M4_T_le_v4SPD16_eabi.lib : ull_div_t2.obj (.text)
                  00003d50    000001d4     HAL_I2C.obj (.text)
                  00003f24    000001b6     rtsv7M4_T_le_v4SPD16_eabi.lib : fd_add_t2.obj (.text)
                  000040da    00000136                                   : fd_div_t2.obj (.text)
                  00004210    000000fc                                   : fd_mul_t2.obj (.text)
                  0000430c    000000fc                                   : s_scalbn.obj (.text)
                  00004408    000000d0     HAL_UART.obj (.text)
                  000044d8    0000009c     rtsv7M4_T_le_v4SPD16_eabi.lib : memcpy_t2.obj (.text)
                  00004574    00000086                                   : fd_cmp_t2.obj (.text:__aeabi_cdcmple)
                  000045fa    00000086                                   : fd_cmp_t2.obj (.text:__aeabi_cdrcmple)
                  00004680    0000007a                                   : memset_t2.obj (.text)
                  000046fa    00000002     --HOLE-- [fill = 0]
                  000046fc    00000070                                   : autoinit.obj (.text)
                  0000476c    00000068                                   : copy_decompress_lzss.obj (.text:decompress:lzss)
                  000047d4    00000064                                   : s_frexp.obj (.text)
                  00004838    00000060                                   : sprintf.obj (.text)
                  00004898    00000056                                   : ltoa.obj (.text)
                  000048ee    00000002     --HOLE-- [fill = 0]
                  000048f0    00000054                                   : boot.obj (.text)
                  00004944    00000054                                   : exit.obj (.text)
                  00004998    0000004c                                   : atoi.obj (.text)
                  000049e4    0000004c                                   : cpy_tbl.obj (.text)
                  00004a30    00000048                                   : fd_toi_t2.obj (.text)
                  00004a78    0000003e     cpu.obj (.text)
                  00004ab6    0000002e     rtsv7M4_T_le_v4SPD16_eabi.lib : i_tofd_t2.obj (.text)
                  00004ae4    0000001c                                   : memccpy.obj (.text)
                  00004b00    00000018                                   : args_main.obj (.text)
                  00004b18    00000016                                   : strchr.obj (.text)
                  00004b2e    00000002     --HOLE-- [fill = 0]
                  00004b30    00000014                                   : _lock.obj (.text)
                  00004b44    00000014                                   : s_copysign.obj (.text)
                  00004b58    00000014                                   : strcpy.obj (.text)
                  00004b6c    00000014                                   : strlen.obj (.text)
                  00004b80    00000012     startup_msp432p401r_ccs.obj (.text)
                  00004b92    0000000e     rtsv7M4_T_le_v4SPD16_eabi.lib : copy_decompress_none.obj (.text:decompress:none)
                  00004ba0    0000000c                                   : copy_zero_init.obj (.text:decompress:ZI)
                  00004bac    00000004                                   : pre_init.obj (.text)

.const     0    00004bb0    00000212     
                  00004bb0    00000101     rtsv7M4_T_le_v4SPD16_eabi.lib : ctype.obj (.const:.string:_ctypes_)
                  00004cb1    00000003     --HOLE-- [fill = 0]
                  00004cb4    00000050     interrupt.obj (.const:g_pulRegs)
                  00004d04    00000024     HAL_UART.obj (.const:uartConfig)
                  00004d28    00000024     HAL_UART.obj (.const:uartConfigGps)
                  00004d4c    00000020     interrupt.obj (.const:g_pulPriority)
                  00004d6c    0000001c     gpio.obj (.const:GPIO_PORT_TO_INT)
                  00004d88    00000014     HAL_I2C.obj (.const:i2cConfig)
                  00004d9c    00000008     interrupt.obj (.const:g_pulDisRegs)
                  00004da4    00000008     interrupt.obj (.const:g_pulEnRegs)
                  00004dac    00000008     interrupt.obj (.const:g_pulPendRegs)
                  00004db4    00000008     interrupt.obj (.const:g_pulUnpendRegs)
                  00004dbc    00000006     main.obj (.const:.string)

.cinit     0    00004dc8    00000108     
                  00004dc8    000000d0     (.cinit..data.load) [load image, compression = lzss]
                  00004e98    0000000c     (__TI_handler_table)
                  00004ea4    00000004     --HOLE-- [fill = 0]
                  00004ea8    00000008     (.cinit..bss.load) [load image, compression = zero_init]
                  00004eb0    00000008     (.cinit..vtable.load) [load image, compression = zero_init]
                  00004eb8    00000018     (__TI_cinit_table)

.init_array 
*          0    00000000    00000000     UNINITIALIZED

.vtable    0    20000000    000000e4     UNINITIALIZED
                  20000000    000000e4     interrupt.obj (.vtable)

.bss       0    200000e4    00000288     UNINITIALIZED
                  200000e4    000001f4     (.common:getUrl)
                  200002d8    00000064     (.common:temp)
                  2000033c    0000000c     (.common:battCap)
                  20000348    0000000c     (.common:battState)
                  20000354    0000000c     (.common:latc)
                  20000360    0000000c     (.common:lngc)

.data      0    2000036c    00000128     UNINITIALIZED
                  2000036c    00000030     gpio.obj (.data:GPIO_PORT_TO_BASE)
                  2000039c    00000028     main.obj (.data)
                  200003c4    00000018     main.obj (.data:QICSGP)
                  200003dc    00000014     main.obj (.data:rootUrl)
                  200003f0    0000000f     main.obj (.data:QIFGCNT)
                  200003ff    0000000e     main.obj (.data:QIREGAPP)
                  2000040d    0000000d     main.obj (.data:QIDEACT)
                  2000041a    00000002     --HOLE--
                  2000041c    0000000c     rtsv7M4_T_le_v4SPD16_eabi.lib : exit.obj (.data:$O1$$)
                  20000428    0000000c     main.obj (.data:CGREG)
                  20000434    0000000b     main.obj (.data:COPS)
                  2000043f    0000000b     main.obj (.data:CPIN)
                  2000044a    0000000b     main.obj (.data:CREG)
                  20000455    0000000b     main.obj (.data:QIACT)
                  20000460    00000009     main.obj (.data:CSQ)
                  20000469    00000003     --HOLE--
                  2000046c    00000008     rtsv7M4_T_le_v4SPD16_eabi.lib : _lock.obj (.data:$O1$$)
                  20000474    00000007     main.obj (.data:ATE1)
                  2000047b    00000007     main.obj (.data:ATV1)
                  20000482    00000005     main.obj (.data:at)
                  20000487    00000001     --HOLE--
                  20000488    00000004     rtsv7M4_T_le_v4SPD16_eabi.lib : errno.obj (.data)
                  2000048c    00000004                                   : stkdepth_vars.obj (.data)
                  20000490    00000004     system_msp432p401r.obj (.data)

.stack     0    2000fe00    00000200     UNINITIALIZED
                  2000fe00    00000200     --HOLE--

MODULE SUMMARY

       Module                        code    ro data   rw data
       ------                        ----    -------   -------
    .\
       main.obj                      2504    6         1716   
       HAL_BQ27441.obj               1978    0         0      
       system_msp432p401r.obj        808     0         8      
       HAL_I2C.obj                   468     20        0      
       startup_msp432p401r_ccs.obj   18      320       0      
       HAL_UART.obj                  208     72        0      
    +--+-----------------------------+-------+---------+---------+
       Total:                        5984    418       1724   
                                                              
    .\driverlib\MSP432P4xx\
       i2c.obj                       1960    0         0      
       interrupt.obj                 1008    144       456    
       gpio.obj                      1152    28        96     
       uart.obj                      1052    0         0      
       cpu.obj                       62      0         0      
    +--+-----------------------------+-------+---------+---------+
       Total:                        5234    172       552    
                                                              
    C:\ti\ccsv7\tools\compiler\ti-cgt-arm_16.9.0.LTS\lib\rtsv7M4_T_le_v4SPD16_eabi.lib
       _printfi.obj                  4410    0         0      
       ull_div_t2.obj                500     0         0      
       fd_add_t2.obj                 438     0         0      
       fd_div_t2.obj                 310     0         0      
       fd_cmp_t2.obj                 268     0         0      
       ctype.obj                     0       257       0      
       fd_mul_t2.obj                 252     0         0      
       s_scalbn.obj                  252     0         0      
       memcpy_t2.obj                 156     0         0      
       memset_t2.obj                 122     0         0      
       autoinit.obj                  112     0         0      
       exit.obj                      84      0         24     
       copy_decompress_lzss.obj      104     0         0      
       s_frexp.obj                   100     0         0      
       sprintf.obj                   96      0         0      
       ltoa.obj                      86      0         0      
       boot.obj                      84      0         0      
       atoi.obj                      76      0         0      
       cpy_tbl.obj                   76      0         0      
       fd_toi_t2.obj                 72      0         0      
       i_tofd_t2.obj                 46      0         0      
       _lock.obj                     20      0         16     
       memccpy.obj                   28      0         0      
       args_main.obj                 24      0         0      
       strchr.obj                    22      0         0      
       s_copysign.obj                20      0         0      
       strcpy.obj                    20      0         0      
       strlen.obj                    20      0         0      
       copy_decompress_none.obj      14      0         0      
       copy_zero_init.obj            12      0         0      
       errno.obj                     0       0         8      
       stkdepth_vars.obj             0       0         8      
       pre_init.obj                  4       0         0      
       mpu_init.obj                  2       0         0      
       startup.obj                   2       0         0      
    +--+-----------------------------+-------+---------+---------+
       Total:                        7832    257       56     
                                                              
       Stack:                        0       0         1024   
       Linker Generated:             0       260       0      
    +--+-----------------------------+-------+---------+---------+
       Grand Total:                  19050   1107      3356   


LINKER GENERATED COPY TABLES

__TI_cinit_table @ 00004eb8 records: 3, size/record: 8, table size: 24
	.data: load addr=00004dc8, load size=000000d0 bytes, run addr=2000036c, run size=00000128 bytes, compression=lzss
	.bss: load addr=00004ea8, load size=00000008 bytes, run addr=200000e4, run size=00000288 bytes, compression=zero_init
	.vtable: load addr=00004eb0, load size=00000008 bytes, run addr=20000000, run size=000000e4 bytes, compression=zero_init


LINKER GENERATED HANDLER TABLE

__TI_handler_table @ 00004e98 records: 3, size/record: 4, table size: 12
	index: 0, handler: __TI_zero_init
	index: 1, handler: __TI_decompress_lzss
	index: 2, handler: __TI_decompress_none


GLOBAL SYMBOLS: SORTED ALPHABETICALLY BY Name 

address   name                                       
-------   ----                                       
20000474  ATE1                                       
2000047b  ATV1                                       
000022a3  BQ27441_command                            
0000223d  BQ27441_control                            
00002265  BQ27441_controlRead                        
00001c45  BQ27441_initConfig                         
00002061  BQ27441_initOpConfig                       
000022fd  BQ27441_read16                             
00002375  BQ27441_readChecksum                       
000022cd  BQ27441_write16                            
000017d1  BatInitFn                                  
00001861  BleReq                                     
00004945  C$$EXIT                                    
20000428  CGREG                                      
20000434  COPS                                       
2000043f  CPIN                                       
00004aad  CPU_basepriGet                             
00004a9f  CPU_basepriSet                             
00004a79  CPU_cpsid                                  
00004a8f  CPU_cpsie                                  
00004a85  CPU_primask                                
00004a9b  CPU_wfi                                    
2000044a  CREG                                       
20000460  CSQ                                        
0000160d  CS_init                                    
00002ecb  GPIO_clearInterruptFlag                    
00002e8b  GPIO_disableInterrupt                      
00002e69  GPIO_enableInterrupt                       
00002f23  GPIO_getEnabledInterruptStatus             
00002e3b  GPIO_getInputPinValue                      
00002ead  GPIO_getInterruptStatus                    
000016dd  GPIO_init                                  
00002eed  GPIO_interruptEdgeSelect                   
00002fe3  GPIO_registerInterrupt                     
00002be3  GPIO_setAsInputPin                         
00002d97  GPIO_setAsInputPinWithPullDownResistor     
00002de9  GPIO_setAsInputPinWithPullUpResistor       
00002ba9  GPIO_setAsOutputPin                        
00002cad  GPIO_setAsPeripheralModuleFunctionInputPin 
00002c29  GPIO_setAsPeripheralModuleFunctionOutputPin
00002f9f  GPIO_setDriveStrengthHigh                  
00002fc1  GPIO_setDriveStrengthLow                   
00002d31  GPIO_setOutputHighOnPin                    
00002d53  GPIO_setOutputLowOnPin                     
00002d75  GPIO_toggleOutputOnPin                     
00003003  GPIO_unregisterInterrupt                   
200003ad  GpStatus                                   
00002a61  I2C_clearInterruptFlag                     
00002a4b  I2C_disableInterrupt                       
000024b3  I2C_disableModule                          
00002a15  I2C_disableMultiMasterMode                 
00002a35  I2C_enableInterrupt                        
0000249d  I2C_enableModule                           
000029f5  I2C_enableMultiMasterMode                  
00002a8f  I2C_getEnabledInterruptStatus              
00002a77  I2C_getInterruptStatus                     
00002a9f  I2C_getMode                                
0000299b  I2C_getReceiveBufferAddressForDMA          
000029a9  I2C_getTransmitBufferAddressForDMA         
00003d69  I2C_init                                   
00003d51  I2C_initGPIO                               
00002401  I2C_initMaster                             
00002463  I2C_initSlave                              
00002557  I2C_isBusBusy                              
000029c9  I2C_masterIsStartSent                      
000029b7  I2C_masterIsStopSent                       
000028c1  I2C_masterReceiveMultiByteFinish           
000028ff  I2C_masterReceiveMultiByteFinishWithTimeout
000028a9  I2C_masterReceiveMultiByteNext             
0000295d  I2C_masterReceiveMultiByteStop             
00002971  I2C_masterReceiveSingle                    
000024f9  I2C_masterReceiveSingleByte                
0000288f  I2C_masterReceiveStart                     
0000276f  I2C_masterSendMultiByteFinish              
000027bd  I2C_masterSendMultiByteFinishWithTimeout   
00002705  I2C_masterSendMultiByteNext                
00002731  I2C_masterSendMultiByteNextWithTimeout     
0000265b  I2C_masterSendMultiByteStart               
000026a9  I2C_masterSendMultiByteStartWithTimeout    
00002829  I2C_masterSendMultiByteStop                
00002853  I2C_masterSendMultiByteStopWithTimeout     
00002569  I2C_masterSendSingleByte                   
000025cf  I2C_masterSendSingleByteWithTimeout        
000029e1  I2C_masterSendStart                        
00003e6b  I2C_read16                                 
00003e23  I2C_read8                                  
00002ab5  I2C_registerInterrupt                      
000024dd  I2C_setMode                                
000024c9  I2C_setSlaveAddress                        
00003f01  I2C_setslave                               
00002543  I2C_slaveGetData                           
0000252d  I2C_slavePutData                           
00002b77  I2C_slaveSendNAK                           
00002b1b  I2C_unregisterInterrupt                    
00003dc5  I2C_write16                                
00003d81  I2C_write8                                 
00003607  Interrupt_disableInterrupt                 
00003457  Interrupt_disableMaster                    
00003805  Interrupt_disableSleepOnIsrExit            
00003595  Interrupt_enableInterrupt                  
00003447  Interrupt_enableMaster                     
000037f3  Interrupt_enableSleepOnIsrExit             
0000356f  Interrupt_getPriority                      
000034e7  Interrupt_getPriorityGrouping              
000037d3  Interrupt_getPriorityMask                  
000037ed  Interrupt_getVectorTableAddress            
00003679  Interrupt_isEnabled                        
00003705  Interrupt_pendInterrupt                    
00003467  Interrupt_registerInterrupt                
0000351f  Interrupt_setPriority                      
000034cd  Interrupt_setPriorityGrouping              
000037c3  Interrupt_setPriorityMask                  
000037dd  Interrupt_setVectorTableAddress            
00003775  Interrupt_unpendInterrupt                  
000034b9  Interrupt_unregisterInterrupt              
00001989  LogToServer                                
0000196f  PowerCheck                                 
00001941  PowerOnGprs                                
20000455  QIACT                                      
200003c4  QICSGP                                     
2000040d  QIDEACT                                    
200003f0  QIFGCNT                                    
200003ff  QIREGAPP                                   
200003ac  Range                                      
UNDEFED   SHT$$INIT_ARRAY$$Base                      
UNDEFED   SHT$$INIT_ARRAY$$Limit                     
20000490  SystemCoreClock                            
00003835  SystemCoreClockUpdate                      
00003aa9  SystemInit                                 
0000333d  UART_clearInterruptFlag                    
00003295  UART_disableInterrupt                      
00003177  UART_disableModule                         
00003265  UART_enableInterrupt                       
00003161  UART_enableModule                          
000032e1  UART_getEnabledInterruptStatus             
000032c5  UART_getInterruptStatus                    
0000322d  UART_getReceiveBufferAddressForDMA         
0000323b  UART_getTransmitBufferAddressForDMA        
0000442d  UART_init                                  
00004409  UART_initGPIO                              
00003029  UART_initModule                            
0000318d  UART_queryStatusFlags                      
0000313b  UART_receiveData                           
0000335d  UART_registerInterrupt                     
000031b5  UART_resetDormant                          
00003249  UART_selectDeglitchTime                    
000031a1  UART_setDormant                            
000031c9  UART_transmitAddress                       
000031e7  UART_transmitBreak                         
00003111  UART_transmitData                          
00004465  UART_transmitString                        
000033d9  UART_unregisterInterrupt                   
4000480c  WDTCTL_SYM                                 
20010000  __STACK_END                                
00000200  __STACK_SIZE                               
00004eb8  __TI_CINIT_Base                            
00004ed0  __TI_CINIT_Limit                           
00004e98  __TI_Handler_Table_Base                    
00004ea4  __TI_Handler_Table_Limit                   
000046fd  __TI_auto_init                             
2000041c  __TI_cleanup_ptr                           
0000476d  __TI_decompress_lzss                       
00004b93  __TI_decompress_none                       
20000420  __TI_dtors_ptr                             
20000424  __TI_enable_exit_profile_output            
ffffffff  __TI_pprof_out_hndl                        
00000981  __TI_printfi                               
ffffffff  __TI_prof_data_size                        
ffffffff  __TI_prof_data_start                       
00000000  __TI_static_base__                         
00004ba1  __TI_zero_init                             
00004575  __aeabi_cdcmpeq                            
00004575  __aeabi_cdcmple                            
000045fb  __aeabi_cdrcmple                           
00004a31  __aeabi_d2iz                               
00003f2f  __aeabi_dadd                               
000040db  __aeabi_ddiv                               
00004211  __aeabi_dmul                               
00003f25  __aeabi_dsub                               
00004ab7  __aeabi_i2d                                
00004681  __aeabi_memclr                             
00004681  __aeabi_memclr4                            
00004681  __aeabi_memclr8                            
000044d9  __aeabi_memcpy                             
000044d9  __aeabi_memcpy4                            
000044d9  __aeabi_memcpy8                            
00004683  __aeabi_memset                             
00004683  __aeabi_memset4                            
00004683  __aeabi_memset8                            
00003b5d  __aeabi_uldivmod                           
ffffffff  __binit__                                  
ffffffff  __c_args__                                 
0000127b  __mpu_init                                 
2000fe00  __stack                                    
00004b01  _args_main                                 
000048f1  _c_int00                                   
00004bb0  _ctypes_                                   
2000046c  _lock                                      
00004b3f  _nop                                       
00004b37  _register_lock                             
00004b31  _register_unlock                           
000023ff  _system_post_cinit                         
00004bad  _system_pre_init                           
20000470  _unlock                                    
2000039c  aCount                                     
00004949  abort                                      
20000482  at                                         
00004999  atoi                                       
200003b5  bat                                        
2000033c  battCap                                    
20000348  battState                                  
ffffffff  binit                                      
000049e5  copy_in                                    
00004b45  copysign                                   
00004b45  copysignl                                  
200003ae  dlng                                       
200003a8  eight                                      
20000488  errno                                      
00004951  exit                                       
000047d5  frexp                                      
000047d5  frexpl                                     
20000000  g_pfnRAMVectors                            
200000e4  getUrl                                     
00001893  gprsInit                                   
0000190d  gsmInit                                    
200003c0  i                                          
00004d88  i2cConfig                                  
200003a0  idx                                        
00000000  interruptVectors                           
200003b8  j                                          
200003b3  lat                                        
20000354  latc                                       
0000430d  ldexp                                      
0000430d  ldexpl                                     
200003b4  lng                                        
20000360  lngc                                       
00004899  ltoa                                       
0000127d  main                                       
2000048c  main_func_sp                               
00004ae5  memccpy                                    
000044d9  memcpy                                     
00004689  memset                                     
200003bc  q                                          
200003dc  rootUrl                                    
0000430d  scalbn                                     
0000430d  scalbnl                                    
0000447f  serialTx0                                  
0000449f  serialTx1                                  
200003a4  six                                        
00004839  sprintf                                    
200003b6  status                                     
00004b19  strchr                                     
00004b59  strcpy                                     
00004b6d  strlen                                     
200003b2  t                                          
200002d8  temp                                       
00004d04  uartConfig                                 
00004d28  uartConfigGps                              


GLOBAL SYMBOLS: SORTED BY Symbol Address 

address   name                                       
-------   ----                                       
00000000  __TI_static_base__                         
00000000  interruptVectors                           
00000200  __STACK_SIZE                               
00000981  __TI_printfi                               
0000127b  __mpu_init                                 
0000127d  main                                       
0000160d  CS_init                                    
000016dd  GPIO_init                                  
000017d1  BatInitFn                                  
00001861  BleReq                                     
00001893  gprsInit                                   
0000190d  gsmInit                                    
00001941  PowerOnGprs                                
0000196f  PowerCheck                                 
00001989  LogToServer                                
00001c45  BQ27441_initConfig                         
00002061  BQ27441_initOpConfig                       
0000223d  BQ27441_control                            
00002265  BQ27441_controlRead                        
000022a3  BQ27441_command                            
000022cd  BQ27441_write16                            
000022fd  BQ27441_read16                             
00002375  BQ27441_readChecksum                       
000023ff  _system_post_cinit                         
00002401  I2C_initMaster                             
00002463  I2C_initSlave                              
0000249d  I2C_enableModule                           
000024b3  I2C_disableModule                          
000024c9  I2C_setSlaveAddress                        
000024dd  I2C_setMode                                
000024f9  I2C_masterReceiveSingleByte                
0000252d  I2C_slavePutData                           
00002543  I2C_slaveGetData                           
00002557  I2C_isBusBusy                              
00002569  I2C_masterSendSingleByte                   
000025cf  I2C_masterSendSingleByteWithTimeout        
0000265b  I2C_masterSendMultiByteStart               
000026a9  I2C_masterSendMultiByteStartWithTimeout    
00002705  I2C_masterSendMultiByteNext                
00002731  I2C_masterSendMultiByteNextWithTimeout     
0000276f  I2C_masterSendMultiByteFinish              
000027bd  I2C_masterSendMultiByteFinishWithTimeout   
00002829  I2C_masterSendMultiByteStop                
00002853  I2C_masterSendMultiByteStopWithTimeout     
0000288f  I2C_masterReceiveStart                     
000028a9  I2C_masterReceiveMultiByteNext             
000028c1  I2C_masterReceiveMultiByteFinish           
000028ff  I2C_masterReceiveMultiByteFinishWithTimeout
0000295d  I2C_masterReceiveMultiByteStop             
00002971  I2C_masterReceiveSingle                    
0000299b  I2C_getReceiveBufferAddressForDMA          
000029a9  I2C_getTransmitBufferAddressForDMA         
000029b7  I2C_masterIsStopSent                       
000029c9  I2C_masterIsStartSent                      
000029e1  I2C_masterSendStart                        
000029f5  I2C_enableMultiMasterMode                  
00002a15  I2C_disableMultiMasterMode                 
00002a35  I2C_enableInterrupt                        
00002a4b  I2C_disableInterrupt                       
00002a61  I2C_clearInterruptFlag                     
00002a77  I2C_getInterruptStatus                     
00002a8f  I2C_getEnabledInterruptStatus              
00002a9f  I2C_getMode                                
00002ab5  I2C_registerInterrupt                      
00002b1b  I2C_unregisterInterrupt                    
00002b77  I2C_slaveSendNAK                           
00002ba9  GPIO_setAsOutputPin                        
00002be3  GPIO_setAsInputPin                         
00002c29  GPIO_setAsPeripheralModuleFunctionOutputPin
00002cad  GPIO_setAsPeripheralModuleFunctionInputPin 
00002d31  GPIO_setOutputHighOnPin                    
00002d53  GPIO_setOutputLowOnPin                     
00002d75  GPIO_toggleOutputOnPin                     
00002d97  GPIO_setAsInputPinWithPullDownResistor     
00002de9  GPIO_setAsInputPinWithPullUpResistor       
00002e3b  GPIO_getInputPinValue                      
00002e69  GPIO_enableInterrupt                       
00002e8b  GPIO_disableInterrupt                      
00002ead  GPIO_getInterruptStatus                    
00002ecb  GPIO_clearInterruptFlag                    
00002eed  GPIO_interruptEdgeSelect                   
00002f23  GPIO_getEnabledInterruptStatus             
00002f9f  GPIO_setDriveStrengthHigh                  
00002fc1  GPIO_setDriveStrengthLow                   
00002fe3  GPIO_registerInterrupt                     
00003003  GPIO_unregisterInterrupt                   
00003029  UART_initModule                            
00003111  UART_transmitData                          
0000313b  UART_receiveData                           
00003161  UART_enableModule                          
00003177  UART_disableModule                         
0000318d  UART_queryStatusFlags                      
000031a1  UART_setDormant                            
000031b5  UART_resetDormant                          
000031c9  UART_transmitAddress                       
000031e7  UART_transmitBreak                         
0000322d  UART_getReceiveBufferAddressForDMA         
0000323b  UART_getTransmitBufferAddressForDMA        
00003249  UART_selectDeglitchTime                    
00003265  UART_enableInterrupt                       
00003295  UART_disableInterrupt                      
000032c5  UART_getInterruptStatus                    
000032e1  UART_getEnabledInterruptStatus             
0000333d  UART_clearInterruptFlag                    
0000335d  UART_registerInterrupt                     
000033d9  UART_unregisterInterrupt                   
00003447  Interrupt_enableMaster                     
00003457  Interrupt_disableMaster                    
00003467  Interrupt_registerInterrupt                
000034b9  Interrupt_unregisterInterrupt              
000034cd  Interrupt_setPriorityGrouping              
000034e7  Interrupt_getPriorityGrouping              
0000351f  Interrupt_setPriority                      
0000356f  Interrupt_getPriority                      
00003595  Interrupt_enableInterrupt                  
00003607  Interrupt_disableInterrupt                 
00003679  Interrupt_isEnabled                        
00003705  Interrupt_pendInterrupt                    
00003775  Interrupt_unpendInterrupt                  
000037c3  Interrupt_setPriorityMask                  
000037d3  Interrupt_getPriorityMask                  
000037dd  Interrupt_setVectorTableAddress            
000037ed  Interrupt_getVectorTableAddress            
000037f3  Interrupt_enableSleepOnIsrExit             
00003805  Interrupt_disableSleepOnIsrExit            
00003835  SystemCoreClockUpdate                      
00003aa9  SystemInit                                 
00003b5d  __aeabi_uldivmod                           
00003d51  I2C_initGPIO                               
00003d69  I2C_init                                   
00003d81  I2C_write8                                 
00003dc5  I2C_write16                                
00003e23  I2C_read8                                  
00003e6b  I2C_read16                                 
00003f01  I2C_setslave                               
00003f25  __aeabi_dsub                               
00003f2f  __aeabi_dadd                               
000040db  __aeabi_ddiv                               
00004211  __aeabi_dmul                               
0000430d  ldexp                                      
0000430d  ldexpl                                     
0000430d  scalbn                                     
0000430d  scalbnl                                    
00004409  UART_initGPIO                              
0000442d  UART_init                                  
00004465  UART_transmitString                        
0000447f  serialTx0                                  
0000449f  serialTx1                                  
000044d9  __aeabi_memcpy                             
000044d9  __aeabi_memcpy4                            
000044d9  __aeabi_memcpy8                            
000044d9  memcpy                                     
00004575  __aeabi_cdcmpeq                            
00004575  __aeabi_cdcmple                            
000045fb  __aeabi_cdrcmple                           
00004681  __aeabi_memclr                             
00004681  __aeabi_memclr4                            
00004681  __aeabi_memclr8                            
00004683  __aeabi_memset                             
00004683  __aeabi_memset4                            
00004683  __aeabi_memset8                            
00004689  memset                                     
000046fd  __TI_auto_init                             
0000476d  __TI_decompress_lzss                       
000047d5  frexp                                      
000047d5  frexpl                                     
00004839  sprintf                                    
00004899  ltoa                                       
000048f1  _c_int00                                   
00004945  C$$EXIT                                    
00004949  abort                                      
00004951  exit                                       
00004999  atoi                                       
000049e5  copy_in                                    
00004a31  __aeabi_d2iz                               
00004a79  CPU_cpsid                                  
00004a85  CPU_primask                                
00004a8f  CPU_cpsie                                  
00004a9b  CPU_wfi                                    
00004a9f  CPU_basepriSet                             
00004aad  CPU_basepriGet                             
00004ab7  __aeabi_i2d                                
00004ae5  memccpy                                    
00004b01  _args_main                                 
00004b19  strchr                                     
00004b31  _register_unlock                           
00004b37  _register_lock                             
00004b3f  _nop                                       
00004b45  copysign                                   
00004b45  copysignl                                  
00004b59  strcpy                                     
00004b6d  strlen                                     
00004b93  __TI_decompress_none                       
00004ba1  __TI_zero_init                             
00004bad  _system_pre_init                           
00004bb0  _ctypes_                                   
00004d04  uartConfig                                 
00004d28  uartConfigGps                              
00004d88  i2cConfig                                  
00004e98  __TI_Handler_Table_Base                    
00004ea4  __TI_Handler_Table_Limit                   
00004eb8  __TI_CINIT_Base                            
00004ed0  __TI_CINIT_Limit                           
20000000  g_pfnRAMVectors                            
200000e4  getUrl                                     
200002d8  temp                                       
2000033c  battCap                                    
20000348  battState                                  
20000354  latc                                       
20000360  lngc                                       
2000039c  aCount                                     
200003a0  idx                                        
200003a4  six                                        
200003a8  eight                                      
200003ac  Range                                      
200003ad  GpStatus                                   
200003ae  dlng                                       
200003b2  t                                          
200003b3  lat                                        
200003b4  lng                                        
200003b5  bat                                        
200003b6  status                                     
200003b8  j                                          
200003bc  q                                          
200003c0  i                                          
200003c4  QICSGP                                     
200003dc  rootUrl                                    
200003f0  QIFGCNT                                    
200003ff  QIREGAPP                                   
2000040d  QIDEACT                                    
2000041c  __TI_cleanup_ptr                           
20000420  __TI_dtors_ptr                             
20000424  __TI_enable_exit_profile_output            
20000428  CGREG                                      
20000434  COPS                                       
2000043f  CPIN                                       
2000044a  CREG                                       
20000455  QIACT                                      
20000460  CSQ                                        
2000046c  _lock                                      
20000470  _unlock                                    
20000474  ATE1                                       
2000047b  ATV1                                       
20000482  at                                         
20000488  errno                                      
2000048c  main_func_sp                               
20000490  SystemCoreClock                            
2000fe00  __stack                                    
20010000  __STACK_END                                
4000480c  WDTCTL_SYM                                 
ffffffff  __TI_pprof_out_hndl                        
ffffffff  __TI_prof_data_size                        
ffffffff  __TI_prof_data_start                       
ffffffff  __binit__                                  
ffffffff  __c_args__                                 
ffffffff  binit                                      
UNDEFED   SHT$$INIT_ARRAY$$Base                      
UNDEFED   SHT$$INIT_ARRAY$$Limit                     

[258 symbols]
