******************************************************************************
                  TI ARM Linker PC v16.9.0                     
******************************************************************************
>> Linked Fri Feb 10 19:43:27 2017

OUTPUT FILE NAME:   <MSP432_GPS_GPRS_Fuel_Gauge.out>
ENTRY POINT SYMBOL: "_c_int00"  address: 00004301


MEMORY CONFIGURATION

         name            origin    length      used     unused   attr    fill
----------------------  --------  ---------  --------  --------  ----  --------
  MAIN                  00000000   00040000  00004864  0003b79c  R  X
  INFO                  00200000   00004000  00000000  00004000  R  X
  SRAM_CODE             01000000   00010000  000003d8  0000fc28  RW X
  SRAM_DATA             20000000   00010000  000003d8  0000fc28  RW  


SEGMENT ALLOCATION MAP

run origin  load origin   length   init length attrs members
----------  ----------- ---------- ----------- ----- -------
00000000    00000000    00004868   00004868    r-x
  00000000    00000000    00000140   00000140    r-- .intvecs
  00000140    00000140    0000446c   0000446c    r-x .text
  000045ac    000045ac    000001e8   000001e8    r-- .const
  00004798    00004798    000000d0   000000d0    r-- .cinit
20000000    20000000    000001d8   00000000    rw-
  20000000    20000000    000000e4   00000000    rw- .vtable
  200000e4    200000e4    000000f0   00000000    rw- .data
  200001d4    200001d4    00000004   00000000    rw- .bss
2000fe00    2000fe00    00000200   00000000    rw-
  2000fe00    2000fe00    00000200   00000000    rw- .stack


SECTION ALLOCATION MAP

 output                                  attributes/
section   page    origin      length       input sections
--------  ----  ----------  ----------   ----------------
.intvecs   0    00000000    00000140     
                  00000000    00000140     startup_msp432p401r_ccs.obj (.intvecs:retain)

.binit     0    00000000    00000000     

.text      0    00000140    0000446c     
                  00000140    0000113a     rtsv7M4_T_le_v4SPD16_eabi.lib : _printfi.obj (.text)
                  0000127a    00000002                                   : mpu_init.obj (.text)
                  0000127c    000007be     HAL_BQ27441.obj (.text)
                  00001a3a    00000002     rtsv7M4_T_le_v4SPD16_eabi.lib : startup.obj (.text)
                  00001a3c    000007a8     i2c.obj (.text)
                  000021e4    00000480     gpio.obj (.text)
                  00002664    0000041c     uart.obj (.text)
                  00002a80    000003f0     interrupt.obj (.text)
                  00002e70    000003d0     main.obj (.text)
                  00003240    00000328     system_msp432p401r.obj (.text)
                  00003568    000001f4     rtsv7M4_T_le_v4SPD16_eabi.lib : ull_div_t2.obj (.text)
                  0000375c    000001d4     HAL_I2C.obj (.text)
                  00003930    000001b6     rtsv7M4_T_le_v4SPD16_eabi.lib : fd_add_t2.obj (.text)
                  00003ae6    00000136                                   : fd_div_t2.obj (.text)
                  00003c1c    000000fc                                   : fd_mul_t2.obj (.text)
                  00003d18    000000fc                                   : s_scalbn.obj (.text)
                  00003e14    000000d4     HAL_UART.obj (.text)
                  00003ee8    0000009c     rtsv7M4_T_le_v4SPD16_eabi.lib : memcpy_t2.obj (.text)
                  00003f84    00000086                                   : fd_cmp_t2.obj (.text:__aeabi_cdcmple)
                  0000400a    00000086                                   : fd_cmp_t2.obj (.text:__aeabi_cdrcmple)
                  00004090    0000007a                                   : memset_t2.obj (.text)
                  0000410a    00000002     --HOLE-- [fill = 0]
                  0000410c    00000070                                   : autoinit.obj (.text)
                  0000417c    00000068                                   : copy_decompress_lzss.obj (.text:decompress:lzss)
                  000041e4    00000064                                   : s_frexp.obj (.text)
                  00004248    00000060                                   : sprintf.obj (.text)
                  000042a8    00000056                                   : ltoa.obj (.text)
                  000042fe    00000002     --HOLE-- [fill = 0]
                  00004300    00000054                                   : boot.obj (.text)
                  00004354    00000054                                   : exit.obj (.text)
                  000043a8    0000004c                                   : atoi.obj (.text)
                  000043f4    0000004c                                   : cpy_tbl.obj (.text)
                  00004440    00000048                                   : fd_toi_t2.obj (.text)
                  00004488    0000003e     cpu.obj (.text)
                  000044c6    0000002e     rtsv7M4_T_le_v4SPD16_eabi.lib : i_tofd_t2.obj (.text)
                  000044f4    0000001c                                   : memccpy.obj (.text)
                  00004510    00000018                                   : args_main.obj (.text)
                  00004528    00000016                                   : strchr.obj (.text)
                  0000453e    00000002     --HOLE-- [fill = 0]
                  00004540    00000014                                   : _lock.obj (.text)
                  00004554    00000014                                   : s_copysign.obj (.text)
                  00004568    00000014                                   : strlen.obj (.text)
                  0000457c    00000012     startup_msp432p401r_ccs.obj (.text)
                  0000458e    0000000e     rtsv7M4_T_le_v4SPD16_eabi.lib : copy_decompress_none.obj (.text:decompress:none)
                  0000459c    0000000c                                   : copy_zero_init.obj (.text:decompress:ZI)
                  000045a8    00000004                                   : pre_init.obj (.text)

.const     0    000045ac    000001e8     
                  000045ac    00000101     rtsv7M4_T_le_v4SPD16_eabi.lib : ctype.obj (.const:.string:_ctypes_)
                  000046ad    00000003     --HOLE-- [fill = 0]
                  000046b0    00000050     interrupt.obj (.const:g_pulRegs)
                  00004700    00000024     HAL_UART.obj (.const:uartConfig)
                  00004724    00000020     interrupt.obj (.const:g_pulPriority)
                  00004744    0000001c     gpio.obj (.const:GPIO_PORT_TO_INT)
                  00004760    00000014     HAL_I2C.obj (.const:i2cConfig)
                  00004774    00000008     interrupt.obj (.const:g_pulDisRegs)
                  0000477c    00000008     interrupt.obj (.const:g_pulEnRegs)
                  00004784    00000008     interrupt.obj (.const:g_pulPendRegs)
                  0000478c    00000008     interrupt.obj (.const:g_pulUnpendRegs)

.cinit     0    00004798    000000d0     
                  00004798    0000009b     (.cinit..data.load) [load image, compression = lzss]
                  00004833    00000001     --HOLE-- [fill = 0]
                  00004834    0000000c     (__TI_handler_table)
                  00004840    00000008     (.cinit..bss.load) [load image, compression = zero_init]
                  00004848    00000008     (.cinit..vtable.load) [load image, compression = zero_init]
                  00004850    00000018     (__TI_cinit_table)

.init_array 
*          0    00000000    00000000     UNINITIALIZED

.vtable    0    20000000    000000e4     UNINITIALIZED
                  20000000    000000e4     interrupt.obj (.vtable)

.data      0    200000e4    000000f0     UNINITIALIZED
                  200000e4    00000030     gpio.obj (.data:GPIO_PORT_TO_BASE)
                  20000114    0000000f     main.obj (.data:QIFGCNT)
                  20000123    0000000e     main.obj (.data:QICSGP)
                  20000131    0000000e     main.obj (.data:QIREGAPP)
                  2000013f    0000000d     main.obj (.data:QIDEACT)
                  2000014c    0000000c     rtsv7M4_T_le_v4SPD16_eabi.lib : exit.obj (.data:$O1$$)
                  20000158    0000000c     main.obj (.data:CGREG)
                  20000164    0000000b     main.obj (.data:COPS)
                  2000016f    0000000b     main.obj (.data:CPIN)
                  2000017a    0000000b     main.obj (.data:CREG)
                  20000185    0000000b     main.obj (.data:QIACT)
                  20000190    00000009     main.obj (.data:CSQ)
                  20000199    00000003     --HOLE--
                  2000019c    00000008     rtsv7M4_T_le_v4SPD16_eabi.lib : _lock.obj (.data:$O1$$)
                  200001a4    00000008     main.obj (.data:CMNET)
                  200001ac    00000007     main.obj (.data:ATE1)
                  200001b3    00000007     main.obj (.data:ATV1)
                  200001ba    00000005     main.obj (.data:at)
                  200001bf    00000001     --HOLE--
                  200001c0    00000005     main.obj (.data)
                  200001c5    00000003     --HOLE--
                  200001c8    00000004     rtsv7M4_T_le_v4SPD16_eabi.lib : errno.obj (.data)
                  200001cc    00000004                                   : stkdepth_vars.obj (.data)
                  200001d0    00000004     system_msp432p401r.obj (.data)

.bss       0    200001d4    00000004     UNINITIALIZED
                  200001d4    00000004     (.common:getUrl)

.stack     0    2000fe00    00000200     UNINITIALIZED
                  2000fe00    00000200     --HOLE--

MODULE SUMMARY

       Module                        code    ro data   rw data
       ------                        ----    -------   -------
    .\
       HAL_BQ27441.obj               1982    0         0      
       main.obj                      976     0         314    
       system_msp432p401r.obj        808     0         8      
       HAL_I2C.obj                   468     20        0      
       startup_msp432p401r_ccs.obj   18      320       0      
       HAL_UART.obj                  212     36        0      
    +--+-----------------------------+-------+---------+---------+
       Total:                        4464    376       322    
                                                              
    .\driverlib\MSP432P4xx\
       i2c.obj                       1960    0         0      
       interrupt.obj                 1008    144       456    
       gpio.obj                      1152    28        96     
       uart.obj                      1052    0         0      
       cpu.obj                       62      0         0      
    +--+-----------------------------+-------+---------+---------+
       Total:                        5234    172       552    
                                                              
    C:\ti\ccsv7\tools\compiler\ti-cgt-arm_16.9.0.LTS\lib\rtsv7M4_T_le_v4SPD16_eabi.lib
       _printfi.obj                  4410    0         0      
       ull_div_t2.obj                500     0         0      
       fd_add_t2.obj                 438     0         0      
       fd_div_t2.obj                 310     0         0      
       fd_cmp_t2.obj                 268     0         0      
       ctype.obj                     0       257       0      
       fd_mul_t2.obj                 252     0         0      
       s_scalbn.obj                  252     0         0      
       memcpy_t2.obj                 156     0         0      
       memset_t2.obj                 122     0         0      
       autoinit.obj                  112     0         0      
       exit.obj                      84      0         24     
       copy_decompress_lzss.obj      104     0         0      
       s_frexp.obj                   100     0         0      
       sprintf.obj                   96      0         0      
       ltoa.obj                      86      0         0      
       boot.obj                      84      0         0      
       atoi.obj                      76      0         0      
       cpy_tbl.obj                   76      0         0      
       fd_toi_t2.obj                 72      0         0      
       i_tofd_t2.obj                 46      0         0      
       _lock.obj                     20      0         16     
       memccpy.obj                   28      0         0      
       args_main.obj                 24      0         0      
       strchr.obj                    22      0         0      
       s_copysign.obj                20      0         0      
       strlen.obj                    20      0         0      
       copy_decompress_none.obj      14      0         0      
       copy_zero_init.obj            12      0         0      
       errno.obj                     0       0         8      
       stkdepth_vars.obj             0       0         8      
       pre_init.obj                  4       0         0      
       mpu_init.obj                  2       0         0      
       startup.obj                   2       0         0      
    +--+-----------------------------+-------+---------+---------+
       Total:                        7812    257       56     
                                                              
       Stack:                        0       0         1024   
       Linker Generated:             0       207       0      
    +--+-----------------------------+-------+---------+---------+
       Grand Total:                  17510   1012      1954   


LINKER GENERATED COPY TABLES

__TI_cinit_table @ 00004850 records: 3, size/record: 8, table size: 24
	.data: load addr=00004798, load size=0000009b bytes, run addr=200000e4, run size=000000f0 bytes, compression=lzss
	.bss: load addr=00004840, load size=00000008 bytes, run addr=200001d4, run size=00000004 bytes, compression=zero_init
	.vtable: load addr=00004848, load size=00000008 bytes, run addr=20000000, run size=000000e4 bytes, compression=zero_init


LINKER GENERATED HANDLER TABLE

__TI_handler_table @ 00004834 records: 3, size/record: 4, table size: 12
	index: 0, handler: __TI_zero_init
	index: 1, handler: __TI_decompress_lzss
	index: 2, handler: __TI_decompress_none


GLOBAL SYMBOLS: SORTED ALPHABETICALLY BY Name 

address   name                                       
-------   ----                                       
200001ac  ATE1                                       
200001b3  ATV1                                       
000018df  BQ27441_command                            
00001879  BQ27441_control                            
000018a1  BQ27441_controlRead                        
0000127d  BQ27441_initConfig                         
0000169d  BQ27441_initOpConfig                       
00001939  BQ27441_read16                             
000019b1  BQ27441_readChecksum                       
00001909  BQ27441_write16                            
00004355  C$$EXIT                                    
20000158  CGREG                                      
200001a4  CMNET                                      
20000164  COPS                                       
2000016f  CPIN                                       
000044bd  CPU_basepriGet                             
000044af  CPU_basepriSet                             
00004489  CPU_cpsid                                  
0000449f  CPU_cpsie                                  
00004495  CPU_primask                                
000044ab  CPU_wfi                                    
2000017a  CREG                                       
20000190  CSQ                                        
00002f67  CS_init                                    
00002507  GPIO_clearInterruptFlag                    
000024c7  GPIO_disableInterrupt                      
000024a5  GPIO_enableInterrupt                       
0000255f  GPIO_getEnabledInterruptStatus             
00002477  GPIO_getInputPinValue                      
000024e9  GPIO_getInterruptStatus                    
00002fe1  GPIO_init                                  
00002529  GPIO_interruptEdgeSelect                   
0000261f  GPIO_registerInterrupt                     
0000221f  GPIO_setAsInputPin                         
000023d3  GPIO_setAsInputPinWithPullDownResistor     
00002425  GPIO_setAsInputPinWithPullUpResistor       
000021e5  GPIO_setAsOutputPin                        
000022e9  GPIO_setAsPeripheralModuleFunctionInputPin 
00002265  GPIO_setAsPeripheralModuleFunctionOutputPin
000025db  GPIO_setDriveStrengthHigh                  
000025fd  GPIO_setDriveStrengthLow                   
0000236d  GPIO_setOutputHighOnPin                    
0000238f  GPIO_setOutputLowOnPin                     
000023b1  GPIO_toggleOutputOnPin                     
0000263f  GPIO_unregisterInterrupt                   
0000209d  I2C_clearInterruptFlag                     
00002087  I2C_disableInterrupt                       
00001aef  I2C_disableModule                          
00002051  I2C_disableMultiMasterMode                 
00002071  I2C_enableInterrupt                        
00001ad9  I2C_enableModule                           
00002031  I2C_enableMultiMasterMode                  
000020cb  I2C_getEnabledInterruptStatus              
000020b3  I2C_getInterruptStatus                     
000020db  I2C_getMode                                
00001fd7  I2C_getReceiveBufferAddressForDMA          
00001fe5  I2C_getTransmitBufferAddressForDMA         
00003775  I2C_init                                   
0000375d  I2C_initGPIO                               
00001a3d  I2C_initMaster                             
00001a9f  I2C_initSlave                              
00001b93  I2C_isBusBusy                              
00002005  I2C_masterIsStartSent                      
00001ff3  I2C_masterIsStopSent                       
00001efd  I2C_masterReceiveMultiByteFinish           
00001f3b  I2C_masterReceiveMultiByteFinishWithTimeout
00001ee5  I2C_masterReceiveMultiByteNext             
00001f99  I2C_masterReceiveMultiByteStop             
00001fad  I2C_masterReceiveSingle                    
00001b35  I2C_masterReceiveSingleByte                
00001ecb  I2C_masterReceiveStart                     
00001dab  I2C_masterSendMultiByteFinish              
00001df9  I2C_masterSendMultiByteFinishWithTimeout   
00001d41  I2C_masterSendMultiByteNext                
00001d6d  I2C_masterSendMultiByteNextWithTimeout     
00001c97  I2C_masterSendMultiByteStart               
00001ce5  I2C_masterSendMultiByteStartWithTimeout    
00001e65  I2C_masterSendMultiByteStop                
00001e8f  I2C_masterSendMultiByteStopWithTimeout     
00001ba5  I2C_masterSendSingleByte                   
00001c0b  I2C_masterSendSingleByteWithTimeout        
0000201d  I2C_masterSendStart                        
00003877  I2C_read16                                 
0000382f  I2C_read8                                  
000020f1  I2C_registerInterrupt                      
00001b19  I2C_setMode                                
00001b05  I2C_setSlaveAddress                        
0000390d  I2C_setslave                               
00001b7f  I2C_slaveGetData                           
00001b69  I2C_slavePutData                           
000021b3  I2C_slaveSendNAK                           
00002157  I2C_unregisterInterrupt                    
000037d1  I2C_write16                                
0000378d  I2C_write8                                 
00002c43  Interrupt_disableInterrupt                 
00002a93  Interrupt_disableMaster                    
00002e41  Interrupt_disableSleepOnIsrExit            
00002bd1  Interrupt_enableInterrupt                  
00002a83  Interrupt_enableMaster                     
00002e2f  Interrupt_enableSleepOnIsrExit             
00002bab  Interrupt_getPriority                      
00002b23  Interrupt_getPriorityGrouping              
00002e0f  Interrupt_getPriorityMask                  
00002e29  Interrupt_getVectorTableAddress            
00002cb5  Interrupt_isEnabled                        
00002d41  Interrupt_pendInterrupt                    
00002aa3  Interrupt_registerInterrupt                
00002b5b  Interrupt_setPriority                      
00002b09  Interrupt_setPriorityGrouping              
00002dff  Interrupt_setPriorityMask                  
00002e19  Interrupt_setVectorTableAddress            
00002db1  Interrupt_unpendInterrupt                  
00002af5  Interrupt_unregisterInterrupt              
20000185  QIACT                                      
20000123  QICSGP                                     
2000013f  QIDEACT                                    
20000114  QIFGCNT                                    
20000131  QIREGAPP                                   
200001c4  Range                                      
UNDEFED   SHT$$INIT_ARRAY$$Base                      
UNDEFED   SHT$$INIT_ARRAY$$Limit                     
200001d0  SystemCoreClock                            
00003241  SystemCoreClockUpdate                      
000034b5  SystemInit                                 
00002979  UART_clearInterruptFlag                    
000028d1  UART_disableInterrupt                      
000027b3  UART_disableModule                         
000028a1  UART_enableInterrupt                       
0000279d  UART_enableModule                          
0000291d  UART_getEnabledInterruptStatus             
00002901  UART_getInterruptStatus                    
00002869  UART_getReceiveBufferAddressForDMA         
00002877  UART_getTransmitBufferAddressForDMA        
00003e49  UART_init                                  
00003e15  UART_initGPIO                              
00002665  UART_initModule                            
000027c9  UART_queryStatusFlags                      
00002777  UART_receiveData                           
00002999  UART_registerInterrupt                     
000027f1  UART_resetDormant                          
00002885  UART_selectDeglitchTime                    
000027dd  UART_setDormant                            
00002805  UART_transmitAddress                       
00002823  UART_transmitBreak                         
0000274d  UART_transmitData                          
00003e81  UART_transmitString                        
00002a15  UART_unregisterInterrupt                   
4000480c  WDTCTL_SYM                                 
20010000  __STACK_END                                
00000200  __STACK_SIZE                               
00004850  __TI_CINIT_Base                            
00004868  __TI_CINIT_Limit                           
00004834  __TI_Handler_Table_Base                    
00004840  __TI_Handler_Table_Limit                   
0000410d  __TI_auto_init                             
2000014c  __TI_cleanup_ptr                           
0000417d  __TI_decompress_lzss                       
0000458f  __TI_decompress_none                       
20000150  __TI_dtors_ptr                             
20000154  __TI_enable_exit_profile_output            
ffffffff  __TI_pprof_out_hndl                        
00000981  __TI_printfi                               
ffffffff  __TI_prof_data_size                        
ffffffff  __TI_prof_data_start                       
00000000  __TI_static_base__                         
0000459d  __TI_zero_init                             
00003f85  __aeabi_cdcmpeq                            
00003f85  __aeabi_cdcmple                            
0000400b  __aeabi_cdrcmple                           
00004441  __aeabi_d2iz                               
0000393b  __aeabi_dadd                               
00003ae7  __aeabi_ddiv                               
00003c1d  __aeabi_dmul                               
00003931  __aeabi_dsub                               
000044c7  __aeabi_i2d                                
00004091  __aeabi_memclr                             
00004091  __aeabi_memclr4                            
00004091  __aeabi_memclr8                            
00003ee9  __aeabi_memcpy                             
00003ee9  __aeabi_memcpy4                            
00003ee9  __aeabi_memcpy8                            
00004093  __aeabi_memset                             
00004093  __aeabi_memset4                            
00004093  __aeabi_memset8                            
00003569  __aeabi_uldivmod                           
ffffffff  __binit__                                  
ffffffff  __c_args__                                 
0000127b  __mpu_init                                 
2000fe00  __stack                                    
00004511  _args_main                                 
00004301  _c_int00                                   
000045ac  _ctypes_                                   
2000019c  _lock                                      
0000454f  _nop                                       
00004547  _register_lock                             
00004541  _register_unlock                           
00001a3b  _system_post_cinit                         
000045a9  _system_pre_init                           
200001a0  _unlock                                    
00004359  abort                                      
200001ba  at                                         
000043a9  atoi                                       
ffffffff  binit                                      
000043f5  copy_in                                    
00004555  copysign                                   
00004555  copysignl                                  
200001c8  errno                                      
00004361  exit                                       
000041e5  frexp                                      
000041e5  frexpl                                     
20000000  g_pfnRAMVectors                            
200001d4  getUrl                                     
000030ad  gprsInit                                   
000030e7  gsmInit                                    
00004760  i2cConfig                                  
200001c0  idx                                        
00000000  interruptVectors                           
00003d19  ldexp                                      
00003d19  ldexpl                                     
000042a9  ltoa                                       
00002e71  main                                       
200001cc  main_func_sp                               
000044f5  memccpy                                    
00003ee9  memcpy                                     
00004099  memset                                     
00003d19  scalbn                                     
00003d19  scalbnl                                    
00003e93  serialTx0                                  
00003eb3  serialTx1                                  
00004249  sprintf                                    
00004529  strchr                                     
00004569  strlen                                     
00004700  uartConfig                                 


GLOBAL SYMBOLS: SORTED BY Symbol Address 

address   name                                       
-------   ----                                       
00000000  __TI_static_base__                         
00000000  interruptVectors                           
00000200  __STACK_SIZE                               
00000981  __TI_printfi                               
0000127b  __mpu_init                                 
0000127d  BQ27441_initConfig                         
0000169d  BQ27441_initOpConfig                       
00001879  BQ27441_control                            
000018a1  BQ27441_controlRead                        
000018df  BQ27441_command                            
00001909  BQ27441_write16                            
00001939  BQ27441_read16                             
000019b1  BQ27441_readChecksum                       
00001a3b  _system_post_cinit                         
00001a3d  I2C_initMaster                             
00001a9f  I2C_initSlave                              
00001ad9  I2C_enableModule                           
00001aef  I2C_disableModule                          
00001b05  I2C_setSlaveAddress                        
00001b19  I2C_setMode                                
00001b35  I2C_masterReceiveSingleByte                
00001b69  I2C_slavePutData                           
00001b7f  I2C_slaveGetData                           
00001b93  I2C_isBusBusy                              
00001ba5  I2C_masterSendSingleByte                   
00001c0b  I2C_masterSendSingleByteWithTimeout        
00001c97  I2C_masterSendMultiByteStart               
00001ce5  I2C_masterSendMultiByteStartWithTimeout    
00001d41  I2C_masterSendMultiByteNext                
00001d6d  I2C_masterSendMultiByteNextWithTimeout     
00001dab  I2C_masterSendMultiByteFinish              
00001df9  I2C_masterSendMultiByteFinishWithTimeout   
00001e65  I2C_masterSendMultiByteStop                
00001e8f  I2C_masterSendMultiByteStopWithTimeout     
00001ecb  I2C_masterReceiveStart                     
00001ee5  I2C_masterReceiveMultiByteNext             
00001efd  I2C_masterReceiveMultiByteFinish           
00001f3b  I2C_masterReceiveMultiByteFinishWithTimeout
00001f99  I2C_masterReceiveMultiByteStop             
00001fad  I2C_masterReceiveSingle                    
00001fd7  I2C_getReceiveBufferAddressForDMA          
00001fe5  I2C_getTransmitBufferAddressForDMA         
00001ff3  I2C_masterIsStopSent                       
00002005  I2C_masterIsStartSent                      
0000201d  I2C_masterSendStart                        
00002031  I2C_enableMultiMasterMode                  
00002051  I2C_disableMultiMasterMode                 
00002071  I2C_enableInterrupt                        
00002087  I2C_disableInterrupt                       
0000209d  I2C_clearInterruptFlag                     
000020b3  I2C_getInterruptStatus                     
000020cb  I2C_getEnabledInterruptStatus              
000020db  I2C_getMode                                
000020f1  I2C_registerInterrupt                      
00002157  I2C_unregisterInterrupt                    
000021b3  I2C_slaveSendNAK                           
000021e5  GPIO_setAsOutputPin                        
0000221f  GPIO_setAsInputPin                         
00002265  GPIO_setAsPeripheralModuleFunctionOutputPin
000022e9  GPIO_setAsPeripheralModuleFunctionInputPin 
0000236d  GPIO_setOutputHighOnPin                    
0000238f  GPIO_setOutputLowOnPin                     
000023b1  GPIO_toggleOutputOnPin                     
000023d3  GPIO_setAsInputPinWithPullDownResistor     
00002425  GPIO_setAsInputPinWithPullUpResistor       
00002477  GPIO_getInputPinValue                      
000024a5  GPIO_enableInterrupt                       
000024c7  GPIO_disableInterrupt                      
000024e9  GPIO_getInterruptStatus                    
00002507  GPIO_clearInterruptFlag                    
00002529  GPIO_interruptEdgeSelect                   
0000255f  GPIO_getEnabledInterruptStatus             
000025db  GPIO_setDriveStrengthHigh                  
000025fd  GPIO_setDriveStrengthLow                   
0000261f  GPIO_registerInterrupt                     
0000263f  GPIO_unregisterInterrupt                   
00002665  UART_initModule                            
0000274d  UART_transmitData                          
00002777  UART_receiveData                           
0000279d  UART_enableModule                          
000027b3  UART_disableModule                         
000027c9  UART_queryStatusFlags                      
000027dd  UART_setDormant                            
000027f1  UART_resetDormant                          
00002805  UART_transmitAddress                       
00002823  UART_transmitBreak                         
00002869  UART_getReceiveBufferAddressForDMA         
00002877  UART_getTransmitBufferAddressForDMA        
00002885  UART_selectDeglitchTime                    
000028a1  UART_enableInterrupt                       
000028d1  UART_disableInterrupt                      
00002901  UART_getInterruptStatus                    
0000291d  UART_getEnabledInterruptStatus             
00002979  UART_clearInterruptFlag                    
00002999  UART_registerInterrupt                     
00002a15  UART_unregisterInterrupt                   
00002a83  Interrupt_enableMaster                     
00002a93  Interrupt_disableMaster                    
00002aa3  Interrupt_registerInterrupt                
00002af5  Interrupt_unregisterInterrupt              
00002b09  Interrupt_setPriorityGrouping              
00002b23  Interrupt_getPriorityGrouping              
00002b5b  Interrupt_setPriority                      
00002bab  Interrupt_getPriority                      
00002bd1  Interrupt_enableInterrupt                  
00002c43  Interrupt_disableInterrupt                 
00002cb5  Interrupt_isEnabled                        
00002d41  Interrupt_pendInterrupt                    
00002db1  Interrupt_unpendInterrupt                  
00002dff  Interrupt_setPriorityMask                  
00002e0f  Interrupt_getPriorityMask                  
00002e19  Interrupt_setVectorTableAddress            
00002e29  Interrupt_getVectorTableAddress            
00002e2f  Interrupt_enableSleepOnIsrExit             
00002e41  Interrupt_disableSleepOnIsrExit            
00002e71  main                                       
00002f67  CS_init                                    
00002fe1  GPIO_init                                  
000030ad  gprsInit                                   
000030e7  gsmInit                                    
00003241  SystemCoreClockUpdate                      
000034b5  SystemInit                                 
00003569  __aeabi_uldivmod                           
0000375d  I2C_initGPIO                               
00003775  I2C_init                                   
0000378d  I2C_write8                                 
000037d1  I2C_write16                                
0000382f  I2C_read8                                  
00003877  I2C_read16                                 
0000390d  I2C_setslave                               
00003931  __aeabi_dsub                               
0000393b  __aeabi_dadd                               
00003ae7  __aeabi_ddiv                               
00003c1d  __aeabi_dmul                               
00003d19  ldexp                                      
00003d19  ldexpl                                     
00003d19  scalbn                                     
00003d19  scalbnl                                    
00003e15  UART_initGPIO                              
00003e49  UART_init                                  
00003e81  UART_transmitString                        
00003e93  serialTx0                                  
00003eb3  serialTx1                                  
00003ee9  __aeabi_memcpy                             
00003ee9  __aeabi_memcpy4                            
00003ee9  __aeabi_memcpy8                            
00003ee9  memcpy                                     
00003f85  __aeabi_cdcmpeq                            
00003f85  __aeabi_cdcmple                            
0000400b  __aeabi_cdrcmple                           
00004091  __aeabi_memclr                             
00004091  __aeabi_memclr4                            
00004091  __aeabi_memclr8                            
00004093  __aeabi_memset                             
00004093  __aeabi_memset4                            
00004093  __aeabi_memset8                            
00004099  memset                                     
0000410d  __TI_auto_init                             
0000417d  __TI_decompress_lzss                       
000041e5  frexp                                      
000041e5  frexpl                                     
00004249  sprintf                                    
000042a9  ltoa                                       
00004301  _c_int00                                   
00004355  C$$EXIT                                    
00004359  abort                                      
00004361  exit                                       
000043a9  atoi                                       
000043f5  copy_in                                    
00004441  __aeabi_d2iz                               
00004489  CPU_cpsid                                  
00004495  CPU_primask                                
0000449f  CPU_cpsie                                  
000044ab  CPU_wfi                                    
000044af  CPU_basepriSet                             
000044bd  CPU_basepriGet                             
000044c7  __aeabi_i2d                                
000044f5  memccpy                                    
00004511  _args_main                                 
00004529  strchr                                     
00004541  _register_unlock                           
00004547  _register_lock                             
0000454f  _nop                                       
00004555  copysign                                   
00004555  copysignl                                  
00004569  strlen                                     
0000458f  __TI_decompress_none                       
0000459d  __TI_zero_init                             
000045a9  _system_pre_init                           
000045ac  _ctypes_                                   
00004700  uartConfig                                 
00004760  i2cConfig                                  
00004834  __TI_Handler_Table_Base                    
00004840  __TI_Handler_Table_Limit                   
00004850  __TI_CINIT_Base                            
00004868  __TI_CINIT_Limit                           
20000000  g_pfnRAMVectors                            
20000114  QIFGCNT                                    
20000123  QICSGP                                     
20000131  QIREGAPP                                   
2000013f  QIDEACT                                    
2000014c  __TI_cleanup_ptr                           
20000150  __TI_dtors_ptr                             
20000154  __TI_enable_exit_profile_output            
20000158  CGREG                                      
20000164  COPS                                       
2000016f  CPIN                                       
2000017a  CREG                                       
20000185  QIACT                                      
20000190  CSQ                                        
2000019c  _lock                                      
200001a0  _unlock                                    
200001a4  CMNET                                      
200001ac  ATE1                                       
200001b3  ATV1                                       
200001ba  at                                         
200001c0  idx                                        
200001c4  Range                                      
200001c8  errno                                      
200001cc  main_func_sp                               
200001d0  SystemCoreClock                            
200001d4  getUrl                                     
2000fe00  __stack                                    
20010000  __STACK_END                                
4000480c  WDTCTL_SYM                                 
ffffffff  __TI_pprof_out_hndl                        
ffffffff  __TI_prof_data_size                        
ffffffff  __TI_prof_data_start                       
ffffffff  __binit__                                  
ffffffff  __c_args__                                 
ffffffff  binit                                      
UNDEFED   SHT$$INIT_ARRAY$$Base                      
UNDEFED   SHT$$INIT_ARRAY$$Limit                     

[233 symbols]
