******************************************************************************
                  TI ARM Linker PC v16.9.0                     
******************************************************************************
>> Linked Sun Feb 12 19:24:57 2017

OUTPUT FILE NAME:   <MSP432_GPS_GPRS_Fuel_Gauge.out>
ENTRY POINT SYMBOL: "_c_int00"  address: 00004801


MEMORY CONFIGURATION

         name            origin    length      used     unused   attr    fill
----------------------  --------  ---------  --------  --------  ----  --------
  MAIN                  00000000   00040000  00004dcc  0003b234  R  X
  INFO                  00200000   00004000  00000000  00004000  R  X
  SRAM_CODE             01000000   00010000  00000698  0000f968  RW X
  SRAM_DATA             20000000   00010000  00000698  0000f968  RW  


SEGMENT ALLOCATION MAP

run origin  load origin   length   init length attrs members
----------  ----------- ---------- ----------- ----- -------
00000000    00000000    00004dd0   00004dd0    r-x
  00000000    00000000    00000140   00000140    r-- .intvecs
  00000140    00000140    00004980   00004980    r-x .text
  00004ac0    00004ac0    0000020c   0000020c    r-- .const
  00004cd0    00004cd0    00000100   00000100    r-- .cinit
20000000    20000000    00000498   00000000    rw-
  20000000    20000000    000000e4   00000000    rw- .vtable
  200000e4    200000e4    00000298   00000000    rw- .bss
  2000037c    2000037c    0000011c   00000000    rw- .data
2000fe00    2000fe00    00000200   00000000    rw-
  2000fe00    2000fe00    00000200   00000000    rw- .stack


SECTION ALLOCATION MAP

 output                                  attributes/
section   page    origin      length       input sections
--------  ----  ----------  ----------   ----------------
.intvecs   0    00000000    00000140     
                  00000000    00000140     startup_msp432p401r_ccs.obj (.intvecs:retain)

.binit     0    00000000    00000000     

.text      0    00000140    00004980     
                  00000140    0000113a     rtsv7M4_T_le_v4SPD16_eabi.lib : _printfi.obj (.text)
                  0000127a    00000002                                   : mpu_init.obj (.text)
                  0000127c    000008d8     main.obj (.text)
                  00001b54    000007ba     HAL_BQ27441.obj (.text)
                  0000230e    00000002     rtsv7M4_T_le_v4SPD16_eabi.lib : startup.obj (.text)
                  00002310    000007a8     i2c.obj (.text)
                  00002ab8    00000480     gpio.obj (.text)
                  00002f38    0000041c     uart.obj (.text)
                  00003354    000003f0     interrupt.obj (.text)
                  00003744    00000328     system_msp432p401r.obj (.text)
                  00003a6c    000001f4     rtsv7M4_T_le_v4SPD16_eabi.lib : ull_div_t2.obj (.text)
                  00003c60    000001d4     HAL_I2C.obj (.text)
                  00003e34    000001b6     rtsv7M4_T_le_v4SPD16_eabi.lib : fd_add_t2.obj (.text)
                  00003fea    00000136                                   : fd_div_t2.obj (.text)
                  00004120    000000fc                                   : fd_mul_t2.obj (.text)
                  0000421c    000000fc                                   : s_scalbn.obj (.text)
                  00004318    000000d0     HAL_UART.obj (.text)
                  000043e8    0000009c     rtsv7M4_T_le_v4SPD16_eabi.lib : memcpy_t2.obj (.text)
                  00004484    00000086                                   : fd_cmp_t2.obj (.text:__aeabi_cdcmple)
                  0000450a    00000086                                   : fd_cmp_t2.obj (.text:__aeabi_cdrcmple)
                  00004590    0000007a                                   : memset_t2.obj (.text)
                  0000460a    00000002     --HOLE-- [fill = 0]
                  0000460c    00000070                                   : autoinit.obj (.text)
                  0000467c    00000068                                   : copy_decompress_lzss.obj (.text:decompress:lzss)
                  000046e4    00000064                                   : s_frexp.obj (.text)
                  00004748    00000060                                   : sprintf.obj (.text)
                  000047a8    00000056                                   : ltoa.obj (.text)
                  000047fe    00000002     --HOLE-- [fill = 0]
                  00004800    00000054                                   : boot.obj (.text)
                  00004854    00000054                                   : exit.obj (.text)
                  000048a8    0000004c                                   : atoi.obj (.text)
                  000048f4    0000004c                                   : cpy_tbl.obj (.text)
                  00004940    00000048                                   : fd_toi_t2.obj (.text)
                  00004988    0000003e     cpu.obj (.text)
                  000049c6    0000002e     rtsv7M4_T_le_v4SPD16_eabi.lib : i_tofd_t2.obj (.text)
                  000049f4    0000001c                                   : memccpy.obj (.text)
                  00004a10    00000018                                   : args_main.obj (.text)
                  00004a28    00000016                                   : strchr.obj (.text)
                  00004a3e    00000002     --HOLE-- [fill = 0]
                  00004a40    00000014                                   : _lock.obj (.text)
                  00004a54    00000014                                   : s_copysign.obj (.text)
                  00004a68    00000014                                   : strcpy.obj (.text)
                  00004a7c    00000014                                   : strlen.obj (.text)
                  00004a90    00000012     startup_msp432p401r_ccs.obj (.text)
                  00004aa2    0000000e     rtsv7M4_T_le_v4SPD16_eabi.lib : copy_decompress_none.obj (.text:decompress:none)
                  00004ab0    0000000c                                   : copy_zero_init.obj (.text:decompress:ZI)
                  00004abc    00000004                                   : pre_init.obj (.text)

.const     0    00004ac0    0000020c     
                  00004ac0    00000101     rtsv7M4_T_le_v4SPD16_eabi.lib : ctype.obj (.const:.string:_ctypes_)
                  00004bc1    00000003     --HOLE-- [fill = 0]
                  00004bc4    00000050     interrupt.obj (.const:g_pulRegs)
                  00004c14    00000024     HAL_UART.obj (.const:uartConfig)
                  00004c38    00000024     HAL_UART.obj (.const:uartConfigGps)
                  00004c5c    00000020     interrupt.obj (.const:g_pulPriority)
                  00004c7c    0000001c     gpio.obj (.const:GPIO_PORT_TO_INT)
                  00004c98    00000014     HAL_I2C.obj (.const:i2cConfig)
                  00004cac    00000008     interrupt.obj (.const:g_pulDisRegs)
                  00004cb4    00000008     interrupt.obj (.const:g_pulEnRegs)
                  00004cbc    00000008     interrupt.obj (.const:g_pulPendRegs)
                  00004cc4    00000008     interrupt.obj (.const:g_pulUnpendRegs)

.cinit     0    00004cd0    00000100     
                  00004cd0    000000c6     (.cinit..data.load) [load image, compression = lzss]
                  00004d96    00000002     --HOLE-- [fill = 0]
                  00004d98    0000000c     (__TI_handler_table)
                  00004da4    00000004     --HOLE-- [fill = 0]
                  00004da8    00000008     (.cinit..bss.load) [load image, compression = zero_init]
                  00004db0    00000008     (.cinit..vtable.load) [load image, compression = zero_init]
                  00004db8    00000018     (__TI_cinit_table)

.init_array 
*          0    00000000    00000000     UNINITIALIZED

.vtable    0    20000000    000000e4     UNINITIALIZED
                  20000000    000000e4     interrupt.obj (.vtable)

.bss       0    200000e4    00000298     UNINITIALIZED
                  200000e4    000001f4     (.common:getUrl)
                  200002d8    00000064     (.common:temp)
                  2000033c    00000014     (.common:latc)
                  20000350    00000014     (.common:lngc)
                  20000364    0000000c     (.common:battCap)
                  20000370    0000000c     (.common:battState)

.data      0    2000037c    0000011c     UNINITIALIZED
                  2000037c    00000030     gpio.obj (.data:GPIO_PORT_TO_BASE)
                  200003ac    0000001c     main.obj (.data)
                  200003c8    00000018     main.obj (.data:QICSGP)
                  200003e0    00000014     main.obj (.data:rootUrl)
                  200003f4    0000000f     main.obj (.data:QIFGCNT)
                  20000403    0000000e     main.obj (.data:QIREGAPP)
                  20000411    0000000d     main.obj (.data:QIDEACT)
                  2000041e    00000002     --HOLE--
                  20000420    0000000c     rtsv7M4_T_le_v4SPD16_eabi.lib : exit.obj (.data:$O1$$)
                  2000042c    0000000c     main.obj (.data:CGREG)
                  20000438    0000000b     main.obj (.data:COPS)
                  20000443    0000000b     main.obj (.data:CPIN)
                  2000044e    0000000b     main.obj (.data:CREG)
                  20000459    0000000b     main.obj (.data:QIACT)
                  20000464    00000009     main.obj (.data:CSQ)
                  2000046d    00000003     --HOLE--
                  20000470    00000008     rtsv7M4_T_le_v4SPD16_eabi.lib : _lock.obj (.data:$O1$$)
                  20000478    00000007     main.obj (.data:ATE1)
                  2000047f    00000007     main.obj (.data:ATV1)
                  20000486    00000005     main.obj (.data:at)
                  2000048b    00000001     --HOLE--
                  2000048c    00000004     rtsv7M4_T_le_v4SPD16_eabi.lib : errno.obj (.data)
                  20000490    00000004                                   : stkdepth_vars.obj (.data)
                  20000494    00000004     system_msp432p401r.obj (.data)

.stack     0    2000fe00    00000200     UNINITIALIZED
                  2000fe00    00000200     --HOLE--

MODULE SUMMARY

       Module                        code    ro data   rw data
       ------                        ----    -------   -------
    .\
       main.obj                      2264    0         1724   
       HAL_BQ27441.obj               1978    0         0      
       system_msp432p401r.obj        808     0         8      
       HAL_I2C.obj                   468     20        0      
       startup_msp432p401r_ccs.obj   18      320       0      
       HAL_UART.obj                  208     72        0      
    +--+-----------------------------+-------+---------+---------+
       Total:                        5744    412       1732   
                                                              
    .\driverlib\MSP432P4xx\
       i2c.obj                       1960    0         0      
       interrupt.obj                 1008    144       456    
       gpio.obj                      1152    28        96     
       uart.obj                      1052    0         0      
       cpu.obj                       62      0         0      
    +--+-----------------------------+-------+---------+---------+
       Total:                        5234    172       552    
                                                              
    C:\ti\ccsv7\tools\compiler\ti-cgt-arm_16.9.0.LTS\lib\rtsv7M4_T_le_v4SPD16_eabi.lib
       _printfi.obj                  4410    0         0      
       ull_div_t2.obj                500     0         0      
       fd_add_t2.obj                 438     0         0      
       fd_div_t2.obj                 310     0         0      
       fd_cmp_t2.obj                 268     0         0      
       ctype.obj                     0       257       0      
       fd_mul_t2.obj                 252     0         0      
       s_scalbn.obj                  252     0         0      
       memcpy_t2.obj                 156     0         0      
       memset_t2.obj                 122     0         0      
       autoinit.obj                  112     0         0      
       exit.obj                      84      0         24     
       copy_decompress_lzss.obj      104     0         0      
       s_frexp.obj                   100     0         0      
       sprintf.obj                   96      0         0      
       ltoa.obj                      86      0         0      
       boot.obj                      84      0         0      
       atoi.obj                      76      0         0      
       cpy_tbl.obj                   76      0         0      
       fd_toi_t2.obj                 72      0         0      
       i_tofd_t2.obj                 46      0         0      
       _lock.obj                     20      0         16     
       memccpy.obj                   28      0         0      
       args_main.obj                 24      0         0      
       strchr.obj                    22      0         0      
       s_copysign.obj                20      0         0      
       strcpy.obj                    20      0         0      
       strlen.obj                    20      0         0      
       copy_decompress_none.obj      14      0         0      
       copy_zero_init.obj            12      0         0      
       errno.obj                     0       0         8      
       stkdepth_vars.obj             0       0         8      
       pre_init.obj                  4       0         0      
       mpu_init.obj                  2       0         0      
       startup.obj                   2       0         0      
    +--+-----------------------------+-------+---------+---------+
       Total:                        7832    257       56     
                                                              
       Stack:                        0       0         1024   
       Linker Generated:             0       250       0      
    +--+-----------------------------+-------+---------+---------+
       Grand Total:                  18810   1091      3364   


LINKER GENERATED COPY TABLES

__TI_cinit_table @ 00004db8 records: 3, size/record: 8, table size: 24
	.data: load addr=00004cd0, load size=000000c6 bytes, run addr=2000037c, run size=0000011c bytes, compression=lzss
	.bss: load addr=00004da8, load size=00000008 bytes, run addr=200000e4, run size=00000298 bytes, compression=zero_init
	.vtable: load addr=00004db0, load size=00000008 bytes, run addr=20000000, run size=000000e4 bytes, compression=zero_init


LINKER GENERATED HANDLER TABLE

__TI_handler_table @ 00004d98 records: 3, size/record: 4, table size: 12
	index: 0, handler: __TI_zero_init
	index: 1, handler: __TI_decompress_lzss
	index: 2, handler: __TI_decompress_none


GLOBAL SYMBOLS: SORTED ALPHABETICALLY BY Name 

address   name                                       
-------   ----                                       
20000478  ATE1                                       
2000047f  ATV1                                       
000021b3  BQ27441_command                            
0000214d  BQ27441_control                            
00002175  BQ27441_controlRead                        
00001b55  BQ27441_initConfig                         
00001f71  BQ27441_initOpConfig                       
0000220d  BQ27441_read16                             
00002285  BQ27441_readChecksum                       
000021dd  BQ27441_write16                            
000016e5  BatInitFn                                  
0000176f  BleReq                                     
00004855  C$$EXIT                                    
2000042c  CGREG                                      
20000438  COPS                                       
20000443  CPIN                                       
000049bd  CPU_basepriGet                             
000049af  CPU_basepriSet                             
00004989  CPU_cpsid                                  
0000499f  CPU_cpsie                                  
00004995  CPU_primask                                
000049ab  CPU_wfi                                    
2000044e  CREG                                       
20000464  CSQ                                        
00001521  CS_init                                    
00002ddb  GPIO_clearInterruptFlag                    
00002d9b  GPIO_disableInterrupt                      
00002d79  GPIO_enableInterrupt                       
00002e33  GPIO_getEnabledInterruptStatus             
00002d4b  GPIO_getInputPinValue                      
00002dbd  GPIO_getInterruptStatus                    
000015a9  GPIO_init                                  
00002dfd  GPIO_interruptEdgeSelect                   
00002ef3  GPIO_registerInterrupt                     
00002af3  GPIO_setAsInputPin                         
00002ca7  GPIO_setAsInputPinWithPullDownResistor     
00002cf9  GPIO_setAsInputPinWithPullUpResistor       
00002ab9  GPIO_setAsOutputPin                        
00002bbd  GPIO_setAsPeripheralModuleFunctionInputPin 
00002b39  GPIO_setAsPeripheralModuleFunctionOutputPin
00002eaf  GPIO_setDriveStrengthHigh                  
00002ed1  GPIO_setDriveStrengthLow                   
00002c41  GPIO_setOutputHighOnPin                    
00002c63  GPIO_setOutputLowOnPin                     
00002c85  GPIO_toggleOutputOnPin                     
00002f13  GPIO_unregisterInterrupt                   
00002971  I2C_clearInterruptFlag                     
0000295b  I2C_disableInterrupt                       
000023c3  I2C_disableModule                          
00002925  I2C_disableMultiMasterMode                 
00002945  I2C_enableInterrupt                        
000023ad  I2C_enableModule                           
00002905  I2C_enableMultiMasterMode                  
0000299f  I2C_getEnabledInterruptStatus              
00002987  I2C_getInterruptStatus                     
000029af  I2C_getMode                                
000028ab  I2C_getReceiveBufferAddressForDMA          
000028b9  I2C_getTransmitBufferAddressForDMA         
00003c79  I2C_init                                   
00003c61  I2C_initGPIO                               
00002311  I2C_initMaster                             
00002373  I2C_initSlave                              
00002467  I2C_isBusBusy                              
000028d9  I2C_masterIsStartSent                      
000028c7  I2C_masterIsStopSent                       
000027d1  I2C_masterReceiveMultiByteFinish           
0000280f  I2C_masterReceiveMultiByteFinishWithTimeout
000027b9  I2C_masterReceiveMultiByteNext             
0000286d  I2C_masterReceiveMultiByteStop             
00002881  I2C_masterReceiveSingle                    
00002409  I2C_masterReceiveSingleByte                
0000279f  I2C_masterReceiveStart                     
0000267f  I2C_masterSendMultiByteFinish              
000026cd  I2C_masterSendMultiByteFinishWithTimeout   
00002615  I2C_masterSendMultiByteNext                
00002641  I2C_masterSendMultiByteNextWithTimeout     
0000256b  I2C_masterSendMultiByteStart               
000025b9  I2C_masterSendMultiByteStartWithTimeout    
00002739  I2C_masterSendMultiByteStop                
00002763  I2C_masterSendMultiByteStopWithTimeout     
00002479  I2C_masterSendSingleByte                   
000024df  I2C_masterSendSingleByteWithTimeout        
000028f1  I2C_masterSendStart                        
00003d7b  I2C_read16                                 
00003d33  I2C_read8                                  
000029c5  I2C_registerInterrupt                      
000023ed  I2C_setMode                                
000023d9  I2C_setSlaveAddress                        
00003e11  I2C_setslave                               
00002453  I2C_slaveGetData                           
0000243d  I2C_slavePutData                           
00002a87  I2C_slaveSendNAK                           
00002a2b  I2C_unregisterInterrupt                    
00003cd5  I2C_write16                                
00003c91  I2C_write8                                 
00003517  Interrupt_disableInterrupt                 
00003367  Interrupt_disableMaster                    
00003715  Interrupt_disableSleepOnIsrExit            
000034a5  Interrupt_enableInterrupt                  
00003357  Interrupt_enableMaster                     
00003703  Interrupt_enableSleepOnIsrExit             
0000347f  Interrupt_getPriority                      
000033f7  Interrupt_getPriorityGrouping              
000036e3  Interrupt_getPriorityMask                  
000036fd  Interrupt_getVectorTableAddress            
00003589  Interrupt_isEnabled                        
00003615  Interrupt_pendInterrupt                    
00003377  Interrupt_registerInterrupt                
0000342f  Interrupt_setPriority                      
000033dd  Interrupt_setPriorityGrouping              
000036d3  Interrupt_setPriorityMask                  
000036ed  Interrupt_setVectorTableAddress            
00003685  Interrupt_unpendInterrupt                  
000033c9  Interrupt_unregisterInterrupt              
0000189b  LogToServer                                
00001885  PowerCheck                                 
00001853  PowerOnGprs                                
20000459  QIACT                                      
200003c8  QICSGP                                     
20000411  QIDEACT                                    
200003f4  QIFGCNT                                    
20000403  QIREGAPP                                   
200003b4  Range                                      
UNDEFED   SHT$$INIT_ARRAY$$Base                      
UNDEFED   SHT$$INIT_ARRAY$$Limit                     
20000494  SystemCoreClock                            
00003745  SystemCoreClockUpdate                      
000039b9  SystemInit                                 
0000324d  UART_clearInterruptFlag                    
000031a5  UART_disableInterrupt                      
00003087  UART_disableModule                         
00003175  UART_enableInterrupt                       
00003071  UART_enableModule                          
000031f1  UART_getEnabledInterruptStatus             
000031d5  UART_getInterruptStatus                    
0000313d  UART_getReceiveBufferAddressForDMA         
0000314b  UART_getTransmitBufferAddressForDMA        
0000433d  UART_init                                  
00004319  UART_initGPIO                              
00002f39  UART_initModule                            
0000309d  UART_queryStatusFlags                      
0000304b  UART_receiveData                           
0000326d  UART_registerInterrupt                     
000030c5  UART_resetDormant                          
00003159  UART_selectDeglitchTime                    
000030b1  UART_setDormant                            
000030d9  UART_transmitAddress                       
000030f7  UART_transmitBreak                         
00003021  UART_transmitData                          
00004375  UART_transmitString                        
000032e9  UART_unregisterInterrupt                   
4000480c  WDTCTL_SYM                                 
20010000  __STACK_END                                
00000200  __STACK_SIZE                               
00004db8  __TI_CINIT_Base                            
00004dd0  __TI_CINIT_Limit                           
00004d98  __TI_Handler_Table_Base                    
00004da4  __TI_Handler_Table_Limit                   
0000460d  __TI_auto_init                             
20000420  __TI_cleanup_ptr                           
0000467d  __TI_decompress_lzss                       
00004aa3  __TI_decompress_none                       
20000424  __TI_dtors_ptr                             
20000428  __TI_enable_exit_profile_output            
ffffffff  __TI_pprof_out_hndl                        
00000981  __TI_printfi                               
ffffffff  __TI_prof_data_size                        
ffffffff  __TI_prof_data_start                       
00000000  __TI_static_base__                         
00004ab1  __TI_zero_init                             
00004485  __aeabi_cdcmpeq                            
00004485  __aeabi_cdcmple                            
0000450b  __aeabi_cdrcmple                           
00004941  __aeabi_d2iz                               
00003e3f  __aeabi_dadd                               
00003feb  __aeabi_ddiv                               
00004121  __aeabi_dmul                               
00003e35  __aeabi_dsub                               
000049c7  __aeabi_i2d                                
00004591  __aeabi_memclr                             
00004591  __aeabi_memclr4                            
00004591  __aeabi_memclr8                            
000043e9  __aeabi_memcpy                             
000043e9  __aeabi_memcpy4                            
000043e9  __aeabi_memcpy8                            
00004593  __aeabi_memset                             
00004593  __aeabi_memset4                            
00004593  __aeabi_memset8                            
00003a6d  __aeabi_uldivmod                           
ffffffff  __binit__                                  
ffffffff  __c_args__                                 
0000127b  __mpu_init                                 
2000fe00  __stack                                    
00004a11  _args_main                                 
00004801  _c_int00                                   
00004ac0  _ctypes_                                   
20000470  _lock                                      
00004a4f  _nop                                       
00004a47  _register_lock                             
00004a41  _register_unlock                           
0000230f  _system_post_cinit                         
00004abd  _system_pre_init                           
20000474  _unlock                                    
200003ac  aCount                                     
00004859  abort                                      
20000486  at                                         
000048a9  atoi                                       
200003b8  bat                                        
20000364  battCap                                    
20000370  battState                                  
ffffffff  binit                                      
000048f5  copy_in                                    
00004a55  copysign                                   
00004a55  copysignl                                  
2000048c  errno                                      
00004861  exit                                       
000046e5  frexp                                      
000046e5  frexpl                                     
20000000  g_pfnRAMVectors                            
200000e4  getUrl                                     
000017a3  gprsInit                                   
000017fd  gsmInit                                    
200003c4  i                                          
00004c98  i2cConfig                                  
200003b0  idx                                        
00000000  interruptVectors                           
200003bc  j                                          
200003b6  lat                                        
2000033c  latc                                       
0000421d  ldexp                                      
0000421d  ldexpl                                     
200003b7  lng                                        
20000350  lngc                                       
000047a9  ltoa                                       
0000127d  main                                       
20000490  main_func_sp                               
000049f5  memccpy                                    
000043e9  memcpy                                     
00004599  memset                                     
200003c0  q                                          
200003e0  rootUrl                                    
0000421d  scalbn                                     
0000421d  scalbnl                                    
0000438f  serialTx0                                  
000043af  serialTx1                                  
00004749  sprintf                                    
200003b9  status                                     
00004a29  strchr                                     
00004a69  strcpy                                     
00004a7d  strlen                                     
200003b5  t                                          
200002d8  temp                                       
00004c14  uartConfig                                 
00004c38  uartConfigGps                              


GLOBAL SYMBOLS: SORTED BY Symbol Address 

address   name                                       
-------   ----                                       
00000000  __TI_static_base__                         
00000000  interruptVectors                           
00000200  __STACK_SIZE                               
00000981  __TI_printfi                               
0000127b  __mpu_init                                 
0000127d  main                                       
00001521  CS_init                                    
000015a9  GPIO_init                                  
000016e5  BatInitFn                                  
0000176f  BleReq                                     
000017a3  gprsInit                                   
000017fd  gsmInit                                    
00001853  PowerOnGprs                                
00001885  PowerCheck                                 
0000189b  LogToServer                                
00001b55  BQ27441_initConfig                         
00001f71  BQ27441_initOpConfig                       
0000214d  BQ27441_control                            
00002175  BQ27441_controlRead                        
000021b3  BQ27441_command                            
000021dd  BQ27441_write16                            
0000220d  BQ27441_read16                             
00002285  BQ27441_readChecksum                       
0000230f  _system_post_cinit                         
00002311  I2C_initMaster                             
00002373  I2C_initSlave                              
000023ad  I2C_enableModule                           
000023c3  I2C_disableModule                          
000023d9  I2C_setSlaveAddress                        
000023ed  I2C_setMode                                
00002409  I2C_masterReceiveSingleByte                
0000243d  I2C_slavePutData                           
00002453  I2C_slaveGetData                           
00002467  I2C_isBusBusy                              
00002479  I2C_masterSendSingleByte                   
000024df  I2C_masterSendSingleByteWithTimeout        
0000256b  I2C_masterSendMultiByteStart               
000025b9  I2C_masterSendMultiByteStartWithTimeout    
00002615  I2C_masterSendMultiByteNext                
00002641  I2C_masterSendMultiByteNextWithTimeout     
0000267f  I2C_masterSendMultiByteFinish              
000026cd  I2C_masterSendMultiByteFinishWithTimeout   
00002739  I2C_masterSendMultiByteStop                
00002763  I2C_masterSendMultiByteStopWithTimeout     
0000279f  I2C_masterReceiveStart                     
000027b9  I2C_masterReceiveMultiByteNext             
000027d1  I2C_masterReceiveMultiByteFinish           
0000280f  I2C_masterReceiveMultiByteFinishWithTimeout
0000286d  I2C_masterReceiveMultiByteStop             
00002881  I2C_masterReceiveSingle                    
000028ab  I2C_getReceiveBufferAddressForDMA          
000028b9  I2C_getTransmitBufferAddressForDMA         
000028c7  I2C_masterIsStopSent                       
000028d9  I2C_masterIsStartSent                      
000028f1  I2C_masterSendStart                        
00002905  I2C_enableMultiMasterMode                  
00002925  I2C_disableMultiMasterMode                 
00002945  I2C_enableInterrupt                        
0000295b  I2C_disableInterrupt                       
00002971  I2C_clearInterruptFlag                     
00002987  I2C_getInterruptStatus                     
0000299f  I2C_getEnabledInterruptStatus              
000029af  I2C_getMode                                
000029c5  I2C_registerInterrupt                      
00002a2b  I2C_unregisterInterrupt                    
00002a87  I2C_slaveSendNAK                           
00002ab9  GPIO_setAsOutputPin                        
00002af3  GPIO_setAsInputPin                         
00002b39  GPIO_setAsPeripheralModuleFunctionOutputPin
00002bbd  GPIO_setAsPeripheralModuleFunctionInputPin 
00002c41  GPIO_setOutputHighOnPin                    
00002c63  GPIO_setOutputLowOnPin                     
00002c85  GPIO_toggleOutputOnPin                     
00002ca7  GPIO_setAsInputPinWithPullDownResistor     
00002cf9  GPIO_setAsInputPinWithPullUpResistor       
00002d4b  GPIO_getInputPinValue                      
00002d79  GPIO_enableInterrupt                       
00002d9b  GPIO_disableInterrupt                      
00002dbd  GPIO_getInterruptStatus                    
00002ddb  GPIO_clearInterruptFlag                    
00002dfd  GPIO_interruptEdgeSelect                   
00002e33  GPIO_getEnabledInterruptStatus             
00002eaf  GPIO_setDriveStrengthHigh                  
00002ed1  GPIO_setDriveStrengthLow                   
00002ef3  GPIO_registerInterrupt                     
00002f13  GPIO_unregisterInterrupt                   
00002f39  UART_initModule                            
00003021  UART_transmitData                          
0000304b  UART_receiveData                           
00003071  UART_enableModule                          
00003087  UART_disableModule                         
0000309d  UART_queryStatusFlags                      
000030b1  UART_setDormant                            
000030c5  UART_resetDormant                          
000030d9  UART_transmitAddress                       
000030f7  UART_transmitBreak                         
0000313d  UART_getReceiveBufferAddressForDMA         
0000314b  UART_getTransmitBufferAddressForDMA        
00003159  UART_selectDeglitchTime                    
00003175  UART_enableInterrupt                       
000031a5  UART_disableInterrupt                      
000031d5  UART_getInterruptStatus                    
000031f1  UART_getEnabledInterruptStatus             
0000324d  UART_clearInterruptFlag                    
0000326d  UART_registerInterrupt                     
000032e9  UART_unregisterInterrupt                   
00003357  Interrupt_enableMaster                     
00003367  Interrupt_disableMaster                    
00003377  Interrupt_registerInterrupt                
000033c9  Interrupt_unregisterInterrupt              
000033dd  Interrupt_setPriorityGrouping              
000033f7  Interrupt_getPriorityGrouping              
0000342f  Interrupt_setPriority                      
0000347f  Interrupt_getPriority                      
000034a5  Interrupt_enableInterrupt                  
00003517  Interrupt_disableInterrupt                 
00003589  Interrupt_isEnabled                        
00003615  Interrupt_pendInterrupt                    
00003685  Interrupt_unpendInterrupt                  
000036d3  Interrupt_setPriorityMask                  
000036e3  Interrupt_getPriorityMask                  
000036ed  Interrupt_setVectorTableAddress            
000036fd  Interrupt_getVectorTableAddress            
00003703  Interrupt_enableSleepOnIsrExit             
00003715  Interrupt_disableSleepOnIsrExit            
00003745  SystemCoreClockUpdate                      
000039b9  SystemInit                                 
00003a6d  __aeabi_uldivmod                           
00003c61  I2C_initGPIO                               
00003c79  I2C_init                                   
00003c91  I2C_write8                                 
00003cd5  I2C_write16                                
00003d33  I2C_read8                                  
00003d7b  I2C_read16                                 
00003e11  I2C_setslave                               
00003e35  __aeabi_dsub                               
00003e3f  __aeabi_dadd                               
00003feb  __aeabi_ddiv                               
00004121  __aeabi_dmul                               
0000421d  ldexp                                      
0000421d  ldexpl                                     
0000421d  scalbn                                     
0000421d  scalbnl                                    
00004319  UART_initGPIO                              
0000433d  UART_init                                  
00004375  UART_transmitString                        
0000438f  serialTx0                                  
000043af  serialTx1                                  
000043e9  __aeabi_memcpy                             
000043e9  __aeabi_memcpy4                            
000043e9  __aeabi_memcpy8                            
000043e9  memcpy                                     
00004485  __aeabi_cdcmpeq                            
00004485  __aeabi_cdcmple                            
0000450b  __aeabi_cdrcmple                           
00004591  __aeabi_memclr                             
00004591  __aeabi_memclr4                            
00004591  __aeabi_memclr8                            
00004593  __aeabi_memset                             
00004593  __aeabi_memset4                            
00004593  __aeabi_memset8                            
00004599  memset                                     
0000460d  __TI_auto_init                             
0000467d  __TI_decompress_lzss                       
000046e5  frexp                                      
000046e5  frexpl                                     
00004749  sprintf                                    
000047a9  ltoa                                       
00004801  _c_int00                                   
00004855  C$$EXIT                                    
00004859  abort                                      
00004861  exit                                       
000048a9  atoi                                       
000048f5  copy_in                                    
00004941  __aeabi_d2iz                               
00004989  CPU_cpsid                                  
00004995  CPU_primask                                
0000499f  CPU_cpsie                                  
000049ab  CPU_wfi                                    
000049af  CPU_basepriSet                             
000049bd  CPU_basepriGet                             
000049c7  __aeabi_i2d                                
000049f5  memccpy                                    
00004a11  _args_main                                 
00004a29  strchr                                     
00004a41  _register_unlock                           
00004a47  _register_lock                             
00004a4f  _nop                                       
00004a55  copysign                                   
00004a55  copysignl                                  
00004a69  strcpy                                     
00004a7d  strlen                                     
00004aa3  __TI_decompress_none                       
00004ab1  __TI_zero_init                             
00004abd  _system_pre_init                           
00004ac0  _ctypes_                                   
00004c14  uartConfig                                 
00004c38  uartConfigGps                              
00004c98  i2cConfig                                  
00004d98  __TI_Handler_Table_Base                    
00004da4  __TI_Handler_Table_Limit                   
00004db8  __TI_CINIT_Base                            
00004dd0  __TI_CINIT_Limit                           
20000000  g_pfnRAMVectors                            
200000e4  getUrl                                     
200002d8  temp                                       
2000033c  latc                                       
20000350  lngc                                       
20000364  battCap                                    
20000370  battState                                  
200003ac  aCount                                     
200003b0  idx                                        
200003b4  Range                                      
200003b5  t                                          
200003b6  lat                                        
200003b7  lng                                        
200003b8  bat                                        
200003b9  status                                     
200003bc  j                                          
200003c0  q                                          
200003c4  i                                          
200003c8  QICSGP                                     
200003e0  rootUrl                                    
200003f4  QIFGCNT                                    
20000403  QIREGAPP                                   
20000411  QIDEACT                                    
20000420  __TI_cleanup_ptr                           
20000424  __TI_dtors_ptr                             
20000428  __TI_enable_exit_profile_output            
2000042c  CGREG                                      
20000438  COPS                                       
20000443  CPIN                                       
2000044e  CREG                                       
20000459  QIACT                                      
20000464  CSQ                                        
20000470  _lock                                      
20000474  _unlock                                    
20000478  ATE1                                       
2000047f  ATV1                                       
20000486  at                                         
2000048c  errno                                      
20000490  main_func_sp                               
20000494  SystemCoreClock                            
2000fe00  __stack                                    
20010000  __STACK_END                                
4000480c  WDTCTL_SYM                                 
ffffffff  __TI_pprof_out_hndl                        
ffffffff  __TI_prof_data_size                        
ffffffff  __TI_prof_data_start                       
ffffffff  __binit__                                  
ffffffff  __c_args__                                 
ffffffff  binit                                      
UNDEFED   SHT$$INIT_ARRAY$$Base                      
UNDEFED   SHT$$INIT_ARRAY$$Limit                     

[254 symbols]
