******************************************************************************
                  TI ARM Linker PC v16.9.0                     
******************************************************************************
>> Linked Fri Feb 10 14:04:33 2017

OUTPUT FILE NAME:   <MSP432_GPS_GPRS_Fuel_Gauge.out>
ENTRY POINT SYMBOL: "_c_int00"  address: 000045fd


MEMORY CONFIGURATION

         name            origin    length      used     unused   attr    fill
----------------------  --------  ---------  --------  --------  ----  --------
  MAIN                  00000000   00040000  00004ba0  0003b460  R  X
  INFO                  00200000   00004000  00000000  00004000  R  X
  SRAM_CODE             01000000   00010000  00000408  0000fbf8  RW X
  SRAM_DATA             20000000   00010000  00000408  0000fbf8  RW  


SEGMENT ALLOCATION MAP

run origin  load origin   length   init length attrs members
----------  ----------- ---------- ----------- ----- -------
00000000    00000000    00004ba0   00004ba0    r-x
  00000000    00000000    00000140   00000140    r-- .intvecs
  00000140    00000140    00004768   00004768    r-x .text
  000048a8    000048a8    000001e8   000001e8    r-- .const
  00004a90    00004a90    00000110   00000110    r-- .cinit
20000000    20000000    00000208   00000000    rw-
  20000000    20000000    000000e4   00000000    rw- .vtable
  200000e4    200000e4    00000120   00000000    rw- .data
  20000204    20000204    00000004   00000000    rw- .bss
2000fe00    2000fe00    00000200   00000000    rw-
  2000fe00    2000fe00    00000200   00000000    rw- .stack


SECTION ALLOCATION MAP

 output                                  attributes/
section   page    origin      length       input sections
--------  ----  ----------  ----------   ----------------
.intvecs   0    00000000    00000140     
                  00000000    00000140     startup_msp432p401r_ccs.obj (.intvecs:retain)

.binit     0    00000000    00000000     

.text      0    00000140    00004768     
                  00000140    0000113a     rtsv7M4_T_le_v4SPD16_eabi.lib : _printfi.obj (.text)
                  0000127a    00000002                                   : mpu_init.obj (.text)
                  0000127c    000007ba     HAL_BQ27441.obj (.text)
                  00001a36    00000002     rtsv7M4_T_le_v4SPD16_eabi.lib : startup.obj (.text)
                  00001a38    000007a8     i2c.obj (.text)
                  000021e0    000006b8     main.obj (.text)
                  00002898    00000480     gpio.obj (.text)
                  00002d18    0000041c     uart.obj (.text)
                  00003134    000003f0     interrupt.obj (.text)
                  00003524    00000328     system_msp432p401r.obj (.text)
                  0000384c    000001f4     rtsv7M4_T_le_v4SPD16_eabi.lib : ull_div_t2.obj (.text)
                  00003a40    000001d4     HAL_I2C.obj (.text)
                  00003c14    000001b6     rtsv7M4_T_le_v4SPD16_eabi.lib : fd_add_t2.obj (.text)
                  00003dca    00000136                                   : fd_div_t2.obj (.text)
                  00003f00    000000fc                                   : fd_mul_t2.obj (.text)
                  00003ffc    000000fc                                   : s_scalbn.obj (.text)
                  000040f8    000000ec     HAL_UART.obj (.text)
                  000041e4    0000009c     rtsv7M4_T_le_v4SPD16_eabi.lib : memcpy_t2.obj (.text)
                  00004280    00000086                                   : fd_cmp_t2.obj (.text:__aeabi_cdcmple)
                  00004306    00000086                                   : fd_cmp_t2.obj (.text:__aeabi_cdrcmple)
                  0000438c    0000007a                                   : memset_t2.obj (.text)
                  00004406    00000002     --HOLE-- [fill = 0]
                  00004408    00000070                                   : autoinit.obj (.text)
                  00004478    00000068                                   : copy_decompress_lzss.obj (.text:decompress:lzss)
                  000044e0    00000064                                   : s_frexp.obj (.text)
                  00004544    00000060                                   : sprintf.obj (.text)
                  000045a4    00000056                                   : ltoa.obj (.text)
                  000045fa    00000002     --HOLE-- [fill = 0]
                  000045fc    00000054                                   : boot.obj (.text)
                  00004650    00000054                                   : exit.obj (.text)
                  000046a4    0000004c                                   : atoi.obj (.text)
                  000046f0    0000004c                                   : cpy_tbl.obj (.text)
                  0000473c    00000048                                   : fd_toi_t2.obj (.text)
                  00004784    0000003e     cpu.obj (.text)
                  000047c2    0000002e     rtsv7M4_T_le_v4SPD16_eabi.lib : i_tofd_t2.obj (.text)
                  000047f0    0000001c                                   : memccpy.obj (.text)
                  0000480c    00000018                                   : args_main.obj (.text)
                  00004824    00000016                                   : strchr.obj (.text)
                  0000483a    00000002     --HOLE-- [fill = 0]
                  0000483c    00000014                                   : _lock.obj (.text)
                  00004850    00000014                                   : s_copysign.obj (.text)
                  00004864    00000014                                   : strlen.obj (.text)
                  00004878    00000012     startup_msp432p401r_ccs.obj (.text)
                  0000488a    0000000e     rtsv7M4_T_le_v4SPD16_eabi.lib : copy_decompress_none.obj (.text:decompress:none)
                  00004898    0000000c                                   : copy_zero_init.obj (.text:decompress:ZI)
                  000048a4    00000004                                   : pre_init.obj (.text)

.const     0    000048a8    000001e8     
                  000048a8    00000101     rtsv7M4_T_le_v4SPD16_eabi.lib : ctype.obj (.const:.string:_ctypes_)
                  000049a9    00000003     --HOLE-- [fill = 0]
                  000049ac    00000050     interrupt.obj (.const:g_pulRegs)
                  000049fc    00000024     HAL_UART.obj (.const:uartConfigGps)
                  00004a20    00000020     interrupt.obj (.const:g_pulPriority)
                  00004a40    0000001c     gpio.obj (.const:GPIO_PORT_TO_INT)
                  00004a5c    00000014     HAL_I2C.obj (.const:i2cConfig)
                  00004a70    00000008     interrupt.obj (.const:g_pulDisRegs)
                  00004a78    00000008     interrupt.obj (.const:g_pulEnRegs)
                  00004a80    00000008     interrupt.obj (.const:g_pulPendRegs)
                  00004a88    00000008     interrupt.obj (.const:g_pulUnpendRegs)

.cinit     0    00004a90    00000110     
                  00004a90    000000d5     (.cinit..data.load) [load image, compression = lzss]
                  00004b65    00000003     --HOLE-- [fill = 0]
                  00004b68    0000000c     (__TI_handler_table)
                  00004b74    00000004     --HOLE-- [fill = 0]
                  00004b78    00000008     (.cinit..bss.load) [load image, compression = zero_init]
                  00004b80    00000008     (.cinit..vtable.load) [load image, compression = zero_init]
                  00004b88    00000018     (__TI_cinit_table)

.init_array 
*          0    00000000    00000000     UNINITIALIZED

.vtable    0    20000000    000000e4     UNINITIALIZED
                  20000000    000000e4     interrupt.obj (.vtable)

.data      0    200000e4    00000120     UNINITIALIZED
                  200000e4    00000030     gpio.obj (.data:GPIO_PORT_TO_BASE)
                  20000114    00000023     main.obj (.data:test)
                  20000137    00000014     main.obj (.data:rootUrl)
                  2000014b    0000000f     main.obj (.data:QIFGCNT)
                  2000015a    0000000e     main.obj (.data:QICSGP)
                  20000168    0000000e     main.obj (.data:QIREGAPP)
                  20000176    0000000d     main.obj (.data:QIDEACT)
                  20000183    00000001     --HOLE--
                  20000184    0000000c     rtsv7M4_T_le_v4SPD16_eabi.lib : exit.obj (.data:$O1$$)
                  20000190    0000000c     main.obj (.data:CGREG)
                  2000019c    0000000b     main.obj (.data:COPS)
                  200001a7    0000000b     main.obj (.data:CPIN)
                  200001b2    0000000b     main.obj (.data:CREG)
                  200001bd    0000000b     main.obj (.data:QIACT)
                  200001c8    00000009     main.obj (.data:CSQ)
                  200001d1    00000003     --HOLE--
                  200001d4    00000008     rtsv7M4_T_le_v4SPD16_eabi.lib : _lock.obj (.data:$O1$$)
                  200001dc    00000008     main.obj (.data:CMNET)
                  200001e4    00000007     main.obj (.data:ATE1)
                  200001eb    00000007     main.obj (.data:ATV1)
                  200001f2    00000005     main.obj (.data:at)
                  200001f7    00000001     --HOLE--
                  200001f8    00000004     rtsv7M4_T_le_v4SPD16_eabi.lib : errno.obj (.data)
                  200001fc    00000004                                   : stkdepth_vars.obj (.data)
                  20000200    00000004     system_msp432p401r.obj (.data)

.bss       0    20000204    00000004     UNINITIALIZED
                  20000204    00000004     (.common:getUrl)

.stack     0    2000fe00    00000200     UNINITIALIZED
                  2000fe00    00000200     --HOLE--

MODULE SUMMARY

       Module                        code    ro data   rw data
       ------                        ----    -------   -------
    .\
       main.obj                      1720    0         414    
       HAL_BQ27441.obj               1978    0         0      
       system_msp432p401r.obj        808     0         8      
       HAL_I2C.obj                   468     20        0      
       startup_msp432p401r_ccs.obj   18      320       0      
       HAL_UART.obj                  236     36        0      
    +--+-----------------------------+-------+---------+---------+
       Total:                        5228    376       422    
                                                              
    .\driverlib\MSP432P4xx\
       i2c.obj                       1960    0         0      
       interrupt.obj                 1008    144       456    
       gpio.obj                      1152    28        96     
       uart.obj                      1052    0         0      
       cpu.obj                       62      0         0      
    +--+-----------------------------+-------+---------+---------+
       Total:                        5234    172       552    
                                                              
    C:\ti\ccsv7\tools\compiler\ti-cgt-arm_16.9.0.LTS\lib\rtsv7M4_T_le_v4SPD16_eabi.lib
       _printfi.obj                  4410    0         0      
       ull_div_t2.obj                500     0         0      
       fd_add_t2.obj                 438     0         0      
       fd_div_t2.obj                 310     0         0      
       fd_cmp_t2.obj                 268     0         0      
       ctype.obj                     0       257       0      
       fd_mul_t2.obj                 252     0         0      
       s_scalbn.obj                  252     0         0      
       memcpy_t2.obj                 156     0         0      
       memset_t2.obj                 122     0         0      
       autoinit.obj                  112     0         0      
       exit.obj                      84      0         24     
       copy_decompress_lzss.obj      104     0         0      
       s_frexp.obj                   100     0         0      
       sprintf.obj                   96      0         0      
       ltoa.obj                      86      0         0      
       boot.obj                      84      0         0      
       atoi.obj                      76      0         0      
       cpy_tbl.obj                   76      0         0      
       fd_toi_t2.obj                 72      0         0      
       i_tofd_t2.obj                 46      0         0      
       _lock.obj                     20      0         16     
       memccpy.obj                   28      0         0      
       args_main.obj                 24      0         0      
       strchr.obj                    22      0         0      
       s_copysign.obj                20      0         0      
       strlen.obj                    20      0         0      
       copy_decompress_none.obj      14      0         0      
       copy_zero_init.obj            12      0         0      
       errno.obj                     0       0         8      
       stkdepth_vars.obj             0       0         8      
       pre_init.obj                  4       0         0      
       mpu_init.obj                  2       0         0      
       startup.obj                   2       0         0      
    +--+-----------------------------+-------+---------+---------+
       Total:                        7812    257       56     
                                                              
       Stack:                        0       0         1024   
       Linker Generated:             0       265       0      
    +--+-----------------------------+-------+---------+---------+
       Grand Total:                  18274   1070      2054   


LINKER GENERATED COPY TABLES

__TI_cinit_table @ 00004b88 records: 3, size/record: 8, table size: 24
	.data: load addr=00004a90, load size=000000d5 bytes, run addr=200000e4, run size=00000120 bytes, compression=lzss
	.bss: load addr=00004b78, load size=00000008 bytes, run addr=20000204, run size=00000004 bytes, compression=zero_init
	.vtable: load addr=00004b80, load size=00000008 bytes, run addr=20000000, run size=000000e4 bytes, compression=zero_init


LINKER GENERATED HANDLER TABLE

__TI_handler_table @ 00004b68 records: 3, size/record: 4, table size: 12
	index: 0, handler: __TI_zero_init
	index: 1, handler: __TI_decompress_lzss
	index: 2, handler: __TI_decompress_none


GLOBAL SYMBOLS: SORTED ALPHABETICALLY BY Name 

address   name                                       
-------   ----                                       
200001e4  ATE1                                       
200001eb  ATV1                                       
000018db  BQ27441_command                            
00001875  BQ27441_control                            
0000189d  BQ27441_controlRead                        
0000127d  BQ27441_initConfig                         
00001699  BQ27441_initOpConfig                       
00001935  BQ27441_read16                             
000019ad  BQ27441_readChecksum                       
00001905  BQ27441_write16                            
00004651  C$$EXIT                                    
20000190  CGREG                                      
200001dc  CMNET                                      
2000019c  COPS                                       
200001a7  CPIN                                       
000047b9  CPU_basepriGet                             
000047ab  CPU_basepriSet                             
00004785  CPU_cpsid                                  
0000479b  CPU_cpsie                                  
00004791  CPU_primask                                
000047a7  CPU_wfi                                    
200001b2  CREG                                       
200001c8  CSQ                                        
000023e9  CS_init                                    
00002bbb  GPIO_clearInterruptFlag                    
00002b7b  GPIO_disableInterrupt                      
00002b59  GPIO_enableInterrupt                       
00002c13  GPIO_getEnabledInterruptStatus             
00002b2b  GPIO_getInputPinValue                      
00002b9d  GPIO_getInterruptStatus                    
00002463  GPIO_init                                  
00002bdd  GPIO_interruptEdgeSelect                   
00002cd3  GPIO_registerInterrupt                     
000028d3  GPIO_setAsInputPin                         
00002a87  GPIO_setAsInputPinWithPullDownResistor     
00002ad9  GPIO_setAsInputPinWithPullUpResistor       
00002899  GPIO_setAsOutputPin                        
0000299d  GPIO_setAsPeripheralModuleFunctionInputPin 
00002919  GPIO_setAsPeripheralModuleFunctionOutputPin
00002c8f  GPIO_setDriveStrengthHigh                  
00002cb1  GPIO_setDriveStrengthLow                   
00002a21  GPIO_setOutputHighOnPin                    
00002a43  GPIO_setOutputLowOnPin                     
00002a65  GPIO_toggleOutputOnPin                     
00002cf3  GPIO_unregisterInterrupt                   
00002099  I2C_clearInterruptFlag                     
00002083  I2C_disableInterrupt                       
00001aeb  I2C_disableModule                          
0000204d  I2C_disableMultiMasterMode                 
0000206d  I2C_enableInterrupt                        
00001ad5  I2C_enableModule                           
0000202d  I2C_enableMultiMasterMode                  
000020c7  I2C_getEnabledInterruptStatus              
000020af  I2C_getInterruptStatus                     
000020d7  I2C_getMode                                
00001fd3  I2C_getReceiveBufferAddressForDMA          
00001fe1  I2C_getTransmitBufferAddressForDMA         
00003a59  I2C_init                                   
00003a41  I2C_initGPIO                               
00001a39  I2C_initMaster                             
00001a9b  I2C_initSlave                              
00001b8f  I2C_isBusBusy                              
00002001  I2C_masterIsStartSent                      
00001fef  I2C_masterIsStopSent                       
00001ef9  I2C_masterReceiveMultiByteFinish           
00001f37  I2C_masterReceiveMultiByteFinishWithTimeout
00001ee1  I2C_masterReceiveMultiByteNext             
00001f95  I2C_masterReceiveMultiByteStop             
00001fa9  I2C_masterReceiveSingle                    
00001b31  I2C_masterReceiveSingleByte                
00001ec7  I2C_masterReceiveStart                     
00001da7  I2C_masterSendMultiByteFinish              
00001df5  I2C_masterSendMultiByteFinishWithTimeout   
00001d3d  I2C_masterSendMultiByteNext                
00001d69  I2C_masterSendMultiByteNextWithTimeout     
00001c93  I2C_masterSendMultiByteStart               
00001ce1  I2C_masterSendMultiByteStartWithTimeout    
00001e61  I2C_masterSendMultiByteStop                
00001e8b  I2C_masterSendMultiByteStopWithTimeout     
00001ba1  I2C_masterSendSingleByte                   
00001c07  I2C_masterSendSingleByteWithTimeout        
00002019  I2C_masterSendStart                        
00003b5b  I2C_read16                                 
00003b13  I2C_read8                                  
000020ed  I2C_registerInterrupt                      
00001b15  I2C_setMode                                
00001b01  I2C_setSlaveAddress                        
00003bf1  I2C_setslave                               
00001b7b  I2C_slaveGetData                           
00001b65  I2C_slavePutData                           
000021af  I2C_slaveSendNAK                           
00002153  I2C_unregisterInterrupt                    
00003ab5  I2C_write16                                
00003a71  I2C_write8                                 
000032f7  Interrupt_disableInterrupt                 
00003147  Interrupt_disableMaster                    
000034f5  Interrupt_disableSleepOnIsrExit            
00003285  Interrupt_enableInterrupt                  
00003137  Interrupt_enableMaster                     
000034e3  Interrupt_enableSleepOnIsrExit             
0000325f  Interrupt_getPriority                      
000031d7  Interrupt_getPriorityGrouping              
000034c3  Interrupt_getPriorityMask                  
000034dd  Interrupt_getVectorTableAddress            
00003369  Interrupt_isEnabled                        
000033f5  Interrupt_pendInterrupt                    
00003157  Interrupt_registerInterrupt                
0000320f  Interrupt_setPriority                      
000031bd  Interrupt_setPriorityGrouping              
000034b3  Interrupt_setPriorityMask                  
000034cd  Interrupt_setVectorTableAddress            
00003465  Interrupt_unpendInterrupt                  
000031a9  Interrupt_unregisterInterrupt              
200001bd  QIACT                                      
2000015a  QICSGP                                     
20000176  QIDEACT                                    
2000014b  QIFGCNT                                    
20000168  QIREGAPP                                   
UNDEFED   SHT$$INIT_ARRAY$$Base                      
UNDEFED   SHT$$INIT_ARRAY$$Limit                     
20000200  SystemCoreClock                            
00003525  SystemCoreClockUpdate                      
00003799  SystemInit                                 
0000302d  UART_clearInterruptFlag                    
00002f85  UART_disableInterrupt                      
00002e67  UART_disableModule                         
00002f55  UART_enableInterrupt                       
00002e51  UART_enableModule                          
00002fd1  UART_getEnabledInterruptStatus             
00002fb5  UART_getInterruptStatus                    
00002f1d  UART_getReceiveBufferAddressForDMA         
00002f2b  UART_getTransmitBufferAddressForDMA        
0000413d  UART_init                                  
000040f9  UART_initGPIO                              
00002d19  UART_initModule                            
00002e7d  UART_queryStatusFlags                      
00002e2b  UART_receiveData                           
0000304d  UART_registerInterrupt                     
00002ea5  UART_resetDormant                          
00002f39  UART_selectDeglitchTime                    
00002e91  UART_setDormant                            
00002eb9  UART_transmitAddress                       
00002ed7  UART_transmitBreak                         
00002e01  UART_transmitData                          
00004175  UART_transmitString                        
000030c9  UART_unregisterInterrupt                   
4000480c  WDTCTL_SYM                                 
20010000  __STACK_END                                
00000200  __STACK_SIZE                               
00004b88  __TI_CINIT_Base                            
00004ba0  __TI_CINIT_Limit                           
00004b68  __TI_Handler_Table_Base                    
00004b74  __TI_Handler_Table_Limit                   
00004409  __TI_auto_init                             
20000184  __TI_cleanup_ptr                           
00004479  __TI_decompress_lzss                       
0000488b  __TI_decompress_none                       
20000188  __TI_dtors_ptr                             
2000018c  __TI_enable_exit_profile_output            
ffffffff  __TI_pprof_out_hndl                        
00000981  __TI_printfi                               
ffffffff  __TI_prof_data_size                        
ffffffff  __TI_prof_data_start                       
00000000  __TI_static_base__                         
00004899  __TI_zero_init                             
00004281  __aeabi_cdcmpeq                            
00004281  __aeabi_cdcmple                            
00004307  __aeabi_cdrcmple                           
0000473d  __aeabi_d2iz                               
00003c1f  __aeabi_dadd                               
00003dcb  __aeabi_ddiv                               
00003f01  __aeabi_dmul                               
00003c15  __aeabi_dsub                               
000047c3  __aeabi_i2d                                
0000438d  __aeabi_memclr                             
0000438d  __aeabi_memclr4                            
0000438d  __aeabi_memclr8                            
000041e5  __aeabi_memcpy                             
000041e5  __aeabi_memcpy4                            
000041e5  __aeabi_memcpy8                            
0000438f  __aeabi_memset                             
0000438f  __aeabi_memset4                            
0000438f  __aeabi_memset8                            
0000384d  __aeabi_uldivmod                           
ffffffff  __binit__                                  
ffffffff  __c_args__                                 
0000127b  __mpu_init                                 
2000fe00  __stack                                    
0000480d  _args_main                                 
000045fd  _c_int00                                   
000048a8  _ctypes_                                   
200001d4  _lock                                      
0000484b  _nop                                       
00004843  _register_lock                             
0000483d  _register_unlock                           
00001a37  _system_post_cinit                         
000048a5  _system_pre_init                           
200001d8  _unlock                                    
00004655  abort                                      
200001f2  at                                         
000046a5  atoi                                       
ffffffff  binit                                      
000046f1  copy_in                                    
00004851  copysign                                   
00004851  copysignl                                  
200001f8  errno                                      
0000465d  exit                                       
000044e1  frexp                                      
000044e1  frexpl                                     
20000000  g_pfnRAMVectors                            
20000204  getUrl                                     
000027a1  gprsInit                                   
000027f5  gsmInit                                    
00004a5c  i2cConfig                                  
00000000  interruptVectors                           
00003ffd  ldexp                                      
00003ffd  ldexpl                                     
000045a5  ltoa                                       
000021e1  main                                       
200001fc  main_func_sp                               
000047f1  memccpy                                    
000041e5  memcpy                                     
00004395  memset                                     
20000137  rootUrl                                    
00003ffd  scalbn                                     
00003ffd  scalbnl                                    
0000418f  serialTx0                                  
000041af  serialTx1                                  
00004545  sprintf                                    
00004825  strchr                                     
00004865  strlen                                     
20000114  test                                       
000049fc  uartConfigGps                              


GLOBAL SYMBOLS: SORTED BY Symbol Address 

address   name                                       
-------   ----                                       
00000000  __TI_static_base__                         
00000000  interruptVectors                           
00000200  __STACK_SIZE                               
00000981  __TI_printfi                               
0000127b  __mpu_init                                 
0000127d  BQ27441_initConfig                         
00001699  BQ27441_initOpConfig                       
00001875  BQ27441_control                            
0000189d  BQ27441_controlRead                        
000018db  BQ27441_command                            
00001905  BQ27441_write16                            
00001935  BQ27441_read16                             
000019ad  BQ27441_readChecksum                       
00001a37  _system_post_cinit                         
00001a39  I2C_initMaster                             
00001a9b  I2C_initSlave                              
00001ad5  I2C_enableModule                           
00001aeb  I2C_disableModule                          
00001b01  I2C_setSlaveAddress                        
00001b15  I2C_setMode                                
00001b31  I2C_masterReceiveSingleByte                
00001b65  I2C_slavePutData                           
00001b7b  I2C_slaveGetData                           
00001b8f  I2C_isBusBusy                              
00001ba1  I2C_masterSendSingleByte                   
00001c07  I2C_masterSendSingleByteWithTimeout        
00001c93  I2C_masterSendMultiByteStart               
00001ce1  I2C_masterSendMultiByteStartWithTimeout    
00001d3d  I2C_masterSendMultiByteNext                
00001d69  I2C_masterSendMultiByteNextWithTimeout     
00001da7  I2C_masterSendMultiByteFinish              
00001df5  I2C_masterSendMultiByteFinishWithTimeout   
00001e61  I2C_masterSendMultiByteStop                
00001e8b  I2C_masterSendMultiByteStopWithTimeout     
00001ec7  I2C_masterReceiveStart                     
00001ee1  I2C_masterReceiveMultiByteNext             
00001ef9  I2C_masterReceiveMultiByteFinish           
00001f37  I2C_masterReceiveMultiByteFinishWithTimeout
00001f95  I2C_masterReceiveMultiByteStop             
00001fa9  I2C_masterReceiveSingle                    
00001fd3  I2C_getReceiveBufferAddressForDMA          
00001fe1  I2C_getTransmitBufferAddressForDMA         
00001fef  I2C_masterIsStopSent                       
00002001  I2C_masterIsStartSent                      
00002019  I2C_masterSendStart                        
0000202d  I2C_enableMultiMasterMode                  
0000204d  I2C_disableMultiMasterMode                 
0000206d  I2C_enableInterrupt                        
00002083  I2C_disableInterrupt                       
00002099  I2C_clearInterruptFlag                     
000020af  I2C_getInterruptStatus                     
000020c7  I2C_getEnabledInterruptStatus              
000020d7  I2C_getMode                                
000020ed  I2C_registerInterrupt                      
00002153  I2C_unregisterInterrupt                    
000021af  I2C_slaveSendNAK                           
000021e1  main                                       
000023e9  CS_init                                    
00002463  GPIO_init                                  
000027a1  gprsInit                                   
000027f5  gsmInit                                    
00002899  GPIO_setAsOutputPin                        
000028d3  GPIO_setAsInputPin                         
00002919  GPIO_setAsPeripheralModuleFunctionOutputPin
0000299d  GPIO_setAsPeripheralModuleFunctionInputPin 
00002a21  GPIO_setOutputHighOnPin                    
00002a43  GPIO_setOutputLowOnPin                     
00002a65  GPIO_toggleOutputOnPin                     
00002a87  GPIO_setAsInputPinWithPullDownResistor     
00002ad9  GPIO_setAsInputPinWithPullUpResistor       
00002b2b  GPIO_getInputPinValue                      
00002b59  GPIO_enableInterrupt                       
00002b7b  GPIO_disableInterrupt                      
00002b9d  GPIO_getInterruptStatus                    
00002bbb  GPIO_clearInterruptFlag                    
00002bdd  GPIO_interruptEdgeSelect                   
00002c13  GPIO_getEnabledInterruptStatus             
00002c8f  GPIO_setDriveStrengthHigh                  
00002cb1  GPIO_setDriveStrengthLow                   
00002cd3  GPIO_registerInterrupt                     
00002cf3  GPIO_unregisterInterrupt                   
00002d19  UART_initModule                            
00002e01  UART_transmitData                          
00002e2b  UART_receiveData                           
00002e51  UART_enableModule                          
00002e67  UART_disableModule                         
00002e7d  UART_queryStatusFlags                      
00002e91  UART_setDormant                            
00002ea5  UART_resetDormant                          
00002eb9  UART_transmitAddress                       
00002ed7  UART_transmitBreak                         
00002f1d  UART_getReceiveBufferAddressForDMA         
00002f2b  UART_getTransmitBufferAddressForDMA        
00002f39  UART_selectDeglitchTime                    
00002f55  UART_enableInterrupt                       
00002f85  UART_disableInterrupt                      
00002fb5  UART_getInterruptStatus                    
00002fd1  UART_getEnabledInterruptStatus             
0000302d  UART_clearInterruptFlag                    
0000304d  UART_registerInterrupt                     
000030c9  UART_unregisterInterrupt                   
00003137  Interrupt_enableMaster                     
00003147  Interrupt_disableMaster                    
00003157  Interrupt_registerInterrupt                
000031a9  Interrupt_unregisterInterrupt              
000031bd  Interrupt_setPriorityGrouping              
000031d7  Interrupt_getPriorityGrouping              
0000320f  Interrupt_setPriority                      
0000325f  Interrupt_getPriority                      
00003285  Interrupt_enableInterrupt                  
000032f7  Interrupt_disableInterrupt                 
00003369  Interrupt_isEnabled                        
000033f5  Interrupt_pendInterrupt                    
00003465  Interrupt_unpendInterrupt                  
000034b3  Interrupt_setPriorityMask                  
000034c3  Interrupt_getPriorityMask                  
000034cd  Interrupt_setVectorTableAddress            
000034dd  Interrupt_getVectorTableAddress            
000034e3  Interrupt_enableSleepOnIsrExit             
000034f5  Interrupt_disableSleepOnIsrExit            
00003525  SystemCoreClockUpdate                      
00003799  SystemInit                                 
0000384d  __aeabi_uldivmod                           
00003a41  I2C_initGPIO                               
00003a59  I2C_init                                   
00003a71  I2C_write8                                 
00003ab5  I2C_write16                                
00003b13  I2C_read8                                  
00003b5b  I2C_read16                                 
00003bf1  I2C_setslave                               
00003c15  __aeabi_dsub                               
00003c1f  __aeabi_dadd                               
00003dcb  __aeabi_ddiv                               
00003f01  __aeabi_dmul                               
00003ffd  ldexp                                      
00003ffd  ldexpl                                     
00003ffd  scalbn                                     
00003ffd  scalbnl                                    
000040f9  UART_initGPIO                              
0000413d  UART_init                                  
00004175  UART_transmitString                        
0000418f  serialTx0                                  
000041af  serialTx1                                  
000041e5  __aeabi_memcpy                             
000041e5  __aeabi_memcpy4                            
000041e5  __aeabi_memcpy8                            
000041e5  memcpy                                     
00004281  __aeabi_cdcmpeq                            
00004281  __aeabi_cdcmple                            
00004307  __aeabi_cdrcmple                           
0000438d  __aeabi_memclr                             
0000438d  __aeabi_memclr4                            
0000438d  __aeabi_memclr8                            
0000438f  __aeabi_memset                             
0000438f  __aeabi_memset4                            
0000438f  __aeabi_memset8                            
00004395  memset                                     
00004409  __TI_auto_init                             
00004479  __TI_decompress_lzss                       
000044e1  frexp                                      
000044e1  frexpl                                     
00004545  sprintf                                    
000045a5  ltoa                                       
000045fd  _c_int00                                   
00004651  C$$EXIT                                    
00004655  abort                                      
0000465d  exit                                       
000046a5  atoi                                       
000046f1  copy_in                                    
0000473d  __aeabi_d2iz                               
00004785  CPU_cpsid                                  
00004791  CPU_primask                                
0000479b  CPU_cpsie                                  
000047a7  CPU_wfi                                    
000047ab  CPU_basepriSet                             
000047b9  CPU_basepriGet                             
000047c3  __aeabi_i2d                                
000047f1  memccpy                                    
0000480d  _args_main                                 
00004825  strchr                                     
0000483d  _register_unlock                           
00004843  _register_lock                             
0000484b  _nop                                       
00004851  copysign                                   
00004851  copysignl                                  
00004865  strlen                                     
0000488b  __TI_decompress_none                       
00004899  __TI_zero_init                             
000048a5  _system_pre_init                           
000048a8  _ctypes_                                   
000049fc  uartConfigGps                              
00004a5c  i2cConfig                                  
00004b68  __TI_Handler_Table_Base                    
00004b74  __TI_Handler_Table_Limit                   
00004b88  __TI_CINIT_Base                            
00004ba0  __TI_CINIT_Limit                           
20000000  g_pfnRAMVectors                            
20000114  test                                       
20000137  rootUrl                                    
2000014b  QIFGCNT                                    
2000015a  QICSGP                                     
20000168  QIREGAPP                                   
20000176  QIDEACT                                    
20000184  __TI_cleanup_ptr                           
20000188  __TI_dtors_ptr                             
2000018c  __TI_enable_exit_profile_output            
20000190  CGREG                                      
2000019c  COPS                                       
200001a7  CPIN                                       
200001b2  CREG                                       
200001bd  QIACT                                      
200001c8  CSQ                                        
200001d4  _lock                                      
200001d8  _unlock                                    
200001dc  CMNET                                      
200001e4  ATE1                                       
200001eb  ATV1                                       
200001f2  at                                         
200001f8  errno                                      
200001fc  main_func_sp                               
20000200  SystemCoreClock                            
20000204  getUrl                                     
2000fe00  __stack                                    
20010000  __STACK_END                                
4000480c  WDTCTL_SYM                                 
ffffffff  __TI_pprof_out_hndl                        
ffffffff  __TI_prof_data_size                        
ffffffff  __TI_prof_data_start                       
ffffffff  __binit__                                  
ffffffff  __c_args__                                 
ffffffff  binit                                      
UNDEFED   SHT$$INIT_ARRAY$$Base                      
UNDEFED   SHT$$INIT_ARRAY$$Limit                     

[233 symbols]
